
*** Running vivado
    with args -log pedal_passthrough_util_vector_logic_0_0.vds -m64 -product Vivado -mode batch -messageDb vivado.pb -notrace -source pedal_passthrough_util_vector_logic_0_0.tcl



****** Vivado v2024.1 (64-bit)
  **** SW Build 5076996 on Wed May 22 18:37:14 MDT 2024
  **** IP Build 5075265 on Wed May 22 21:45:21 MDT 2024
  **** SharedData Build 5076995 on Wed May 22 18:29:18 MDT 2024
  **** Start of session at: Thu Mar 12 11:38:06 2026
    ** Copyright 1986-2022 Xilinx, Inc. All Rights Reserved.
    ** Copyright 2022-2024 Advanced Micro Devices, Inc. All Rights Reserved.

source pedal_passthrough_util_vector_logic_0_0.tcl -notrace
create_project: Time (s): cpu = 00:00:14 ; elapsed = 00:00:16 . Memory (MB): peak = 509.086 ; gain = 197.730
INFO: [IP_Flow 19-234] Refreshing IP repositories
INFO: [IP_Flow 19-1700] Loaded user IP repository 'd:/FPGA-Guitar-Pedal/Pedal_vitis'.
INFO: [IP_Flow 19-2313] Loaded Vivado IP repository 'C:/Xilinx/Vivado/2024.1/data/ip'.
INFO: [IP_Flow 19-6924] IPCACHE: Running cache check for IP inst: pedal_passthrough_util_vector_logic_0_0
Command: synth_design -top pedal_passthrough_util_vector_logic_0_0 -part xczu3eg-sfvc784-2-e -incremental_mode off -mode out_of_context
Starting synth_design
Attempting to get a license for feature 'Synthesis' and/or device 'xczu3eg'
INFO: [Common 17-349] Got license for feature 'Synthesis' and/or device 'xczu3eg'
INFO: [Device 21-403] Loading part xczu3eg-sfvc784-2-e
INFO: [Synth 8-7079] Multithreading enabled for synth_design using a maximum of 2 processes.
INFO: [Synth 8-7078] Launching helper process for spawning children vivado processes
INFO: [Synth 8-7075] Helper process launched with PID 31480
---------------------------------------------------------------------------------
Starting RTL Elaboration : Time (s): cpu = 00:00:04 ; elapsed = 00:00:05 . Memory (MB): peak = 1855.230 ; gain = 393.934
---------------------------------------------------------------------------------
INFO: [Synth 8-6157] synthesizing module 'pedal_passthrough_util_vector_logic_0_0' [d:/FPGA-Guitar-Pedal/Pedal_vivado/Pedal.gen/sources_1/bd/pedal_passthrough/ip/pedal_passthrough_util_vector_logic_0_0/synth/pedal_passthrough_util_vector_logic_0_0.v:53]
INFO: [Synth 8-6157] synthesizing module 'util_vector_logic_v2_0_4_util_vector_logic' [d:/FPGA-Guitar-Pedal/Pedal_vivado/Pedal.gen/sources_1/bd/pedal_passthrough/ipshared/fd7b/hdl/util_vector_logic_v2_0_vl_rfs.v:90]
INFO: [Synth 8-6155] done synthesizing module 'util_vector_logic_v2_0_4_util_vector_logic' (0#1) [d:/FPGA-Guitar-Pedal/Pedal_vivado/Pedal.gen/sources_1/bd/pedal_passthrough/ipshared/fd7b/hdl/util_vector_logic_v2_0_vl_rfs.v:90]
INFO: [Synth 8-6155] done synthesizing module 'pedal_passthrough_util_vector_logic_0_0' (0#1) [d:/FPGA-Guitar-Pedal/Pedal_vivado/Pedal.gen/sources_1/bd/pedal_passthrough/ip/pedal_passthrough_util_vector_logic_0_0/synth/pedal_passthrough_util_vector_logic_0_0.v:53]
WARNING: [Synth 8-7129] Port Op2[7] in module util_vector_logic_v2_0_4_util_vector_logic is either unconnected or has no load
WARNING: [Synth 8-7129] Port Op2[6] in module util_vector_logic_v2_0_4_util_vector_logic is either unconnected or has no load
WARNING: [Synth 8-7129] Port Op2[5] in module util_vector_logic_v2_0_4_util_vector_logic is either unconnected or has no load
WARNING: [Synth 8-7129] Port Op2[4] in module util_vector_logic_v2_0_4_util_vector_logic is either unconnected or has no load
WARNING: [Synth 8-7129] Port Op2[3] in module util_vector_logic_v2_0_4_util_vector_logic is either unconnected or has no load
WARNING: [Synth 8-7129] Port Op2[2] in module util_vector_logic_v2_0_4_util_vector_logic is either unconnected or has no load
WARNING: [Synth 8-7129] Port Op2[1] in module util_vector_logic_v2_0_4_util_vector_logic is either unconnected or has no load
WARNING: [Synth 8-7129] Port Op2[0] in module util_vector_logic_v2_0_4_util_vector_logic is either unconnected or has no load
---------------------------------------------------------------------------------
Finished RTL Elaboration : Time (s): cpu = 00:00:06 ; elapsed = 00:00:08 . Memory (MB): peak = 1969.711 ; gain = 508.414
---------------------------------------------------------------------------------
---------------------------------------------------------------------------------
Start Handling Custom Attributes
---------------------------------------------------------------------------------
---------------------------------------------------------------------------------
Finished Handling Custom Attributes : Time (s): cpu = 00:00:06 ; elapsed = 00:00:08 . Memory (MB): peak = 1969.711 ; gain = 508.414
---------------------------------------------------------------------------------
---------------------------------------------------------------------------------
Finished RTL Optimization Phase 1 : Time (s): cpu = 00:00:06 ; elapsed = 00:00:08 . Memory (MB): peak = 1969.711 ; gain = 508.414
---------------------------------------------------------------------------------
Netlist sorting complete. Time (s): cpu = 00:00:00 ; elapsed = 00:00:00 . Memory (MB): peak = 1969.711 ; gain = 0.000
INFO: [Project 1-570] Preparing netlist for logic optimization

Processing XDC Constraints
Initializing timing engine
Completed Processing XDC Constraints

Netlist sorting complete. Time (s): cpu = 00:00:00 ; elapsed = 00:00:00 . Memory (MB): peak = 1969.711 ; gain = 0.000
INFO: [Project 1-111] Unisim Transformation Summary:
No Unisim elements were transformed.

Constraint Validation Runtime : Time (s): cpu = 00:00:00 ; elapsed = 00:00:00.108 . Memory (MB): peak = 1984.664 ; gain = 14.953
INFO: [Designutils 20-5008] Incremental synthesis strategy off
---------------------------------------------------------------------------------
Finished Constraint Validation : Time (s): cpu = 00:00:24 ; elapsed = 00:00:33 . Memory (MB): peak = 1984.664 ; gain = 523.367
---------------------------------------------------------------------------------
---------------------------------------------------------------------------------
Start Loading Part and Timing Information
---------------------------------------------------------------------------------
Loading part: xczu3eg-sfvc784-2-e
INFO: [Synth 8-6742] Reading net delay rules and data
---------------------------------------------------------------------------------
Finished Loading Part and Timing Information : Time (s): cpu = 00:00:24 ; elapsed = 00:00:33 . Memory (MB): peak = 1984.664 ; gain = 523.367
---------------------------------------------------------------------------------
---------------------------------------------------------------------------------
Start Applying 'set_property' XDC Constraints
---------------------------------------------------------------------------------
---------------------------------------------------------------------------------
Finished applying 'set_property' XDC Constraints : Time (s): cpu = 00:00:24 ; elapsed = 00:00:33 . Memory (MB): peak = 1984.664 ; gain = 523.367
---------------------------------------------------------------------------------
---------------------------------------------------------------------------------
Finished RTL Optimization Phase 2 : Time (s): cpu = 00:00:24 ; elapsed = 00:00:36 . Memory (MB): peak = 1984.664 ; gain = 523.367
---------------------------------------------------------------------------------
---------------------------------------------------------------------------------
Start RTL Component Statistics 
---------------------------------------------------------------------------------
Detailed RTL Component Info : 
---------------------------------------------------------------------------------
Finished RTL Component Statistics 
---------------------------------------------------------------------------------
---------------------------------------------------------------------------------
Start Part Resource Summary
---------------------------------------------------------------------------------
Part Resources:
DSPs: 360 (col length:72)
BRAMs: 432 (col length: RAMB18 72 RAMB36 36)
---------------------------------------------------------------------------------
Finished Part Resource Summary
---------------------------------------------------------------------------------
---------------------------------------------------------------------------------
Start Cross Boundary and Area Optimization
---------------------------------------------------------------------------------
WARNING: [Synth 8-7080] Parallel synthesis criteria is not met
---------------------------------------------------------------------------------
Finished Cross Boundary and Area Optimization : Time (s): cpu = 00:00:27 ; elapsed = 00:00:40 . Memory (MB): peak = 1984.664 ; gain = 523.367
---------------------------------------------------------------------------------
---------------------------------------------------------------------------------
Start Applying XDC Timing Constraints
---------------------------------------------------------------------------------
---------------------------------------------------------------------------------
Finished Applying XDC Timing Constraints : Time (s): cpu = 00:00:57 ; elapsed = 00:01:13 . Memory (MB): peak = 2465.688 ; gain = 1004.391
---------------------------------------------------------------------------------
---------------------------------------------------------------------------------
Start Timing Optimization
---------------------------------------------------------------------------------
---------------------------------------------------------------------------------
Finished Timing Optimization : Time (s): cpu = 00:00:57 ; elapsed = 00:01:13 . Memory (MB): peak = 2465.688 ; gain = 1004.391
---------------------------------------------------------------------------------
---------------------------------------------------------------------------------
Start Technology Mapping
---------------------------------------------------------------------------------
---------------------------------------------------------------------------------
Finished Technology Mapping : Time (s): cpu = 00:00:57 ; elapsed = 00:01:13 . Memory (MB): peak = 2475.238 ; gain = 1013.941
---------------------------------------------------------------------------------
---------------------------------------------------------------------------------
Start IO Insertion
---------------------------------------------------------------------------------
---------------------------------------------------------------------------------
Start Flattening Before IO Insertion
---------------------------------------------------------------------------------
---------------------------------------------------------------------------------
Finished Flattening Before IO Insertion
---------------------------------------------------------------------------------
---------------------------------------------------------------------------------
Start Final Netlist Cleanup
---------------------------------------------------------------------------------
---------------------------------------------------------------------------------
Finished Final Netlist Cleanup
---------------------------------------------------------------------------------
---------------------------------------------------------------------------------
Finished IO Insertion : Time (s): cpu = 00:01:04 ; elapsed = 00:01:21 . Memory (MB): peak = 2491.047 ; gain = 1029.750
---------------------------------------------------------------------------------
---------------------------------------------------------------------------------
Start Renaming Generated Instances
---------------------------------------------------------------------------------
---------------------------------------------------------------------------------
Finished Renaming Generated Instances : Time (s): cpu = 00:01:04 ; elapsed = 00:01:21 . Memory (MB): peak = 2491.047 ; gain = 1029.750
---------------------------------------------------------------------------------
---------------------------------------------------------------------------------
Start Rebuilding User Hierarchy
---------------------------------------------------------------------------------
---------------------------------------------------------------------------------
Finished Rebuilding User Hierarchy : Time (s): cpu = 00:01:04 ; elapsed = 00:01:21 . Memory (MB): peak = 2491.047 ; gain = 1029.750
---------------------------------------------------------------------------------
---------------------------------------------------------------------------------
Start Renaming Generated Ports
---------------------------------------------------------------------------------
---------------------------------------------------------------------------------
Finished Renaming Generated Ports : Time (s): cpu = 00:01:04 ; elapsed = 00:01:21 . Memory (MB): peak = 2491.047 ; gain = 1029.750
---------------------------------------------------------------------------------
---------------------------------------------------------------------------------
Start Handling Custom Attributes
---------------------------------------------------------------------------------
---------------------------------------------------------------------------------
Finished Handling Custom Attributes : Time (s): cpu = 00:01:04 ; elapsed = 00:01:21 . Memory (MB): peak = 2491.047 ; gain = 1029.750
---------------------------------------------------------------------------------
---------------------------------------------------------------------------------
Start Renaming Generated Nets
---------------------------------------------------------------------------------
---------------------------------------------------------------------------------
Finished Renaming Generated Nets : Time (s): cpu = 00:01:04 ; elapsed = 00:01:21 . Memory (MB): peak = 2491.047 ; gain = 1029.750
---------------------------------------------------------------------------------
---------------------------------------------------------------------------------
Start Writing Synthesis Report
---------------------------------------------------------------------------------

Report BlackBoxes: 
+-+--------------+----------+
| |BlackBox name |Instances |
+-+--------------+----------+
+-+--------------+----------+

Report Cell Usage: 
+------+-----+------+
|      |Cell |Count |
+------+-----+------+
|1     |LUT1 |     8|
+------+-----+------+
---------------------------------------------------------------------------------
Finished Writing Synthesis Report : Time (s): cpu = 00:01:04 ; elapsed = 00:01:21 . Memory (MB): peak = 2491.047 ; gain = 1029.750
---------------------------------------------------------------------------------
Synthesis finished with 0 errors, 0 critical warnings and 1 warnings.
Synthesis Optimization Runtime : Time (s): cpu = 00:00:55 ; elapsed = 00:01:17 . Memory (MB): peak = 2491.047 ; gain = 1014.797
Synthesis Optimization Complete : Time (s): cpu = 00:01:05 ; elapsed = 00:01:22 . Memory (MB): peak = 2491.047 ; gain = 1029.750
INFO: [Project 1-571] Translating synthesized netlist
Netlist sorting complete. Time (s): cpu = 00:00:00 ; elapsed = 00:00:00 . Memory (MB): peak = 2491.047 ; gain = 0.000
INFO: [Project 1-570] Preparing netlist for logic optimization
INFO: [Opt 31-138] Pushed 0 inverter(s) to 0 load pin(s).
Netlist sorting complete. Time (s): cpu = 00:00:00 ; elapsed = 00:00:00 . Memory (MB): peak = 2491.047 ; gain = 0.000
INFO: [Project 1-111] Unisim Transformation Summary:
No Unisim elements were transformed.

Synth Design complete | Checksum: 33f65097
INFO: [Common 17-83] Releasing license: Synthesis
22 Infos, 9 Warnings, 0 Critical Warnings and 0 Errors encountered.
synth_design completed successfully
synth_design: Time (s): cpu = 00:01:19 ; elapsed = 00:01:40 . Memory (MB): peak = 2491.047 ; gain = 1928.379
INFO: [Common 17-1381] The checkpoint 'D:/FPGA-Guitar-Pedal/Pedal_vivado/Pedal.runs/pedal_passthrough_util_vector_logic_0_0_synth_1/pedal_passthrough_util_vector_logic_0_0.dcp' has been generated.
INFO: [Coretcl 2-1648] Added synthesis output to IP cache for IP pedal_passthrough_util_vector_logic_0_0, cache-ID = 63651280a9299fd0
INFO: [Common 17-1381] The checkpoint 'D:/FPGA-Guitar-Pedal/Pedal_vivado/Pedal.runs/pedal_passthrough_util_vector_logic_0_0_synth_1/pedal_passthrough_util_vector_logic_0_0.dcp' has been generated.
INFO: [Vivado 12-24828] Executing command : report_utilization -file pedal_passthrough_util_vector_logic_0_0_utilization_synth.rpt -pb pedal_passthrough_util_vector_logic_0_0_utilization_synth.pb
INFO: [Common 17-206] Exiting Vivado at Thu Mar 12 11:40:13 2026...
