Copyright 1986-2022 Xilinx, Inc. All Rights Reserved. Copyright 2022-2024 Advanced Micro Devices, Inc. All Rights Reserved.
-----------------------------------------------------------------------------------------------------------------------------------------------
| Tool Version : Vivado v.2024.1 (win64) Build 5076996 Wed May 22 18:37:14 MDT 2024
| Date         : Thu Mar 12 11:48:56 2026
| Host         : Theodore running 64-bit major release  (build 9200)
| Command      : report_utilization -file pedal_passthrough_wrapper_utilization_placed.rpt -pb pedal_passthrough_wrapper_utilization_placed.pb
| Design       : pedal_passthrough_wrapper
| Device       : xczu3eg-sfvc784-2-e
| Speed File   : -2
| Design State : Fully Placed
-----------------------------------------------------------------------------------------------------------------------------------------------

Utilization Design Information

Table of Contents
-----------------
1. CLB Logic
1.1 Summary of Registers by Type
2. CLB Logic Distribution
3. BLOCKRAM
4. ARITHMETIC
5. I/O
6. CLOCK
7. ADVANCED
8. CONFIGURATION
9. Primitives
10. Black Boxes
11. Instantiated Netlists

1. CLB Logic
------------

+----------------------------+------+-------+------------+-----------+-------+
|          Site Type         | Used | Fixed | Prohibited | Available | Util% |
+----------------------------+------+-------+------------+-----------+-------+
| CLB LUTs                   | 2524 |     0 |          0 |     70560 |  3.58 |
|   LUT as Logic             | 2395 |     0 |          0 |     70560 |  3.39 |
|   LUT as Memory            |  129 |     0 |          0 |     28800 |  0.45 |
|     LUT as Distributed RAM |    8 |     0 |            |           |       |
|     LUT as Shift Register  |  121 |     0 |            |           |       |
| CLB Registers              | 4310 |     0 |          0 |    141120 |  3.05 |
|   Register as Flip Flop    | 4310 |     0 |          0 |    141120 |  3.05 |
|   Register as Latch        |    0 |     0 |          0 |    141120 |  0.00 |
| CARRY8                     |   28 |     0 |          0 |      8820 |  0.32 |
| F7 Muxes                   |    3 |     0 |          0 |     35280 | <0.01 |
| F8 Muxes                   |    0 |     0 |          0 |     17640 |  0.00 |
| F9 Muxes                   |    0 |     0 |          0 |      8820 |  0.00 |
+----------------------------+------+-------+------------+-----------+-------+
* Warning! LUT value is adjusted to account for LUT combining.


1.1 Summary of Registers by Type
--------------------------------

+-------+--------------+-------------+--------------+
| Total | Clock Enable | Synchronous | Asynchronous |
+-------+--------------+-------------+--------------+
| 0     |            _ |           - |            - |
| 0     |            _ |           - |          Set |
| 0     |            _ |           - |        Reset |
| 0     |            _ |         Set |            - |
| 0     |            _ |       Reset |            - |
| 0     |          Yes |           - |            - |
| 2     |          Yes |           - |          Set |
| 0     |          Yes |           - |        Reset |
| 159   |          Yes |         Set |            - |
| 4149  |          Yes |       Reset |            - |
+-------+--------------+-------------+--------------+


2. CLB Logic Distribution
-------------------------

+--------------------------------------------+------+-------+------------+-----------+-------+
|                  Site Type                 | Used | Fixed | Prohibited | Available | Util% |
+--------------------------------------------+------+-------+------------+-----------+-------+
| CLB                                        |  659 |     0 |          0 |      8820 |  7.47 |
|   CLBL                                     |  433 |     0 |            |           |       |
|   CLBM                                     |  226 |     0 |            |           |       |
| LUT as Logic                               | 2395 |     0 |          0 |     70560 |  3.39 |
|   using O5 output only                     |  147 |       |            |           |       |
|   using O6 output only                     | 1624 |       |            |           |       |
|   using O5 and O6                          |  624 |       |            |           |       |
| LUT as Memory                              |  129 |     0 |          0 |     28800 |  0.45 |
|   LUT as Distributed RAM                   |    8 |     0 |            |           |       |
|     using O5 output only                   |    0 |       |            |           |       |
|     using O6 output only                   |    0 |       |            |           |       |
|     using O5 and O6                        |    8 |       |            |           |       |
|   LUT as Shift Register                    |  121 |     0 |            |           |       |
|     using O5 output only                   |    0 |       |            |           |       |
|     using O6 output only                   |  106 |       |            |           |       |
|     using O5 and O6                        |   15 |       |            |           |       |
| CLB Registers                              | 4310 |     0 |          0 |    141120 |  3.05 |
|   Register driven from within the CLB      | 1878 |       |            |           |       |
|   Register driven from outside the CLB     | 2432 |       |            |           |       |
|     LUT in front of the register is unused | 2030 |       |            |           |       |
|     LUT in front of the register is used   |  402 |       |            |           |       |
| Unique Control Sets                        |  247 |       |          0 |     17640 |  1.40 |
+--------------------------------------------+------+-------+------------+-----------+-------+
* * Note: Available Control Sets calculated as Slices * 2, Review the Control Sets Report for more information regarding control sets.


3. BLOCKRAM
-----------

+-------------------+------+-------+------------+-----------+-------+
|     Site Type     | Used | Fixed | Prohibited | Available | Util% |
+-------------------+------+-------+------------+-----------+-------+
| Block RAM Tile    |  2.5 |     0 |          0 |       216 |  1.16 |
|   RAMB36/FIFO*    |    2 |     0 |          0 |       216 |  0.93 |
|     RAMB36E2 only |    2 |       |            |           |       |
|   RAMB18          |    1 |     0 |          0 |       432 |  0.23 |
|     RAMB18E2 only |    1 |       |            |           |       |
+-------------------+------+-------+------------+-----------+-------+
* Note: Each Block RAM Tile only has one FIFO logic available and therefore can accommodate only one FIFO36E2 or one FIFO18E2. However, if a FIFO18E2 occupies a Block RAM Tile, that tile can still accommodate a RAMB18E2


4. ARITHMETIC
-------------

+-----------+------+-------+------------+-----------+-------+
| Site Type | Used | Fixed | Prohibited | Available | Util% |
+-----------+------+-------+------------+-----------+-------+
| DSPs      |    0 |     0 |          0 |       360 |  0.00 |
+-----------+------+-------+------------+-----------+-------+


5. I/O
------

+------------------+------+-------+------------+-----------+-------+
|     Site Type    | Used | Fixed | Prohibited | Available | Util% |
+------------------+------+-------+------------+-----------+-------+
| Bonded IOB       |    6 |     6 |          0 |       252 |  2.38 |
| HPIOB_M          |    3 |     3 |          0 |        72 |  4.17 |
|   INPUT          |    0 |       |            |           |       |
|   OUTPUT         |    3 |       |            |           |       |
|   BIDIR          |    0 |       |            |           |       |
| HPIOB_S          |    3 |     3 |          0 |        72 |  4.17 |
|   INPUT          |    0 |       |            |           |       |
|   OUTPUT         |    3 |       |            |           |       |
|   BIDIR          |    0 |       |            |           |       |
| HDIOB_M          |    0 |     0 |          0 |        48 |  0.00 |
| HDIOB_S          |    0 |     0 |          0 |        48 |  0.00 |
| HPIOB_SNGL       |    0 |     0 |          0 |        12 |  0.00 |
| HPIOBDIFFINBUF   |    0 |     0 |          0 |        72 |  0.00 |
| HPIOBDIFFOUTBUF  |    0 |     0 |          0 |        72 |  0.00 |
| HDIOBDIFFINBUF   |    0 |     0 |          0 |        48 |  0.00 |
| BITSLICE_CONTROL |    0 |     0 |          0 |        24 |  0.00 |
| BITSLICE_RX_TX   |    0 |     0 |          0 |       936 |  0.00 |
| BITSLICE_TX      |    0 |     0 |          0 |        24 |  0.00 |
| RIU_OR           |    0 |     0 |          0 |        12 |  0.00 |
+------------------+------+-------+------------+-----------+-------+


6. CLOCK
--------

+------------+------+-------+------------+-----------+-------+
|  Site Type | Used | Fixed | Prohibited | Available | Util% |
+------------+------+-------+------------+-----------+-------+
| BUFGCE     |    1 |     0 |          0 |        88 |  1.14 |
| BUFGCE_DIV |    0 |     0 |          0 |        12 |  0.00 |
| BUFG_PS    |    1 |     0 |          0 |        72 |  1.39 |
| BUFGCTRL*  |    0 |     0 |          0 |        24 |  0.00 |
| PLL        |    0 |     0 |          0 |         6 |  0.00 |
| MMCM       |    1 |     0 |          0 |         3 | 33.33 |
+------------+------+-------+------------+-----------+-------+
* Note: Each used BUFGCTRL counts as two GLOBAL CLOCK BUFFERs. This table does not include global clocking resources, only buffer cell usage. See the Clock Utilization Report (report_clock_utilization) for detailed accounting of global clocking resource availability.


7. ADVANCED
-----------

+-----------+------+-------+------------+-----------+--------+
| Site Type | Used | Fixed | Prohibited | Available |  Util% |
+-----------+------+-------+------------+-----------+--------+
| PS8       |    1 |     0 |          0 |         1 | 100.00 |
| SYSMONE4  |    0 |     0 |          0 |         1 |   0.00 |
+-----------+------+-------+------------+-----------+--------+


8. CONFIGURATION
----------------

+-------------+------+-------+------------+-----------+-------+
|  Site Type  | Used | Fixed | Prohibited | Available | Util% |
+-------------+------+-------+------------+-----------+-------+
| BSCANE2     |    0 |     0 |          0 |         4 |  0.00 |
| DNA_PORTE2  |    0 |     0 |          0 |         1 |  0.00 |
| EFUSE_USR   |    0 |     0 |          0 |         1 |  0.00 |
| FRAME_ECCE4 |    0 |     0 |          0 |         1 |  0.00 |
| ICAPE3      |    0 |     0 |          0 |         2 |  0.00 |
| MASTER_JTAG |    0 |     0 |          0 |         1 |  0.00 |
| STARTUPE3   |    0 |     0 |          0 |         1 |  0.00 |
+-------------+------+-------+------------+-----------+-------+


9. Primitives
-------------

+------------+------+---------------------+
|  Ref Name  | Used | Functional Category |
+------------+------+---------------------+
| FDRE       | 4149 |            Register |
| LUT6       |  727 |                 CLB |
| LUT3       |  655 |                 CLB |
| LUT5       |  579 |                 CLB |
| LUT4       |  569 |                 CLB |
| LUT2       |  445 |                 CLB |
| FDSE       |  159 |            Register |
| SRL16E     |   85 |                 CLB |
| SRLC32E    |   51 |                 CLB |
| LUT1       |   44 |                 CLB |
| CARRY8     |   28 |                 CLB |
| RAMD32     |   14 |                 CLB |
| OBUF       |    6 |                 I/O |
| MUXF7      |    3 |                 CLB |
| RAMS32     |    2 |                 CLB |
| RAMB36E2   |    2 |            BLOCKRAM |
| FDPE       |    2 |            Register |
| RAMB18E2   |    1 |            BLOCKRAM |
| PS8        |    1 |            Advanced |
| MMCME4_ADV |    1 |               Clock |
| BUFG_PS    |    1 |               Clock |
| BUFGCE     |    1 |               Clock |
+------------+------+---------------------+


10. Black Boxes
---------------

+----------+------+
| Ref Name | Used |
+----------+------+


11. Instantiated Netlists
-------------------------

+-----------------------------------------+------+
|                 Ref Name                | Used |
+-----------------------------------------+------+
| pedal_passthrough_zynq_ultra_ps_e_0_1   |    1 |
| pedal_passthrough_xbar_1                |    1 |
| pedal_passthrough_util_vector_logic_0_0 |    1 |
| pedal_passthrough_proc_sys_reset_0_0    |    1 |
| pedal_passthrough_i2s_transmitter_0_0   |    1 |
| pedal_passthrough_clk_wiz_0_0           |    1 |
| pedal_passthrough_axi_dma_0_0           |    1 |
| pedal_passthrough_auto_pc_0             |    1 |
| pedal_passthrough_audio_passthrough_0_0 |    1 |
+-----------------------------------------+------+


