
*** Running vivado
    with args -log dma_axis_ip_example_clk_wiz_0_0.vds -m64 -product Vivado -mode batch -messageDb vivado.pb -notrace -source dma_axis_ip_example_clk_wiz_0_0.tcl



****** Vivado v2024.1 (64-bit)
  **** SW Build 5076996 on Wed May 22 18:37:14 MDT 2024
  **** IP Build 5075265 on Wed May 22 21:45:21 MDT 2024
  **** SharedData Build 5076995 on Wed May 22 18:29:18 MDT 2024
  **** Start of session at: Wed Mar 25 17:37:10 2026
    ** Copyright 1986-2022 Xilinx, Inc. All Rights Reserved.
    ** Copyright 2022-2024 Advanced Micro Devices, Inc. All Rights Reserved.

source dma_axis_ip_example_clk_wiz_0_0.tcl -notrace
create_project: Time (s): cpu = 00:00:10 ; elapsed = 00:00:13 . Memory (MB): peak = 647.426 ; gain = 202.855
INFO: [IP_Flow 19-234] Refreshing IP repositories
INFO: [IP_Flow 19-1700] Loaded user IP repository 'e:/FPGA-Guitar-Pedal/Pedal_vitis'.
INFO: [IP_Flow 19-2313] Loaded Vivado IP repository 'C:/Xilinx/Vivado/2024.1/data/ip'.
INFO: [IP_Flow 19-6924] IPCACHE: Running cache check for IP inst: dma_axis_ip_example_clk_wiz_0_0
Command: synth_design -top dma_axis_ip_example_clk_wiz_0_0 -part xczu3eg-sfvc784-2-e -incremental_mode off -mode out_of_context
Starting synth_design
Attempting to get a license for feature 'Synthesis' and/or device 'xczu3eg'
INFO: [Common 17-349] Got license for feature 'Synthesis' and/or device 'xczu3eg'
INFO: [Device 21-403] Loading part xczu3eg-sfvc784-2-e
INFO: [Synth 8-7079] Multithreading enabled for synth_design using a maximum of 2 processes.
INFO: [Synth 8-7078] Launching helper process for spawning children vivado processes
INFO: [Synth 8-7075] Helper process launched with PID 17996
---------------------------------------------------------------------------------
Starting RTL Elaboration : Time (s): cpu = 00:00:07 ; elapsed = 00:00:08 . Memory (MB): peak = 1994.754 ; gain = 395.312
---------------------------------------------------------------------------------
INFO: [Synth 8-6157] synthesizing module 'dma_axis_ip_example_clk_wiz_0_0' [e:/FPGA-Guitar-Pedal/pedal_2/pedal_2.gen/sources_1/bd/dma_axis_ip_example/ip/dma_axis_ip_example_clk_wiz_0_0/dma_axis_ip_example_clk_wiz_0_0.v:65]
INFO: [Synth 8-6157] synthesizing module 'dma_axis_ip_example_clk_wiz_0_0_clk_wiz' [e:/FPGA-Guitar-Pedal/pedal_2/pedal_2.gen/sources_1/bd/dma_axis_ip_example/ip/dma_axis_ip_example_clk_wiz_0_0/dma_axis_ip_example_clk_wiz_0_0_clk_wiz.v:65]
INFO: [Synth 8-6157] synthesizing module 'IBUF' [C:/Xilinx/Vivado/2024.1/scripts/rt/data/unisim_comp.v:73643]
INFO: [Synth 8-6155] done synthesizing module 'IBUF' (0#1) [C:/Xilinx/Vivado/2024.1/scripts/rt/data/unisim_comp.v:73643]
INFO: [Synth 8-6157] synthesizing module 'MMCME4_ADV' [C:/Xilinx/Vivado/2024.1/scripts/rt/data/unisim_comp.v:82781]
	Parameter BANDWIDTH bound to: OPTIMIZED - type: string 
	Parameter CLKFBOUT_MULT_F bound to: 31.625000 - type: double 
	Parameter CLKFBOUT_PHASE bound to: 0.000000 - type: double 
	Parameter CLKFBOUT_USE_FINE_PS bound to: FALSE - type: string 
	Parameter CLKIN1_PERIOD bound to: 10.000000 - type: double 
	Parameter CLKOUT0_DIVIDE_F bound to: 93.375000 - type: double 
	Parameter CLKOUT0_DUTY_CYCLE bound to: 0.500000 - type: double 
	Parameter CLKOUT0_PHASE bound to: 0.000000 - type: double 
	Parameter CLKOUT0_USE_FINE_PS bound to: FALSE - type: string 
	Parameter CLKOUT4_CASCADE bound to: FALSE - type: string 
	Parameter COMPENSATION bound to: AUTO - type: string 
	Parameter DIVCLK_DIVIDE bound to: 3 - type: integer 
	Parameter STARTUP_WAIT bound to: FALSE - type: string 
INFO: [Synth 8-6155] done synthesizing module 'MMCME4_ADV' (0#1) [C:/Xilinx/Vivado/2024.1/scripts/rt/data/unisim_comp.v:82781]
INFO: [Synth 8-6157] synthesizing module 'BUFG' [C:/Xilinx/Vivado/2024.1/scripts/rt/data/unisim_comp.v:1951]
INFO: [Synth 8-6155] done synthesizing module 'BUFG' (0#1) [C:/Xilinx/Vivado/2024.1/scripts/rt/data/unisim_comp.v:1951]
INFO: [Synth 8-6155] done synthesizing module 'dma_axis_ip_example_clk_wiz_0_0_clk_wiz' (0#1) [e:/FPGA-Guitar-Pedal/pedal_2/pedal_2.gen/sources_1/bd/dma_axis_ip_example/ip/dma_axis_ip_example_clk_wiz_0_0/dma_axis_ip_example_clk_wiz_0_0_clk_wiz.v:65]
INFO: [Synth 8-6155] done synthesizing module 'dma_axis_ip_example_clk_wiz_0_0' (0#1) [e:/FPGA-Guitar-Pedal/pedal_2/pedal_2.gen/sources_1/bd/dma_axis_ip_example/ip/dma_axis_ip_example_clk_wiz_0_0/dma_axis_ip_example_clk_wiz_0_0.v:65]
---------------------------------------------------------------------------------
Finished RTL Elaboration : Time (s): cpu = 00:00:08 ; elapsed = 00:00:44 . Memory (MB): peak = 2110.328 ; gain = 510.887
---------------------------------------------------------------------------------
---------------------------------------------------------------------------------
Start Handling Custom Attributes
---------------------------------------------------------------------------------
---------------------------------------------------------------------------------
Finished Handling Custom Attributes : Time (s): cpu = 00:00:09 ; elapsed = 00:00:44 . Memory (MB): peak = 2110.328 ; gain = 510.887
---------------------------------------------------------------------------------
---------------------------------------------------------------------------------
Finished RTL Optimization Phase 1 : Time (s): cpu = 00:00:09 ; elapsed = 00:00:44 . Memory (MB): peak = 2110.328 ; gain = 510.887
---------------------------------------------------------------------------------
Netlist sorting complete. Time (s): cpu = 00:00:00 ; elapsed = 00:00:00 . Memory (MB): peak = 2110.328 ; gain = 0.000
INFO: [Netlist 29-17] Analyzing 3 Unisim elements for replacement
INFO: [Netlist 29-28] Unisim Transformation completed in 0 CPU seconds
INFO: [Project 1-570] Preparing netlist for logic optimization

Processing XDC Constraints
Initializing timing engine
Parsing XDC File [e:/FPGA-Guitar-Pedal/pedal_2/pedal_2.gen/sources_1/bd/dma_axis_ip_example/ip/dma_axis_ip_example_clk_wiz_0_0/dma_axis_ip_example_clk_wiz_0_0_ooc.xdc] for cell 'inst'
Finished Parsing XDC File [e:/FPGA-Guitar-Pedal/pedal_2/pedal_2.gen/sources_1/bd/dma_axis_ip_example/ip/dma_axis_ip_example_clk_wiz_0_0/dma_axis_ip_example_clk_wiz_0_0_ooc.xdc] for cell 'inst'
Parsing XDC File [e:/FPGA-Guitar-Pedal/pedal_2/pedal_2.gen/sources_1/bd/dma_axis_ip_example/ip/dma_axis_ip_example_clk_wiz_0_0/dma_axis_ip_example_clk_wiz_0_0_board.xdc] for cell 'inst'
Finished Parsing XDC File [e:/FPGA-Guitar-Pedal/pedal_2/pedal_2.gen/sources_1/bd/dma_axis_ip_example/ip/dma_axis_ip_example_clk_wiz_0_0/dma_axis_ip_example_clk_wiz_0_0_board.xdc] for cell 'inst'
Parsing XDC File [e:/FPGA-Guitar-Pedal/pedal_2/pedal_2.gen/sources_1/bd/dma_axis_ip_example/ip/dma_axis_ip_example_clk_wiz_0_0/dma_axis_ip_example_clk_wiz_0_0.xdc] for cell 'inst'
Finished Parsing XDC File [e:/FPGA-Guitar-Pedal/pedal_2/pedal_2.gen/sources_1/bd/dma_axis_ip_example/ip/dma_axis_ip_example_clk_wiz_0_0/dma_axis_ip_example_clk_wiz_0_0.xdc] for cell 'inst'
INFO: [Project 1-236] Implementation specific constraints were found while reading constraint file [e:/FPGA-Guitar-Pedal/pedal_2/pedal_2.gen/sources_1/bd/dma_axis_ip_example/ip/dma_axis_ip_example_clk_wiz_0_0/dma_axis_ip_example_clk_wiz_0_0.xdc]. These constraints will be ignored for synthesis but will be used in implementation. Impacted constraints are listed in the file [.Xil/dma_axis_ip_example_clk_wiz_0_0_propImpl.xdc].
Resolution: To avoid this warning, move constraints listed in [.Xil/dma_axis_ip_example_clk_wiz_0_0_propImpl.xdc] to another XDC file and exclude this new file from synthesis with the used_in_synthesis property (File Properties dialog in GUI) and re-run elaboration/synthesis.
INFO: [Timing 38-2] Deriving generated clocks
Parsing XDC File [E:/FPGA-Guitar-Pedal/pedal_2/pedal_2.runs/dma_axis_ip_example_clk_wiz_0_0_synth_1/dont_touch.xdc]
Finished Parsing XDC File [E:/FPGA-Guitar-Pedal/pedal_2/pedal_2.runs/dma_axis_ip_example_clk_wiz_0_0_synth_1/dont_touch.xdc]
Completed Processing XDC Constraints

Netlist sorting complete. Time (s): cpu = 00:00:00 ; elapsed = 00:00:00 . Memory (MB): peak = 2129.855 ; gain = 0.000
INFO: [Project 1-111] Unisim Transformation Summary:
  A total of 2 instances were transformed.
  BUFG => BUFGCE: 1 instance 
  IBUF => IBUF (IBUFCTRL, INBUF): 1 instance 

Constraint Validation Runtime : Time (s): cpu = 00:00:00 ; elapsed = 00:00:00.368 . Memory (MB): peak = 2130.016 ; gain = 0.160
INFO: [Designutils 20-5008] Incremental synthesis strategy off
---------------------------------------------------------------------------------
Finished Constraint Validation : Time (s): cpu = 00:00:20 ; elapsed = 00:01:48 . Memory (MB): peak = 2130.016 ; gain = 530.574
---------------------------------------------------------------------------------
---------------------------------------------------------------------------------
Start Loading Part and Timing Information
---------------------------------------------------------------------------------
Loading part: xczu3eg-sfvc784-2-e
INFO: [Synth 8-6742] Reading net delay rules and data
---------------------------------------------------------------------------------
Finished Loading Part and Timing Information : Time (s): cpu = 00:00:20 ; elapsed = 00:01:48 . Memory (MB): peak = 2130.016 ; gain = 530.574
---------------------------------------------------------------------------------
---------------------------------------------------------------------------------
Start Applying 'set_property' XDC Constraints
---------------------------------------------------------------------------------
Applied set_property KEEP_HIERARCHY = SOFT for inst. (constraint file  E:/FPGA-Guitar-Pedal/pedal_2/pedal_2.runs/dma_axis_ip_example_clk_wiz_0_0_synth_1/dont_touch.xdc, line 9).
---------------------------------------------------------------------------------
Finished applying 'set_property' XDC Constraints : Time (s): cpu = 00:00:20 ; elapsed = 00:01:48 . Memory (MB): peak = 2130.016 ; gain = 530.574
---------------------------------------------------------------------------------
---------------------------------------------------------------------------------
Finished RTL Optimization Phase 2 : Time (s): cpu = 00:00:20 ; elapsed = 00:02:48 . Memory (MB): peak = 2130.016 ; gain = 530.574
---------------------------------------------------------------------------------
---------------------------------------------------------------------------------
Start RTL Component Statistics 
---------------------------------------------------------------------------------
Detailed RTL Component Info : 
---------------------------------------------------------------------------------
Finished RTL Component Statistics 
---------------------------------------------------------------------------------
---------------------------------------------------------------------------------
Start Part Resource Summary
---------------------------------------------------------------------------------
Part Resources:
DSPs: 360 (col length:72)
BRAMs: 432 (col length: RAMB18 72 RAMB36 36)
---------------------------------------------------------------------------------
Finished Part Resource Summary
---------------------------------------------------------------------------------
---------------------------------------------------------------------------------
Start Cross Boundary and Area Optimization
---------------------------------------------------------------------------------
WARNING: [Synth 8-7080] Parallel synthesis criteria is not met
---------------------------------------------------------------------------------
Finished Cross Boundary and Area Optimization : Time (s): cpu = 00:00:22 ; elapsed = 00:02:53 . Memory (MB): peak = 2130.016 ; gain = 530.574
---------------------------------------------------------------------------------
---------------------------------------------------------------------------------
Start Applying XDC Timing Constraints
---------------------------------------------------------------------------------
---------------------------------------------------------------------------------
Finished Applying XDC Timing Constraints : Time (s): cpu = 00:00:33 ; elapsed = 00:03:08 . Memory (MB): peak = 2583.375 ; gain = 983.934
---------------------------------------------------------------------------------
---------------------------------------------------------------------------------
Start Timing Optimization
---------------------------------------------------------------------------------
---------------------------------------------------------------------------------
Finished Timing Optimization : Time (s): cpu = 00:00:33 ; elapsed = 00:03:08 . Memory (MB): peak = 2583.637 ; gain = 984.195
---------------------------------------------------------------------------------
---------------------------------------------------------------------------------
Start Technology Mapping
---------------------------------------------------------------------------------
---------------------------------------------------------------------------------
Finished Technology Mapping : Time (s): cpu = 00:00:33 ; elapsed = 00:03:08 . Memory (MB): peak = 2593.227 ; gain = 993.785
---------------------------------------------------------------------------------
---------------------------------------------------------------------------------
Start IO Insertion
---------------------------------------------------------------------------------
---------------------------------------------------------------------------------
Start Flattening Before IO Insertion
---------------------------------------------------------------------------------
---------------------------------------------------------------------------------
Finished Flattening Before IO Insertion
---------------------------------------------------------------------------------
---------------------------------------------------------------------------------
Start Final Netlist Cleanup
---------------------------------------------------------------------------------
---------------------------------------------------------------------------------
Finished Final Netlist Cleanup
---------------------------------------------------------------------------------
---------------------------------------------------------------------------------
Finished IO Insertion : Time (s): cpu = 00:00:37 ; elapsed = 00:03:15 . Memory (MB): peak = 2608.992 ; gain = 1009.551
---------------------------------------------------------------------------------
---------------------------------------------------------------------------------
Start Renaming Generated Instances
---------------------------------------------------------------------------------
---------------------------------------------------------------------------------
Finished Renaming Generated Instances : Time (s): cpu = 00:00:37 ; elapsed = 00:03:15 . Memory (MB): peak = 2608.992 ; gain = 1009.551
---------------------------------------------------------------------------------
---------------------------------------------------------------------------------
Start Rebuilding User Hierarchy
---------------------------------------------------------------------------------
---------------------------------------------------------------------------------
Finished Rebuilding User Hierarchy : Time (s): cpu = 00:00:37 ; elapsed = 00:03:15 . Memory (MB): peak = 2608.992 ; gain = 1009.551
---------------------------------------------------------------------------------
---------------------------------------------------------------------------------
Start Renaming Generated Ports
---------------------------------------------------------------------------------
---------------------------------------------------------------------------------
Finished Renaming Generated Ports : Time (s): cpu = 00:00:37 ; elapsed = 00:03:15 . Memory (MB): peak = 2608.992 ; gain = 1009.551
---------------------------------------------------------------------------------
---------------------------------------------------------------------------------
Start Handling Custom Attributes
---------------------------------------------------------------------------------
---------------------------------------------------------------------------------
Finished Handling Custom Attributes : Time (s): cpu = 00:00:37 ; elapsed = 00:03:15 . Memory (MB): peak = 2608.992 ; gain = 1009.551
---------------------------------------------------------------------------------
---------------------------------------------------------------------------------
Start Renaming Generated Nets
---------------------------------------------------------------------------------
---------------------------------------------------------------------------------
Finished Renaming Generated Nets : Time (s): cpu = 00:00:37 ; elapsed = 00:03:15 . Memory (MB): peak = 2608.992 ; gain = 1009.551
---------------------------------------------------------------------------------
---------------------------------------------------------------------------------
Start Writing Synthesis Report
---------------------------------------------------------------------------------

Report BlackBoxes: 
+-+--------------+----------+
| |BlackBox name |Instances |
+-+--------------+----------+
+-+--------------+----------+

Report Cell Usage: 
+------+-----------+------+
|      |Cell       |Count |
+------+-----------+------+
|1     |BUFG       |     1|
|2     |MMCME4_ADV |     1|
|3     |IBUF       |     1|
+------+-----------+------+
---------------------------------------------------------------------------------
Finished Writing Synthesis Report : Time (s): cpu = 00:00:37 ; elapsed = 00:03:15 . Memory (MB): peak = 2608.992 ; gain = 1009.551
---------------------------------------------------------------------------------
Synthesis finished with 0 errors, 0 critical warnings and 1 warnings.
Synthesis Optimization Runtime : Time (s): cpu = 00:00:23 ; elapsed = 00:02:57 . Memory (MB): peak = 2608.992 ; gain = 989.863
Synthesis Optimization Complete : Time (s): cpu = 00:00:38 ; elapsed = 00:03:15 . Memory (MB): peak = 2608.992 ; gain = 1009.551
INFO: [Project 1-571] Translating synthesized netlist
Netlist sorting complete. Time (s): cpu = 00:00:00 ; elapsed = 00:00:00 . Memory (MB): peak = 2608.992 ; gain = 0.000
INFO: [Netlist 29-17] Analyzing 3 Unisim elements for replacement
INFO: [Netlist 29-28] Unisim Transformation completed in 0 CPU seconds
INFO: [Project 1-570] Preparing netlist for logic optimization
INFO: [Opt 31-138] Pushed 0 inverter(s) to 0 load pin(s).
INFO: [Opt 31-326] The CLKFBOUT to CLKFBIN net for instance inst/mmcme4_adv_inst with COMPENSATION=INTERNAL is optimized away to aid design routability
Netlist sorting complete. Time (s): cpu = 00:00:00 ; elapsed = 00:00:00 . Memory (MB): peak = 2608.992 ; gain = 0.000
INFO: [Project 1-111] Unisim Transformation Summary:
  A total of 2 instances were transformed.
  BUFG => BUFGCE: 1 instance 
  IBUF => IBUF (IBUFCTRL, INBUF): 1 instance 

Synth Design complete | Checksum: b249f08d
INFO: [Common 17-83] Releasing license: Synthesis
35 Infos, 1 Warnings, 0 Critical Warnings and 0 Errors encountered.
synth_design completed successfully
synth_design: Time (s): cpu = 00:00:48 ; elapsed = 00:03:33 . Memory (MB): peak = 2608.992 ; gain = 1907.504
Write ShapeDB Complete: Time (s): cpu = 00:00:00 ; elapsed = 00:00:00.042 . Memory (MB): peak = 2608.992 ; gain = 0.000
INFO: [Common 17-1381] The checkpoint 'E:/FPGA-Guitar-Pedal/pedal_2/pedal_2.runs/dma_axis_ip_example_clk_wiz_0_0_synth_1/dma_axis_ip_example_clk_wiz_0_0.dcp' has been generated.
write_checkpoint: Time (s): cpu = 00:00:01 ; elapsed = 00:00:53 . Memory (MB): peak = 2608.992 ; gain = 0.000
INFO: [Coretcl 2-1648] Added synthesis output to IP cache for IP dma_axis_ip_example_clk_wiz_0_0, cache-ID = 6ea0fb3e572f9e94
config_ip_cache: Time (s): cpu = 00:00:00 ; elapsed = 00:00:25 . Memory (MB): peak = 2608.992 ; gain = 0.000
Write ShapeDB Complete: Time (s): cpu = 00:00:00 ; elapsed = 00:00:00.019 . Memory (MB): peak = 2608.992 ; gain = 0.000
INFO: [Common 17-1381] The checkpoint 'E:/FPGA-Guitar-Pedal/pedal_2/pedal_2.runs/dma_axis_ip_example_clk_wiz_0_0_synth_1/dma_axis_ip_example_clk_wiz_0_0.dcp' has been generated.
write_checkpoint: Time (s): cpu = 00:00:00 ; elapsed = 00:00:36 . Memory (MB): peak = 2608.992 ; gain = 0.000
INFO: [Vivado 12-24828] Executing command : report_utilization -file dma_axis_ip_example_clk_wiz_0_0_utilization_synth.rpt -pb dma_axis_ip_example_clk_wiz_0_0_utilization_synth.pb
INFO: [Common 17-206] Exiting Vivado at Wed Mar 25 17:43:18 2026...
