Copyright 1986-2022 Xilinx, Inc. All Rights Reserved. Copyright 2022-2024 Advanced Micro Devices, Inc. All Rights Reserved.
-------------------------------------------------------------------------------------------------------------------------------------------------------------------------------------------------------
| Tool Version     : Vivado v.2024.1 (win64) Build 5076996 Wed May 22 18:37:14 MDT 2024
| Date             : Wed Apr  8 15:57:01 2026
| Host             : WFXB07B250A3A85 running 64-bit major release  (build 9200)
| Command          : report_power -file dma_axis_ip_example_wrapper_power_routed.rpt -pb dma_axis_ip_example_wrapper_power_summary_routed.pb -rpx dma_axis_ip_example_wrapper_power_routed.rpx
| Design           : dma_axis_ip_example_wrapper
| Device           : xczu3eg-sfvc784-2-e
| Design State     : routed
| Grade            : extended
| Process          : typical
| Characterization : Production
-------------------------------------------------------------------------------------------------------------------------------------------------------------------------------------------------------

Power Report

Table of Contents
-----------------
1. Summary
1.1 On-Chip Components
1.2 Power Supply Summary
1.3 Confidence Level
2. Settings
2.1 Environment
2.2 Clock Constraints
3. Detailed Reports
3.1 By Hierarchy

1. Summary
----------

+--------------------------+--------------+
| Total On-Chip Power (W)  | 3.018        |
| Design Power Budget (W)  | Unspecified* |
| Power Budget Margin (W)  | NA           |
| Dynamic (W)              | 2.695        |
| Device Static (W)        | 0.323        |
| Effective TJA (C/W)      | 2.4          |
| Max Ambient (C)          | 92.9         |
| Junction Temperature (C) | 32.1         |
| Confidence Level         | Low          |
| Setting File             | ---          |
| Simulation Activity File | ---          |
| Design Nets Matched      | NA           |
+--------------------------+--------------+
* Specify Design Power Budget using, set_operating_conditions -design_power_budget <value in Watts>


1.1 On-Chip Components
----------------------

+--------------------------+-----------+----------+-----------+-----------------+
| On-Chip                  | Power (W) | Used     | Available | Utilization (%) |
+--------------------------+-----------+----------+-----------+-----------------+
| Clocks                   |     0.034 |        5 |       --- |             --- |
| CLB Logic                |     0.100 |    36290 |       --- |             --- |
|   LUT as Logic           |     0.090 |    16479 |     70560 |           23.35 |
|   CARRY8                 |     0.005 |      875 |      8820 |            9.92 |
|   Register               |     0.002 |    12769 |    141120 |            9.05 |
|   LUT as Shift Register  |     0.002 |      603 |     28800 |            2.09 |
|   LUT as Distributed RAM |    <0.001 |       44 |     28800 |            0.15 |
|   BUFG                   |    <0.001 |        1 |        24 |            4.17 |
|   Others                 |     0.000 |     1335 |       --- |             --- |
|   F7/F8 Muxes            |     0.000 |      402 |     70560 |            0.57 |
| Signals                  |     0.094 |    34097 |       --- |             --- |
| Block RAM                |     0.008 |     13.5 |       216 |            6.25 |
| MMCM                     |     0.090 |        0 |       --- |             --- |
| DSPs                     |     0.058 |      121 |       360 |           33.61 |
| I/O                      |     0.004 |       15 |       252 |            5.95 |
| PS8                      |     2.308 |        1 |       --- |             --- |
| Static Power             |     0.323 |          |           |                 |
|   PS Static              |     0.105 |          |           |                 |
|   PL Static              |     0.218 |          |           |                 |
| Total                    |     3.018 |          |           |                 |
+--------------------------+-----------+----------+-----------+-----------------+


1.2 Power Supply Summary
------------------------

+-----------------+-------------+-----------+-------------+------------+-------------+-------------+------------+
| Source          | Voltage (V) | Total (A) | Dynamic (A) | Static (A) | Powerup (A) | Budget (A)  | Margin (A) |
+-----------------+-------------+-----------+-------------+------------+-------------+-------------+------------+
| Vccint          |       0.850 |     0.402 |       0.345 |      0.057 |       NA    | Unspecified | NA         |
| Vccint_io       |       0.850 |     0.028 |       0.000 |      0.027 |       NA    | Unspecified | NA         |
| Vccbram         |       0.850 |     0.001 |       0.000 |      0.001 |       NA    | Unspecified | NA         |
| Vccaux          |       1.800 |     0.097 |       0.050 |      0.047 |       NA    | Unspecified | NA         |
| Vccaux_io       |       1.800 |     0.027 |       0.002 |      0.025 |       NA    | Unspecified | NA         |
| Vcco33          |       3.300 |     0.000 |       0.000 |      0.000 |       NA    | Unspecified | NA         |
| Vcco25          |       2.500 |     0.000 |       0.000 |      0.000 |       NA    | Unspecified | NA         |
| Vcco18          |       1.800 |     0.000 |       0.000 |      0.000 |       NA    | Unspecified | NA         |
| Vcco15          |       1.500 |     0.000 |       0.000 |      0.000 |       NA    | Unspecified | NA         |
| Vcco135         |       1.350 |     0.000 |       0.000 |      0.000 |       NA    | Unspecified | NA         |
| Vcco12          |       1.200 |     0.000 |       0.000 |      0.000 |       NA    | Unspecified | NA         |
| Vcco10          |       1.000 |     0.000 |       0.000 |      0.000 |       NA    | Unspecified | NA         |
| Vccadc          |       1.800 |     0.008 |       0.000 |      0.008 |       NA    | Unspecified | NA         |
| VCC_PSINTFP     |       0.850 |     1.025 |       0.986 |      0.038 |       NA    | Unspecified | NA         |
| VCC_PSINTLP     |       0.850 |     0.265 |       0.257 |      0.008 |       NA    | Unspecified | NA         |
| VPS_MGTRAVCC    |       0.850 |     0.135 |       0.134 |      0.001 |       NA    | Unspecified | NA         |
| VCC_PSINTFP_DDR |       0.850 |     0.597 |       0.592 |      0.005 |       NA    | Unspecified | NA         |
| VCC_PSPLL       |       1.200 |     0.073 |       0.071 |      0.002 |       NA    | Unspecified | NA         |
| VPS_MGTRAVTT    |       1.800 |     0.034 |       0.033 |      0.001 |       NA    | Unspecified | NA         |
| VCCO_PSDDR_504  |       1.200 |     0.401 |       0.367 |      0.034 |       NA    | Unspecified | NA         |
| VCC_PSAUX       |       1.800 |     0.002 |       0.000 |      0.002 |       NA    | Unspecified | NA         |
| VCC_PSBATT      |       1.200 |     0.000 |       0.000 |      0.000 |       NA    | Unspecified | NA         |
| VCC_PSDDR_PLL   |       1.800 |     0.001 |       0.000 |      0.001 |       NA    | Unspecified | NA         |
| VCCO_PSIO0_500  |       3.300 |     0.004 |       0.003 |      0.001 |       NA    | Unspecified | NA         |
| VCCO_PSIO1_501  |       3.300 |     0.008 |       0.007 |      0.001 |       NA    | Unspecified | NA         |
| VCCO_PSIO2_502  |       3.300 |     0.005 |       0.004 |      0.001 |       NA    | Unspecified | NA         |
| VCCO_PSIO3_503  |       1.800 |     0.001 |       0.000 |      0.001 |       NA    | Unspecified | NA         |
| VCC_PSADC       |       1.800 |     0.002 |       0.000 |      0.002 |       NA    | Unspecified | NA         |
+-----------------+-------------+-----------+-------------+------------+-------------+-------------+------------+


1.3 Confidence Level
--------------------

+-----------------------------+------------+--------------------------------------------------------+------------------------------------------------------------------------------------------------------------+
| User Input Data             | Confidence | Details                                                | Action                                                                                                     |
+-----------------------------+------------+--------------------------------------------------------+------------------------------------------------------------------------------------------------------------+
| Design implementation state | High       | Design is routed                                       |                                                                                                            |
| Clock nodes activity        | High       | User specified more than 95% of clocks                 |                                                                                                            |
| I/O nodes activity          | Low        | More than 75% of inputs are missing user specification | Provide missing input activity with simulation results or by editing the "By Resource Type -> I/Os" view   |
| Internal nodes activity     | Medium     | User specified less than 25% of internal nodes         | Provide missing internal nodes activity with simulation results or by editing the "By Resource Type" views |
| Device models               | High       | Device models are Production                           |                                                                                                            |
|                             |            |                                                        |                                                                                                            |
| Overall confidence level    | Low        |                                                        |                                                                                                            |
+-----------------------------+------------+--------------------------------------------------------+------------------------------------------------------------------------------------------------------------+


2. Settings
-----------

2.1 Environment
---------------

+-----------------------+--------------------------+
| Ambient Temp (C)      | 25.0                     |
| ThetaJA (C/W)         | 2.4                      |
| Airflow (LFM)         | 250                      |
| Heat Sink             | medium (Medium Profile)  |
| ThetaSA (C/W)         | 5.5                      |
| Board Selection       | medium (10"x10")         |
| # of Board Layers     | 12to15 (12 to 15 Layers) |
| Board Temperature (C) | 25.0                     |
+-----------------------+--------------------------+


2.2 Clock Constraints
---------------------

+------------------------------------------+-------------------------------------------------------------------------------+-----------------+
| Clock                                    | Domain                                                                        | Constraint (ns) |
+------------------------------------------+-------------------------------------------------------------------------------+-----------------+
| clk_out1_dma_axis_ip_example_clk_wiz_0_0 | dma_axis_ip_example_i/clk_wiz_0/inst/clk_out1_dma_axis_ip_example_clk_wiz_0_0 |            88.6 |
| clk_pl_0                                 | dma_axis_ip_example_i/zynq_ultra_ps_e_0/inst/pl_clk0                          |            10.0 |
| clk_pl_0                                 | dma_axis_ip_example_i/zynq_ultra_ps_e_0/inst/pl_clk_unbuffered[0]             |            10.0 |
+------------------------------------------+-------------------------------------------------------------------------------+-----------------+


3. Detailed Reports
-------------------

3.1 By Hierarchy
----------------

+-----------------------------+-----------+
| Name                        | Power (W) |
+-----------------------------+-----------+
| dma_axis_ip_example_wrapper |     2.695 |
|   dma_axis_ip_example_i     |     2.691 |
|     axi_dma                 |     0.009 |
|       U0                    |     0.009 |
|     clk_wiz_0               |     0.090 |
|       inst                  |     0.090 |
|     i2s_transmitter_0       |     0.003 |
|       inst                  |     0.003 |
|     pedal_top_0             |     0.272 |
|       inst                  |     0.272 |
|     ps7_0_axi_periph        |     0.007 |
|       s00_couplers          |     0.006 |
|     zynq_ultra_ps_e_0       |     2.309 |
|       inst                  |     2.309 |
+-----------------------------+-----------+


