Copyright 1986-2022 Xilinx, Inc. All Rights Reserved. Copyright 2022-2024 Advanced Micro Devices, Inc. All Rights Reserved.
---------------------------------------------------------------------------------------------------------------------------------------------------
| Tool Version : Vivado v.2024.1 (win64) Build 5076996 Wed May 22 18:37:14 MDT 2024
| Date         : Fri Mar 27 15:04:28 2026
| Host         : Theodore running 64-bit major release  (build 9200)
| Command      : report_utilization -file dma_axis_ip_example_wrapper_utilization_placed.rpt -pb dma_axis_ip_example_wrapper_utilization_placed.pb
| Design       : dma_axis_ip_example_wrapper
| Device       : xczu3eg-sfvc784-2-e
| Speed File   : -2
| Design State : Fully Placed
---------------------------------------------------------------------------------------------------------------------------------------------------

Utilization Design Information

Table of Contents
-----------------
1. CLB Logic
1.1 Summary of Registers by Type
2. CLB Logic Distribution
3. BLOCKRAM
4. ARITHMETIC
5. I/O
6. CLOCK
7. ADVANCED
8. CONFIGURATION
9. Primitives
10. Black Boxes
11. Instantiated Netlists

1. CLB Logic
------------

+----------------------------+------+-------+------------+-----------+-------+
|          Site Type         | Used | Fixed | Prohibited | Available | Util% |
+----------------------------+------+-------+------------+-----------+-------+
| CLB LUTs                   | 3650 |     0 |          0 |     70560 |  5.17 |
|   LUT as Logic             | 3401 |     0 |          0 |     70560 |  4.82 |
|   LUT as Memory            |  249 |     0 |          0 |     28800 |  0.86 |
|     LUT as Distributed RAM |   44 |     0 |            |           |       |
|     LUT as Shift Register  |  205 |     0 |            |           |       |
| CLB Registers              | 5894 |     0 |          0 |    141120 |  4.18 |
|   Register as Flip Flop    | 5894 |     0 |          0 |    141120 |  4.18 |
|   Register as Latch        |    0 |     0 |          0 |    141120 |  0.00 |
| CARRY8                     |   52 |     0 |          0 |      8820 |  0.59 |
| F7 Muxes                   |    7 |     0 |          0 |     35280 |  0.02 |
| F8 Muxes                   |    0 |     0 |          0 |     17640 |  0.00 |
| F9 Muxes                   |    0 |     0 |          0 |      8820 |  0.00 |
+----------------------------+------+-------+------------+-----------+-------+
* Warning! LUT value is adjusted to account for LUT combining.


1.1 Summary of Registers by Type
--------------------------------

+-------+--------------+-------------+--------------+
| Total | Clock Enable | Synchronous | Asynchronous |
+-------+--------------+-------------+--------------+
| 0     |            _ |           - |            - |
| 0     |            _ |           - |          Set |
| 0     |            _ |           - |        Reset |
| 0     |            _ |         Set |            - |
| 0     |            _ |       Reset |            - |
| 0     |          Yes |           - |            - |
| 35    |          Yes |           - |          Set |
| 69    |          Yes |           - |        Reset |
| 130   |          Yes |         Set |            - |
| 5660  |          Yes |       Reset |            - |
+-------+--------------+-------------+--------------+


2. CLB Logic Distribution
-------------------------

+--------------------------------------------+------+-------+------------+-----------+-------+
|                  Site Type                 | Used | Fixed | Prohibited | Available | Util% |
+--------------------------------------------+------+-------+------------+-----------+-------+
| CLB                                        |  820 |     0 |          0 |      8820 |  9.30 |
|   CLBL                                     |  540 |     0 |            |           |       |
|   CLBM                                     |  280 |     0 |            |           |       |
| LUT as Logic                               | 3401 |     0 |          0 |     70560 |  4.82 |
|   using O5 output only                     |  163 |       |            |           |       |
|   using O6 output only                     | 2354 |       |            |           |       |
|   using O5 and O6                          |  884 |       |            |           |       |
| LUT as Memory                              |  249 |     0 |          0 |     28800 |  0.86 |
|   LUT as Distributed RAM                   |   44 |     0 |            |           |       |
|     using O5 output only                   |    0 |       |            |           |       |
|     using O6 output only                   |    0 |       |            |           |       |
|     using O5 and O6                        |   44 |       |            |           |       |
|   LUT as Shift Register                    |  205 |     0 |            |           |       |
|     using O5 output only                   |    0 |       |            |           |       |
|     using O6 output only                   |  123 |       |            |           |       |
|     using O5 and O6                        |   82 |       |            |           |       |
| CLB Registers                              | 5894 |     0 |          0 |    141120 |  4.18 |
|   Register driven from within the CLB      | 2655 |       |            |           |       |
|   Register driven from outside the CLB     | 3239 |       |            |           |       |
|     LUT in front of the register is unused | 2342 |       |            |           |       |
|     LUT in front of the register is used   |  897 |       |            |           |       |
| Unique Control Sets                        |  273 |       |          0 |     17640 |  1.55 |
+--------------------------------------------+------+-------+------------+-----------+-------+
* * Note: Available Control Sets calculated as Slices * 2, Review the Control Sets Report for more information regarding control sets.


3. BLOCKRAM
-----------

+-------------------+------+-------+------------+-----------+-------+
|     Site Type     | Used | Fixed | Prohibited | Available | Util% |
+-------------------+------+-------+------------+-----------+-------+
| Block RAM Tile    |  4.5 |     0 |          0 |       216 |  2.08 |
|   RAMB36/FIFO*    |    3 |     0 |          0 |       216 |  1.39 |
|     RAMB36E2 only |    3 |       |            |           |       |
|   RAMB18          |    3 |     0 |          0 |       432 |  0.69 |
|     RAMB18E2 only |    3 |       |            |           |       |
+-------------------+------+-------+------------+-----------+-------+
* Note: Each Block RAM Tile only has one FIFO logic available and therefore can accommodate only one FIFO36E2 or one FIFO18E2. However, if a FIFO18E2 occupies a Block RAM Tile, that tile can still accommodate a RAMB18E2


4. ARITHMETIC
-------------

+-----------+------+-------+------------+-----------+-------+
| Site Type | Used | Fixed | Prohibited | Available | Util% |
+-----------+------+-------+------------+-----------+-------+
| DSPs      |    0 |     0 |          0 |       360 |  0.00 |
+-----------+------+-------+------------+-----------+-------+


5. I/O
------

+------------------+------+-------+------------+-----------+-------+
|     Site Type    | Used | Fixed | Prohibited | Available | Util% |
+------------------+------+-------+------------+-----------+-------+
| Bonded IOB       |    7 |     7 |          0 |       252 |  2.78 |
| HPIOB_M          |    4 |     4 |          0 |        72 |  5.56 |
|   INPUT          |    0 |       |            |           |       |
|   OUTPUT         |    4 |       |            |           |       |
|   BIDIR          |    0 |       |            |           |       |
| HPIOB_S          |    3 |     3 |          0 |        72 |  4.17 |
|   INPUT          |    0 |       |            |           |       |
|   OUTPUT         |    3 |       |            |           |       |
|   BIDIR          |    0 |       |            |           |       |
| HDIOB_M          |    0 |     0 |          0 |        48 |  0.00 |
| HDIOB_S          |    0 |     0 |          0 |        48 |  0.00 |
| HPIOB_SNGL       |    0 |     0 |          0 |        12 |  0.00 |
| HPIOBDIFFINBUF   |    0 |     0 |          0 |        72 |  0.00 |
| HPIOBDIFFOUTBUF  |    0 |     0 |          0 |        72 |  0.00 |
| HDIOBDIFFINBUF   |    0 |     0 |          0 |        48 |  0.00 |
| BITSLICE_CONTROL |    0 |     0 |          0 |        24 |  0.00 |
| BITSLICE_RX_TX   |    0 |     0 |          0 |       936 |  0.00 |
| BITSLICE_TX      |    0 |     0 |          0 |        24 |  0.00 |
| RIU_OR           |    0 |     0 |          0 |        12 |  0.00 |
+------------------+------+-------+------------+-----------+-------+


6. CLOCK
--------

+------------+------+-------+------------+-----------+-------+
|  Site Type | Used | Fixed | Prohibited | Available | Util% |
+------------+------+-------+------------+-----------+-------+
| BUFGCE     |    1 |     0 |          0 |        88 |  1.14 |
| BUFGCE_DIV |    0 |     0 |          0 |        12 |  0.00 |
| BUFG_PS    |    1 |     0 |          0 |        72 |  1.39 |
| BUFGCTRL*  |    0 |     0 |          0 |        24 |  0.00 |
| PLL        |    0 |     0 |          0 |         6 |  0.00 |
| MMCM       |    1 |     0 |          0 |         3 | 33.33 |
+------------+------+-------+------------+-----------+-------+
* Note: Each used BUFGCTRL counts as two GLOBAL CLOCK BUFFERs. This table does not include global clocking resources, only buffer cell usage. See the Clock Utilization Report (report_clock_utilization) for detailed accounting of global clocking resource availability.


7. ADVANCED
-----------

+-----------+------+-------+------------+-----------+--------+
| Site Type | Used | Fixed | Prohibited | Available |  Util% |
+-----------+------+-------+------------+-----------+--------+
| PS8       |    1 |     0 |          0 |         1 | 100.00 |
| SYSMONE4  |    0 |     0 |          0 |         1 |   0.00 |
+-----------+------+-------+------------+-----------+--------+


8. CONFIGURATION
----------------

+-------------+------+-------+------------+-----------+-------+
|  Site Type  | Used | Fixed | Prohibited | Available | Util% |
+-------------+------+-------+------------+-----------+-------+
| BSCANE2     |    0 |     0 |          0 |         4 |  0.00 |
| DNA_PORTE2  |    0 |     0 |          0 |         1 |  0.00 |
| EFUSE_USR   |    0 |     0 |          0 |         1 |  0.00 |
| FRAME_ECCE4 |    0 |     0 |          0 |         1 |  0.00 |
| ICAPE3      |    0 |     0 |          0 |         2 |  0.00 |
| MASTER_JTAG |    0 |     0 |          0 |         1 |  0.00 |
| STARTUPE3   |    0 |     0 |          0 |         1 |  0.00 |
+-------------+------+-------+------------+-----------+-------+


9. Primitives
-------------

+------------+------+---------------------+
|  Ref Name  | Used | Functional Category |
+------------+------+---------------------+
| FDRE       | 5660 |            Register |
| LUT6       | 1191 |                 CLB |
| LUT3       |  935 |                 CLB |
| LUT4       |  857 |                 CLB |
| LUT5       |  716 |                 CLB |
| LUT2       |  500 |                 CLB |
| SRL16E     |  230 |                 CLB |
| FDSE       |  130 |            Register |
| LUT1       |   86 |                 CLB |
| RAMD32     |   76 |                 CLB |
| FDCE       |   69 |            Register |
| SRLC32E    |   57 |                 CLB |
| CARRY8     |   52 |                 CLB |
| FDPE       |   35 |            Register |
| RAMS32     |   12 |                 CLB |
| OBUF       |    7 |                 I/O |
| MUXF7      |    7 |                 CLB |
| RAMB36E2   |    3 |            BLOCKRAM |
| RAMB18E2   |    3 |            BLOCKRAM |
| PS8        |    1 |            Advanced |
| MMCME4_ADV |    1 |               Clock |
| BUFG_PS    |    1 |               Clock |
| BUFGCE     |    1 |               Clock |
+------------+------+---------------------+


10. Black Boxes
---------------

+----------+------+
| Ref Name | Used |
+----------+------+


11. Instantiated Netlists
-------------------------

+-------------------------------------------+------+
|                  Ref Name                 | Used |
+-------------------------------------------+------+
| dma_axis_ip_example_zynq_ultra_ps_e_0_0   |    1 |
| dma_axis_ip_example_xbar_0                |    1 |
| dma_axis_ip_example_util_vector_logic_0_0 |    1 |
| dma_axis_ip_example_rst_ps7_0_100M_0      |    1 |
| dma_axis_ip_example_proc_sys_reset_0_0    |    1 |
| dma_axis_ip_example_i2s_transmitter_0_0   |    1 |
| dma_axis_ip_example_clk_wiz_0_0           |    1 |
| dma_axis_ip_example_axis_data_fifo_0_0    |    1 |
| dma_axis_ip_example_axis_broadcaster_0_0  |    1 |
| dma_axis_ip_example_axi_dma_0             |    1 |
| dma_axis_ip_example_auto_us_0             |    1 |
| dma_axis_ip_example_auto_pc_0             |    1 |
| dma_axis_ip_example_auto_ds_0             |    1 |
| dma_axis_ip_example_audio_passthrough_0_0 |    1 |
+-------------------------------------------+------+


