
*** Running vivado
    with args -log dma_axis_ip_example_axis_broadcaster_0_0.vds -m64 -product Vivado -mode batch -messageDb vivado.pb -notrace -source dma_axis_ip_example_axis_broadcaster_0_0.tcl



****** Vivado v2024.1 (64-bit)
  **** SW Build 5076996 on Wed May 22 18:37:14 MDT 2024
  **** IP Build 5075265 on Wed May 22 21:45:21 MDT 2024
  **** SharedData Build 5076995 on Wed May 22 18:29:18 MDT 2024
  **** Start of session at: Wed Mar 25 22:25:32 2026
    ** Copyright 1986-2022 Xilinx, Inc. All Rights Reserved.
    ** Copyright 2022-2024 Advanced Micro Devices, Inc. All Rights Reserved.

source dma_axis_ip_example_axis_broadcaster_0_0.tcl -notrace
create_project: Time (s): cpu = 00:00:10 ; elapsed = 00:00:15 . Memory (MB): peak = 507.930 ; gain = 199.539
INFO: [IP_Flow 19-234] Refreshing IP repositories
INFO: [IP_Flow 19-1700] Loaded user IP repository 'd:/FPGA-Guitar-Pedal/Pedal_vitis'.
INFO: [IP_Flow 19-2313] Loaded Vivado IP repository 'C:/Xilinx/Vivado/2024.1/data/ip'.
INFO: [IP_Flow 19-6924] IPCACHE: Running cache check for IP inst: dma_axis_ip_example_axis_broadcaster_0_0
Command: synth_design -top dma_axis_ip_example_axis_broadcaster_0_0 -part xczu3eg-sfvc784-2-e -incremental_mode off -mode out_of_context
Starting synth_design
Attempting to get a license for feature 'Synthesis' and/or device 'xczu3eg'
INFO: [Common 17-349] Got license for feature 'Synthesis' and/or device 'xczu3eg'
INFO: [Device 21-403] Loading part xczu3eg-sfvc784-2-e
INFO: [Synth 8-7079] Multithreading enabled for synth_design using a maximum of 2 processes.
INFO: [Synth 8-7078] Launching helper process for spawning children vivado processes
INFO: [Synth 8-7075] Helper process launched with PID 34460
---------------------------------------------------------------------------------
Starting RTL Elaboration : Time (s): cpu = 00:00:10 ; elapsed = 00:00:12 . Memory (MB): peak = 1854.828 ; gain = 394.703
---------------------------------------------------------------------------------
INFO: [Synth 8-6157] synthesizing module 'dma_axis_ip_example_axis_broadcaster_0_0' [d:/FPGA-Guitar-Pedal/pedal_2/pedal_2.gen/sources_1/bd/dma_axis_ip_example/ip/dma_axis_ip_example_axis_broadcaster_0_0/synth/dma_axis_ip_example_axis_broadcaster_0_0.v:53]
INFO: [Synth 8-6157] synthesizing module 'top_dma_axis_ip_example_axis_broadcaster_0_0' [d:/FPGA-Guitar-Pedal/pedal_2/pedal_2.gen/sources_1/bd/dma_axis_ip_example/ip/dma_axis_ip_example_axis_broadcaster_0_0/hdl/top_dma_axis_ip_example_axis_broadcaster_0_0.v:60]
INFO: [Synth 8-6157] synthesizing module 'axis_broadcaster_v1_1_30_core' [d:/FPGA-Guitar-Pedal/pedal_2/pedal_2.gen/sources_1/bd/dma_axis_ip_example/ipshared/a575/hdl/axis_broadcaster_v1_1_vl_rfs.v:58]
INFO: [Synth 8-6157] synthesizing module 'axis_infrastructure_v1_1_1_util_vector2axis' [d:/FPGA-Guitar-Pedal/pedal_2/pedal_2.gen/sources_1/bd/dma_axis_ip_example/ipshared/434f/hdl/axis_infrastructure_v1_1_vl_rfs.v:986]
INFO: [Synth 8-6155] done synthesizing module 'axis_infrastructure_v1_1_1_util_vector2axis' (0#1) [d:/FPGA-Guitar-Pedal/pedal_2/pedal_2.gen/sources_1/bd/dma_axis_ip_example/ipshared/434f/hdl/axis_infrastructure_v1_1_vl_rfs.v:986]
INFO: [Synth 8-6157] synthesizing module 'axis_infrastructure_v1_1_1_util_axis2vector' [d:/FPGA-Guitar-Pedal/pedal_2/pedal_2.gen/sources_1/bd/dma_axis_ip_example/ipshared/434f/hdl/axis_infrastructure_v1_1_vl_rfs.v:805]
INFO: [Synth 8-6155] done synthesizing module 'axis_infrastructure_v1_1_1_util_axis2vector' (0#1) [d:/FPGA-Guitar-Pedal/pedal_2/pedal_2.gen/sources_1/bd/dma_axis_ip_example/ipshared/434f/hdl/axis_infrastructure_v1_1_vl_rfs.v:805]
INFO: [Synth 8-6155] done synthesizing module 'axis_broadcaster_v1_1_30_core' (0#1) [d:/FPGA-Guitar-Pedal/pedal_2/pedal_2.gen/sources_1/bd/dma_axis_ip_example/ipshared/a575/hdl/axis_broadcaster_v1_1_vl_rfs.v:58]
INFO: [Synth 8-6157] synthesizing module 'tdata_dma_axis_ip_example_axis_broadcaster_0_0' [d:/FPGA-Guitar-Pedal/pedal_2/pedal_2.gen/sources_1/bd/dma_axis_ip_example/ip/dma_axis_ip_example_axis_broadcaster_0_0/hdl/tdata_dma_axis_ip_example_axis_broadcaster_0_0.v:48]
INFO: [Synth 8-6155] done synthesizing module 'tdata_dma_axis_ip_example_axis_broadcaster_0_0' (0#1) [d:/FPGA-Guitar-Pedal/pedal_2/pedal_2.gen/sources_1/bd/dma_axis_ip_example/ip/dma_axis_ip_example_axis_broadcaster_0_0/hdl/tdata_dma_axis_ip_example_axis_broadcaster_0_0.v:48]
INFO: [Synth 8-6157] synthesizing module 'tuser_dma_axis_ip_example_axis_broadcaster_0_0' [d:/FPGA-Guitar-Pedal/pedal_2/pedal_2.gen/sources_1/bd/dma_axis_ip_example/ip/dma_axis_ip_example_axis_broadcaster_0_0/hdl/tuser_dma_axis_ip_example_axis_broadcaster_0_0.v:49]
INFO: [Synth 8-6155] done synthesizing module 'tuser_dma_axis_ip_example_axis_broadcaster_0_0' (0#1) [d:/FPGA-Guitar-Pedal/pedal_2/pedal_2.gen/sources_1/bd/dma_axis_ip_example/ip/dma_axis_ip_example_axis_broadcaster_0_0/hdl/tuser_dma_axis_ip_example_axis_broadcaster_0_0.v:49]
INFO: [Synth 8-6155] done synthesizing module 'top_dma_axis_ip_example_axis_broadcaster_0_0' (0#1) [d:/FPGA-Guitar-Pedal/pedal_2/pedal_2.gen/sources_1/bd/dma_axis_ip_example/ip/dma_axis_ip_example_axis_broadcaster_0_0/hdl/top_dma_axis_ip_example_axis_broadcaster_0_0.v:60]
INFO: [Synth 8-6155] done synthesizing module 'dma_axis_ip_example_axis_broadcaster_0_0' (0#1) [d:/FPGA-Guitar-Pedal/pedal_2/pedal_2.gen/sources_1/bd/dma_axis_ip_example/ip/dma_axis_ip_example_axis_broadcaster_0_0/synth/dma_axis_ip_example_axis_broadcaster_0_0.v:53]
WARNING: [Synth 8-7129] Port tuser[1] in module tuser_dma_axis_ip_example_axis_broadcaster_0_0 is either unconnected or has no load
WARNING: [Synth 8-7129] Port tuser[0] in module tuser_dma_axis_ip_example_axis_broadcaster_0_0 is either unconnected or has no load
WARNING: [Synth 8-7129] Port tdata[63] in module tdata_dma_axis_ip_example_axis_broadcaster_0_0 is either unconnected or has no load
WARNING: [Synth 8-7129] Port tdata[62] in module tdata_dma_axis_ip_example_axis_broadcaster_0_0 is either unconnected or has no load
WARNING: [Synth 8-7129] Port tdata[61] in module tdata_dma_axis_ip_example_axis_broadcaster_0_0 is either unconnected or has no load
WARNING: [Synth 8-7129] Port tdata[60] in module tdata_dma_axis_ip_example_axis_broadcaster_0_0 is either unconnected or has no load
WARNING: [Synth 8-7129] Port tdata[59] in module tdata_dma_axis_ip_example_axis_broadcaster_0_0 is either unconnected or has no load
WARNING: [Synth 8-7129] Port tdata[58] in module tdata_dma_axis_ip_example_axis_broadcaster_0_0 is either unconnected or has no load
WARNING: [Synth 8-7129] Port tdata[57] in module tdata_dma_axis_ip_example_axis_broadcaster_0_0 is either unconnected or has no load
WARNING: [Synth 8-7129] Port tdata[56] in module tdata_dma_axis_ip_example_axis_broadcaster_0_0 is either unconnected or has no load
WARNING: [Synth 8-7129] Port tdata[55] in module tdata_dma_axis_ip_example_axis_broadcaster_0_0 is either unconnected or has no load
WARNING: [Synth 8-7129] Port tdata[54] in module tdata_dma_axis_ip_example_axis_broadcaster_0_0 is either unconnected or has no load
WARNING: [Synth 8-7129] Port tdata[53] in module tdata_dma_axis_ip_example_axis_broadcaster_0_0 is either unconnected or has no load
WARNING: [Synth 8-7129] Port tdata[52] in module tdata_dma_axis_ip_example_axis_broadcaster_0_0 is either unconnected or has no load
WARNING: [Synth 8-7129] Port tdata[51] in module tdata_dma_axis_ip_example_axis_broadcaster_0_0 is either unconnected or has no load
WARNING: [Synth 8-7129] Port tdata[50] in module tdata_dma_axis_ip_example_axis_broadcaster_0_0 is either unconnected or has no load
WARNING: [Synth 8-7129] Port tdata[49] in module tdata_dma_axis_ip_example_axis_broadcaster_0_0 is either unconnected or has no load
WARNING: [Synth 8-7129] Port tdata[48] in module tdata_dma_axis_ip_example_axis_broadcaster_0_0 is either unconnected or has no load
WARNING: [Synth 8-7129] Port tdata[47] in module tdata_dma_axis_ip_example_axis_broadcaster_0_0 is either unconnected or has no load
WARNING: [Synth 8-7129] Port tdata[46] in module tdata_dma_axis_ip_example_axis_broadcaster_0_0 is either unconnected or has no load
WARNING: [Synth 8-7129] Port tdata[45] in module tdata_dma_axis_ip_example_axis_broadcaster_0_0 is either unconnected or has no load
WARNING: [Synth 8-7129] Port tdata[44] in module tdata_dma_axis_ip_example_axis_broadcaster_0_0 is either unconnected or has no load
WARNING: [Synth 8-7129] Port tdata[43] in module tdata_dma_axis_ip_example_axis_broadcaster_0_0 is either unconnected or has no load
WARNING: [Synth 8-7129] Port tdata[42] in module tdata_dma_axis_ip_example_axis_broadcaster_0_0 is either unconnected or has no load
WARNING: [Synth 8-7129] Port tdata[41] in module tdata_dma_axis_ip_example_axis_broadcaster_0_0 is either unconnected or has no load
WARNING: [Synth 8-7129] Port tdata[40] in module tdata_dma_axis_ip_example_axis_broadcaster_0_0 is either unconnected or has no load
WARNING: [Synth 8-7129] Port tdata[39] in module tdata_dma_axis_ip_example_axis_broadcaster_0_0 is either unconnected or has no load
WARNING: [Synth 8-7129] Port tdata[38] in module tdata_dma_axis_ip_example_axis_broadcaster_0_0 is either unconnected or has no load
WARNING: [Synth 8-7129] Port tdata[37] in module tdata_dma_axis_ip_example_axis_broadcaster_0_0 is either unconnected or has no load
WARNING: [Synth 8-7129] Port tdata[36] in module tdata_dma_axis_ip_example_axis_broadcaster_0_0 is either unconnected or has no load
WARNING: [Synth 8-7129] Port tdata[35] in module tdata_dma_axis_ip_example_axis_broadcaster_0_0 is either unconnected or has no load
WARNING: [Synth 8-7129] Port tdata[34] in module tdata_dma_axis_ip_example_axis_broadcaster_0_0 is either unconnected or has no load
WARNING: [Synth 8-7129] Port tdata[33] in module tdata_dma_axis_ip_example_axis_broadcaster_0_0 is either unconnected or has no load
WARNING: [Synth 8-7129] Port tdata[32] in module tdata_dma_axis_ip_example_axis_broadcaster_0_0 is either unconnected or has no load
WARNING: [Synth 8-7129] Port TID[0] in module axis_infrastructure_v1_1_1_util_axis2vector is either unconnected or has no load
WARNING: [Synth 8-7129] Port TDEST[0] in module axis_infrastructure_v1_1_1_util_axis2vector is either unconnected or has no load
WARNING: [Synth 8-7129] Port TUSER[0] in module axis_infrastructure_v1_1_1_util_axis2vector is either unconnected or has no load
---------------------------------------------------------------------------------
Finished RTL Elaboration : Time (s): cpu = 00:00:13 ; elapsed = 00:00:21 . Memory (MB): peak = 1971.531 ; gain = 511.406
---------------------------------------------------------------------------------
---------------------------------------------------------------------------------
Start Handling Custom Attributes
---------------------------------------------------------------------------------
---------------------------------------------------------------------------------
Finished Handling Custom Attributes : Time (s): cpu = 00:00:13 ; elapsed = 00:00:21 . Memory (MB): peak = 1971.531 ; gain = 511.406
---------------------------------------------------------------------------------
---------------------------------------------------------------------------------
Finished RTL Optimization Phase 1 : Time (s): cpu = 00:00:13 ; elapsed = 00:00:21 . Memory (MB): peak = 1971.531 ; gain = 511.406
---------------------------------------------------------------------------------
Netlist sorting complete. Time (s): cpu = 00:00:00 ; elapsed = 00:00:00.011 . Memory (MB): peak = 1971.531 ; gain = 0.000
INFO: [Project 1-570] Preparing netlist for logic optimization

Processing XDC Constraints
Initializing timing engine
Parsing XDC File [d:/FPGA-Guitar-Pedal/pedal_2/pedal_2.gen/sources_1/bd/dma_axis_ip_example/ip/dma_axis_ip_example_axis_broadcaster_0_0/dma_axis_ip_example_axis_broadcaster_0_0_ooc.xdc] for cell 'inst'
create_clock: Time (s): cpu = 00:00:09 ; elapsed = 00:00:10 . Memory (MB): peak = 2034.211 ; gain = 0.355
Finished Parsing XDC File [d:/FPGA-Guitar-Pedal/pedal_2/pedal_2.gen/sources_1/bd/dma_axis_ip_example/ip/dma_axis_ip_example_axis_broadcaster_0_0/dma_axis_ip_example_axis_broadcaster_0_0_ooc.xdc] for cell 'inst'
Parsing XDC File [D:/FPGA-Guitar-Pedal/pedal_2/pedal_2.runs/dma_axis_ip_example_axis_broadcaster_0_0_synth_1/dont_touch.xdc]
Finished Parsing XDC File [D:/FPGA-Guitar-Pedal/pedal_2/pedal_2.runs/dma_axis_ip_example_axis_broadcaster_0_0_synth_1/dont_touch.xdc]
Completed Processing XDC Constraints

Netlist sorting complete. Time (s): cpu = 00:00:00 ; elapsed = 00:00:00 . Memory (MB): peak = 2034.211 ; gain = 0.000
INFO: [Project 1-111] Unisim Transformation Summary:
No Unisim elements were transformed.

Constraint Validation Runtime : Time (s): cpu = 00:00:00 ; elapsed = 00:00:00.476 . Memory (MB): peak = 2034.215 ; gain = 0.004
INFO: [Designutils 20-5008] Incremental synthesis strategy off
---------------------------------------------------------------------------------
Finished Constraint Validation : Time (s): cpu = 00:00:36 ; elapsed = 00:00:51 . Memory (MB): peak = 2034.215 ; gain = 574.090
---------------------------------------------------------------------------------
---------------------------------------------------------------------------------
Start Loading Part and Timing Information
---------------------------------------------------------------------------------
Loading part: xczu3eg-sfvc784-2-e
INFO: [Synth 8-6742] Reading net delay rules and data
---------------------------------------------------------------------------------
Finished Loading Part and Timing Information : Time (s): cpu = 00:00:36 ; elapsed = 00:00:51 . Memory (MB): peak = 2034.215 ; gain = 574.090
---------------------------------------------------------------------------------
---------------------------------------------------------------------------------
Start Applying 'set_property' XDC Constraints
---------------------------------------------------------------------------------
Applied set_property KEEP_HIERARCHY = SOFT for inst. (constraint file  D:/FPGA-Guitar-Pedal/pedal_2/pedal_2.runs/dma_axis_ip_example_axis_broadcaster_0_0_synth_1/dont_touch.xdc, line 9).
---------------------------------------------------------------------------------
Finished applying 'set_property' XDC Constraints : Time (s): cpu = 00:00:36 ; elapsed = 00:00:51 . Memory (MB): peak = 2034.215 ; gain = 574.090
---------------------------------------------------------------------------------
---------------------------------------------------------------------------------
Finished RTL Optimization Phase 2 : Time (s): cpu = 00:00:36 ; elapsed = 00:01:01 . Memory (MB): peak = 2034.215 ; gain = 574.090
---------------------------------------------------------------------------------
INFO: [Synth 8-223] decloning instance 'inst/broadcaster_core/MI_SLOT[0].util_vector2axis' (axis_infrastructure_v1_1_1_util_vector2axis) to 'inst/broadcaster_core/MI_SLOT[1].util_vector2axis'
---------------------------------------------------------------------------------
Start RTL Component Statistics 
---------------------------------------------------------------------------------
Detailed RTL Component Info : 
+---Registers : 
	                2 Bit    Registers := 1     
+---Muxes : 
	   2 Input    1 Bit        Muxes := 1     
---------------------------------------------------------------------------------
Finished RTL Component Statistics 
---------------------------------------------------------------------------------
---------------------------------------------------------------------------------
Start Part Resource Summary
---------------------------------------------------------------------------------
Part Resources:
DSPs: 360 (col length:72)
BRAMs: 432 (col length: RAMB18 72 RAMB36 36)
---------------------------------------------------------------------------------
Finished Part Resource Summary
---------------------------------------------------------------------------------
---------------------------------------------------------------------------------
Start Cross Boundary and Area Optimization
---------------------------------------------------------------------------------
WARNING: [Synth 8-7080] Parallel synthesis criteria is not met
WARNING: [Synth 8-7129] Port s_axis_tid[0] in module top_dma_axis_ip_example_axis_broadcaster_0_0 is either unconnected or has no load
WARNING: [Synth 8-7129] Port s_axis_tdest[0] in module top_dma_axis_ip_example_axis_broadcaster_0_0 is either unconnected or has no load
WARNING: [Synth 8-7129] Port s_axis_tuser[0] in module top_dma_axis_ip_example_axis_broadcaster_0_0 is either unconnected or has no load
---------------------------------------------------------------------------------
Finished Cross Boundary and Area Optimization : Time (s): cpu = 00:00:40 ; elapsed = 00:01:04 . Memory (MB): peak = 2034.215 ; gain = 574.090
---------------------------------------------------------------------------------
---------------------------------------------------------------------------------
Start Applying XDC Timing Constraints
---------------------------------------------------------------------------------
---------------------------------------------------------------------------------
Finished Applying XDC Timing Constraints : Time (s): cpu = 00:01:05 ; elapsed = 00:01:34 . Memory (MB): peak = 2461.301 ; gain = 1001.176
---------------------------------------------------------------------------------
---------------------------------------------------------------------------------
Start Timing Optimization
---------------------------------------------------------------------------------
---------------------------------------------------------------------------------
Finished Timing Optimization : Time (s): cpu = 00:01:05 ; elapsed = 00:01:34 . Memory (MB): peak = 2471.090 ; gain = 1010.965
---------------------------------------------------------------------------------
---------------------------------------------------------------------------------
Start Technology Mapping
---------------------------------------------------------------------------------
---------------------------------------------------------------------------------
Finished Technology Mapping : Time (s): cpu = 00:01:05 ; elapsed = 00:01:34 . Memory (MB): peak = 2471.148 ; gain = 1011.023
---------------------------------------------------------------------------------
---------------------------------------------------------------------------------
Start IO Insertion
---------------------------------------------------------------------------------
---------------------------------------------------------------------------------
Start Flattening Before IO Insertion
---------------------------------------------------------------------------------
---------------------------------------------------------------------------------
Finished Flattening Before IO Insertion
---------------------------------------------------------------------------------
---------------------------------------------------------------------------------
Start Final Netlist Cleanup
---------------------------------------------------------------------------------
---------------------------------------------------------------------------------
Finished Final Netlist Cleanup
---------------------------------------------------------------------------------
---------------------------------------------------------------------------------
Finished IO Insertion : Time (s): cpu = 00:01:13 ; elapsed = 00:01:43 . Memory (MB): peak = 2485.941 ; gain = 1025.816
---------------------------------------------------------------------------------
---------------------------------------------------------------------------------
Start Renaming Generated Instances
---------------------------------------------------------------------------------
---------------------------------------------------------------------------------
Finished Renaming Generated Instances : Time (s): cpu = 00:01:13 ; elapsed = 00:01:43 . Memory (MB): peak = 2485.941 ; gain = 1025.816
---------------------------------------------------------------------------------
---------------------------------------------------------------------------------
Start Rebuilding User Hierarchy
---------------------------------------------------------------------------------
---------------------------------------------------------------------------------
Finished Rebuilding User Hierarchy : Time (s): cpu = 00:01:13 ; elapsed = 00:01:43 . Memory (MB): peak = 2485.941 ; gain = 1025.816
---------------------------------------------------------------------------------
---------------------------------------------------------------------------------
Start Renaming Generated Ports
---------------------------------------------------------------------------------
---------------------------------------------------------------------------------
Finished Renaming Generated Ports : Time (s): cpu = 00:01:13 ; elapsed = 00:01:43 . Memory (MB): peak = 2485.941 ; gain = 1025.816
---------------------------------------------------------------------------------
---------------------------------------------------------------------------------
Start Handling Custom Attributes
---------------------------------------------------------------------------------
---------------------------------------------------------------------------------
Finished Handling Custom Attributes : Time (s): cpu = 00:01:13 ; elapsed = 00:01:43 . Memory (MB): peak = 2485.941 ; gain = 1025.816
---------------------------------------------------------------------------------
---------------------------------------------------------------------------------
Start Renaming Generated Nets
---------------------------------------------------------------------------------
---------------------------------------------------------------------------------
Finished Renaming Generated Nets : Time (s): cpu = 00:01:13 ; elapsed = 00:01:43 . Memory (MB): peak = 2485.941 ; gain = 1025.816
---------------------------------------------------------------------------------
---------------------------------------------------------------------------------
Start Writing Synthesis Report
---------------------------------------------------------------------------------

Report BlackBoxes: 
+-+--------------+----------+
| |BlackBox name |Instances |
+-+--------------+----------+
+-+--------------+----------+

Report Cell Usage: 
+------+-----+------+
|      |Cell |Count |
+------+-----+------+
|1     |LUT3 |     4|
|2     |LUT5 |     2|
|3     |FDRE |     2|
+------+-----+------+
---------------------------------------------------------------------------------
Finished Writing Synthesis Report : Time (s): cpu = 00:01:13 ; elapsed = 00:01:43 . Memory (MB): peak = 2485.941 ; gain = 1025.816
---------------------------------------------------------------------------------
Synthesis finished with 0 errors, 0 critical warnings and 4 warnings.
Synthesis Optimization Runtime : Time (s): cpu = 00:00:48 ; elapsed = 00:01:28 . Memory (MB): peak = 2485.941 ; gain = 963.133
Synthesis Optimization Complete : Time (s): cpu = 00:01:14 ; elapsed = 00:01:44 . Memory (MB): peak = 2485.941 ; gain = 1025.816
INFO: [Project 1-571] Translating synthesized netlist
Netlist sorting complete. Time (s): cpu = 00:00:00 ; elapsed = 00:00:00.002 . Memory (MB): peak = 2485.941 ; gain = 0.000
INFO: [Project 1-570] Preparing netlist for logic optimization
INFO: [Opt 31-138] Pushed 0 inverter(s) to 0 load pin(s).
Netlist sorting complete. Time (s): cpu = 00:00:00 ; elapsed = 00:00:00 . Memory (MB): peak = 2485.941 ; gain = 0.000
INFO: [Project 1-111] Unisim Transformation Summary:
No Unisim elements were transformed.

Synth Design complete | Checksum: 740bb5c8
INFO: [Common 17-83] Releasing license: Synthesis
33 Infos, 41 Warnings, 0 Critical Warnings and 0 Errors encountered.
synth_design completed successfully
synth_design: Time (s): cpu = 00:01:28 ; elapsed = 00:02:04 . Memory (MB): peak = 2485.941 ; gain = 1922.941
Write ShapeDB Complete: Time (s): cpu = 00:00:00 ; elapsed = 00:00:00.012 . Memory (MB): peak = 2485.941 ; gain = 0.000
INFO: [Common 17-1381] The checkpoint 'D:/FPGA-Guitar-Pedal/pedal_2/pedal_2.runs/dma_axis_ip_example_axis_broadcaster_0_0_synth_1/dma_axis_ip_example_axis_broadcaster_0_0.dcp' has been generated.
INFO: [Coretcl 2-1648] Added synthesis output to IP cache for IP dma_axis_ip_example_axis_broadcaster_0_0, cache-ID = e8bb810a817a65e0
INFO: [Coretcl 2-1174] Renamed 2 cell refs.
Write ShapeDB Complete: Time (s): cpu = 00:00:00 ; elapsed = 00:00:00.005 . Memory (MB): peak = 2485.941 ; gain = 0.000
INFO: [Common 17-1381] The checkpoint 'D:/FPGA-Guitar-Pedal/pedal_2/pedal_2.runs/dma_axis_ip_example_axis_broadcaster_0_0_synth_1/dma_axis_ip_example_axis_broadcaster_0_0.dcp' has been generated.
INFO: [Vivado 12-24828] Executing command : report_utilization -file dma_axis_ip_example_axis_broadcaster_0_0_utilization_synth.rpt -pb dma_axis_ip_example_axis_broadcaster_0_0_utilization_synth.pb
INFO: [Common 17-206] Exiting Vivado at Wed Mar 25 22:28:04 2026...
