#-----------------------------------------------------------
# Vivado v2024.1 (64-bit)
# SW Build 5076996 on Wed May 22 18:37:14 MDT 2024
# IP Build 5075265 on Wed May 22 21:45:21 MDT 2024
# SharedData Build 5076995 on Wed May 22 18:29:18 MDT 2024
# Start of session at: Wed Mar 25 17:23:45 2026
# Process ID: 9476
# Current directory: E:/FPGA-Guitar-Pedal/pedal_2
# Command line: vivado.exe -gui_launcher_event rodinguilauncherevent14948 E:\FPGA-Guitar-Pedal\pedal_2\pedal_2.xpr
# Log file: E:/FPGA-Guitar-Pedal/pedal_2/vivado.log
# Journal file: E:/FPGA-Guitar-Pedal/pedal_2\vivado.jou
# Running On        :WFXB07B250A3A85
# Platform          :Windows Server 2016 or Windows 10
# Operating System  :26200
# Processor Detail  :Intel(R) Core(TM) i7-10700 CPU @ 2.90GHz
# CPU Frequency     :2904 MHz
# CPU Physical cores:8
# CPU Logical cores :16
# Host memory       :34059 MB
# Swap memory       :2147 MB
# Total Virtual     :36207 MB
# Available Virtual :19856 MB
#-----------------------------------------------------------
start_gui
open_project E:/FPGA-Guitar-Pedal/pedal_2/pedal_2.xpr
update_compile_order -fileset sources_1
open_bd_design {E:/FPGA-Guitar-Pedal/pedal_2/pedal_2.srcs/sources_1/bd/dma_axis_ip_example/dma_axis_ip_example.bd}
regenerate_bd_layout
startgroup
create_bd_cell -type ip -vlnv xilinx.com:ip:clk_wiz:6.0 clk_wiz_0
endgroup
startgroup
create_bd_cell -type ip -vlnv xilinx.com:hls:audio_passthrough:1.0 audio_passthrough_0
endgroup
startgroup
create_bd_cell -type ip -vlnv xilinx.com:ip:i2s_transmitter:1.0 i2s_transmitter_0
endgroup
startgroup
apply_bd_automation -rule xilinx.com:bd_rule:axi4 -config { Clk_master {/zynq_ultra_ps_e_0/pl_clk0 (99 MHz)} Clk_slave {Auto} Clk_xbar {/zynq_ultra_ps_e_0/pl_clk0 (99 MHz)} Master {/zynq_ultra_ps_e_0/M_AXI_HPM0_FPD} Slave {/audio_passthrough_0/s_axi_control} ddr_seg {Auto} intc_ip {/ps7_0_axi_periph} master_apm {0}}  [get_bd_intf_pins audio_passthrough_0/s_axi_control]
apply_bd_automation -rule xilinx.com:bd_rule:board -config { Clk {/zynq_ultra_ps_e_0/pl_clk0 (99 MHz)} Manual_Source {Auto}}  [get_bd_pins clk_wiz_0/clk_in1]
apply_bd_automation -rule xilinx.com:bd_rule:board -config { Manual_Source {New External Port (ACTIVE_HIGH)}}  [get_bd_pins clk_wiz_0/reset]
apply_bd_automation -rule xilinx.com:bd_rule:axi4 -config { Clk_master {/zynq_ultra_ps_e_0/pl_clk0 (99 MHz)} Clk_slave {Auto} Clk_xbar {/zynq_ultra_ps_e_0/pl_clk0 (99 MHz)} Master {/zynq_ultra_ps_e_0/M_AXI_HPM0_FPD} Slave {/i2s_transmitter_0/s_axi_ctrl} ddr_seg {Auto} intc_ip {/ps7_0_axi_periph} master_apm {0}}  [get_bd_intf_pins i2s_transmitter_0/s_axi_ctrl]
endgroup
connect_bd_net [get_bd_pins i2s_transmitter_0/s_axis_aud_aclk] [get_bd_pins zynq_ultra_ps_e_0/pl_clk0]
connect_bd_net [get_bd_pins i2s_transmitter_0/s_axis_aud_aresetn] [get_bd_pins rst_ps7_0_100M/peripheral_aresetn]
startgroup
make_bd_pins_external  [get_bd_pins i2s_transmitter_0/irq]
endgroup
startgroup
make_bd_pins_external  [get_bd_pins i2s_transmitter_0/lrclk_out]
endgroup
startgroup
make_bd_pins_external  [get_bd_pins i2s_transmitter_0/sclk_out]
endgroup
startgroup
make_bd_pins_external  [get_bd_pins i2s_transmitter_0/sdata_0_out]
endgroup
delete_bd_objs [get_bd_nets reset_rtl_0_1]
delete_bd_objs [get_bd_ports reset_rtl_0]
connect_bd_net [get_bd_pins clk_wiz_0/reset] [get_bd_pins rst_ps7_0_100M/peripheral_aresetn]
startgroup
connect_bd_net [get_bd_pins clk_wiz_0/clk_out1] [get_bd_pins i2s_transmitter_0/aud_mclk]
endgroup
connect_bd_intf_net [get_bd_intf_pins audio_passthrough_0/out_stream] [get_bd_intf_pins i2s_transmitter_0/s_axis_aud]
startgroup
create_bd_cell -type ip -vlnv xilinx.com:ip:proc_sys_reset:5.0 proc_sys_reset_0
endgroup
set_property location {4 1024 -152} [get_bd_cells proc_sys_reset_0]
connect_bd_net [get_bd_pins clk_wiz_0/clk_out1] [get_bd_pins proc_sys_reset_0/slowest_sync_clk]
connect_bd_net [get_bd_pins clk_wiz_0/locked] [get_bd_pins proc_sys_reset_0/dcm_locked]
startgroup
connect_bd_net [get_bd_pins proc_sys_reset_0/ext_reset_in] [get_bd_pins rst_ps7_0_100M/peripheral_aresetn]
endgroup
connect_bd_net [get_bd_pins proc_sys_reset_0/peripheral_reset] [get_bd_pins i2s_transmitter_0/aud_mrst]
regenerate_bd_layout
startgroup
set_property -dict [list \
  CONFIG.CLKOUT1_JITTER {299.507} \
  CONFIG.CLKOUT1_PHASE_ERROR {189.550} \
  CONFIG.CLKOUT1_REQUESTED_OUT_FREQ {11.2896} \
  CONFIG.MMCM_CLKFBOUT_MULT_F {31.625} \
  CONFIG.MMCM_CLKOUT0_DIVIDE_F {93.375} \
  CONFIG.MMCM_DIVCLK_DIVIDE {3} \
] [get_bd_cells clk_wiz_0]
endgroup
startgroup
create_bd_cell -type ip -vlnv xilinx.com:ip:util_vector_logic:2.0 util_vector_logic_0
endgroup
set_property location {4 1496 584} [get_bd_cells util_vector_logic_0]
set_property -dict [list \
  CONFIG.C_OPERATION {not} \
  CONFIG.C_SIZE {1} \
] [get_bd_cells util_vector_logic_0]
set_property location {5 1765 581} [get_bd_cells clk_wiz_0]
disconnect_bd_net /rst_ps7_0_100M_peripheral_aresetn [get_bd_pins clk_wiz_0/reset]
connect_bd_net [get_bd_pins clk_wiz_0/reset] [get_bd_pins util_vector_logic_0/Res]
connect_bd_net [get_bd_pins util_vector_logic_0/Op1] [get_bd_pins rst_ps7_0_100M/peripheral_aresetn]
save_bd_design
make_wrapper -files [get_files E:/FPGA-Guitar-Pedal/pedal_2/pedal_2.srcs/sources_1/bd/dma_axis_ip_example/dma_axis_ip_example.bd] -top
add_files -norecurse e:/FPGA-Guitar-Pedal/pedal_2/pedal_2.gen/sources_1/bd/dma_axis_ip_example/hdl/dma_axis_ip_example_wrapper.v
file mkdir E:/FPGA-Guitar-Pedal/pedal_2/pedal_2.srcs/constrs_1
file mkdir E:/FPGA-Guitar-Pedal/pedal_2/pedal_2.srcs/constrs_1/new
close [ open E:/FPGA-Guitar-Pedal/pedal_2/pedal_2.srcs/constrs_1/new/pedal2.xdc w ]
add_files -fileset constrs_1 E:/FPGA-Guitar-Pedal/pedal_2/pedal_2.srcs/constrs_1/new/pedal2.xdc
delete_bd_objs [get_bd_nets clk_wiz_0_clk_out1]
delete_bd_objs [get_bd_nets clk_wiz_0_locked]
undo
undo
delete_bd_objs [get_bd_nets clk_wiz_0_clk_out1]
delete_bd_objs [get_bd_nets clk_wiz_0_locked]
startgroup
make_bd_pins_external  [get_bd_pins clk_wiz_0/locked]
endgroup
startgroup
make_bd_pins_external  [get_bd_pins clk_wiz_0/clk_out1]
endgroup
connect_bd_net [get_bd_pins clk_wiz_0/locked] [get_bd_pins proc_sys_reset_0/dcm_locked]
connect_bd_net [get_bd_pins clk_wiz_0/clk_out1] [get_bd_pins proc_sys_reset_0/slowest_sync_clk]
connect_bd_net [get_bd_pins clk_wiz_0/clk_out1] [get_bd_pins i2s_transmitter_0/aud_mclk]
save_bd_design
validate_bd_design
save_bd_design
launch_runs impl_1 -to_step write_bitstream -jobs 8
wait_on_run impl_1
