INFO-FLOW: Workspace C:/Users/small.cl/Documents/pedal_c/pedal_c/hls opened at Wed Mar 25 16:16:15 -0400 2026
Execute     send_msg_by_id INFO @200-1505@%s%s default  vivado 
INFO: [HLS 200-1505] Using default flow_target 'vivado'
Execute   apply_ini C:/Users/small.cl/Documents/pedal_c/hls_config.cfg 
Execute     send_msg_by_id WARNING @200-2001@%s%s oedal_c.cpp see [hls] from C:/Users/small.cl/Documents/pedal_c/hls_config.cfg(9) 
WARNING: [HLS 200-2001] file not found 'oedal_c.cpp' see [hls] from C:/Users/small.cl/Documents/pedal_c/hls_config.cfg(9)
Execute     send_msg_by_id INFO @200-1465@%s 'syn.file=oedal_c.cpp' from C:/Users/small.cl/Documents/pedal_c/hls_config.cfg(9) 
INFO: [HLS 200-1465] Applying ini 'syn.file=oedal_c.cpp' from C:/Users/small.cl/Documents/pedal_c/hls_config.cfg(9)
Execute     add_files oedal_c.cpp 
WARNING: [HLS 200-40] Cannot find design file 'oedal_c.cpp'
Execute     send_msg_by_id INFO @200-1465@%s 'syn.file=pedal_c.h' from C:/Users/small.cl/Documents/pedal_c/hls_config.cfg(10) 
INFO: [HLS 200-1465] Applying ini 'syn.file=pedal_c.h' from C:/Users/small.cl/Documents/pedal_c/hls_config.cfg(10)
Execute     add_files C:/Users/small.cl/Documents/pedal_c/pedal_c.h 
INFO: [HLS 200-10] Adding design file 'C:/Users/small.cl/Documents/pedal_c/pedal_c.h' to the project
Execute     send_msg_by_id INFO @200-1465@%s 'tb.file=pedal_c.cpp' from C:/Users/small.cl/Documents/pedal_c/hls_config.cfg(7) 
INFO: [HLS 200-1465] Applying ini 'tb.file=pedal_c.cpp' from C:/Users/small.cl/Documents/pedal_c/hls_config.cfg(7)
Execute     add_files -tb C:/Users/small.cl/Documents/pedal_c/pedal_c.cpp 
INFO: [HLS 200-10] Adding test bench file 'C:/Users/small.cl/Documents/pedal_c/pedal_c.cpp' to the project
Execute     send_msg_by_id INFO @200-1465@%s 'tb.file=pedal_c_tb.cpp' from C:/Users/small.cl/Documents/pedal_c/hls_config.cfg(8) 
INFO: [HLS 200-1465] Applying ini 'tb.file=pedal_c_tb.cpp' from C:/Users/small.cl/Documents/pedal_c/hls_config.cfg(8)
Execute     add_files -tb C:/Users/small.cl/Documents/pedal_c/pedal_c_tb.cpp 
INFO: [HLS 200-10] Adding test bench file 'C:/Users/small.cl/Documents/pedal_c/pedal_c_tb.cpp' to the project
Execute     send_msg_by_id INFO @200-1465@%s 'flow_target=vivado' from C:/Users/small.cl/Documents/pedal_c/hls_config.cfg(4) 
INFO: [HLS 200-1465] Applying ini 'flow_target=vivado' from C:/Users/small.cl/Documents/pedal_c/hls_config.cfg(4)
Execute     send_msg_by_id INFO @200-1505@%s%s  vivado 
INFO: [HLS 200-1505] Using flow_target 'vivado'
Execute     send_msg_by_id INFO @200-1465@%s 'part=xczu3eg-sfvc784-2-e' from C:/Users/small.cl/Documents/pedal_c/hls_config.cfg(1) 
INFO: [HLS 200-1465] Applying ini 'part=xczu3eg-sfvc784-2-e' from C:/Users/small.cl/Documents/pedal_c/hls_config.cfg(1)
Execute     set_part xczu3eg-sfvc784-2-e 
Execute       create_platform xczu3eg-sfvc784-2-e -board  
DBG:HLSDevice: Trying to load device library: C:/Xilinx\Vitis_HLS\2024.1\lib\win64.o\xv_hlsvwrap.dll
DBG:HLSDevice: first parts/arch.xml in RDI_DATADIR: C:/Xilinx/Vivado/2024.1/data/parts/arch.xml
DBG:HLSDevice: init success
INFO: [HLS 200-1611] Setting target device to 'xczu3eg-sfvc784-2-e'
Command       create_platform done; 1.937 sec.
Execute       source C:/Xilinx/Vitis_HLS/2024.1/common/technology/xilinx/common/xilinx.gen 
Execute         source C:/Xilinx/Vitis_HLS/2024.1/common/technology/xilinx/interface/plb46.gen 
Execute         source C:/Xilinx/Vitis_HLS/2024.1/common/technology/xilinx/interface/axi4.gen 
Execute         source C:/Xilinx/Vitis_HLS/2024.1/common/technology/xilinx/interface/nativeAXI4.gen 
Execute           source C:/Xilinx/Vitis_HLS/2024.1/common/technology/xilinx/interface/saxilite.gen 
Execute         source C:/Xilinx/Vitis_HLS/2024.1/common/technology/xilinx/scripts/xilinxcoregen.gen 
Execute         source C:/Xilinx/Vitis_HLS/2024.1/common/technology/xilinx/interface/XilEDKCoreGen.gen 
Execute         source C:/Xilinx/Vitis_HLS/2024.1/common/technology/xilinx/ip/dds_compiler.gen 
Execute         source C:/Xilinx/Vitis_HLS/2024.1/common/technology/xilinx/ip/util.gen 
Execute         source C:/Xilinx/Vitis_HLS/2024.1/common/technology/xilinx/ip/xfft.gen 
Execute         source C:/Xilinx/Vitis_HLS/2024.1/common/technology/xilinx/ip/xfir.gen 
Execute         source C:/Xilinx/Vitis_HLS/2024.1/common/technology/xilinx/DSP48/dsp48.gen 
Command       ap_source done; 0.155 sec.
Execute       ap_part_info -name xczu3eg-sfvc784-2-e -data info 
Execute       config_compile -quiet -complex-mul-dsp=0 
Command     set_part done; 2.135 sec.
Execute     send_msg_by_id INFO @200-1465@%s 'package.output.format=ip_catalog' from C:/Users/small.cl/Documents/pedal_c/hls_config.cfg(5) 
INFO: [HLS 200-1465] Applying ini 'package.output.format=ip_catalog' from C:/Users/small.cl/Documents/pedal_c/hls_config.cfg(5)
Execute     config_export -format=ip_catalog 
Command   apply_ini done; 2.166 sec.
Execute   apply_ini C:/Users/small.cl/Documents/pedal_c/pedal_c/hls/config.cmdline 
Execute   csim_design 
Execute     AP::app_get_file_relativeroot [AP::app_get_root] {}
Execute     AP::app_get_file_relativeroot [AP::app_get_root] {}
Execute     AP::app_get_file_relativeroot [AP::app_get_root] {}
INFO-FLOW: Running SLX 'csim' proc: ::SLX::run_csim
INFO: [SIM 211-2] *************** CSIM start ***************
INFO: [SIM 211-4] CSIM will launch CLANG as the compiler.
Execute     send_msg_by_id INFO @200-2036@%s debug 
INFO: [HLS 200-2036] Building debug C Simulation binaries
Execute     source C:/Xilinx/Vitis_HLS/2024.1/tps/tcl/tcllib1.11.1/yaml/huddle.tcl 
Execute     source C:/Xilinx/Vitis_HLS/2024.1/tps/tcl/tcllib1.11.1/yaml/json2huddle.tcl 
Execute     ap_part_info -name xczu3eg-sfvc784-2-e -data info 
Execute     source run_sim.tcl 
Command     ap_source done; 0.244 sec.
INFO: [SIM 211-1] CSim done with 0 errors.
INFO: [SIM 211-3] *************** CSIM finish ***************
Command   csim_design done; 5.843 sec.
Execute   close_project 
Execute     close_solution 
Execute       cleanup_all 
Execute       cleanup_all 
INFO-FLOW: Workspace C:/Users/small.cl/Documents/pedal_c/pedal_c/hls opened at Wed Mar 25 16:19:42 -0400 2026
Execute     send_msg_by_id INFO @200-1505@%s%s default  vivado 
INFO: [HLS 200-1505] Using default flow_target 'vivado'
Execute   apply_ini C:/Users/small.cl/Documents/pedal_c/hls_config.cfg 
Execute     send_msg_by_id WARNING @200-2001@%s%s oedal_c.cpp see [hls] from C:/Users/small.cl/Documents/pedal_c/hls_config.cfg(9) 
WARNING: [HLS 200-2001] file not found 'oedal_c.cpp' see [hls] from C:/Users/small.cl/Documents/pedal_c/hls_config.cfg(9)
Execute     send_msg_by_id INFO @200-1465@%s 'syn.file=oedal_c.cpp' from C:/Users/small.cl/Documents/pedal_c/hls_config.cfg(9) 
INFO: [HLS 200-1465] Applying ini 'syn.file=oedal_c.cpp' from C:/Users/small.cl/Documents/pedal_c/hls_config.cfg(9)
Execute     add_files oedal_c.cpp 
WARNING: [HLS 200-40] Cannot find design file 'oedal_c.cpp'
Execute     send_msg_by_id INFO @200-1465@%s 'syn.file=pedal_c.h' from C:/Users/small.cl/Documents/pedal_c/hls_config.cfg(10) 
INFO: [HLS 200-1465] Applying ini 'syn.file=pedal_c.h' from C:/Users/small.cl/Documents/pedal_c/hls_config.cfg(10)
Execute     add_files C:/Users/small.cl/Documents/pedal_c/pedal_c.h 
INFO: [HLS 200-10] Adding design file 'C:/Users/small.cl/Documents/pedal_c/pedal_c.h' to the project
Execute     send_msg_by_id INFO @200-1465@%s 'tb.file=pedal_c.cpp' from C:/Users/small.cl/Documents/pedal_c/hls_config.cfg(7) 
INFO: [HLS 200-1465] Applying ini 'tb.file=pedal_c.cpp' from C:/Users/small.cl/Documents/pedal_c/hls_config.cfg(7)
Execute     add_files -tb C:/Users/small.cl/Documents/pedal_c/pedal_c.cpp 
INFO: [HLS 200-10] Adding test bench file 'C:/Users/small.cl/Documents/pedal_c/pedal_c.cpp' to the project
Execute     send_msg_by_id INFO @200-1465@%s 'tb.file=pedal_c_tb.cpp' from C:/Users/small.cl/Documents/pedal_c/hls_config.cfg(8) 
INFO: [HLS 200-1465] Applying ini 'tb.file=pedal_c_tb.cpp' from C:/Users/small.cl/Documents/pedal_c/hls_config.cfg(8)
Execute     add_files -tb C:/Users/small.cl/Documents/pedal_c/pedal_c_tb.cpp 
INFO: [HLS 200-10] Adding test bench file 'C:/Users/small.cl/Documents/pedal_c/pedal_c_tb.cpp' to the project
Execute     send_msg_by_id INFO @200-1465@%s 'flow_target=vivado' from C:/Users/small.cl/Documents/pedal_c/hls_config.cfg(4) 
INFO: [HLS 200-1465] Applying ini 'flow_target=vivado' from C:/Users/small.cl/Documents/pedal_c/hls_config.cfg(4)
Execute     send_msg_by_id INFO @200-1505@%s%s  vivado 
INFO: [HLS 200-1505] Using flow_target 'vivado'
Execute     send_msg_by_id INFO @200-1465@%s 'part=xczu3eg-sfvc784-2-e' from C:/Users/small.cl/Documents/pedal_c/hls_config.cfg(1) 
INFO: [HLS 200-1465] Applying ini 'part=xczu3eg-sfvc784-2-e' from C:/Users/small.cl/Documents/pedal_c/hls_config.cfg(1)
Execute     set_part xczu3eg-sfvc784-2-e 
Execute       create_platform xczu3eg-sfvc784-2-e -board  
DBG:HLSDevice: Trying to load device library: C:/Xilinx\Vitis_HLS\2024.1\lib\win64.o\xv_hlsvwrap.dll
DBG:HLSDevice: first parts/arch.xml in RDI_DATADIR: C:/Xilinx/Vivado/2024.1/data/parts/arch.xml
DBG:HLSDevice: init success
INFO: [HLS 200-1611] Setting target device to 'xczu3eg-sfvc784-2-e'
Command       create_platform done; 1.925 sec.
Execute       source C:/Xilinx/Vitis_HLS/2024.1/common/technology/xilinx/common/xilinx.gen 
Execute         source C:/Xilinx/Vitis_HLS/2024.1/common/technology/xilinx/interface/plb46.gen 
Execute         source C:/Xilinx/Vitis_HLS/2024.1/common/technology/xilinx/interface/axi4.gen 
Execute         source C:/Xilinx/Vitis_HLS/2024.1/common/technology/xilinx/interface/nativeAXI4.gen 
Execute           source C:/Xilinx/Vitis_HLS/2024.1/common/technology/xilinx/interface/saxilite.gen 
Execute         source C:/Xilinx/Vitis_HLS/2024.1/common/technology/xilinx/scripts/xilinxcoregen.gen 
Execute         source C:/Xilinx/Vitis_HLS/2024.1/common/technology/xilinx/interface/XilEDKCoreGen.gen 
Execute         source C:/Xilinx/Vitis_HLS/2024.1/common/technology/xilinx/ip/dds_compiler.gen 
Execute         source C:/Xilinx/Vitis_HLS/2024.1/common/technology/xilinx/ip/util.gen 
Execute         source C:/Xilinx/Vitis_HLS/2024.1/common/technology/xilinx/ip/xfft.gen 
Execute         source C:/Xilinx/Vitis_HLS/2024.1/common/technology/xilinx/ip/xfir.gen 
Execute         source C:/Xilinx/Vitis_HLS/2024.1/common/technology/xilinx/DSP48/dsp48.gen 
Execute       ap_part_info -name xczu3eg-sfvc784-2-e -data info 
Execute       config_compile -quiet -complex-mul-dsp=0 
Command     set_part done; 2.037 sec.
Execute     send_msg_by_id INFO @200-1465@%s 'package.output.format=ip_catalog' from C:/Users/small.cl/Documents/pedal_c/hls_config.cfg(5) 
INFO: [HLS 200-1465] Applying ini 'package.output.format=ip_catalog' from C:/Users/small.cl/Documents/pedal_c/hls_config.cfg(5)
Execute     config_export -format=ip_catalog 
Command   apply_ini done; 2.069 sec.
Execute   apply_ini C:/Users/small.cl/Documents/pedal_c/pedal_c/hls/config.cmdline 
Execute   csim_design 
Execute     AP::app_get_file_relativeroot [AP::app_get_root] {}
Execute     AP::app_get_file_relativeroot [AP::app_get_root] {}
Execute     AP::app_get_file_relativeroot [AP::app_get_root] {}
INFO-FLOW: Running SLX 'csim' proc: ::SLX::run_csim
INFO: [SIM 211-2] *************** CSIM start ***************
INFO: [SIM 211-4] CSIM will launch CLANG as the compiler.
Execute     source csim/.lst_opt.tcl 
Execute     send_msg_by_id INFO @200-2036@%s debug 
INFO: [HLS 200-2036] Building debug C Simulation binaries
Execute     source C:/Xilinx/Vitis_HLS/2024.1/tps/tcl/tcllib1.11.1/yaml/huddle.tcl 
Execute     source C:/Xilinx/Vitis_HLS/2024.1/tps/tcl/tcllib1.11.1/yaml/json2huddle.tcl 
Execute     ap_part_info -name xczu3eg-sfvc784-2-e -data info 
Execute     source run_sim.tcl 
Command     ap_source done; 0.113 sec.
INFO: [SIM 211-1] CSim done with 0 errors.
INFO: [SIM 211-3] *************** CSIM finish ***************
Command   csim_design done; 0.753 sec.
Execute   close_project 
Execute     close_solution 
Execute       cleanup_all 
Execute       cleanup_all 
