

================================================================
== Vitis HLS Report for 'generic_tanh_float_s'
================================================================
* Date:           Wed Apr  8 16:17:28 2026

* Version:        2024.1 (Build 5069499 on May 21 2024)
* Project:        pedal
* Solution:       hls (Vivado IP Flow Target)
* Product family: zynquplus
* Target device:  xczu3eg-sfvc784-2-e


================================================================
== Performance Estimates
================================================================
+ Timing: 
    * Summary: 
    +--------+----------+-----------+------------+
    |  Clock |  Target  | Estimated | Uncertainty|
    +--------+----------+-----------+------------+
    |ap_clk  |  15.00 ns|  10.544 ns|     4.05 ns|
    +--------+----------+-----------+------------+

+ Latency: 
    * Summary: 
    +---------+---------+----------+----------+-----+-----+---------+
    |  Latency (cycles) |  Latency (absolute) |  Interval | Pipeline|
    |   min   |   max   |    min   |    max   | min | max |   Type  |
    +---------+---------+----------+----------+-----+-----+---------+
    |       32|       32|  0.480 us|  0.480 us|    1|    1|      yes|
    +---------+---------+----------+----------+-----+-----+---------+

    + Detail: 
        * Instance: 
        N/A

        * Loop: 
        N/A

============================================================
+ Verbose Summary: Synthesis Manager
============================================================
InlineROM: 1
ExposeGlobal: 0
============================================================
+ Verbose Summary: CDFG Model
============================================================
IsTopModel: 0
ResetActiveHigh: 1
IsCombinational: 0
IsDatapathOnly: 0
HasWiredReturn: 1
HasMFsm: 2
HasVarLatency: 0
IsPipeline: 1
IsRtlPipelined: 1
IsInstanceOverlapped: 0
IsDontTouch: 0
HasImplIP: 0
IsGatedGlobalClock: 0

+ Individual pipeline summary: 
  * Pipeline-0: initiation interval (II) = 1, depth = 33


============================================================
+ Verbose Summary: Schedule
============================================================
* Number of FSM states : 33
* Pipeline : 1
  Pipeline-0 : II = 1, D = 33, States = { 1 2 3 4 5 6 7 8 9 10 11 12 13 14 15 16 17 18 19 20 21 22 23 24 25 26 27 28 29 30 31 32 33 }
* Dataflow Pipeline: 0

* FSM state transitions: 
1 --> 2 
2 --> 3 
3 --> 4 
4 --> 5 
5 --> 6 
6 --> 7 
7 --> 8 
8 --> 9 
9 --> 10 
10 --> 11 
11 --> 12 
12 --> 13 
13 --> 14 
14 --> 15 
15 --> 16 
16 --> 17 
17 --> 18 
18 --> 19 
19 --> 20 
20 --> 21 
21 --> 22 
22 --> 23 
23 --> 24 
24 --> 25 
25 --> 26 
26 --> 27 
27 --> 28 
28 --> 29 
29 --> 30 
30 --> 31 
31 --> 32 
32 --> 33 
33 --> 

* FSM state operations: 

State 1 <SV = 0> <Delay = 10.5>
ST_1 : Operation 34 [1/1] (0.00ns)   --->   "%t_in_read = read i32 @_ssdm_op_Read.ap_auto.float, i32 %t_in" [C:\scratch\2024.1\hls_product\545\2024.1\src\shared\hls\clib/hlsmath/include/FloatingPoint\hls_tanh.h:28]   --->   Operation 34 'read' 't_in_read' <Predicate = true> <Delay = 0.00>
ST_1 : Operation 35 [1/1] (0.00ns)   --->   "%data = bitcast i32 %t_in_read" [C:\scratch\2024.1\hls_product\545\2024.1\src\shared\hls\clib/src/hls\utils/x_hls_utils.h:288->C:\scratch\2024.1\hls_product\545\2024.1\src\shared\hls\clib/hlsmath/include/FloatingPoint\hls_tanh.h:32]   --->   Operation 35 'bitcast' 'data' <Predicate = true> <Delay = 0.00>
ST_1 : Operation 36 [1/1] (0.00ns)   --->   "%din_sign = bitselect i1 @_ssdm_op_BitSelect.i1.i32.i32, i32 %data, i32 31" [C:\scratch\2024.1\hls_product\545\2024.1\src\shared\hls\clib/src/hls\utils/x_hls_utils.h:294->C:\scratch\2024.1\hls_product\545\2024.1\src\shared\hls\clib/hlsmath/include/FloatingPoint\hls_tanh.h:32]   --->   Operation 36 'bitselect' 'din_sign' <Predicate = true> <Delay = 0.00>
ST_1 : Operation 37 [1/1] (0.00ns)   --->   "%din_exp = partselect i8 @_ssdm_op_PartSelect.i8.i32.i32.i32, i32 %data, i32 23, i32 30" [C:\scratch\2024.1\hls_product\545\2024.1\src\shared\hls\clib/src/hls\utils/x_hls_utils.h:295->C:\scratch\2024.1\hls_product\545\2024.1\src\shared\hls\clib/hlsmath/include/FloatingPoint\hls_tanh.h:32]   --->   Operation 37 'partselect' 'din_exp' <Predicate = true> <Delay = 0.00>
ST_1 : Operation 38 [1/1] (0.00ns)   --->   "%din_sig = trunc i32 %data" [C:\scratch\2024.1\hls_product\545\2024.1\src\shared\hls\clib/src/hls\utils/x_hls_utils.h:296->C:\scratch\2024.1\hls_product\545\2024.1\src\shared\hls\clib/hlsmath/include/FloatingPoint\hls_tanh.h:32]   --->   Operation 38 'trunc' 'din_sig' <Predicate = true> <Delay = 0.00>
ST_1 : Operation 39 [1/1] (0.00ns)   --->   "%trunc_ln313 = trunc i32 %data" [C:\scratch\2024.1\hls_product\545\2024.1\src\shared\hls\clib/src/hls\utils/x_hls_utils.h:313->C:\scratch\2024.1\hls_product\545\2024.1\src\shared\hls\clib/src/hls\utils/x_hls_utils.h:326->C:\scratch\2024.1\hls_product\545\2024.1\src\shared\hls\clib/src/hls\utils/x_hls_utils.h:347->C:\scratch\2024.1\hls_product\545\2024.1\src\shared\hls\clib/hlsmath/include/FloatingPoint/hls_copysign.h:14->C:\scratch\2024.1\hls_product\545\2024.1\src\shared\hls\clib/hlsmath/include/FloatingPoint/hls_fabs.h:13->C:\scratch\2024.1\hls_product\545\2024.1\src\shared\hls\clib/hlsmath/include/FloatingPoint\hls_tanh.h:33]   --->   Operation 39 'trunc' 'trunc_ln313' <Predicate = true> <Delay = 0.00>
ST_1 : Operation 40 [1/1] (0.00ns)   --->   "%t = bitconcatenate i32 @_ssdm_op_BitConcatenate.i32.i1.i31, i1 0, i31 %trunc_ln313" [C:\scratch\2024.1\hls_product\545\2024.1\src\shared\hls\clib/src/hls\utils/x_hls_utils.h:313->C:\scratch\2024.1\hls_product\545\2024.1\src\shared\hls\clib/src/hls\utils/x_hls_utils.h:326->C:\scratch\2024.1\hls_product\545\2024.1\src\shared\hls\clib/src/hls\utils/x_hls_utils.h:347->C:\scratch\2024.1\hls_product\545\2024.1\src\shared\hls\clib/hlsmath/include/FloatingPoint/hls_copysign.h:14->C:\scratch\2024.1\hls_product\545\2024.1\src\shared\hls\clib/hlsmath/include/FloatingPoint/hls_fabs.h:13->C:\scratch\2024.1\hls_product\545\2024.1\src\shared\hls\clib/hlsmath/include/FloatingPoint\hls_tanh.h:33]   --->   Operation 40 'bitconcatenate' 't' <Predicate = true> <Delay = 0.00>
ST_1 : Operation 41 [1/1] (0.00ns)   --->   "%abst_in = bitcast i32 %t" [C:\scratch\2024.1\hls_product\545\2024.1\src\shared\hls\clib/src/hls\utils/x_hls_utils.h:327->C:\scratch\2024.1\hls_product\545\2024.1\src\shared\hls\clib/src/hls\utils/x_hls_utils.h:347->C:\scratch\2024.1\hls_product\545\2024.1\src\shared\hls\clib/hlsmath/include/FloatingPoint/hls_copysign.h:14->C:\scratch\2024.1\hls_product\545\2024.1\src\shared\hls\clib/hlsmath/include/FloatingPoint/hls_fabs.h:13->C:\scratch\2024.1\hls_product\545\2024.1\src\shared\hls\clib/hlsmath/include/FloatingPoint\hls_tanh.h:33]   --->   Operation 41 'bitcast' 'abst_in' <Predicate = true> <Delay = 0.00>
ST_1 : Operation 42 [1/1] (0.76ns)   --->   "%icmp_ln36 = icmp_eq  i8 %din_exp, i8 255" [C:\scratch\2024.1\hls_product\545\2024.1\src\shared\hls\clib/hlsmath/include/FloatingPoint\hls_tanh.h:36]   --->   Operation 42 'icmp' 'icmp_ln36' <Predicate = true> <Delay = 0.76> <CoreInst = "Cmp">   --->   Core 9 'Cmp' <Latency = 0> <II = 1> <Delay = 0.76> <FuncUnit> <Opcode : 'seteq' 'setne' 'setle' 'setge' 'setlt' 'setgt'> <InPorts = 2> <OutPorts = 1>
ST_1 : Operation 43 [1/1] (0.00ns)   --->   "%br_ln36 = br i1 %icmp_ln36, void %if.else5, void %if.then" [C:\scratch\2024.1\hls_product\545\2024.1\src\shared\hls\clib/hlsmath/include/FloatingPoint\hls_tanh.h:36]   --->   Operation 43 'br' 'br_ln36' <Predicate = true> <Delay = 0.00>
ST_1 : Operation 44 [1/1] (0.76ns)   --->   "%icmp_ln45 = icmp_ult  i8 %din_exp, i8 72" [C:\scratch\2024.1\hls_product\545\2024.1\src\shared\hls\clib/hlsmath/include/FloatingPoint\hls_tanh.h:45]   --->   Operation 44 'icmp' 'icmp_ln45' <Predicate = (!icmp_ln36)> <Delay = 0.76> <CoreInst = "Cmp">   --->   Core 9 'Cmp' <Latency = 0> <II = 1> <Delay = 0.76> <FuncUnit> <Opcode : 'seteq' 'setne' 'setle' 'setge' 'setlt' 'setgt'> <InPorts = 2> <OutPorts = 1>
ST_1 : Operation 45 [1/1] (0.00ns)   --->   "%br_ln45 = br i1 %icmp_ln45, void %lor.lhs.false, void %if.then12" [C:\scratch\2024.1\hls_product\545\2024.1\src\shared\hls\clib/hlsmath/include/FloatingPoint\hls_tanh.h:45]   --->   Operation 45 'br' 'br_ln45' <Predicate = (!icmp_ln36)> <Delay = 0.00>
ST_1 : Operation 46 [1/1] (0.76ns)   --->   "%icmp_ln46 = icmp_eq  i8 %din_exp, i8 72" [C:\scratch\2024.1\hls_product\545\2024.1\src\shared\hls\clib/hlsmath/include/FloatingPoint\hls_tanh.h:46]   --->   Operation 46 'icmp' 'icmp_ln46' <Predicate = (!icmp_ln36 & !icmp_ln45)> <Delay = 0.76> <CoreInst = "Cmp">   --->   Core 9 'Cmp' <Latency = 0> <II = 1> <Delay = 0.76> <FuncUnit> <Opcode : 'seteq' 'setne' 'setle' 'setge' 'setlt' 'setgt'> <InPorts = 2> <OutPorts = 1>
ST_1 : Operation 47 [1/1] (0.92ns)   --->   "%icmp_ln46_1 = icmp_eq  i23 %din_sig, i23 0" [C:\scratch\2024.1\hls_product\545\2024.1\src\shared\hls\clib/hlsmath/include/FloatingPoint\hls_tanh.h:46]   --->   Operation 47 'icmp' 'icmp_ln46_1' <Predicate = (!icmp_ln36 & !icmp_ln45)> <Delay = 0.92> <CoreInst = "Cmp">   --->   Core 9 'Cmp' <Latency = 0> <II = 1> <Delay = 0.92> <FuncUnit> <Opcode : 'seteq' 'setne' 'setle' 'setge' 'setlt' 'setgt'> <InPorts = 2> <OutPorts = 1>
ST_1 : Operation 48 [1/1] (0.28ns)   --->   "%and_ln46 = and i1 %icmp_ln46, i1 %icmp_ln46_1" [C:\scratch\2024.1\hls_product\545\2024.1\src\shared\hls\clib/hlsmath/include/FloatingPoint\hls_tanh.h:46]   --->   Operation 48 'and' 'and_ln46' <Predicate = (!icmp_ln36 & !icmp_ln45)> <Delay = 0.28> <CoreInst = "LogicGate">   --->   Core 74 'LogicGate' <Latency = 0> <II = 1> <Delay = 0.28> <FuncUnit> <Opcode : 'and' 'or' 'xor'> <InPorts = 2> <OutPorts = 1>
ST_1 : Operation 49 [1/1] (0.00ns)   --->   "%br_ln46 = br i1 %and_ln46, void %if.else13, void %if.then12" [C:\scratch\2024.1\hls_product\545\2024.1\src\shared\hls\clib/hlsmath/include/FloatingPoint\hls_tanh.h:46]   --->   Operation 49 'br' 'br_ln46' <Predicate = (!icmp_ln36 & !icmp_ln45)> <Delay = 0.00>
ST_1 : Operation 50 [2/2] (2.78ns)   --->   "%tmp_30 = fcmp_olt  i32 %abst_in, i32 22" [C:\scratch\2024.1\hls_product\545\2024.1\src\shared\hls\clib/hlsmath/include/FloatingPoint\hls_tanh.h:51]   --->   Operation 50 'fcmp' 'tmp_30' <Predicate = (!icmp_ln36 & !icmp_ln45 & !and_ln46)> <Delay = 2.78> <CoreInst = "FCompare">   --->   Core 19 'FCompare' <Latency = 1> <II = 1> <Delay = 2.78> <FuncUnit> <Opcode : 'fcmp'> <InPorts = 2> <OutPorts = 1>
ST_1 : Operation 51 [3/3] (10.5ns)   --->   "%add = fadd i32 %abst_in, i32 1" [C:\scratch\2024.1\hls_product\545\2024.1\src\shared\hls\clib/hlsmath/include/FloatingPoint\hls_tanh.h:49]   --->   Operation 51 'fadd' 'add' <Predicate = (!icmp_ln36 & and_ln46) | (!icmp_ln36 & icmp_ln45)> <Delay = 10.5> <CoreInst = "FAddSub_fulldsp">   --->   Core 18 'FAddSub_fulldsp' <Latency = 2> <II = 1> <Delay = 10.5> <FuncUnit> <Opcode : 'fadd' 'fsub'> <InPorts = 2> <OutPorts = 1>
ST_1 : Operation 52 [1/1] (0.92ns)   --->   "%icmp_ln38 = icmp_ne  i23 %din_sig, i23 0" [C:\scratch\2024.1\hls_product\545\2024.1\src\shared\hls\clib/hlsmath/include/FloatingPoint\hls_tanh.h:38]   --->   Operation 52 'icmp' 'icmp_ln38' <Predicate = (icmp_ln36)> <Delay = 0.92> <CoreInst = "Cmp">   --->   Core 9 'Cmp' <Latency = 0> <II = 1> <Delay = 0.92> <FuncUnit> <Opcode : 'seteq' 'setne' 'setle' 'setge' 'setlt' 'setgt'> <InPorts = 2> <OutPorts = 1>

State 2 <SV = 1> <Delay = 10.5>
ST_2 : Operation 53 [1/2] (2.78ns)   --->   "%tmp_30 = fcmp_olt  i32 %abst_in, i32 22" [C:\scratch\2024.1\hls_product\545\2024.1\src\shared\hls\clib/hlsmath/include/FloatingPoint\hls_tanh.h:51]   --->   Operation 53 'fcmp' 'tmp_30' <Predicate = (!icmp_ln36 & !icmp_ln45 & !and_ln46)> <Delay = 2.78> <CoreInst = "FCompare">   --->   Core 19 'FCompare' <Latency = 1> <II = 1> <Delay = 2.78> <FuncUnit> <Opcode : 'fcmp'> <InPorts = 2> <OutPorts = 1>
ST_2 : Operation 54 [1/1] (0.57ns)   --->   "%br_ln51 = br i1 %tmp_30, void %if.end38, void %if.then14" [C:\scratch\2024.1\hls_product\545\2024.1\src\shared\hls\clib/hlsmath/include/FloatingPoint\hls_tanh.h:51]   --->   Operation 54 'br' 'br_ln51' <Predicate = (!icmp_ln36 & !icmp_ln45 & !and_ln46)> <Delay = 0.57>
ST_2 : Operation 55 [1/1] (0.76ns)   --->   "%icmp_ln54 = icmp_ult  i8 %din_exp, i8 127" [C:\scratch\2024.1\hls_product\545\2024.1\src\shared\hls\clib/hlsmath/include/FloatingPoint\hls_tanh.h:54]   --->   Operation 55 'icmp' 'icmp_ln54' <Predicate = (!icmp_ln36 & !icmp_ln45 & !and_ln46 & tmp_30)> <Delay = 0.76> <CoreInst = "Cmp">   --->   Core 9 'Cmp' <Latency = 0> <II = 1> <Delay = 0.76> <FuncUnit> <Opcode : 'seteq' 'setne' 'setle' 'setge' 'setlt' 'setgt'> <InPorts = 2> <OutPorts = 1>
ST_2 : Operation 56 [1/1] (0.00ns)   --->   "%or_ln = bitconcatenate i32 @_ssdm_op_BitConcatenate.i32.i1.i31, i1 1, i31 %trunc_ln313" [C:\scratch\2024.1\hls_product\545\2024.1\src\shared\hls\clib/hlsmath/include/FloatingPoint\hls_tanh.h:55]   --->   Operation 56 'bitconcatenate' 'or_ln' <Predicate = (!icmp_ln36 & !icmp_ln45 & !and_ln46 & tmp_30)> <Delay = 0.00>
ST_2 : Operation 57 [1/1] (0.00ns)   --->   "%bitcast_ln55 = bitcast i32 %or_ln" [C:\scratch\2024.1\hls_product\545\2024.1\src\shared\hls\clib/hlsmath/include/FloatingPoint\hls_tanh.h:55]   --->   Operation 57 'bitcast' 'bitcast_ln55' <Predicate = (!icmp_ln36 & !icmp_ln45 & !and_ln46 & tmp_30)> <Delay = 0.00>
ST_2 : Operation 58 [3/3] (10.5ns)   --->   "%x = fsub i32 %bitcast_ln55, i32 %abst_in" [C:\scratch\2024.1\hls_product\545\2024.1\src\shared\hls\clib/hlsmath/include/FloatingPoint\hls_tanh.h:55]   --->   Operation 58 'fsub' 'x' <Predicate = (!icmp_ln36 & !icmp_ln45 & !and_ln46 & tmp_30)> <Delay = 10.5> <CoreInst = "FAddSub_fulldsp">   --->   Core 18 'FAddSub_fulldsp' <Latency = 2> <II = 1> <Delay = 10.5> <FuncUnit> <Opcode : 'fadd' 'fsub'> <InPorts = 2> <OutPorts = 1>
ST_2 : Operation 59 [3/3] (10.5ns)   --->   "%x_4 = fadd i32 %abst_in, i32 %abst_in" [C:\scratch\2024.1\hls_product\545\2024.1\src\shared\hls\clib/hlsmath/include/FloatingPoint\hls_tanh.h:58]   --->   Operation 59 'fadd' 'x_4' <Predicate = (!icmp_ln36 & !icmp_ln45 & !and_ln46 & tmp_30)> <Delay = 10.5> <CoreInst = "FAddSub_fulldsp">   --->   Core 18 'FAddSub_fulldsp' <Latency = 2> <II = 1> <Delay = 10.5> <FuncUnit> <Opcode : 'fadd' 'fsub'> <InPorts = 2> <OutPorts = 1>
ST_2 : Operation 60 [1/1] (0.00ns)   --->   "%br_ln63 = br i1 %icmp_ln54, void %if.else28, void %if.then25" [C:\scratch\2024.1\hls_product\545\2024.1\src\shared\hls\clib/hlsmath/include/FloatingPoint\hls_tanh.h:63]   --->   Operation 60 'br' 'br_ln63' <Predicate = (!icmp_ln36 & !icmp_ln45 & !and_ln46 & tmp_30)> <Delay = 0.00>
ST_2 : Operation 61 [2/3] (10.5ns)   --->   "%add = fadd i32 %abst_in, i32 1" [C:\scratch\2024.1\hls_product\545\2024.1\src\shared\hls\clib/hlsmath/include/FloatingPoint\hls_tanh.h:49]   --->   Operation 61 'fadd' 'add' <Predicate = (!icmp_ln36 & and_ln46) | (!icmp_ln36 & icmp_ln45)> <Delay = 10.5> <CoreInst = "FAddSub_fulldsp">   --->   Core 18 'FAddSub_fulldsp' <Latency = 2> <II = 1> <Delay = 10.5> <FuncUnit> <Opcode : 'fadd' 'fsub'> <InPorts = 2> <OutPorts = 1>

State 3 <SV = 2> <Delay = 10.5>
ST_3 : Operation 62 [2/3] (10.5ns)   --->   "%x = fsub i32 %bitcast_ln55, i32 %abst_in" [C:\scratch\2024.1\hls_product\545\2024.1\src\shared\hls\clib/hlsmath/include/FloatingPoint\hls_tanh.h:55]   --->   Operation 62 'fsub' 'x' <Predicate = (!icmp_ln36 & !icmp_ln45 & !and_ln46 & tmp_30)> <Delay = 10.5> <CoreInst = "FAddSub_fulldsp">   --->   Core 18 'FAddSub_fulldsp' <Latency = 2> <II = 1> <Delay = 10.5> <FuncUnit> <Opcode : 'fadd' 'fsub'> <InPorts = 2> <OutPorts = 1>
ST_3 : Operation 63 [2/3] (10.5ns)   --->   "%x_4 = fadd i32 %abst_in, i32 %abst_in" [C:\scratch\2024.1\hls_product\545\2024.1\src\shared\hls\clib/hlsmath/include/FloatingPoint\hls_tanh.h:58]   --->   Operation 63 'fadd' 'x_4' <Predicate = (!icmp_ln36 & !icmp_ln45 & !and_ln46 & tmp_30)> <Delay = 10.5> <CoreInst = "FAddSub_fulldsp">   --->   Core 18 'FAddSub_fulldsp' <Latency = 2> <II = 1> <Delay = 10.5> <FuncUnit> <Opcode : 'fadd' 'fsub'> <InPorts = 2> <OutPorts = 1>
ST_3 : Operation 64 [1/3] (10.5ns)   --->   "%add = fadd i32 %abst_in, i32 1" [C:\scratch\2024.1\hls_product\545\2024.1\src\shared\hls\clib/hlsmath/include/FloatingPoint\hls_tanh.h:49]   --->   Operation 64 'fadd' 'add' <Predicate = (!icmp_ln36 & and_ln46) | (!icmp_ln36 & icmp_ln45)> <Delay = 10.5> <CoreInst = "FAddSub_fulldsp">   --->   Core 18 'FAddSub_fulldsp' <Latency = 2> <II = 1> <Delay = 10.5> <FuncUnit> <Opcode : 'fadd' 'fsub'> <InPorts = 2> <OutPorts = 1>

State 4 <SV = 3> <Delay = 10.5>
ST_4 : Operation 65 [1/3] (10.5ns)   --->   "%x = fsub i32 %bitcast_ln55, i32 %abst_in" [C:\scratch\2024.1\hls_product\545\2024.1\src\shared\hls\clib/hlsmath/include/FloatingPoint\hls_tanh.h:55]   --->   Operation 65 'fsub' 'x' <Predicate = (!icmp_ln36 & !icmp_ln45 & !and_ln46 & tmp_30)> <Delay = 10.5> <CoreInst = "FAddSub_fulldsp">   --->   Core 18 'FAddSub_fulldsp' <Latency = 2> <II = 1> <Delay = 10.5> <FuncUnit> <Opcode : 'fadd' 'fsub'> <InPorts = 2> <OutPorts = 1>
ST_4 : Operation 66 [1/3] (10.5ns)   --->   "%x_4 = fadd i32 %abst_in, i32 %abst_in" [C:\scratch\2024.1\hls_product\545\2024.1\src\shared\hls\clib/hlsmath/include/FloatingPoint\hls_tanh.h:58]   --->   Operation 66 'fadd' 'x_4' <Predicate = (!icmp_ln36 & !icmp_ln45 & !and_ln46 & tmp_30)> <Delay = 10.5> <CoreInst = "FAddSub_fulldsp">   --->   Core 18 'FAddSub_fulldsp' <Latency = 2> <II = 1> <Delay = 10.5> <FuncUnit> <Opcode : 'fadd' 'fsub'> <InPorts = 2> <OutPorts = 1>
ST_4 : Operation 67 [2/2] (8.41ns)   --->   "%resultf = fmul i32 %abst_in, i32 %add" [C:\scratch\2024.1\hls_product\545\2024.1\src\shared\hls\clib/hlsmath/include/FloatingPoint\hls_tanh.h:49]   --->   Operation 67 'fmul' 'resultf' <Predicate = (!icmp_ln36 & and_ln46) | (!icmp_ln36 & icmp_ln45)> <Delay = 8.41> <CoreInst = "FMul_maxdsp">   --->   Core 30 'FMul_maxdsp' <Latency = 1> <II = 1> <Delay = 8.41> <FuncUnit> <Opcode : 'fmul'> <InPorts = 2> <OutPorts = 1>

State 5 <SV = 4> <Delay = 10.0>
ST_5 : Operation 68 [1/1] (0.44ns)   --->   "%x_6 = select i1 %icmp_ln54, i32 %x, i32 %x_4" [C:\scratch\2024.1\hls_product\545\2024.1\src\shared\hls\clib/hlsmath/include/FloatingPoint\hls_tanh.h:54]   --->   Operation 68 'select' 'x_6' <Predicate = (!icmp_ln36 & !icmp_ln45 & !and_ln46 & tmp_30)> <Delay = 0.44> <CoreInst = "Sel">   --->   Core 73 'Sel' <Latency = 0> <II = 1> <Delay = 0.44> <FuncUnit> <Opcode : 'select'> <InPorts = 3> <OutPorts = 1>
ST_5 : Operation 69 [1/1] (0.00ns)   --->   "%data_4 = bitcast i32 %x_6" [C:\scratch\2024.1\hls_product\545\2024.1\src\shared\hls\clib/src/hls\utils/x_hls_utils.h:288->C:\scratch\2024.1\hls_product\545\2024.1\src\shared\hls\clib\hlsmath\src\common\hls_exp_float.cpp:8->C:\scratch\2024.1\hls_product\545\2024.1\src\shared\hls\clib/hlsmath/include/FloatingPoint\hls_tanh.h:61]   --->   Operation 69 'bitcast' 'data_4' <Predicate = (!icmp_ln36 & !icmp_ln45 & !and_ln46 & tmp_30)> <Delay = 0.00>
ST_5 : Operation 70 [1/1] (0.00ns)   --->   "%xs_exp_1 = partselect i8 @_ssdm_op_PartSelect.i8.i32.i32.i32, i32 %data_4, i32 23, i32 30" [C:\scratch\2024.1\hls_product\545\2024.1\src\shared\hls\clib/src/hls\utils/x_hls_utils.h:295->C:\scratch\2024.1\hls_product\545\2024.1\src\shared\hls\clib\hlsmath\src\common\hls_exp_float.cpp:8->C:\scratch\2024.1\hls_product\545\2024.1\src\shared\hls\clib/hlsmath/include/FloatingPoint\hls_tanh.h:61]   --->   Operation 70 'partselect' 'xs_exp_1' <Predicate = (!icmp_ln36 & !icmp_ln45 & !and_ln46 & tmp_30)> <Delay = 0.00>
ST_5 : Operation 71 [1/1] (0.76ns)   --->   "%icmp_ln9 = icmp_eq  i8 %xs_exp_1, i8 0" [C:\scratch\2024.1\hls_product\545\2024.1\src\shared\hls\clib\hlsmath\src\common\hls_exp_float.cpp:9->C:\scratch\2024.1\hls_product\545\2024.1\src\shared\hls\clib/hlsmath/include/FloatingPoint\hls_tanh.h:61]   --->   Operation 71 'icmp' 'icmp_ln9' <Predicate = (!icmp_ln36 & !icmp_ln45 & !and_ln46 & tmp_30)> <Delay = 0.76> <CoreInst = "Cmp">   --->   Core 9 'Cmp' <Latency = 0> <II = 1> <Delay = 0.76> <FuncUnit> <Opcode : 'seteq' 'setne' 'setle' 'setge' 'setlt' 'setgt'> <InPorts = 2> <OutPorts = 1>
ST_5 : Operation 72 [1/1] (0.47ns)   --->   "%br_ln9 = br i1 %icmp_ln9, void %if.end.i, void %_ZN11exp_reduce_5expm1Ef.exit" [C:\scratch\2024.1\hls_product\545\2024.1\src\shared\hls\clib\hlsmath\src\common\hls_exp_float.cpp:9->C:\scratch\2024.1\hls_product\545\2024.1\src\shared\hls\clib/hlsmath/include/FloatingPoint\hls_tanh.h:61]   --->   Operation 72 'br' 'br_ln9' <Predicate = (!icmp_ln36 & !icmp_ln45 & !and_ln46 & tmp_30)> <Delay = 0.47>
ST_5 : Operation 73 [1/1] (0.76ns)   --->   "%icmp_ln10 = icmp_ult  i8 %xs_exp_1, i8 96" [C:\scratch\2024.1\hls_product\545\2024.1\src\shared\hls\clib\hlsmath\src\common\hls_exp_float.cpp:10->C:\scratch\2024.1\hls_product\545\2024.1\src\shared\hls\clib/hlsmath/include/FloatingPoint\hls_tanh.h:61]   --->   Operation 73 'icmp' 'icmp_ln10' <Predicate = (!icmp_ln36 & !icmp_ln45 & !and_ln46 & tmp_30 & !icmp_ln9)> <Delay = 0.76> <CoreInst = "Cmp">   --->   Core 9 'Cmp' <Latency = 0> <II = 1> <Delay = 0.76> <FuncUnit> <Opcode : 'seteq' 'setne' 'setle' 'setge' 'setlt' 'setgt'> <InPorts = 2> <OutPorts = 1>
ST_5 : Operation 74 [1/1] (0.47ns)   --->   "%br_ln10 = br i1 %icmp_ln10, void %if.end4.i, void %_ZN11exp_reduce_5expm1Ef.exit" [C:\scratch\2024.1\hls_product\545\2024.1\src\shared\hls\clib\hlsmath\src\common\hls_exp_float.cpp:10->C:\scratch\2024.1\hls_product\545\2024.1\src\shared\hls\clib/hlsmath/include/FloatingPoint\hls_tanh.h:61]   --->   Operation 74 'br' 'br_ln10' <Predicate = (!icmp_ln36 & !icmp_ln45 & !and_ln46 & tmp_30 & !icmp_ln9)> <Delay = 0.47>
ST_5 : Operation 75 [1/1] (9.61ns)   --->   "%xd = fpext i32 %x_6" [C:\scratch\2024.1\hls_product\545\2024.1\src\shared\hls\clib\hlsmath\src\common\hls_exp_float.cpp:11->C:\scratch\2024.1\hls_product\545\2024.1\src\shared\hls\clib/hlsmath/include/FloatingPoint\hls_tanh.h:61]   --->   Operation 75 'fpext' 'xd' <Predicate = (!icmp_ln36 & !icmp_ln45 & !and_ln46 & tmp_30 & !icmp_ln9 & !icmp_ln10)> <Delay = 9.61> <CoreInst = "Float2Double">   --->   Core 64 'Float2Double' <Latency = 0> <II = 1> <Delay = 9.61> <FuncUnit> <Opcode : 'fpext'> <InPorts = 1> <OutPorts = 1>
ST_5 : Operation 76 [1/2] (8.41ns)   --->   "%resultf = fmul i32 %abst_in, i32 %add" [C:\scratch\2024.1\hls_product\545\2024.1\src\shared\hls\clib/hlsmath/include/FloatingPoint\hls_tanh.h:49]   --->   Operation 76 'fmul' 'resultf' <Predicate = (!icmp_ln36 & and_ln46) | (!icmp_ln36 & icmp_ln45)> <Delay = 8.41> <CoreInst = "FMul_maxdsp">   --->   Core 30 'FMul_maxdsp' <Latency = 1> <II = 1> <Delay = 8.41> <FuncUnit> <Opcode : 'fmul'> <InPorts = 2> <OutPorts = 1>
ST_5 : Operation 77 [1/1] (0.57ns)   --->   "%br_ln50 = br void %if.end38" [C:\scratch\2024.1\hls_product\545\2024.1\src\shared\hls\clib/hlsmath/include/FloatingPoint\hls_tanh.h:50]   --->   Operation 77 'br' 'br_ln50' <Predicate = (!icmp_ln36 & and_ln46) | (!icmp_ln36 & icmp_ln45)> <Delay = 0.57>

State 6 <SV = 5> <Delay = 6.12>
ST_6 : Operation 78 [8/8] (6.12ns)   --->   "%tmp_s = call i64 @exp_generic<double>, i64 %xd, i58 %table_exp_Z1_ap_ufixed_58_1_ap_q_mode_5_ap_o_mode_3_0_array, i26 %table_f_Z3_ap_ufixed_59_0_ap_q_mode_5_ap_o_mode_3_0_array, i42 %table_f_Z2_ap_ufixed_59_0_ap_q_mode_5_ap_o_mode_3_0_array" [C:\scratch\2024.1\hls_product\545\2024.1\src\shared\hls\clib\hlsmath\src\common\hls_exp_float.cpp:12->C:\scratch\2024.1\hls_product\545\2024.1\src\shared\hls\clib/hlsmath/include/FloatingPoint\hls_tanh.h:61]   --->   Operation 78 'call' 'tmp_s' <Predicate = (!icmp_ln36 & !icmp_ln45 & !and_ln46 & tmp_30 & !icmp_ln9 & !icmp_ln10)> <Delay = 6.12> <CoreType = "Generic">   --->   Core 0 '' <Latency = 0> <II = 1> <Delay = 1.00> <Generic> <Opcode : >

State 7 <SV = 6> <Delay = 8.97>
ST_7 : Operation 79 [7/8] (8.97ns)   --->   "%tmp_s = call i64 @exp_generic<double>, i64 %xd, i58 %table_exp_Z1_ap_ufixed_58_1_ap_q_mode_5_ap_o_mode_3_0_array, i26 %table_f_Z3_ap_ufixed_59_0_ap_q_mode_5_ap_o_mode_3_0_array, i42 %table_f_Z2_ap_ufixed_59_0_ap_q_mode_5_ap_o_mode_3_0_array" [C:\scratch\2024.1\hls_product\545\2024.1\src\shared\hls\clib\hlsmath\src\common\hls_exp_float.cpp:12->C:\scratch\2024.1\hls_product\545\2024.1\src\shared\hls\clib/hlsmath/include/FloatingPoint\hls_tanh.h:61]   --->   Operation 79 'call' 'tmp_s' <Predicate = (!icmp_ln36 & !icmp_ln45 & !and_ln46 & tmp_30 & !icmp_ln9 & !icmp_ln10)> <Delay = 8.97> <CoreType = "Generic">   --->   Core 0 '' <Latency = 0> <II = 1> <Delay = 1.00> <Generic> <Opcode : >

State 8 <SV = 7> <Delay = 8.97>
ST_8 : Operation 80 [6/8] (8.97ns)   --->   "%tmp_s = call i64 @exp_generic<double>, i64 %xd, i58 %table_exp_Z1_ap_ufixed_58_1_ap_q_mode_5_ap_o_mode_3_0_array, i26 %table_f_Z3_ap_ufixed_59_0_ap_q_mode_5_ap_o_mode_3_0_array, i42 %table_f_Z2_ap_ufixed_59_0_ap_q_mode_5_ap_o_mode_3_0_array" [C:\scratch\2024.1\hls_product\545\2024.1\src\shared\hls\clib\hlsmath\src\common\hls_exp_float.cpp:12->C:\scratch\2024.1\hls_product\545\2024.1\src\shared\hls\clib/hlsmath/include/FloatingPoint\hls_tanh.h:61]   --->   Operation 80 'call' 'tmp_s' <Predicate = (!icmp_ln36 & !icmp_ln45 & !and_ln46 & tmp_30 & !icmp_ln9 & !icmp_ln10)> <Delay = 8.97> <CoreType = "Generic">   --->   Core 0 '' <Latency = 0> <II = 1> <Delay = 1.00> <Generic> <Opcode : >

State 9 <SV = 8> <Delay = 8.97>
ST_9 : Operation 81 [5/8] (8.97ns)   --->   "%tmp_s = call i64 @exp_generic<double>, i64 %xd, i58 %table_exp_Z1_ap_ufixed_58_1_ap_q_mode_5_ap_o_mode_3_0_array, i26 %table_f_Z3_ap_ufixed_59_0_ap_q_mode_5_ap_o_mode_3_0_array, i42 %table_f_Z2_ap_ufixed_59_0_ap_q_mode_5_ap_o_mode_3_0_array" [C:\scratch\2024.1\hls_product\545\2024.1\src\shared\hls\clib\hlsmath\src\common\hls_exp_float.cpp:12->C:\scratch\2024.1\hls_product\545\2024.1\src\shared\hls\clib/hlsmath/include/FloatingPoint\hls_tanh.h:61]   --->   Operation 81 'call' 'tmp_s' <Predicate = (!icmp_ln36 & !icmp_ln45 & !and_ln46 & tmp_30 & !icmp_ln9 & !icmp_ln10)> <Delay = 8.97> <CoreType = "Generic">   --->   Core 0 '' <Latency = 0> <II = 1> <Delay = 1.00> <Generic> <Opcode : >

State 10 <SV = 9> <Delay = 8.97>
ST_10 : Operation 82 [4/8] (8.97ns)   --->   "%tmp_s = call i64 @exp_generic<double>, i64 %xd, i58 %table_exp_Z1_ap_ufixed_58_1_ap_q_mode_5_ap_o_mode_3_0_array, i26 %table_f_Z3_ap_ufixed_59_0_ap_q_mode_5_ap_o_mode_3_0_array, i42 %table_f_Z2_ap_ufixed_59_0_ap_q_mode_5_ap_o_mode_3_0_array" [C:\scratch\2024.1\hls_product\545\2024.1\src\shared\hls\clib\hlsmath\src\common\hls_exp_float.cpp:12->C:\scratch\2024.1\hls_product\545\2024.1\src\shared\hls\clib/hlsmath/include/FloatingPoint\hls_tanh.h:61]   --->   Operation 82 'call' 'tmp_s' <Predicate = (!icmp_ln36 & !icmp_ln45 & !and_ln46 & tmp_30 & !icmp_ln9 & !icmp_ln10)> <Delay = 8.97> <CoreType = "Generic">   --->   Core 0 '' <Latency = 0> <II = 1> <Delay = 1.00> <Generic> <Opcode : >

State 11 <SV = 10> <Delay = 8.97>
ST_11 : Operation 83 [3/8] (8.97ns)   --->   "%tmp_s = call i64 @exp_generic<double>, i64 %xd, i58 %table_exp_Z1_ap_ufixed_58_1_ap_q_mode_5_ap_o_mode_3_0_array, i26 %table_f_Z3_ap_ufixed_59_0_ap_q_mode_5_ap_o_mode_3_0_array, i42 %table_f_Z2_ap_ufixed_59_0_ap_q_mode_5_ap_o_mode_3_0_array" [C:\scratch\2024.1\hls_product\545\2024.1\src\shared\hls\clib\hlsmath\src\common\hls_exp_float.cpp:12->C:\scratch\2024.1\hls_product\545\2024.1\src\shared\hls\clib/hlsmath/include/FloatingPoint\hls_tanh.h:61]   --->   Operation 83 'call' 'tmp_s' <Predicate = (!icmp_ln36 & !icmp_ln45 & !and_ln46 & tmp_30 & !icmp_ln9 & !icmp_ln10)> <Delay = 8.97> <CoreType = "Generic">   --->   Core 0 '' <Latency = 0> <II = 1> <Delay = 1.00> <Generic> <Opcode : >

State 12 <SV = 11> <Delay = 8.97>
ST_12 : Operation 84 [2/8] (8.97ns)   --->   "%tmp_s = call i64 @exp_generic<double>, i64 %xd, i58 %table_exp_Z1_ap_ufixed_58_1_ap_q_mode_5_ap_o_mode_3_0_array, i26 %table_f_Z3_ap_ufixed_59_0_ap_q_mode_5_ap_o_mode_3_0_array, i42 %table_f_Z2_ap_ufixed_59_0_ap_q_mode_5_ap_o_mode_3_0_array" [C:\scratch\2024.1\hls_product\545\2024.1\src\shared\hls\clib\hlsmath\src\common\hls_exp_float.cpp:12->C:\scratch\2024.1\hls_product\545\2024.1\src\shared\hls\clib/hlsmath/include/FloatingPoint\hls_tanh.h:61]   --->   Operation 84 'call' 'tmp_s' <Predicate = (!icmp_ln36 & !icmp_ln45 & !and_ln46 & tmp_30 & !icmp_ln9 & !icmp_ln10)> <Delay = 8.97> <CoreType = "Generic">   --->   Core 0 '' <Latency = 0> <II = 1> <Delay = 1.00> <Generic> <Opcode : >

State 13 <SV = 12> <Delay = 8.58>
ST_13 : Operation 85 [1/8] (8.58ns)   --->   "%tmp_s = call i64 @exp_generic<double>, i64 %xd, i58 %table_exp_Z1_ap_ufixed_58_1_ap_q_mode_5_ap_o_mode_3_0_array, i26 %table_f_Z3_ap_ufixed_59_0_ap_q_mode_5_ap_o_mode_3_0_array, i42 %table_f_Z2_ap_ufixed_59_0_ap_q_mode_5_ap_o_mode_3_0_array" [C:\scratch\2024.1\hls_product\545\2024.1\src\shared\hls\clib\hlsmath\src\common\hls_exp_float.cpp:12->C:\scratch\2024.1\hls_product\545\2024.1\src\shared\hls\clib/hlsmath/include/FloatingPoint\hls_tanh.h:61]   --->   Operation 85 'call' 'tmp_s' <Predicate = (!icmp_ln36 & !icmp_ln45 & !and_ln46 & tmp_30 & !icmp_ln9 & !icmp_ln10)> <Delay = 8.58> <CoreType = "Generic">   --->   Core 0 '' <Latency = 0> <II = 1> <Delay = 1.00> <Generic> <Opcode : >

State 14 <SV = 13> <Delay = 9.18>
ST_14 : Operation 86 [4/4] (9.18ns)   --->   "%sub_i = dadd i64 %tmp_s, i64 -1" [C:\scratch\2024.1\hls_product\545\2024.1\src\shared\hls\clib\hlsmath\src\common\hls_exp_float.cpp:12->C:\scratch\2024.1\hls_product\545\2024.1\src\shared\hls\clib/hlsmath/include/FloatingPoint\hls_tanh.h:61]   --->   Operation 86 'dadd' 'sub_i' <Predicate = (!icmp_ln36 & !icmp_ln45 & !and_ln46 & tmp_30 & !icmp_ln9 & !icmp_ln10)> <Delay = 9.18> <CoreInst = "DAddSub_fulldsp">   --->   Core 37 'DAddSub_fulldsp' <Latency = 3> <II = 1> <Delay = 9.18> <FuncUnit> <Opcode : 'dadd' 'dsub'> <InPorts = 2> <OutPorts = 1>

State 15 <SV = 14> <Delay = 9.18>
ST_15 : Operation 87 [3/4] (9.18ns)   --->   "%sub_i = dadd i64 %tmp_s, i64 -1" [C:\scratch\2024.1\hls_product\545\2024.1\src\shared\hls\clib\hlsmath\src\common\hls_exp_float.cpp:12->C:\scratch\2024.1\hls_product\545\2024.1\src\shared\hls\clib/hlsmath/include/FloatingPoint\hls_tanh.h:61]   --->   Operation 87 'dadd' 'sub_i' <Predicate = (!icmp_ln36 & !icmp_ln45 & !and_ln46 & tmp_30 & !icmp_ln9 & !icmp_ln10)> <Delay = 9.18> <CoreInst = "DAddSub_fulldsp">   --->   Core 37 'DAddSub_fulldsp' <Latency = 3> <II = 1> <Delay = 9.18> <FuncUnit> <Opcode : 'dadd' 'dsub'> <InPorts = 2> <OutPorts = 1>

State 16 <SV = 15> <Delay = 9.18>
ST_16 : Operation 88 [2/4] (9.18ns)   --->   "%sub_i = dadd i64 %tmp_s, i64 -1" [C:\scratch\2024.1\hls_product\545\2024.1\src\shared\hls\clib\hlsmath\src\common\hls_exp_float.cpp:12->C:\scratch\2024.1\hls_product\545\2024.1\src\shared\hls\clib/hlsmath/include/FloatingPoint\hls_tanh.h:61]   --->   Operation 88 'dadd' 'sub_i' <Predicate = (!icmp_ln36 & !icmp_ln45 & !and_ln46 & tmp_30 & !icmp_ln9 & !icmp_ln10)> <Delay = 9.18> <CoreInst = "DAddSub_fulldsp">   --->   Core 37 'DAddSub_fulldsp' <Latency = 3> <II = 1> <Delay = 9.18> <FuncUnit> <Opcode : 'dadd' 'dsub'> <InPorts = 2> <OutPorts = 1>

State 17 <SV = 16> <Delay = 9.18>
ST_17 : Operation 89 [1/4] (9.18ns)   --->   "%sub_i = dadd i64 %tmp_s, i64 -1" [C:\scratch\2024.1\hls_product\545\2024.1\src\shared\hls\clib\hlsmath\src\common\hls_exp_float.cpp:12->C:\scratch\2024.1\hls_product\545\2024.1\src\shared\hls\clib/hlsmath/include/FloatingPoint\hls_tanh.h:61]   --->   Operation 89 'dadd' 'sub_i' <Predicate = (!icmp_ln36 & !icmp_ln45 & !and_ln46 & tmp_30 & !icmp_ln9 & !icmp_ln10)> <Delay = 9.18> <CoreInst = "DAddSub_fulldsp">   --->   Core 37 'DAddSub_fulldsp' <Latency = 3> <II = 1> <Delay = 9.18> <FuncUnit> <Opcode : 'dadd' 'dsub'> <InPorts = 2> <OutPorts = 1>

State 18 <SV = 17> <Delay = 2.89>
ST_18 : Operation 90 [2/2] (2.89ns)   --->   "%conv6_i = fptrunc i64 %sub_i" [C:\scratch\2024.1\hls_product\545\2024.1\src\shared\hls\clib\hlsmath\src\common\hls_exp_float.cpp:12->C:\scratch\2024.1\hls_product\545\2024.1\src\shared\hls\clib/hlsmath/include/FloatingPoint\hls_tanh.h:61]   --->   Operation 90 'fptrunc' 'conv6_i' <Predicate = (!icmp_ln36 & !icmp_ln45 & !and_ln46 & tmp_30 & !icmp_ln9 & !icmp_ln10)> <Delay = 2.89> <CoreInst = "Double2Float">   --->   Core 67 'Double2Float' <Latency = 1> <II = 1> <Delay = 2.89> <FuncUnit> <Opcode : 'fptrunc'> <InPorts = 1> <OutPorts = 1>

State 19 <SV = 18> <Delay = 2.89>
ST_19 : Operation 91 [1/2] (2.89ns)   --->   "%conv6_i = fptrunc i64 %sub_i" [C:\scratch\2024.1\hls_product\545\2024.1\src\shared\hls\clib\hlsmath\src\common\hls_exp_float.cpp:12->C:\scratch\2024.1\hls_product\545\2024.1\src\shared\hls\clib/hlsmath/include/FloatingPoint\hls_tanh.h:61]   --->   Operation 91 'fptrunc' 'conv6_i' <Predicate = (!icmp_ln36 & !icmp_ln45 & !and_ln46 & tmp_30 & !icmp_ln9 & !icmp_ln10)> <Delay = 2.89> <CoreInst = "Double2Float">   --->   Core 67 'Double2Float' <Latency = 1> <II = 1> <Delay = 2.89> <FuncUnit> <Opcode : 'fptrunc'> <InPorts = 1> <OutPorts = 1>
ST_19 : Operation 92 [1/1] (0.47ns)   --->   "%br_ln0 = br void %_ZN11exp_reduce_5expm1Ef.exit"   --->   Operation 92 'br' 'br_ln0' <Predicate = (!icmp_ln36 & !icmp_ln45 & !and_ln46 & tmp_30 & !icmp_ln9 & !icmp_ln10)> <Delay = 0.47>

State 20 <SV = 19> <Delay = 10.5>
ST_20 : Operation 93 [1/1] (0.00ns)   --->   "%expx = phi i32 %conv6_i, void %if.end4.i, i32 0, void %if.then14, i32 %x_6, void %if.end.i"   --->   Operation 93 'phi' 'expx' <Predicate = (!icmp_ln36 & !icmp_ln45 & !and_ln46 & tmp_30)> <Delay = 0.00>
ST_20 : Operation 94 [3/3] (10.5ns)   --->   "%add2 = fadd i32 %expx, i32 2" [C:\scratch\2024.1\hls_product\545\2024.1\src\shared\hls\clib/hlsmath/include/FloatingPoint\hls_tanh.h:71]   --->   Operation 94 'fadd' 'add2' <Predicate = (!icmp_ln36 & !icmp_ln45 & !and_ln46 & tmp_30)> <Delay = 10.5> <CoreInst = "FAddSub_fulldsp">   --->   Core 18 'FAddSub_fulldsp' <Latency = 2> <II = 1> <Delay = 10.5> <FuncUnit> <Opcode : 'fadd' 'fsub'> <InPorts = 2> <OutPorts = 1>

State 21 <SV = 20> <Delay = 10.5>
ST_21 : Operation 95 [2/3] (10.5ns)   --->   "%add2 = fadd i32 %expx, i32 2" [C:\scratch\2024.1\hls_product\545\2024.1\src\shared\hls\clib/hlsmath/include/FloatingPoint\hls_tanh.h:71]   --->   Operation 95 'fadd' 'add2' <Predicate = (!icmp_ln36 & !icmp_ln45 & !and_ln46 & tmp_30)> <Delay = 10.5> <CoreInst = "FAddSub_fulldsp">   --->   Core 18 'FAddSub_fulldsp' <Latency = 2> <II = 1> <Delay = 10.5> <FuncUnit> <Opcode : 'fadd' 'fsub'> <InPorts = 2> <OutPorts = 1>

State 22 <SV = 21> <Delay = 10.5>
ST_22 : Operation 96 [1/3] (10.5ns)   --->   "%add2 = fadd i32 %expx, i32 2" [C:\scratch\2024.1\hls_product\545\2024.1\src\shared\hls\clib/hlsmath/include/FloatingPoint\hls_tanh.h:71]   --->   Operation 96 'fadd' 'add2' <Predicate = (!icmp_ln36 & !icmp_ln45 & !and_ln46 & tmp_30)> <Delay = 10.5> <CoreInst = "FAddSub_fulldsp">   --->   Core 18 'FAddSub_fulldsp' <Latency = 2> <II = 1> <Delay = 10.5> <FuncUnit> <Opcode : 'fadd' 'fsub'> <InPorts = 2> <OutPorts = 1>

State 23 <SV = 22> <Delay = 9.95>
ST_23 : Operation 97 [7/7] (9.66ns)   --->   "%div = fdiv i32 2, i32 %add2" [C:\scratch\2024.1\hls_product\545\2024.1\src\shared\hls\clib/hlsmath/include/FloatingPoint\hls_tanh.h:71]   --->   Operation 97 'fdiv' 'div' <Predicate = (!icmp_ln36 & !icmp_ln45 & !and_ln46 & tmp_30 & !icmp_ln54)> <Delay = 9.66> <CoreInst = "FDiv">   --->   Core 20 'FDiv' <Latency = 6> <II = 1> <Delay = 9.66> <FuncUnit> <Opcode : 'fdiv' 'frem'> <InPorts = 2> <OutPorts = 1>
ST_23 : Operation 98 [1/1] (0.00ns)   --->   "%bitcast_ln66 = bitcast i32 %expx" [C:\scratch\2024.1\hls_product\545\2024.1\src\shared\hls\clib/hlsmath/include/FloatingPoint\hls_tanh.h:66]   --->   Operation 98 'bitcast' 'bitcast_ln66' <Predicate = (!icmp_ln36 & !icmp_ln45 & !and_ln46 & tmp_30 & icmp_ln54)> <Delay = 0.00>
ST_23 : Operation 99 [1/1] (0.00ns)   --->   "%bit_sel = bitselect i1 @_ssdm_op_BitSelect.i1.i32.i32, i32 %bitcast_ln66, i32 31" [C:\scratch\2024.1\hls_product\545\2024.1\src\shared\hls\clib/hlsmath/include/FloatingPoint\hls_tanh.h:66]   --->   Operation 99 'bitselect' 'bit_sel' <Predicate = (!icmp_ln36 & !icmp_ln45 & !and_ln46 & tmp_30 & icmp_ln54)> <Delay = 0.00>
ST_23 : Operation 100 [1/1] (0.28ns)   --->   "%xor_ln66 = xor i1 %bit_sel, i1 1" [C:\scratch\2024.1\hls_product\545\2024.1\src\shared\hls\clib/hlsmath/include/FloatingPoint\hls_tanh.h:66]   --->   Operation 100 'xor' 'xor_ln66' <Predicate = (!icmp_ln36 & !icmp_ln45 & !and_ln46 & tmp_30 & icmp_ln54)> <Delay = 0.28> <CoreInst = "LogicGate">   --->   Core 74 'LogicGate' <Latency = 0> <II = 1> <Delay = 0.28> <FuncUnit> <Opcode : 'and' 'or' 'xor'> <InPorts = 2> <OutPorts = 1>
ST_23 : Operation 101 [1/1] (0.00ns)   --->   "%trunc_ln66 = trunc i32 %bitcast_ln66" [C:\scratch\2024.1\hls_product\545\2024.1\src\shared\hls\clib/hlsmath/include/FloatingPoint\hls_tanh.h:66]   --->   Operation 101 'trunc' 'trunc_ln66' <Predicate = (!icmp_ln36 & !icmp_ln45 & !and_ln46 & tmp_30 & icmp_ln54)> <Delay = 0.00>
ST_23 : Operation 102 [1/1] (0.00ns)   --->   "%xor_ln = bitconcatenate i32 @_ssdm_op_BitConcatenate.i32.i1.i31, i1 %xor_ln66, i31 %trunc_ln66" [C:\scratch\2024.1\hls_product\545\2024.1\src\shared\hls\clib/hlsmath/include/FloatingPoint\hls_tanh.h:66]   --->   Operation 102 'bitconcatenate' 'xor_ln' <Predicate = (!icmp_ln36 & !icmp_ln45 & !and_ln46 & tmp_30 & icmp_ln54)> <Delay = 0.00>
ST_23 : Operation 103 [1/1] (0.00ns)   --->   "%bitcast_ln66_1 = bitcast i32 %xor_ln" [C:\scratch\2024.1\hls_product\545\2024.1\src\shared\hls\clib/hlsmath/include/FloatingPoint\hls_tanh.h:66]   --->   Operation 103 'bitcast' 'bitcast_ln66_1' <Predicate = (!icmp_ln36 & !icmp_ln45 & !and_ln46 & tmp_30 & icmp_ln54)> <Delay = 0.00>
ST_23 : Operation 104 [7/7] (9.66ns)   --->   "%resultf_1 = fdiv i32 %bitcast_ln66_1, i32 %add2" [C:\scratch\2024.1\hls_product\545\2024.1\src\shared\hls\clib/hlsmath/include/FloatingPoint\hls_tanh.h:66]   --->   Operation 104 'fdiv' 'resultf_1' <Predicate = (!icmp_ln36 & !icmp_ln45 & !and_ln46 & tmp_30 & icmp_ln54)> <Delay = 9.66> <CoreInst = "FDiv">   --->   Core 20 'FDiv' <Latency = 6> <II = 1> <Delay = 9.66> <FuncUnit> <Opcode : 'fdiv' 'frem'> <InPorts = 2> <OutPorts = 1>

State 24 <SV = 23> <Delay = 9.66>
ST_24 : Operation 105 [6/7] (9.66ns)   --->   "%div = fdiv i32 2, i32 %add2" [C:\scratch\2024.1\hls_product\545\2024.1\src\shared\hls\clib/hlsmath/include/FloatingPoint\hls_tanh.h:71]   --->   Operation 105 'fdiv' 'div' <Predicate = (!icmp_ln36 & !icmp_ln45 & !and_ln46 & tmp_30 & !icmp_ln54)> <Delay = 9.66> <CoreInst = "FDiv">   --->   Core 20 'FDiv' <Latency = 6> <II = 1> <Delay = 9.66> <FuncUnit> <Opcode : 'fdiv' 'frem'> <InPorts = 2> <OutPorts = 1>
ST_24 : Operation 106 [6/7] (9.66ns)   --->   "%resultf_1 = fdiv i32 %bitcast_ln66_1, i32 %add2" [C:\scratch\2024.1\hls_product\545\2024.1\src\shared\hls\clib/hlsmath/include/FloatingPoint\hls_tanh.h:66]   --->   Operation 106 'fdiv' 'resultf_1' <Predicate = (!icmp_ln36 & !icmp_ln45 & !and_ln46 & tmp_30 & icmp_ln54)> <Delay = 9.66> <CoreInst = "FDiv">   --->   Core 20 'FDiv' <Latency = 6> <II = 1> <Delay = 9.66> <FuncUnit> <Opcode : 'fdiv' 'frem'> <InPorts = 2> <OutPorts = 1>

State 25 <SV = 24> <Delay = 9.66>
ST_25 : Operation 107 [5/7] (9.66ns)   --->   "%div = fdiv i32 2, i32 %add2" [C:\scratch\2024.1\hls_product\545\2024.1\src\shared\hls\clib/hlsmath/include/FloatingPoint\hls_tanh.h:71]   --->   Operation 107 'fdiv' 'div' <Predicate = (!icmp_ln36 & !icmp_ln45 & !and_ln46 & tmp_30 & !icmp_ln54)> <Delay = 9.66> <CoreInst = "FDiv">   --->   Core 20 'FDiv' <Latency = 6> <II = 1> <Delay = 9.66> <FuncUnit> <Opcode : 'fdiv' 'frem'> <InPorts = 2> <OutPorts = 1>
ST_25 : Operation 108 [5/7] (9.66ns)   --->   "%resultf_1 = fdiv i32 %bitcast_ln66_1, i32 %add2" [C:\scratch\2024.1\hls_product\545\2024.1\src\shared\hls\clib/hlsmath/include/FloatingPoint\hls_tanh.h:66]   --->   Operation 108 'fdiv' 'resultf_1' <Predicate = (!icmp_ln36 & !icmp_ln45 & !and_ln46 & tmp_30 & icmp_ln54)> <Delay = 9.66> <CoreInst = "FDiv">   --->   Core 20 'FDiv' <Latency = 6> <II = 1> <Delay = 9.66> <FuncUnit> <Opcode : 'fdiv' 'frem'> <InPorts = 2> <OutPorts = 1>

State 26 <SV = 25> <Delay = 9.66>
ST_26 : Operation 109 [4/7] (9.66ns)   --->   "%div = fdiv i32 2, i32 %add2" [C:\scratch\2024.1\hls_product\545\2024.1\src\shared\hls\clib/hlsmath/include/FloatingPoint\hls_tanh.h:71]   --->   Operation 109 'fdiv' 'div' <Predicate = (!icmp_ln36 & !icmp_ln45 & !and_ln46 & tmp_30 & !icmp_ln54)> <Delay = 9.66> <CoreInst = "FDiv">   --->   Core 20 'FDiv' <Latency = 6> <II = 1> <Delay = 9.66> <FuncUnit> <Opcode : 'fdiv' 'frem'> <InPorts = 2> <OutPorts = 1>
ST_26 : Operation 110 [4/7] (9.66ns)   --->   "%resultf_1 = fdiv i32 %bitcast_ln66_1, i32 %add2" [C:\scratch\2024.1\hls_product\545\2024.1\src\shared\hls\clib/hlsmath/include/FloatingPoint\hls_tanh.h:66]   --->   Operation 110 'fdiv' 'resultf_1' <Predicate = (!icmp_ln36 & !icmp_ln45 & !and_ln46 & tmp_30 & icmp_ln54)> <Delay = 9.66> <CoreInst = "FDiv">   --->   Core 20 'FDiv' <Latency = 6> <II = 1> <Delay = 9.66> <FuncUnit> <Opcode : 'fdiv' 'frem'> <InPorts = 2> <OutPorts = 1>

State 27 <SV = 26> <Delay = 9.66>
ST_27 : Operation 111 [3/7] (9.66ns)   --->   "%div = fdiv i32 2, i32 %add2" [C:\scratch\2024.1\hls_product\545\2024.1\src\shared\hls\clib/hlsmath/include/FloatingPoint\hls_tanh.h:71]   --->   Operation 111 'fdiv' 'div' <Predicate = (!icmp_ln36 & !icmp_ln45 & !and_ln46 & tmp_30 & !icmp_ln54)> <Delay = 9.66> <CoreInst = "FDiv">   --->   Core 20 'FDiv' <Latency = 6> <II = 1> <Delay = 9.66> <FuncUnit> <Opcode : 'fdiv' 'frem'> <InPorts = 2> <OutPorts = 1>
ST_27 : Operation 112 [3/7] (9.66ns)   --->   "%resultf_1 = fdiv i32 %bitcast_ln66_1, i32 %add2" [C:\scratch\2024.1\hls_product\545\2024.1\src\shared\hls\clib/hlsmath/include/FloatingPoint\hls_tanh.h:66]   --->   Operation 112 'fdiv' 'resultf_1' <Predicate = (!icmp_ln36 & !icmp_ln45 & !and_ln46 & tmp_30 & icmp_ln54)> <Delay = 9.66> <CoreInst = "FDiv">   --->   Core 20 'FDiv' <Latency = 6> <II = 1> <Delay = 9.66> <FuncUnit> <Opcode : 'fdiv' 'frem'> <InPorts = 2> <OutPorts = 1>

State 28 <SV = 27> <Delay = 9.66>
ST_28 : Operation 113 [2/7] (9.66ns)   --->   "%div = fdiv i32 2, i32 %add2" [C:\scratch\2024.1\hls_product\545\2024.1\src\shared\hls\clib/hlsmath/include/FloatingPoint\hls_tanh.h:71]   --->   Operation 113 'fdiv' 'div' <Predicate = (!icmp_ln36 & !icmp_ln45 & !and_ln46 & tmp_30 & !icmp_ln54)> <Delay = 9.66> <CoreInst = "FDiv">   --->   Core 20 'FDiv' <Latency = 6> <II = 1> <Delay = 9.66> <FuncUnit> <Opcode : 'fdiv' 'frem'> <InPorts = 2> <OutPorts = 1>
ST_28 : Operation 114 [2/7] (9.66ns)   --->   "%resultf_1 = fdiv i32 %bitcast_ln66_1, i32 %add2" [C:\scratch\2024.1\hls_product\545\2024.1\src\shared\hls\clib/hlsmath/include/FloatingPoint\hls_tanh.h:66]   --->   Operation 114 'fdiv' 'resultf_1' <Predicate = (!icmp_ln36 & !icmp_ln45 & !and_ln46 & tmp_30 & icmp_ln54)> <Delay = 9.66> <CoreInst = "FDiv">   --->   Core 20 'FDiv' <Latency = 6> <II = 1> <Delay = 9.66> <FuncUnit> <Opcode : 'fdiv' 'frem'> <InPorts = 2> <OutPorts = 1>

State 29 <SV = 28> <Delay = 9.66>
ST_29 : Operation 115 [1/7] (9.66ns)   --->   "%div = fdiv i32 2, i32 %add2" [C:\scratch\2024.1\hls_product\545\2024.1\src\shared\hls\clib/hlsmath/include/FloatingPoint\hls_tanh.h:71]   --->   Operation 115 'fdiv' 'div' <Predicate = (!icmp_ln36 & !icmp_ln45 & !and_ln46 & tmp_30 & !icmp_ln54)> <Delay = 9.66> <CoreInst = "FDiv">   --->   Core 20 'FDiv' <Latency = 6> <II = 1> <Delay = 9.66> <FuncUnit> <Opcode : 'fdiv' 'frem'> <InPorts = 2> <OutPorts = 1>
ST_29 : Operation 116 [1/7] (9.66ns)   --->   "%resultf_1 = fdiv i32 %bitcast_ln66_1, i32 %add2" [C:\scratch\2024.1\hls_product\545\2024.1\src\shared\hls\clib/hlsmath/include/FloatingPoint\hls_tanh.h:66]   --->   Operation 116 'fdiv' 'resultf_1' <Predicate = (!icmp_ln36 & !icmp_ln45 & !and_ln46 & tmp_30 & icmp_ln54)> <Delay = 9.66> <CoreInst = "FDiv">   --->   Core 20 'FDiv' <Latency = 6> <II = 1> <Delay = 9.66> <FuncUnit> <Opcode : 'fdiv' 'frem'> <InPorts = 2> <OutPorts = 1>
ST_29 : Operation 117 [1/1] (0.57ns)   --->   "%br_ln67 = br void %if.end38" [C:\scratch\2024.1\hls_product\545\2024.1\src\shared\hls\clib/hlsmath/include/FloatingPoint\hls_tanh.h:67]   --->   Operation 117 'br' 'br_ln67' <Predicate = (!icmp_ln36 & !icmp_ln45 & !and_ln46 & tmp_30 & icmp_ln54)> <Delay = 0.57>

State 30 <SV = 29> <Delay = 10.5>
ST_30 : Operation 118 [3/3] (10.5ns)   --->   "%resultf_2 = fsub i32 1, i32 %div" [C:\scratch\2024.1\hls_product\545\2024.1\src\shared\hls\clib/hlsmath/include/FloatingPoint\hls_tanh.h:71]   --->   Operation 118 'fsub' 'resultf_2' <Predicate = (!icmp_ln36 & !icmp_ln45 & !and_ln46 & tmp_30 & !icmp_ln54)> <Delay = 10.5> <CoreInst = "FAddSub_fulldsp">   --->   Core 18 'FAddSub_fulldsp' <Latency = 2> <II = 1> <Delay = 10.5> <FuncUnit> <Opcode : 'fadd' 'fsub'> <InPorts = 2> <OutPorts = 1>

State 31 <SV = 30> <Delay = 10.5>
ST_31 : Operation 119 [2/3] (10.5ns)   --->   "%resultf_2 = fsub i32 1, i32 %div" [C:\scratch\2024.1\hls_product\545\2024.1\src\shared\hls\clib/hlsmath/include/FloatingPoint\hls_tanh.h:71]   --->   Operation 119 'fsub' 'resultf_2' <Predicate = (!icmp_ln36 & !icmp_ln45 & !and_ln46 & tmp_30 & !icmp_ln54)> <Delay = 10.5> <CoreInst = "FAddSub_fulldsp">   --->   Core 18 'FAddSub_fulldsp' <Latency = 2> <II = 1> <Delay = 10.5> <FuncUnit> <Opcode : 'fadd' 'fsub'> <InPorts = 2> <OutPorts = 1>

State 32 <SV = 31> <Delay = 10.5>
ST_32 : Operation 120 [1/3] (10.5ns)   --->   "%resultf_2 = fsub i32 1, i32 %div" [C:\scratch\2024.1\hls_product\545\2024.1\src\shared\hls\clib/hlsmath/include/FloatingPoint\hls_tanh.h:71]   --->   Operation 120 'fsub' 'resultf_2' <Predicate = (!icmp_ln36 & !icmp_ln45 & !and_ln46 & tmp_30 & !icmp_ln54)> <Delay = 10.5> <CoreInst = "FAddSub_fulldsp">   --->   Core 18 'FAddSub_fulldsp' <Latency = 2> <II = 1> <Delay = 10.5> <FuncUnit> <Opcode : 'fadd' 'fsub'> <InPorts = 2> <OutPorts = 1>
ST_32 : Operation 121 [1/1] (0.44ns)   --->   "%select_ln38 = select i1 %icmp_ln38, i32 nan, i32 1" [C:\scratch\2024.1\hls_product\545\2024.1\src\shared\hls\clib/hlsmath/include/FloatingPoint\hls_tanh.h:38]   --->   Operation 121 'select' 'select_ln38' <Predicate = (icmp_ln36)> <Delay = 0.44> <CoreInst = "Sel">   --->   Core 73 'Sel' <Latency = 0> <II = 1> <Delay = 0.44> <FuncUnit> <Opcode : 'select'> <InPorts = 3> <OutPorts = 1>
ST_32 : Operation 122 [1/1] (0.57ns)   --->   "%br_ln38 = br void %if.end38" [C:\scratch\2024.1\hls_product\545\2024.1\src\shared\hls\clib/hlsmath/include/FloatingPoint\hls_tanh.h:38]   --->   Operation 122 'br' 'br_ln38' <Predicate = (icmp_ln36)> <Delay = 0.57>

State 33 <SV = 32> <Delay = 1.02>
ST_33 : Operation 123 [1/1] (0.57ns)   --->   "%br_ln0 = br void %if.end38"   --->   Operation 123 'br' 'br_ln0' <Predicate = (!icmp_ln36 & !icmp_ln45 & !and_ln46 & tmp_30 & !icmp_ln54)> <Delay = 0.57>
ST_33 : Operation 124 [1/1] (0.00ns)   --->   "%resultf_3 = phi i32 %resultf, void %if.then12, i32 %resultf_1, void %if.then25, i32 %resultf_2, void %if.else28, i32 %select_ln38, void %if.then, i32 1, void %if.else13"   --->   Operation 124 'phi' 'resultf_3' <Predicate = true> <Delay = 0.00>
ST_33 : Operation 125 [1/1] (0.00ns)   --->   "%bitcast_ln83 = bitcast i32 %resultf_3" [C:\scratch\2024.1\hls_product\545\2024.1\src\shared\hls\clib/hlsmath/include/FloatingPoint\hls_tanh.h:83]   --->   Operation 125 'bitcast' 'bitcast_ln83' <Predicate = (din_sign)> <Delay = 0.00>
ST_33 : Operation 126 [1/1] (0.00ns) (grouped into LUT with out node select_ln79)   --->   "%bit_sel1 = bitselect i1 @_ssdm_op_BitSelect.i1.i32.i32, i32 %bitcast_ln83, i32 31" [C:\scratch\2024.1\hls_product\545\2024.1\src\shared\hls\clib/hlsmath/include/FloatingPoint\hls_tanh.h:83]   --->   Operation 126 'bitselect' 'bit_sel1' <Predicate = (din_sign)> <Delay = 0.00>
ST_33 : Operation 127 [1/1] (0.00ns) (grouped into LUT with out node select_ln79)   --->   "%xor_ln83 = xor i1 %bit_sel1, i1 1" [C:\scratch\2024.1\hls_product\545\2024.1\src\shared\hls\clib/hlsmath/include/FloatingPoint\hls_tanh.h:83]   --->   Operation 127 'xor' 'xor_ln83' <Predicate = (din_sign)> <Delay = 0.00> <CoreInst = "LogicGate">   --->   Core 74 'LogicGate' <Latency = 0> <II = 1> <Delay = 0.28> <FuncUnit> <Opcode : 'and' 'or' 'xor'> <InPorts = 2> <OutPorts = 1>
ST_33 : Operation 128 [1/1] (0.00ns) (grouped into LUT with out node select_ln79)   --->   "%trunc_ln83 = trunc i32 %bitcast_ln83" [C:\scratch\2024.1\hls_product\545\2024.1\src\shared\hls\clib/hlsmath/include/FloatingPoint\hls_tanh.h:83]   --->   Operation 128 'trunc' 'trunc_ln83' <Predicate = (din_sign)> <Delay = 0.00>
ST_33 : Operation 129 [1/1] (0.00ns) (grouped into LUT with out node select_ln79)   --->   "%xor_ln1 = bitconcatenate i32 @_ssdm_op_BitConcatenate.i32.i1.i31, i1 %xor_ln83, i31 %trunc_ln83" [C:\scratch\2024.1\hls_product\545\2024.1\src\shared\hls\clib/hlsmath/include/FloatingPoint\hls_tanh.h:83]   --->   Operation 129 'bitconcatenate' 'xor_ln1' <Predicate = (din_sign)> <Delay = 0.00>
ST_33 : Operation 130 [1/1] (0.00ns) (grouped into LUT with out node select_ln79)   --->   "%bitcast_ln83_1 = bitcast i32 %xor_ln1" [C:\scratch\2024.1\hls_product\545\2024.1\src\shared\hls\clib/hlsmath/include/FloatingPoint\hls_tanh.h:83]   --->   Operation 130 'bitcast' 'bitcast_ln83_1' <Predicate = (din_sign)> <Delay = 0.00>
ST_33 : Operation 131 [1/1] (0.44ns) (out node of the LUT)   --->   "%select_ln79 = select i1 %din_sign, i32 %bitcast_ln83_1, i32 %resultf_3" [C:\scratch\2024.1\hls_product\545\2024.1\src\shared\hls\clib/hlsmath/include/FloatingPoint\hls_tanh.h:79]   --->   Operation 131 'select' 'select_ln79' <Predicate = true> <Delay = 0.44> <CoreInst = "Sel">   --->   Core 73 'Sel' <Latency = 0> <II = 1> <Delay = 0.44> <FuncUnit> <Opcode : 'select'> <InPorts = 3> <OutPorts = 1>
ST_33 : Operation 132 [1/1] (0.00ns)   --->   "%ret_ln85 = ret i32 %select_ln79" [C:\scratch\2024.1\hls_product\545\2024.1\src\shared\hls\clib/hlsmath/include/FloatingPoint\hls_tanh.h:85]   --->   Operation 132 'ret' 'ret_ln85' <Predicate = true> <Delay = 0.00>


============================================================
+ Verbose Summary: Timing violations
============================================================
Target clock period: 15.000ns, clock uncertainty: 4.050ns.

 <State 1>: 10.544ns
The critical path consists of the following:
	wire read operation ('t_in', C:\scratch\2024.1\hls_product\545\2024.1\src\shared\hls\clib/hlsmath/include/FloatingPoint\hls_tanh.h:28) on port 't_in' (C:\scratch\2024.1\hls_product\545\2024.1\src\shared\hls\clib/hlsmath/include/FloatingPoint\hls_tanh.h:28) [5]  (0.000 ns)
	'fadd' operation 32 bit ('add', C:\scratch\2024.1\hls_product\545\2024.1\src\shared\hls\clib/hlsmath/include/FloatingPoint\hls_tanh.h:49) [64]  (10.544 ns)

 <State 2>: 10.544ns
The critical path consists of the following:
	'fadd' operation 32 bit ('add', C:\scratch\2024.1\hls_product\545\2024.1\src\shared\hls\clib/hlsmath/include/FloatingPoint\hls_tanh.h:49) [64]  (10.544 ns)

 <State 3>: 10.544ns
The critical path consists of the following:
	'fadd' operation 32 bit ('add', C:\scratch\2024.1\hls_product\545\2024.1\src\shared\hls\clib/hlsmath/include/FloatingPoint\hls_tanh.h:49) [64]  (10.544 ns)

 <State 4>: 10.544ns
The critical path consists of the following:
	'fsub' operation 32 bit ('x', C:\scratch\2024.1\hls_product\545\2024.1\src\shared\hls\clib/hlsmath/include/FloatingPoint\hls_tanh.h:55) [30]  (10.544 ns)

 <State 5>: 10.059ns
The critical path consists of the following:
	'select' operation 32 bit ('x', C:\scratch\2024.1\hls_product\545\2024.1\src\shared\hls\clib/hlsmath/include/FloatingPoint\hls_tanh.h:54) [32]  (0.449 ns)
	'fpext' operation 64 bit ('xd', C:\scratch\2024.1\hls_product\545\2024.1\src\shared\hls\clib\hlsmath\src\common\hls_exp_float.cpp:11->C:\scratch\2024.1\hls_product\545\2024.1\src\shared\hls\clib/hlsmath/include/FloatingPoint\hls_tanh.h:61) [41]  (9.610 ns)

 <State 6>: 6.129ns
The critical path consists of the following:
	'call' operation 64 bit ('tmp_s', C:\scratch\2024.1\hls_product\545\2024.1\src\shared\hls\clib\hlsmath\src\common\hls_exp_float.cpp:12->C:\scratch\2024.1\hls_product\545\2024.1\src\shared\hls\clib/hlsmath/include/FloatingPoint\hls_tanh.h:61) to 'exp_generic<double>' [42]  (6.129 ns)

 <State 7>: 8.974ns
The critical path consists of the following:
	'call' operation 64 bit ('tmp_s', C:\scratch\2024.1\hls_product\545\2024.1\src\shared\hls\clib\hlsmath\src\common\hls_exp_float.cpp:12->C:\scratch\2024.1\hls_product\545\2024.1\src\shared\hls\clib/hlsmath/include/FloatingPoint\hls_tanh.h:61) to 'exp_generic<double>' [42]  (8.974 ns)

 <State 8>: 8.974ns
The critical path consists of the following:
	'call' operation 64 bit ('tmp_s', C:\scratch\2024.1\hls_product\545\2024.1\src\shared\hls\clib\hlsmath\src\common\hls_exp_float.cpp:12->C:\scratch\2024.1\hls_product\545\2024.1\src\shared\hls\clib/hlsmath/include/FloatingPoint\hls_tanh.h:61) to 'exp_generic<double>' [42]  (8.974 ns)

 <State 9>: 8.974ns
The critical path consists of the following:
	'call' operation 64 bit ('tmp_s', C:\scratch\2024.1\hls_product\545\2024.1\src\shared\hls\clib\hlsmath\src\common\hls_exp_float.cpp:12->C:\scratch\2024.1\hls_product\545\2024.1\src\shared\hls\clib/hlsmath/include/FloatingPoint\hls_tanh.h:61) to 'exp_generic<double>' [42]  (8.974 ns)

 <State 10>: 8.974ns
The critical path consists of the following:
	'call' operation 64 bit ('tmp_s', C:\scratch\2024.1\hls_product\545\2024.1\src\shared\hls\clib\hlsmath\src\common\hls_exp_float.cpp:12->C:\scratch\2024.1\hls_product\545\2024.1\src\shared\hls\clib/hlsmath/include/FloatingPoint\hls_tanh.h:61) to 'exp_generic<double>' [42]  (8.974 ns)

 <State 11>: 8.974ns
The critical path consists of the following:
	'call' operation 64 bit ('tmp_s', C:\scratch\2024.1\hls_product\545\2024.1\src\shared\hls\clib\hlsmath\src\common\hls_exp_float.cpp:12->C:\scratch\2024.1\hls_product\545\2024.1\src\shared\hls\clib/hlsmath/include/FloatingPoint\hls_tanh.h:61) to 'exp_generic<double>' [42]  (8.974 ns)

 <State 12>: 8.974ns
The critical path consists of the following:
	'call' operation 64 bit ('tmp_s', C:\scratch\2024.1\hls_product\545\2024.1\src\shared\hls\clib\hlsmath\src\common\hls_exp_float.cpp:12->C:\scratch\2024.1\hls_product\545\2024.1\src\shared\hls\clib/hlsmath/include/FloatingPoint\hls_tanh.h:61) to 'exp_generic<double>' [42]  (8.974 ns)

 <State 13>: 8.580ns
The critical path consists of the following:
	'call' operation 64 bit ('tmp_s', C:\scratch\2024.1\hls_product\545\2024.1\src\shared\hls\clib\hlsmath\src\common\hls_exp_float.cpp:12->C:\scratch\2024.1\hls_product\545\2024.1\src\shared\hls\clib/hlsmath/include/FloatingPoint\hls_tanh.h:61) to 'exp_generic<double>' [42]  (8.580 ns)

 <State 14>: 9.183ns
The critical path consists of the following:
	'dadd' operation 64 bit ('sub_i', C:\scratch\2024.1\hls_product\545\2024.1\src\shared\hls\clib\hlsmath\src\common\hls_exp_float.cpp:12->C:\scratch\2024.1\hls_product\545\2024.1\src\shared\hls\clib/hlsmath/include/FloatingPoint\hls_tanh.h:61) [43]  (9.183 ns)

 <State 15>: 9.183ns
The critical path consists of the following:
	'dadd' operation 64 bit ('sub_i', C:\scratch\2024.1\hls_product\545\2024.1\src\shared\hls\clib\hlsmath\src\common\hls_exp_float.cpp:12->C:\scratch\2024.1\hls_product\545\2024.1\src\shared\hls\clib/hlsmath/include/FloatingPoint\hls_tanh.h:61) [43]  (9.183 ns)

 <State 16>: 9.183ns
The critical path consists of the following:
	'dadd' operation 64 bit ('sub_i', C:\scratch\2024.1\hls_product\545\2024.1\src\shared\hls\clib\hlsmath\src\common\hls_exp_float.cpp:12->C:\scratch\2024.1\hls_product\545\2024.1\src\shared\hls\clib/hlsmath/include/FloatingPoint\hls_tanh.h:61) [43]  (9.183 ns)

 <State 17>: 9.183ns
The critical path consists of the following:
	'dadd' operation 64 bit ('sub_i', C:\scratch\2024.1\hls_product\545\2024.1\src\shared\hls\clib\hlsmath\src\common\hls_exp_float.cpp:12->C:\scratch\2024.1\hls_product\545\2024.1\src\shared\hls\clib/hlsmath/include/FloatingPoint\hls_tanh.h:61) [43]  (9.183 ns)

 <State 18>: 2.891ns
The critical path consists of the following:
	'fptrunc' operation 32 bit ('conv6_i', C:\scratch\2024.1\hls_product\545\2024.1\src\shared\hls\clib\hlsmath\src\common\hls_exp_float.cpp:12->C:\scratch\2024.1\hls_product\545\2024.1\src\shared\hls\clib/hlsmath/include/FloatingPoint\hls_tanh.h:61) [44]  (2.891 ns)

 <State 19>: 2.891ns
The critical path consists of the following:
	'fptrunc' operation 32 bit ('conv6_i', C:\scratch\2024.1\hls_product\545\2024.1\src\shared\hls\clib\hlsmath\src\common\hls_exp_float.cpp:12->C:\scratch\2024.1\hls_product\545\2024.1\src\shared\hls\clib/hlsmath/include/FloatingPoint\hls_tanh.h:61) [44]  (2.891 ns)

 <State 20>: 10.544ns
The critical path consists of the following:
	'phi' operation 32 bit ('dc') with incoming values : ('x', C:\scratch\2024.1\hls_product\545\2024.1\src\shared\hls\clib/hlsmath/include/FloatingPoint\hls_tanh.h:54) ('conv6_i', C:\scratch\2024.1\hls_product\545\2024.1\src\shared\hls\clib\hlsmath\src\common\hls_exp_float.cpp:12->C:\scratch\2024.1\hls_product\545\2024.1\src\shared\hls\clib/hlsmath/include/FloatingPoint\hls_tanh.h:61) [47]  (0.000 ns)
	'fadd' operation 32 bit ('add2', C:\scratch\2024.1\hls_product\545\2024.1\src\shared\hls\clib/hlsmath/include/FloatingPoint\hls_tanh.h:71) [48]  (10.544 ns)

 <State 21>: 10.544ns
The critical path consists of the following:
	'fadd' operation 32 bit ('add2', C:\scratch\2024.1\hls_product\545\2024.1\src\shared\hls\clib/hlsmath/include/FloatingPoint\hls_tanh.h:71) [48]  (10.544 ns)

 <State 22>: 10.544ns
The critical path consists of the following:
	'fadd' operation 32 bit ('add2', C:\scratch\2024.1\hls_product\545\2024.1\src\shared\hls\clib/hlsmath/include/FloatingPoint\hls_tanh.h:71) [48]  (10.544 ns)

 <State 23>: 9.951ns
The critical path consists of the following:
	'xor' operation 1 bit ('xor_ln66', C:\scratch\2024.1\hls_product\545\2024.1\src\shared\hls\clib/hlsmath/include/FloatingPoint\hls_tanh.h:66) [57]  (0.287 ns)
	'fdiv' operation 32 bit ('resultf', C:\scratch\2024.1\hls_product\545\2024.1\src\shared\hls\clib/hlsmath/include/FloatingPoint\hls_tanh.h:66) [61]  (9.664 ns)

 <State 24>: 9.664ns
The critical path consists of the following:
	'fdiv' operation 32 bit ('div', C:\scratch\2024.1\hls_product\545\2024.1\src\shared\hls\clib/hlsmath/include/FloatingPoint\hls_tanh.h:71) [51]  (9.664 ns)

 <State 25>: 9.664ns
The critical path consists of the following:
	'fdiv' operation 32 bit ('div', C:\scratch\2024.1\hls_product\545\2024.1\src\shared\hls\clib/hlsmath/include/FloatingPoint\hls_tanh.h:71) [51]  (9.664 ns)

 <State 26>: 9.664ns
The critical path consists of the following:
	'fdiv' operation 32 bit ('div', C:\scratch\2024.1\hls_product\545\2024.1\src\shared\hls\clib/hlsmath/include/FloatingPoint\hls_tanh.h:71) [51]  (9.664 ns)

 <State 27>: 9.664ns
The critical path consists of the following:
	'fdiv' operation 32 bit ('div', C:\scratch\2024.1\hls_product\545\2024.1\src\shared\hls\clib/hlsmath/include/FloatingPoint\hls_tanh.h:71) [51]  (9.664 ns)

 <State 28>: 9.664ns
The critical path consists of the following:
	'fdiv' operation 32 bit ('div', C:\scratch\2024.1\hls_product\545\2024.1\src\shared\hls\clib/hlsmath/include/FloatingPoint\hls_tanh.h:71) [51]  (9.664 ns)

 <State 29>: 9.664ns
The critical path consists of the following:
	'fdiv' operation 32 bit ('div', C:\scratch\2024.1\hls_product\545\2024.1\src\shared\hls\clib/hlsmath/include/FloatingPoint\hls_tanh.h:71) [51]  (9.664 ns)

 <State 30>: 10.544ns
The critical path consists of the following:
	'fsub' operation 32 bit ('resultf', C:\scratch\2024.1\hls_product\545\2024.1\src\shared\hls\clib/hlsmath/include/FloatingPoint\hls_tanh.h:71) [52]  (10.544 ns)

 <State 31>: 10.544ns
The critical path consists of the following:
	'fsub' operation 32 bit ('resultf', C:\scratch\2024.1\hls_product\545\2024.1\src\shared\hls\clib/hlsmath/include/FloatingPoint\hls_tanh.h:71) [52]  (10.544 ns)

 <State 32>: 10.544ns
The critical path consists of the following:
	'fsub' operation 32 bit ('resultf', C:\scratch\2024.1\hls_product\545\2024.1\src\shared\hls\clib/hlsmath/include/FloatingPoint\hls_tanh.h:71) [52]  (10.544 ns)

 <State 33>: 1.023ns
The critical path consists of the following:
	multiplexor before 'phi' operation 32 bit ('resultf') with incoming values : ('resultf', C:\scratch\2024.1\hls_product\545\2024.1\src\shared\hls\clib/hlsmath/include/FloatingPoint\hls_tanh.h:71) ('resultf', C:\scratch\2024.1\hls_product\545\2024.1\src\shared\hls\clib/hlsmath/include/FloatingPoint\hls_tanh.h:66) ('resultf', C:\scratch\2024.1\hls_product\545\2024.1\src\shared\hls\clib/hlsmath/include/FloatingPoint\hls_tanh.h:49) ('select_ln38', C:\scratch\2024.1\hls_product\545\2024.1\src\shared\hls\clib/hlsmath/include/FloatingPoint\hls_tanh.h:38) [72]  (0.574 ns)
	'phi' operation 32 bit ('resultf') with incoming values : ('resultf', C:\scratch\2024.1\hls_product\545\2024.1\src\shared\hls\clib/hlsmath/include/FloatingPoint\hls_tanh.h:71) ('resultf', C:\scratch\2024.1\hls_product\545\2024.1\src\shared\hls\clib/hlsmath/include/FloatingPoint\hls_tanh.h:66) ('resultf', C:\scratch\2024.1\hls_product\545\2024.1\src\shared\hls\clib/hlsmath/include/FloatingPoint\hls_tanh.h:49) ('select_ln38', C:\scratch\2024.1\hls_product\545\2024.1\src\shared\hls\clib/hlsmath/include/FloatingPoint\hls_tanh.h:38) [72]  (0.000 ns)
	'select' operation 32 bit ('select_ln79', C:\scratch\2024.1\hls_product\545\2024.1\src\shared\hls\clib/hlsmath/include/FloatingPoint\hls_tanh.h:79) [79]  (0.449 ns)


============================================================
+ Verbose Summary: Binding
============================================================
N/A
* FSMD analyzer results:
  - Output states:
 - Input state : 
  - Chain level:
	State 1
	State 2
	State 3
	State 4
	State 5
	State 6
	State 7
	State 8
	State 9
	State 10
	State 11
	State 12
	State 13
	State 14
	State 15
	State 16
	State 17
	State 18
	State 19
	State 20
	State 21
	State 22
	State 23
	State 24
	State 25
	State 26
	State 27
	State 28
	State 29
	State 30
	State 31
	State 32
	State 33


============================================================
+ Verbose Summary: Datapath Resource usage 
============================================================
N/A
