E:\FPGA-Guitar-Pedal\Pedal_vitis\pedal\pedal\hls\.autopilot\db\pedal_c.pp.0.cpp:5934:7: warning: Added loop label VITIS_LOOP_1223_1:   [xilinx-label-all-loops]
      for (i = 0; i < __N - 1; ++i) {
      ^~~
      VITIS_LOOP_1223_1: 
E:\FPGA-Guitar-Pedal\Pedal_vitis\pedal\pedal\hls\.autopilot\db\pedal_c.pp.0.cpp:5934:7: note: FIX-IT applied suggested code changes
E:\FPGA-Guitar-Pedal\Pedal_vitis\pedal\pedal\hls\.autopilot\db\pedal_c.pp.0.cpp:6908:5: warning: Added loop label VITIS_LOOP_676_1:   [xilinx-label-all-loops]
    for (unsigned i = low; i != high; ++i) {
    ^~~
    VITIS_LOOP_676_1: 
E:\FPGA-Guitar-Pedal\Pedal_vitis\pedal\pedal\hls\.autopilot\db\pedal_c.pp.0.cpp:6908:5: note: FIX-IT applied suggested code changes
E:\FPGA-Guitar-Pedal\Pedal_vitis\pedal\pedal\hls\.autopilot\db\pedal_c.pp.0.cpp:6922:5: warning: Added loop label VITIS_LOOP_690_1:   [xilinx-label-all-loops]
    for (unsigned i = low; i != high; ++i) {
    ^~~
    VITIS_LOOP_690_1: 
E:\FPGA-Guitar-Pedal\Pedal_vitis\pedal\pedal\hls\.autopilot\db\pedal_c.pp.0.cpp:6922:5: note: FIX-IT applied suggested code changes
E:\FPGA-Guitar-Pedal\Pedal_vitis\pedal\pedal\hls\.autopilot\db\pedal_c.pp.0.cpp:6936:5: warning: Added loop label VITIS_LOOP_704_1:   [xilinx-label-all-loops]
    for (unsigned i = low; i != high; ++i) {
    ^~~
    VITIS_LOOP_704_1: 
E:\FPGA-Guitar-Pedal\Pedal_vitis\pedal\pedal\hls\.autopilot\db\pedal_c.pp.0.cpp:6936:5: note: FIX-IT applied suggested code changes
E:\FPGA-Guitar-Pedal\Pedal_vitis\pedal\pedal\hls\.autopilot\db\pedal_c.pp.0.cpp:8553:7: warning: Added loop label VITIS_LOOP_1247_1:   [xilinx-label-all-loops]
      for (i = 0; i < __N - 1; ++i) {
      ^~~
      VITIS_LOOP_1247_1: 
E:\FPGA-Guitar-Pedal\Pedal_vitis\pedal\pedal\hls\.autopilot\db\pedal_c.pp.0.cpp:8553:7: note: FIX-IT applied suggested code changes
E:\FPGA-Guitar-Pedal\Pedal_vitis\pedal\pedal\hls\.autopilot\db\pedal_c.pp.0.cpp:12689:72: error: Invalid Directive: for current device, ROM_1P + LUTRAM is invalid combination for BIND_STORAGE's option 'type + impl' [clang-diagnostic-error]
#pragma HLS BIND_STORAGE variable=fourth_order_double::sin_cos_K0 type=ROM_1P impl=LUTRAM
                                                                       ^
E:\FPGA-Guitar-Pedal\Pedal_vitis\pedal\pedal\hls\.autopilot\db\pedal_c.pp.0.cpp:12690:72: error: Invalid Directive: for current device, ROM_1P + LUTRAM is invalid combination for BIND_STORAGE's option 'type + impl' [clang-diagnostic-error]
#pragma HLS BIND_STORAGE variable=fourth_order_double::sin_cos_K1 type=ROM_1P impl=LUTRAM
                                                                       ^
E:\FPGA-Guitar-Pedal\Pedal_vitis\pedal\pedal\hls\.autopilot\db\pedal_c.pp.0.cpp:12691:72: error: Invalid Directive: for current device, ROM_1P + LUTRAM is invalid combination for BIND_STORAGE's option 'type + impl' [clang-diagnostic-error]
#pragma HLS BIND_STORAGE variable=fourth_order_double::sin_cos_K2 type=ROM_1P impl=LUTRAM
                                                                       ^
E:\FPGA-Guitar-Pedal\Pedal_vitis\pedal\pedal\hls\.autopilot\db\pedal_c.pp.0.cpp:12692:72: error: Invalid Directive: for current device, ROM_1P + LUTRAM is invalid combination for BIND_STORAGE's option 'type + impl' [clang-diagnostic-error]
#pragma HLS BIND_STORAGE variable=fourth_order_double::sin_cos_K3 type=ROM_1P impl=LUTRAM
                                                                       ^
E:\FPGA-Guitar-Pedal\Pedal_vitis\pedal\pedal\hls\.autopilot\db\pedal_c.pp.0.cpp:12693:72: error: Invalid Directive: for current device, ROM_1P + LUTRAM is invalid combination for BIND_STORAGE's option 'type + impl' [clang-diagnostic-error]
#pragma HLS BIND_STORAGE variable=fourth_order_double::sin_cos_K4 type=ROM_1P impl=LUTRAM
                                                                       ^
E:\FPGA-Guitar-Pedal\Pedal_vitis\pedal\pedal\hls\.autopilot\db\pedal_c.pp.0.cpp:12723:68: error: Invalid Directive: for current device, ROM_1P + LUTRAM is invalid combination for BIND_STORAGE's option 'type + impl' [clang-diagnostic-error]
#pragma HLS BIND_STORAGE variable=fourth_order_double::cos_K0 type=ROM_1P impl=LUTRAM
                                                                   ^
E:\FPGA-Guitar-Pedal\Pedal_vitis\pedal\pedal\hls\.autopilot\db\pedal_c.pp.0.cpp:12724:68: error: Invalid Directive: for current device, ROM_1P + LUTRAM is invalid combination for BIND_STORAGE's option 'type + impl' [clang-diagnostic-error]
#pragma HLS BIND_STORAGE variable=fourth_order_double::cos_K1 type=ROM_1P impl=LUTRAM
                                                                   ^
E:\FPGA-Guitar-Pedal\Pedal_vitis\pedal\pedal\hls\.autopilot\db\pedal_c.pp.0.cpp:12725:68: error: Invalid Directive: for current device, ROM_1P + LUTRAM is invalid combination for BIND_STORAGE's option 'type + impl' [clang-diagnostic-error]
#pragma HLS BIND_STORAGE variable=fourth_order_double::cos_K2 type=ROM_1P impl=LUTRAM
                                                                   ^
E:\FPGA-Guitar-Pedal\Pedal_vitis\pedal\pedal\hls\.autopilot\db\pedal_c.pp.0.cpp:12726:68: error: Invalid Directive: for current device, ROM_1P + LUTRAM is invalid combination for BIND_STORAGE's option 'type + impl' [clang-diagnostic-error]
#pragma HLS BIND_STORAGE variable=fourth_order_double::cos_K3 type=ROM_1P impl=LUTRAM
                                                                   ^
E:\FPGA-Guitar-Pedal\Pedal_vitis\pedal\pedal\hls\.autopilot\db\pedal_c.pp.0.cpp:12727:68: error: Invalid Directive: for current device, ROM_1P + LUTRAM is invalid combination for BIND_STORAGE's option 'type + impl' [clang-diagnostic-error]
#pragma HLS BIND_STORAGE variable=fourth_order_double::cos_K4 type=ROM_1P impl=LUTRAM
                                                                   ^
E:\FPGA-Guitar-Pedal\Pedal_vitis\pedal\pedal\hls\.autopilot\db\pedal_c.pp.0.cpp:12728:68: error: Invalid Directive: for current device, ROM_1P + LUTRAM is invalid combination for BIND_STORAGE's option 'type + impl' [clang-diagnostic-error]
#pragma HLS BIND_STORAGE variable=fourth_order_double::sin_K0 type=ROM_1P impl=LUTRAM
                                                                   ^
E:\FPGA-Guitar-Pedal\Pedal_vitis\pedal\pedal\hls\.autopilot\db\pedal_c.pp.0.cpp:12729:68: error: Invalid Directive: for current device, ROM_1P + LUTRAM is invalid combination for BIND_STORAGE's option 'type + impl' [clang-diagnostic-error]
#pragma HLS BIND_STORAGE variable=fourth_order_double::sin_K1 type=ROM_1P impl=LUTRAM
                                                                   ^
E:\FPGA-Guitar-Pedal\Pedal_vitis\pedal\pedal\hls\.autopilot\db\pedal_c.pp.0.cpp:12730:68: error: Invalid Directive: for current device, ROM_1P + LUTRAM is invalid combination for BIND_STORAGE's option 'type + impl' [clang-diagnostic-error]
#pragma HLS BIND_STORAGE variable=fourth_order_double::sin_K2 type=ROM_1P impl=LUTRAM
                                                                   ^
E:\FPGA-Guitar-Pedal\Pedal_vitis\pedal\pedal\hls\.autopilot\db\pedal_c.pp.0.cpp:12731:68: error: Invalid Directive: for current device, ROM_1P + LUTRAM is invalid combination for BIND_STORAGE's option 'type + impl' [clang-diagnostic-error]
#pragma HLS BIND_STORAGE variable=fourth_order_double::sin_K3 type=ROM_1P impl=LUTRAM
                                                                   ^
E:\FPGA-Guitar-Pedal\Pedal_vitis\pedal\pedal\hls\.autopilot\db\pedal_c.pp.0.cpp:12732:68: error: Invalid Directive: for current device, ROM_1P + LUTRAM is invalid combination for BIND_STORAGE's option 'type + impl' [clang-diagnostic-error]
#pragma HLS BIND_STORAGE variable=fourth_order_double::sin_K4 type=ROM_1P impl=LUTRAM
                                                                   ^
E:\FPGA-Guitar-Pedal\Pedal_vitis\pedal\pedal\hls\.autopilot\db\pedal_c.pp.0.cpp:12782:71: error: Invalid Directive: for current device, ROM_1P + LUTRAM is invalid combination for BIND_STORAGE's option 'type + impl' [clang-diagnostic-error]
#pragma HLS BIND_STORAGE variable=second_order_float::sin_cos_K0 type=ROM_1P impl=LUTRAM
                                                                      ^
E:\FPGA-Guitar-Pedal\Pedal_vitis\pedal\pedal\hls\.autopilot\db\pedal_c.pp.0.cpp:12783:71: error: Invalid Directive: for current device, ROM_1P + LUTRAM is invalid combination for BIND_STORAGE's option 'type + impl' [clang-diagnostic-error]
#pragma HLS BIND_STORAGE variable=second_order_float::sin_cos_K1 type=ROM_1P impl=LUTRAM
                                                                      ^
E:\FPGA-Guitar-Pedal\Pedal_vitis\pedal\pedal\hls\.autopilot\db\pedal_c.pp.0.cpp:12784:71: error: Invalid Directive: for current device, ROM_1P + LUTRAM is invalid combination for BIND_STORAGE's option 'type + impl' [clang-diagnostic-error]
#pragma HLS BIND_STORAGE variable=second_order_float::sin_cos_K2 type=ROM_1P impl=LUTRAM
                                                                      ^
E:\FPGA-Guitar-Pedal\Pedal_vitis\pedal\pedal\hls\.autopilot\db\pedal_c.pp.0.cpp:12811:67: error: Invalid Directive: for current device, ROM_1P + LUTRAM is invalid combination for BIND_STORAGE's option 'type + impl' [clang-diagnostic-error]
#pragma HLS BIND_STORAGE variable=second_order_float::cos_K0 type=ROM_1P impl=LUTRAM
                                                                  ^
E:\FPGA-Guitar-Pedal\Pedal_vitis\pedal\pedal\hls\.autopilot\db\pedal_c.pp.0.cpp:12812:67: error: Invalid Directive: for current device, ROM_1P + LUTRAM is invalid combination for BIND_STORAGE's option 'type + impl' [clang-diagnostic-error]
#pragma HLS BIND_STORAGE variable=second_order_float::cos_K1 type=ROM_1P impl=LUTRAM
                                                                  ^
E:\FPGA-Guitar-Pedal\Pedal_vitis\pedal\pedal\hls\.autopilot\db\pedal_c.pp.0.cpp:12813:67: error: Invalid Directive: for current device, ROM_1P + LUTRAM is invalid combination for BIND_STORAGE's option 'type + impl' [clang-diagnostic-error]
#pragma HLS BIND_STORAGE variable=second_order_float::cos_K2 type=ROM_1P impl=LUTRAM
                                                                  ^
E:\FPGA-Guitar-Pedal\Pedal_vitis\pedal\pedal\hls\.autopilot\db\pedal_c.pp.0.cpp:12814:67: error: Invalid Directive: for current device, ROM_1P + LUTRAM is invalid combination for BIND_STORAGE's option 'type + impl' [clang-diagnostic-error]
#pragma HLS BIND_STORAGE variable=second_order_float::sin_K0 type=ROM_1P impl=LUTRAM
                                                                  ^
E:\FPGA-Guitar-Pedal\Pedal_vitis\pedal\pedal\hls\.autopilot\db\pedal_c.pp.0.cpp:12815:67: error: Invalid Directive: for current device, ROM_1P + LUTRAM is invalid combination for BIND_STORAGE's option 'type + impl' [clang-diagnostic-error]
#pragma HLS BIND_STORAGE variable=second_order_float::sin_K1 type=ROM_1P impl=LUTRAM
                                                                  ^
E:\FPGA-Guitar-Pedal\Pedal_vitis\pedal\pedal\hls\.autopilot\db\pedal_c.pp.0.cpp:12816:67: error: Invalid Directive: for current device, ROM_1P + LUTRAM is invalid combination for BIND_STORAGE's option 'type + impl' [clang-diagnostic-error]
#pragma HLS BIND_STORAGE variable=second_order_float::sin_K2 type=ROM_1P impl=LUTRAM
                                                                  ^
E:\FPGA-Guitar-Pedal\Pedal_vitis\pedal\pedal\hls\.autopilot\db\pedal_c.pp.0.cpp:12852:73: error: Invalid Directive: for current device, ROM_1P + LUTRAM is invalid combination for BIND_STORAGE's option 'type + impl' [clang-diagnostic-error]
#pragma HLS BIND_STORAGE variable=first_order_fixed_16::sin_cos_K0 type=ROM_1P impl=LUTRAM
                                                                        ^
E:\FPGA-Guitar-Pedal\Pedal_vitis\pedal\pedal\hls\.autopilot\db\pedal_c.pp.0.cpp:12853:73: error: Invalid Directive: for current device, ROM_1P + LUTRAM is invalid combination for BIND_STORAGE's option 'type + impl' [clang-diagnostic-error]
#pragma HLS BIND_STORAGE variable=first_order_fixed_16::sin_cos_K1 type=ROM_1P impl=LUTRAM
                                                                        ^
E:\FPGA-Guitar-Pedal\Pedal_vitis\pedal\pedal\hls\.autopilot\db\pedal_c.pp.0.cpp:13127:5: warning: Added loop label VITIS_LOOP_61_1:   [xilinx-label-all-loops]
    for (int n=0; n<Nmax; n++){
    ^~~
    VITIS_LOOP_61_1: 
E:\FPGA-Guitar-Pedal\Pedal_vitis\pedal\pedal\hls\.autopilot\db\pedal_c.pp.0.cpp:13127:5: note: FIX-IT applied suggested code changes
E:\FPGA-Guitar-Pedal\Pedal_vitis\pedal\pedal\hls\.autopilot\db\pedal_c.pp.0.cpp:13173:5: warning: Added loop label VITIS_LOOP_117_1:   [xilinx-label-all-loops]
    for (int n=0; n<Nmax; n++){
    ^~~
    VITIS_LOOP_117_1: 
E:\FPGA-Guitar-Pedal\Pedal_vitis\pedal\pedal\hls\.autopilot\db\pedal_c.pp.0.cpp:13173:5: note: FIX-IT applied suggested code changes
E:\FPGA-Guitar-Pedal\Pedal_vitis\pedal\pedal\hls\.autopilot\db\pedal_c.pp.0.cpp:13336:9: warning: Added loop label VITIS_LOOP_289_1:   [xilinx-label-all-loops]
        for(int i=0;i<W-1;i++){
        ^~~
        VITIS_LOOP_289_1: 
E:\FPGA-Guitar-Pedal\Pedal_vitis\pedal\pedal\hls\.autopilot\db\pedal_c.pp.0.cpp:13336:9: note: FIX-IT applied suggested code changes
E:\FPGA-Guitar-Pedal\Pedal_vitis\pedal\pedal\hls\.autopilot\db\pedal_c.pp.0.cpp:13488:9: warning: Added loop label VITIS_LOOP_449_1:   [xilinx-label-all-loops]
        for(int i=0;i<W-1;i++){
        ^~~
        VITIS_LOOP_449_1: 
E:\FPGA-Guitar-Pedal\Pedal_vitis\pedal\pedal\hls\.autopilot\db\pedal_c.pp.0.cpp:13488:9: note: FIX-IT applied suggested code changes
E:\FPGA-Guitar-Pedal\Pedal_vitis\pedal\pedal\hls\.autopilot\db\pedal_c.pp.0.cpp:13668:5: warning: Added loop label VITIS_LOOP_629_1:   [xilinx-label-all-loops]
    for(int i=0;i<W+1;i++){
    ^~~
    VITIS_LOOP_629_1: 
E:\FPGA-Guitar-Pedal\Pedal_vitis\pedal\pedal\hls\.autopilot\db\pedal_c.pp.0.cpp:13668:5: note: FIX-IT applied suggested code changes
E:\FPGA-Guitar-Pedal\Pedal_vitis\pedal\pedal\hls\.autopilot\db\pedal_c.pp.0.cpp:13672:5: warning: Added loop label VITIS_LOOP_633_2:   [xilinx-label-all-loops]
    for(int i=0;i<W+1;i++){
    ^~~
    VITIS_LOOP_633_2: 
E:\FPGA-Guitar-Pedal\Pedal_vitis\pedal\pedal\hls\.autopilot\db\pedal_c.pp.0.cpp:13672:5: note: FIX-IT applied suggested code changes
E:\FPGA-Guitar-Pedal\Pedal_vitis\pedal\pedal\hls\.autopilot\db\pedal_c.pp.0.cpp:13782:5: warning: Added loop label VITIS_LOOP_743_1:   [xilinx-label-all-loops]
    for (int n=0; n<Nmax; n++){
    ^~~
    VITIS_LOOP_743_1: 
E:\FPGA-Guitar-Pedal\Pedal_vitis\pedal\pedal\hls\.autopilot\db\pedal_c.pp.0.cpp:13782:5: note: FIX-IT applied suggested code changes
E:\FPGA-Guitar-Pedal\Pedal_vitis\pedal\pedal\hls\.autopilot\db\pedal_c.pp.0.cpp:13872:7: warning: Added loop label VITIS_LOOP_840_1:   [xilinx-label-all-loops]
      for(int i=0;i<W-1;i++){
      ^~~
      VITIS_LOOP_840_1: 
E:\FPGA-Guitar-Pedal\Pedal_vitis\pedal\pedal\hls\.autopilot\db\pedal_c.pp.0.cpp:13872:7: note: FIX-IT applied suggested code changes
E:\FPGA-Guitar-Pedal\Pedal_vitis\pedal\pedal\hls\.autopilot\db\pedal_c.pp.0.cpp:13891:7: warning: Added loop label VITIS_LOOP_859_2:   [xilinx-label-all-loops]
      for(int i=0;i<W-1;i++){
      ^~~
      VITIS_LOOP_859_2: 
E:\FPGA-Guitar-Pedal\Pedal_vitis\pedal\pedal\hls\.autopilot\db\pedal_c.pp.0.cpp:13891:7: note: FIX-IT applied suggested code changes
E:\FPGA-Guitar-Pedal\Pedal_vitis\pedal\pedal\hls\.autopilot\db\pedal_c.pp.0.cpp:14181:5: warning: Added loop label VITIS_LOOP_1173_1:   [xilinx-label-all-loops]
    for(int i=0; i<Nmax; i++) {
    ^~~
    VITIS_LOOP_1173_1: 
E:\FPGA-Guitar-Pedal\Pedal_vitis\pedal\pedal\hls\.autopilot\db\pedal_c.pp.0.cpp:14181:5: note: FIX-IT applied suggested code changes
E:\FPGA-Guitar-Pedal\Pedal_vitis\pedal\pedal\hls\.autopilot\db\pedal_c.pp.0.cpp:14264:5: warning: Added loop label VITIS_LOOP_1256_1:   [xilinx-label-all-loops]
    for(int i=0; i<Nmax; i++) {
    ^~~
    VITIS_LOOP_1256_1: 
E:\FPGA-Guitar-Pedal\Pedal_vitis\pedal\pedal\hls\.autopilot\db\pedal_c.pp.0.cpp:14264:5: note: FIX-IT applied suggested code changes
E:\FPGA-Guitar-Pedal\Pedal_vitis\pedal\pedal\hls\.autopilot\db\pedal_c.pp.0.cpp:14670:13: warning: Added loop label VITIS_LOOP_68_1:   [xilinx-label-all-loops]
            for (int j = 3; j >= I_+1; j--) {
            ^~~
            VITIS_LOOP_68_1: 
E:\FPGA-Guitar-Pedal\Pedal_vitis\pedal\pedal\hls\.autopilot\db\pedal_c.pp.0.cpp:14670:13: note: FIX-IT applied suggested code changes
E:\FPGA-Guitar-Pedal\Pedal_vitis\pedal\pedal\hls\.autopilot\db\pedal_c.pp.0.cpp:14676:17: warning: Added loop label VITIS_LOOP_74_2:   [xilinx-label-all-loops]
                for (int j = 3; j >= I_+1; j--){
                ^~~
                VITIS_LOOP_74_2: 
E:\FPGA-Guitar-Pedal\Pedal_vitis\pedal\pedal\hls\.autopilot\db\pedal_c.pp.0.cpp:14676:17: note: FIX-IT applied suggested code changes
E:\FPGA-Guitar-Pedal\Pedal_vitis\pedal\pedal\hls\.autopilot\db\pedal_c.pp.0.cpp:14680:17: warning: Added loop label VITIS_LOOP_78_3:   [xilinx-label-all-loops]
                for (int j = I_; j >= 0; j--){
                ^~~
                VITIS_LOOP_78_3: 
E:\FPGA-Guitar-Pedal\Pedal_vitis\pedal\pedal\hls\.autopilot\db\pedal_c.pp.0.cpp:14680:17: note: FIX-IT applied suggested code changes
E:\FPGA-Guitar-Pedal\Pedal_vitis\pedal\pedal\hls\.autopilot\db\pedal_c.pp.0.cpp:14728:13: warning: Added loop label VITIS_LOOP_145_4:   [xilinx-label-all-loops]
            for (int j = 9; j >= I_+4; j--) {
            ^~~
            VITIS_LOOP_145_4: 
E:\FPGA-Guitar-Pedal\Pedal_vitis\pedal\pedal\hls\.autopilot\db\pedal_c.pp.0.cpp:14728:13: note: FIX-IT applied suggested code changes
E:\FPGA-Guitar-Pedal\Pedal_vitis\pedal\pedal\hls\.autopilot\db\pedal_c.pp.0.cpp:14734:17: warning: Added loop label VITIS_LOOP_151_5:   [xilinx-label-all-loops]
                for (int j = 9; j >= I_+4; j--){
                ^~~
                VITIS_LOOP_151_5: 
E:\FPGA-Guitar-Pedal\Pedal_vitis\pedal\pedal\hls\.autopilot\db\pedal_c.pp.0.cpp:14734:17: note: FIX-IT applied suggested code changes
E:\FPGA-Guitar-Pedal\Pedal_vitis\pedal\pedal\hls\.autopilot\db\pedal_c.pp.0.cpp:14738:17: warning: Added loop label VITIS_LOOP_155_6:   [xilinx-label-all-loops]
                for (int j = I_+3; j >= 0; j--){
                ^~~
                VITIS_LOOP_155_6: 
E:\FPGA-Guitar-Pedal\Pedal_vitis\pedal\pedal\hls\.autopilot\db\pedal_c.pp.0.cpp:14738:17: note: FIX-IT applied suggested code changes
E:\FPGA-Guitar-Pedal\Pedal_vitis\pedal\pedal\hls\.autopilot\db\pedal_c.pp.0.cpp:14753:9: warning: Added loop label VITIS_LOOP_170_7:   [xilinx-label-all-loops]
        for (int j = 14; j < 22; j++){
        ^~~
        VITIS_LOOP_170_7: 
E:\FPGA-Guitar-Pedal\Pedal_vitis\pedal\pedal\hls\.autopilot\db\pedal_c.pp.0.cpp:14753:9: note: FIX-IT applied suggested code changes
E:\FPGA-Guitar-Pedal\Pedal_vitis\pedal\pedal\hls\.autopilot\db\pedal_c.pp.0.cpp:14761:17: warning: Added loop label VITIS_LOOP_178_8:   [xilinx-label-all-loops]
                for (int j = 0; j < 22; j++){
                ^~~
                VITIS_LOOP_178_8: 
E:\FPGA-Guitar-Pedal\Pedal_vitis\pedal\pedal\hls\.autopilot\db\pedal_c.pp.0.cpp:14761:17: note: FIX-IT applied suggested code changes
E:\FPGA-Guitar-Pedal\Pedal_vitis\pedal\pedal\hls\.autopilot\db\pedal_c.pp.0.cpp:14826:13: warning: Added loop label VITIS_LOOP_243_9:   [xilinx-label-all-loops]
            for (int j = 21; j >= I_+10; j--) {
            ^~~
            VITIS_LOOP_243_9: 
E:\FPGA-Guitar-Pedal\Pedal_vitis\pedal\pedal\hls\.autopilot\db\pedal_c.pp.0.cpp:14826:13: note: FIX-IT applied suggested code changes
E:\FPGA-Guitar-Pedal\Pedal_vitis\pedal\pedal\hls\.autopilot\db\pedal_c.pp.0.cpp:14832:17: warning: Added loop label VITIS_LOOP_249_10:   [xilinx-label-all-loops]
                for (int j = 21; j >= I_+10; j--) {
                ^~~
                VITIS_LOOP_249_10: 
E:\FPGA-Guitar-Pedal\Pedal_vitis\pedal\pedal\hls\.autopilot\db\pedal_c.pp.0.cpp:14832:17: note: FIX-IT applied suggested code changes
E:\FPGA-Guitar-Pedal\Pedal_vitis\pedal\pedal\hls\.autopilot\db\pedal_c.pp.0.cpp:14836:17: warning: Added loop label VITIS_LOOP_253_11:   [xilinx-label-all-loops]
                for (int j = I_+9; j >= 0; j--) {
                ^~~
                VITIS_LOOP_253_11: 
E:\FPGA-Guitar-Pedal\Pedal_vitis\pedal\pedal\hls\.autopilot\db\pedal_c.pp.0.cpp:14836:17: note: FIX-IT applied suggested code changes
E:\FPGA-Guitar-Pedal\Pedal_vitis\pedal\pedal\hls\.autopilot\db\pedal_c.pp.0.cpp:14851:9: warning: Added loop label VITIS_LOOP_268_12:   [xilinx-label-all-loops]
        for (int j = 27; j < 46; j++){
        ^~~
        VITIS_LOOP_268_12: 
E:\FPGA-Guitar-Pedal\Pedal_vitis\pedal\pedal\hls\.autopilot\db\pedal_c.pp.0.cpp:14851:9: note: FIX-IT applied suggested code changes
E:\FPGA-Guitar-Pedal\Pedal_vitis\pedal\pedal\hls\.autopilot\db\pedal_c.pp.0.cpp:14859:17: warning: Added loop label VITIS_LOOP_276_13:   [xilinx-label-all-loops]
                for (int j = 0; j < 46; j++) {
                ^~~
                VITIS_LOOP_276_13: 
E:\FPGA-Guitar-Pedal\Pedal_vitis\pedal\pedal\hls\.autopilot\db\pedal_c.pp.0.cpp:14859:17: note: FIX-IT applied suggested code changes
E:\FPGA-Guitar-Pedal\Pedal_vitis\pedal\pedal\hls\.autopilot\db\pedal_c.pp.0.cpp:15088:13: warning: Added loop label VITIS_LOOP_505_14:   [xilinx-label-all-loops]
            for (int j = 45; j >= I_+22; j--) {
            ^~~
            VITIS_LOOP_505_14: 
E:\FPGA-Guitar-Pedal\Pedal_vitis\pedal\pedal\hls\.autopilot\db\pedal_c.pp.0.cpp:15088:13: note: FIX-IT applied suggested code changes
E:\FPGA-Guitar-Pedal\Pedal_vitis\pedal\pedal\hls\.autopilot\db\pedal_c.pp.0.cpp:15094:17: warning: Added loop label VITIS_LOOP_511_15:   [xilinx-label-all-loops]
                for (int j = 45; j >= I_+22; j--){
                ^~~
                VITIS_LOOP_511_15: 
E:\FPGA-Guitar-Pedal\Pedal_vitis\pedal\pedal\hls\.autopilot\db\pedal_c.pp.0.cpp:15094:17: note: FIX-IT applied suggested code changes
E:\FPGA-Guitar-Pedal\Pedal_vitis\pedal\pedal\hls\.autopilot\db\pedal_c.pp.0.cpp:15098:17: warning: Added loop label VITIS_LOOP_515_16:   [xilinx-label-all-loops]
                for (int j = I_+21; j >= 0; j--) {
                ^~~
                VITIS_LOOP_515_16: 
E:\FPGA-Guitar-Pedal\Pedal_vitis\pedal\pedal\hls\.autopilot\db\pedal_c.pp.0.cpp:15098:17: note: FIX-IT applied suggested code changes
E:\FPGA-Guitar-Pedal\Pedal_vitis\pedal\pedal\hls\.autopilot\db\pedal_c.pp.0.cpp:15108:9: warning: Added loop label VITIS_LOOP_525_17:   [xilinx-label-all-loops]
        for (int j = 32-F_; j < 32+I_; j++){
        ^~~
        VITIS_LOOP_525_17: 
E:\FPGA-Guitar-Pedal\Pedal_vitis\pedal\pedal\hls\.autopilot\db\pedal_c.pp.0.cpp:15108:9: note: FIX-IT applied suggested code changes
E:\FPGA-Guitar-Pedal\Pedal_vitis\pedal\pedal\hls\.autopilot\db\pedal_c.pp.0.cpp:15112:9: warning: Added loop label VITIS_LOOP_529_18:   [xilinx-label-all-loops]
        for (int j = 32+I_; j <= 64; j++){
        ^~~
        VITIS_LOOP_529_18: 
E:\FPGA-Guitar-Pedal\Pedal_vitis\pedal\pedal\hls\.autopilot\db\pedal_c.pp.0.cpp:15112:9: note: FIX-IT applied suggested code changes
E:\FPGA-Guitar-Pedal\Pedal_vitis\pedal\pedal\hls\.autopilot\db\pedal_c.pp.0.cpp:15122:9: warning: Added loop label VITIS_LOOP_539_19:   [xilinx-label-all-loops]
        for (int j = 37; j < 64; j++) {
        ^~~
        VITIS_LOOP_539_19: 
E:\FPGA-Guitar-Pedal\Pedal_vitis\pedal\pedal\hls\.autopilot\db\pedal_c.pp.0.cpp:15122:9: note: FIX-IT applied suggested code changes
E:\FPGA-Guitar-Pedal\Pedal_vitis\pedal\pedal\hls\.autopilot\db\pedal_c.pp.0.cpp:15130:17: warning: Added loop label VITIS_LOOP_547_20:   [xilinx-label-all-loops]
                for (int j = 0; j < 64; j++){
                ^~~
                VITIS_LOOP_547_20: 
E:\FPGA-Guitar-Pedal\Pedal_vitis\pedal\pedal\hls\.autopilot\db\pedal_c.pp.0.cpp:15130:17: note: FIX-IT applied suggested code changes
E:\FPGA-Guitar-Pedal\Pedal_vitis\pedal\pedal\hls\.autopilot\db\pedal_c.pp.0.cpp:15491:13: warning: Added loop label VITIS_LOOP_908_21:   [xilinx-label-all-loops]
            for (int j = 63; j >= I_+31; j--) {
            ^~~
            VITIS_LOOP_908_21: 
E:\FPGA-Guitar-Pedal\Pedal_vitis\pedal\pedal\hls\.autopilot\db\pedal_c.pp.0.cpp:15491:13: note: FIX-IT applied suggested code changes
E:\FPGA-Guitar-Pedal\Pedal_vitis\pedal\pedal\hls\.autopilot\db\pedal_c.pp.0.cpp:15497:17: warning: Added loop label VITIS_LOOP_914_22:   [xilinx-label-all-loops]
                for (int j = 63; j >= I_+31; j--) {
                ^~~
                VITIS_LOOP_914_22: 
E:\FPGA-Guitar-Pedal\Pedal_vitis\pedal\pedal\hls\.autopilot\db\pedal_c.pp.0.cpp:15497:17: note: FIX-IT applied suggested code changes
E:\FPGA-Guitar-Pedal\Pedal_vitis\pedal\pedal\hls\.autopilot\db\pedal_c.pp.0.cpp:15501:17: warning: Added loop label VITIS_LOOP_918_23:   [xilinx-label-all-loops]
                for (int j = I_+30; j >= 0; j--) {
                ^~~
                VITIS_LOOP_918_23: 
E:\FPGA-Guitar-Pedal\Pedal_vitis\pedal\pedal\hls\.autopilot\db\pedal_c.pp.0.cpp:15501:17: note: FIX-IT applied suggested code changes
E:\FPGA-Guitar-Pedal\Pedal_vitis\pedal\pedal\hls\.autopilot\db\pedal_c.pp.0.cpp:15617:13: warning: Added loop label VITIS_LOOP_1034_1:   [xilinx-label-all-loops]
            for (int j = 4; j >= I_+1; j--) {
            ^~~
            VITIS_LOOP_1034_1: 
E:\FPGA-Guitar-Pedal\Pedal_vitis\pedal\pedal\hls\.autopilot\db\pedal_c.pp.0.cpp:15617:13: note: FIX-IT applied suggested code changes
E:\FPGA-Guitar-Pedal\Pedal_vitis\pedal\pedal\hls\.autopilot\db\pedal_c.pp.0.cpp:15623:17: warning: Added loop label VITIS_LOOP_1040_2:   [xilinx-label-all-loops]
                for (int j = 4; j >= I_+1; j--) {
                ^~~
                VITIS_LOOP_1040_2: 
E:\FPGA-Guitar-Pedal\Pedal_vitis\pedal\pedal\hls\.autopilot\db\pedal_c.pp.0.cpp:15623:17: note: FIX-IT applied suggested code changes
E:\FPGA-Guitar-Pedal\Pedal_vitis\pedal\pedal\hls\.autopilot\db\pedal_c.pp.0.cpp:15627:17: warning: Added loop label VITIS_LOOP_1044_3:   [xilinx-label-all-loops]
                for (int j = I_; j >= 0; j--) {
                ^~~
                VITIS_LOOP_1044_3: 
E:\FPGA-Guitar-Pedal\Pedal_vitis\pedal\pedal\hls\.autopilot\db\pedal_c.pp.0.cpp:15627:17: note: FIX-IT applied suggested code changes
E:\FPGA-Guitar-Pedal\Pedal_vitis\pedal\pedal\hls\.autopilot\db\pedal_c.pp.0.cpp:15714:13: warning: Added loop label VITIS_LOOP_1131_4:   [xilinx-label-all-loops]
            for (int j = 10; j >= I_+4; j--) {
            ^~~
            VITIS_LOOP_1131_4: 
E:\FPGA-Guitar-Pedal\Pedal_vitis\pedal\pedal\hls\.autopilot\db\pedal_c.pp.0.cpp:15714:13: note: FIX-IT applied suggested code changes
E:\FPGA-Guitar-Pedal\Pedal_vitis\pedal\pedal\hls\.autopilot\db\pedal_c.pp.0.cpp:15720:17: warning: Added loop label VITIS_LOOP_1137_5:   [xilinx-label-all-loops]
                for (int j = 10; j >= I_+4; j--) {
                ^~~
                VITIS_LOOP_1137_5: 
E:\FPGA-Guitar-Pedal\Pedal_vitis\pedal\pedal\hls\.autopilot\db\pedal_c.pp.0.cpp:15720:17: note: FIX-IT applied suggested code changes
E:\FPGA-Guitar-Pedal\Pedal_vitis\pedal\pedal\hls\.autopilot\db\pedal_c.pp.0.cpp:15724:17: warning: Added loop label VITIS_LOOP_1141_6:   [xilinx-label-all-loops]
                for (int j = I_+3; j >= 0; j--) {
                ^~~
                VITIS_LOOP_1141_6: 
E:\FPGA-Guitar-Pedal\Pedal_vitis\pedal\pedal\hls\.autopilot\db\pedal_c.pp.0.cpp:15724:17: note: FIX-IT applied suggested code changes
E:\FPGA-Guitar-Pedal\Pedal_vitis\pedal\pedal\hls\.autopilot\db\pedal_c.pp.0.cpp:15743:9: warning: Added loop label VITIS_LOOP_1160_7:   [xilinx-label-all-loops]
        for (int j = wf+3; j < w-1; j++) {
        ^~~
        VITIS_LOOP_1160_7: 
E:\FPGA-Guitar-Pedal\Pedal_vitis\pedal\pedal\hls\.autopilot\db\pedal_c.pp.0.cpp:15743:9: note: FIX-IT applied suggested code changes
E:\FPGA-Guitar-Pedal\Pedal_vitis\pedal\pedal\hls\.autopilot\db\pedal_c.pp.0.cpp:15750:17: warning: Added loop label VITIS_LOOP_1167_8:   [xilinx-label-all-loops]
                for (int j = 0; j < 22; j++) {
                ^~~
                VITIS_LOOP_1167_8: 
E:\FPGA-Guitar-Pedal\Pedal_vitis\pedal\pedal\hls\.autopilot\db\pedal_c.pp.0.cpp:15750:17: note: FIX-IT applied suggested code changes
E:\FPGA-Guitar-Pedal\Pedal_vitis\pedal\pedal\hls\.autopilot\db\pedal_c.pp.0.cpp:15866:13: warning: Added loop label VITIS_LOOP_1283_9:   [xilinx-label-all-loops]
            for (int j = 22; j >= I_+10; j--) {
            ^~~
            VITIS_LOOP_1283_9: 
E:\FPGA-Guitar-Pedal\Pedal_vitis\pedal\pedal\hls\.autopilot\db\pedal_c.pp.0.cpp:15866:13: note: FIX-IT applied suggested code changes
E:\FPGA-Guitar-Pedal\Pedal_vitis\pedal\pedal\hls\.autopilot\db\pedal_c.pp.0.cpp:15872:17: warning: Added loop label VITIS_LOOP_1289_10:   [xilinx-label-all-loops]
                for (int j = 22; j >= I_+10; j--){
                ^~~
                VITIS_LOOP_1289_10: 
E:\FPGA-Guitar-Pedal\Pedal_vitis\pedal\pedal\hls\.autopilot\db\pedal_c.pp.0.cpp:15872:17: note: FIX-IT applied suggested code changes
E:\FPGA-Guitar-Pedal\Pedal_vitis\pedal\pedal\hls\.autopilot\db\pedal_c.pp.0.cpp:15876:17: warning: Added loop label VITIS_LOOP_1293_11:   [xilinx-label-all-loops]
                for (int j = I_+9; j >= 0; j--) {
                ^~~
                VITIS_LOOP_1293_11: 
E:\FPGA-Guitar-Pedal\Pedal_vitis\pedal\pedal\hls\.autopilot\db\pedal_c.pp.0.cpp:15876:17: note: FIX-IT applied suggested code changes
E:\FPGA-Guitar-Pedal\Pedal_vitis\pedal\pedal\hls\.autopilot\db\pedal_c.pp.0.cpp:15896:9: warning: Added loop label VITIS_LOOP_1313_12:   [xilinx-label-all-loops]
        for (int j = wf+4; j < w-1; j++){
        ^~~
        VITIS_LOOP_1313_12: 
E:\FPGA-Guitar-Pedal\Pedal_vitis\pedal\pedal\hls\.autopilot\db\pedal_c.pp.0.cpp:15896:9: note: FIX-IT applied suggested code changes
E:\FPGA-Guitar-Pedal\Pedal_vitis\pedal\pedal\hls\.autopilot\db\pedal_c.pp.0.cpp:15903:17: warning: Added loop label VITIS_LOOP_1320_13:   [xilinx-label-all-loops]
                for (int j = 0; j < 46; j++) {
                ^~~
                VITIS_LOOP_1320_13: 
E:\FPGA-Guitar-Pedal\Pedal_vitis\pedal\pedal\hls\.autopilot\db\pedal_c.pp.0.cpp:15903:17: note: FIX-IT applied suggested code changes
E:\FPGA-Guitar-Pedal\Pedal_vitis\pedal\pedal\hls\.autopilot\db\pedal_c.pp.0.cpp:16165:13: warning: Added loop label VITIS_LOOP_1582_14:   [xilinx-label-all-loops]
            for (int j = 46; j >= I_+22; j--) {
            ^~~
            VITIS_LOOP_1582_14: 
E:\FPGA-Guitar-Pedal\Pedal_vitis\pedal\pedal\hls\.autopilot\db\pedal_c.pp.0.cpp:16165:13: note: FIX-IT applied suggested code changes
E:\FPGA-Guitar-Pedal\Pedal_vitis\pedal\pedal\hls\.autopilot\db\pedal_c.pp.0.cpp:16171:17: warning: Added loop label VITIS_LOOP_1588_15:   [xilinx-label-all-loops]
                for (int j = 46; j >= I_+22; j--) {
                ^~~
                VITIS_LOOP_1588_15: 
E:\FPGA-Guitar-Pedal\Pedal_vitis\pedal\pedal\hls\.autopilot\db\pedal_c.pp.0.cpp:16171:17: note: FIX-IT applied suggested code changes
E:\FPGA-Guitar-Pedal\Pedal_vitis\pedal\pedal\hls\.autopilot\db\pedal_c.pp.0.cpp:16175:17: warning: Added loop label VITIS_LOOP_1592_16:   [xilinx-label-all-loops]
                for (int j = I_+21; j >= 0; j--) {
                ^~~
                VITIS_LOOP_1592_16: 
E:\FPGA-Guitar-Pedal\Pedal_vitis\pedal\pedal\hls\.autopilot\db\pedal_c.pp.0.cpp:16175:17: note: FIX-IT applied suggested code changes
E:\FPGA-Guitar-Pedal\Pedal_vitis\pedal\pedal\hls\.autopilot\db\pedal_c.pp.0.cpp:16199:9: warning: Added loop label VITIS_LOOP_1616_17:   [xilinx-label-all-loops]
        for (int j = wf+5; j < w-1; j++){
        ^~~
        VITIS_LOOP_1616_17: 
E:\FPGA-Guitar-Pedal\Pedal_vitis\pedal\pedal\hls\.autopilot\db\pedal_c.pp.0.cpp:16199:9: note: FIX-IT applied suggested code changes
E:\FPGA-Guitar-Pedal\Pedal_vitis\pedal\pedal\hls\.autopilot\db\pedal_c.pp.0.cpp:16206:17: warning: Added loop label VITIS_LOOP_1623_18:   [xilinx-label-all-loops]
                for (int j = 0; j < 64; j++) {
                ^~~
                VITIS_LOOP_1623_18: 
E:\FPGA-Guitar-Pedal\Pedal_vitis\pedal\pedal\hls\.autopilot\db\pedal_c.pp.0.cpp:16206:17: note: FIX-IT applied suggested code changes
E:\FPGA-Guitar-Pedal\Pedal_vitis\pedal\pedal\hls\.autopilot\db\pedal_c.pp.0.cpp:16636:13: warning: Added loop label VITIS_LOOP_2053_19:   [xilinx-label-all-loops]
            for (int j = 64; j >= I_+31; j--) {
            ^~~
            VITIS_LOOP_2053_19: 
E:\FPGA-Guitar-Pedal\Pedal_vitis\pedal\pedal\hls\.autopilot\db\pedal_c.pp.0.cpp:16636:13: note: FIX-IT applied suggested code changes
E:\FPGA-Guitar-Pedal\Pedal_vitis\pedal\pedal\hls\.autopilot\db\pedal_c.pp.0.cpp:16642:17: warning: Added loop label VITIS_LOOP_2059_20:   [xilinx-label-all-loops]
                for (int j = 64; j >= I_+31; j--) {
                ^~~
                VITIS_LOOP_2059_20: 
E:\FPGA-Guitar-Pedal\Pedal_vitis\pedal\pedal\hls\.autopilot\db\pedal_c.pp.0.cpp:16642:17: note: FIX-IT applied suggested code changes
E:\FPGA-Guitar-Pedal\Pedal_vitis\pedal\pedal\hls\.autopilot\db\pedal_c.pp.0.cpp:16646:17: warning: Added loop label VITIS_LOOP_2063_21:   [xilinx-label-all-loops]
                for (int j = I_+30; j >= 0; j--) {
                ^~~
                VITIS_LOOP_2063_21: 
E:\FPGA-Guitar-Pedal\Pedal_vitis\pedal\pedal\hls\.autopilot\db\pedal_c.pp.0.cpp:16646:17: note: FIX-IT applied suggested code changes
E:\FPGA-Guitar-Pedal\Pedal_vitis\pedal\pedal\hls\.autopilot\db\pedal_c.pp.0.cpp:16776:13: warning: Added loop label VITIS_LOOP_2193_1:   [xilinx-label-all-loops]
            for(int j=3; j>=I+1; j--) {
            ^~~
            VITIS_LOOP_2193_1: 
E:\FPGA-Guitar-Pedal\Pedal_vitis\pedal\pedal\hls\.autopilot\db\pedal_c.pp.0.cpp:16776:13: note: FIX-IT applied suggested code changes
E:\FPGA-Guitar-Pedal\Pedal_vitis\pedal\pedal\hls\.autopilot\db\pedal_c.pp.0.cpp:16783:17: warning: Added loop label VITIS_LOOP_2200_2:   [xilinx-label-all-loops]
                for(int j=3; j>=I+1; j--) {
                ^~~
                VITIS_LOOP_2200_2: 
E:\FPGA-Guitar-Pedal\Pedal_vitis\pedal\pedal\hls\.autopilot\db\pedal_c.pp.0.cpp:16783:17: note: FIX-IT applied suggested code changes
E:\FPGA-Guitar-Pedal\Pedal_vitis\pedal\pedal\hls\.autopilot\db\pedal_c.pp.0.cpp:16787:17: warning: Added loop label VITIS_LOOP_2204_3:   [xilinx-label-all-loops]
                for(int j=I; j>=0; j--) {
                ^~~
                VITIS_LOOP_2204_3: 
E:\FPGA-Guitar-Pedal\Pedal_vitis\pedal\pedal\hls\.autopilot\db\pedal_c.pp.0.cpp:16787:17: note: FIX-IT applied suggested code changes
E:\FPGA-Guitar-Pedal\Pedal_vitis\pedal\pedal\hls\.autopilot\db\pedal_c.pp.0.cpp:16834:13: warning: Added loop label VITIS_LOOP_2251_4:   [xilinx-label-all-loops]
            for(int j=7; j>=3+I; j--) {
            ^~~
            VITIS_LOOP_2251_4: 
E:\FPGA-Guitar-Pedal\Pedal_vitis\pedal\pedal\hls\.autopilot\db\pedal_c.pp.0.cpp:16834:13: note: FIX-IT applied suggested code changes
E:\FPGA-Guitar-Pedal\Pedal_vitis\pedal\pedal\hls\.autopilot\db\pedal_c.pp.0.cpp:16841:17: warning: Added loop label VITIS_LOOP_2258_5:   [xilinx-label-all-loops]
                for(int j=7; j>=3+I; j--) {
                ^~~
                VITIS_LOOP_2258_5: 
E:\FPGA-Guitar-Pedal\Pedal_vitis\pedal\pedal\hls\.autopilot\db\pedal_c.pp.0.cpp:16841:17: note: FIX-IT applied suggested code changes
E:\FPGA-Guitar-Pedal\Pedal_vitis\pedal\pedal\hls\.autopilot\db\pedal_c.pp.0.cpp:16845:17: warning: Added loop label VITIS_LOOP_2262_6:   [xilinx-label-all-loops]
                for(int j=I+2; j>=0; j--) {
                ^~~
                VITIS_LOOP_2262_6: 
E:\FPGA-Guitar-Pedal\Pedal_vitis\pedal\pedal\hls\.autopilot\db\pedal_c.pp.0.cpp:16845:17: note: FIX-IT applied suggested code changes
E:\FPGA-Guitar-Pedal\Pedal_vitis\pedal\pedal\hls\.autopilot\db\pedal_c.pp.0.cpp:16863:9: warning: Added loop label VITIS_LOOP_2280_7:   [xilinx-label-all-loops]
        for(int j=11; j<16; j++) {
        ^~~
        VITIS_LOOP_2280_7: 
E:\FPGA-Guitar-Pedal\Pedal_vitis\pedal\pedal\hls\.autopilot\db\pedal_c.pp.0.cpp:16863:9: note: FIX-IT applied suggested code changes
E:\FPGA-Guitar-Pedal\Pedal_vitis\pedal\pedal\hls\.autopilot\db\pedal_c.pp.0.cpp:16918:13: warning: Added loop label VITIS_LOOP_2335_8:   [xilinx-label-all-loops]
            for(int j=15; j>=7+I; j--) {
            ^~~
            VITIS_LOOP_2335_8: 
E:\FPGA-Guitar-Pedal\Pedal_vitis\pedal\pedal\hls\.autopilot\db\pedal_c.pp.0.cpp:16918:13: note: FIX-IT applied suggested code changes
E:\FPGA-Guitar-Pedal\Pedal_vitis\pedal\pedal\hls\.autopilot\db\pedal_c.pp.0.cpp:16925:17: warning: Added loop label VITIS_LOOP_2342_9:   [xilinx-label-all-loops]
                for(int j=15; j>=7+I; j--) {
                ^~~
                VITIS_LOOP_2342_9: 
E:\FPGA-Guitar-Pedal\Pedal_vitis\pedal\pedal\hls\.autopilot\db\pedal_c.pp.0.cpp:16925:17: note: FIX-IT applied suggested code changes
E:\FPGA-Guitar-Pedal\Pedal_vitis\pedal\pedal\hls\.autopilot\db\pedal_c.pp.0.cpp:16929:17: warning: Added loop label VITIS_LOOP_2346_10:   [xilinx-label-all-loops]
                for(int j=6+I; j>=0; j--) {
                ^~~
                VITIS_LOOP_2346_10: 
E:\FPGA-Guitar-Pedal\Pedal_vitis\pedal\pedal\hls\.autopilot\db\pedal_c.pp.0.cpp:16929:17: note: FIX-IT applied suggested code changes
E:\FPGA-Guitar-Pedal\Pedal_vitis\pedal\pedal\hls\.autopilot\db\pedal_c.pp.0.cpp:16947:9: warning: Added loop label VITIS_LOOP_2364_11:   [xilinx-label-all-loops]
        for(int j=20; j<32; j++) {
        ^~~
        VITIS_LOOP_2364_11: 
E:\FPGA-Guitar-Pedal\Pedal_vitis\pedal\pedal\hls\.autopilot\db\pedal_c.pp.0.cpp:16947:9: note: FIX-IT applied suggested code changes
E:\FPGA-Guitar-Pedal\Pedal_vitis\pedal\pedal\hls\.autopilot\db\pedal_c.pp.0.cpp:17036:13: warning: Added loop label VITIS_LOOP_2453_12:   [xilinx-label-all-loops]
            for(int j=31; j>=I+15; j--) {
            ^~~
            VITIS_LOOP_2453_12: 
E:\FPGA-Guitar-Pedal\Pedal_vitis\pedal\pedal\hls\.autopilot\db\pedal_c.pp.0.cpp:17036:13: note: FIX-IT applied suggested code changes
E:\FPGA-Guitar-Pedal\Pedal_vitis\pedal\pedal\hls\.autopilot\db\pedal_c.pp.0.cpp:17043:17: warning: Added loop label VITIS_LOOP_2460_13:   [xilinx-label-all-loops]
                for(int j=31; j>=I+15; j--) {
                ^~~
                VITIS_LOOP_2460_13: 
E:\FPGA-Guitar-Pedal\Pedal_vitis\pedal\pedal\hls\.autopilot\db\pedal_c.pp.0.cpp:17043:17: note: FIX-IT applied suggested code changes
E:\FPGA-Guitar-Pedal\Pedal_vitis\pedal\pedal\hls\.autopilot\db\pedal_c.pp.0.cpp:17047:17: warning: Added loop label VITIS_LOOP_2464_14:   [xilinx-label-all-loops]
                for(int j=I+14; j>=0; j--) {
                ^~~
                VITIS_LOOP_2464_14: 
E:\FPGA-Guitar-Pedal\Pedal_vitis\pedal\pedal\hls\.autopilot\db\pedal_c.pp.0.cpp:17047:17: note: FIX-IT applied suggested code changes
E:\FPGA-Guitar-Pedal\Pedal_vitis\pedal\pedal\hls\.autopilot\db\pedal_c.pp.0.cpp:17057:9: warning: Added loop label VITIS_LOOP_2474_15:   [xilinx-label-all-loops]
        for(int j=32-F; j<32+I; j++) {
        ^~~
        VITIS_LOOP_2474_15: 
E:\FPGA-Guitar-Pedal\Pedal_vitis\pedal\pedal\hls\.autopilot\db\pedal_c.pp.0.cpp:17057:9: note: FIX-IT applied suggested code changes
E:\FPGA-Guitar-Pedal\Pedal_vitis\pedal\pedal\hls\.autopilot\db\pedal_c.pp.0.cpp:17061:9: warning: Added loop label VITIS_LOOP_2478_16:   [xilinx-label-all-loops]
        for(int j=32+I; j<=64; j++) {
        ^~~
        VITIS_LOOP_2478_16: 
E:\FPGA-Guitar-Pedal\Pedal_vitis\pedal\pedal\hls\.autopilot\db\pedal_c.pp.0.cpp:17061:9: note: FIX-IT applied suggested code changes
E:\FPGA-Guitar-Pedal\Pedal_vitis\pedal\pedal\hls\.autopilot\db\pedal_c.pp.0.cpp:17072:9: warning: Added loop label VITIS_LOOP_2489_17:   [xilinx-label-all-loops]
        for(int j=37; j<64; j++) {
        ^~~
        VITIS_LOOP_2489_17: 
E:\FPGA-Guitar-Pedal\Pedal_vitis\pedal\pedal\hls\.autopilot\db\pedal_c.pp.0.cpp:17072:9: note: FIX-IT applied suggested code changes
E:\FPGA-Guitar-Pedal\Pedal_vitis\pedal\pedal\hls\.autopilot\db\pedal_c.pp.0.cpp:17080:17: warning: Added loop label VITIS_LOOP_2497_18:   [xilinx-label-all-loops]
                for(int j=0; j<64; j++) {
                ^~~
                VITIS_LOOP_2497_18: 
E:\FPGA-Guitar-Pedal\Pedal_vitis\pedal\pedal\hls\.autopilot\db\pedal_c.pp.0.cpp:17080:17: note: FIX-IT applied suggested code changes
E:\FPGA-Guitar-Pedal\Pedal_vitis\pedal\pedal\hls\.autopilot\db\pedal_c.pp.0.cpp:17405:13: warning: Added loop label VITIS_LOOP_2822_19:   [xilinx-label-all-loops]
            for(int j=63; j>=I+31; j--) {
            ^~~
            VITIS_LOOP_2822_19: 
E:\FPGA-Guitar-Pedal\Pedal_vitis\pedal\pedal\hls\.autopilot\db\pedal_c.pp.0.cpp:17405:13: note: FIX-IT applied suggested code changes
E:\FPGA-Guitar-Pedal\Pedal_vitis\pedal\pedal\hls\.autopilot\db\pedal_c.pp.0.cpp:17412:17: warning: Added loop label VITIS_LOOP_2829_20:   [xilinx-label-all-loops]
                for(int j=63; j>=I+31; j--) {
                ^~~
                VITIS_LOOP_2829_20: 
E:\FPGA-Guitar-Pedal\Pedal_vitis\pedal\pedal\hls\.autopilot\db\pedal_c.pp.0.cpp:17412:17: note: FIX-IT applied suggested code changes
E:\FPGA-Guitar-Pedal\Pedal_vitis\pedal\pedal\hls\.autopilot\db\pedal_c.pp.0.cpp:17416:17: warning: Added loop label VITIS_LOOP_2833_21:   [xilinx-label-all-loops]
                for(int j=I+30; j>=0; j--) {
                ^~~
                VITIS_LOOP_2833_21: 
E:\FPGA-Guitar-Pedal\Pedal_vitis\pedal\pedal\hls\.autopilot\db\pedal_c.pp.0.cpp:17416:17: note: FIX-IT applied suggested code changes
E:\FPGA-Guitar-Pedal\Pedal_vitis\pedal\pedal\hls\.autopilot\db\pedal_c.pp.0.cpp:17504:4: warning: Added loop label VITIS_LOOP_2921_1:   [xilinx-label-all-loops]
   for(int j = 5; j>=I_+2; j--) {
   ^~~
   VITIS_LOOP_2921_1: 
E:\FPGA-Guitar-Pedal\Pedal_vitis\pedal\pedal\hls\.autopilot\db\pedal_c.pp.0.cpp:17504:4: note: FIX-IT applied suggested code changes
E:\FPGA-Guitar-Pedal\Pedal_vitis\pedal\pedal\hls\.autopilot\db\pedal_c.pp.0.cpp:17511:5: warning: Added loop label VITIS_LOOP_2928_2:   [xilinx-label-all-loops]
    for(int j = 5; j>=I_+2; j--) {
    ^~~
    VITIS_LOOP_2928_2: 
E:\FPGA-Guitar-Pedal\Pedal_vitis\pedal\pedal\hls\.autopilot\db\pedal_c.pp.0.cpp:17511:5: note: FIX-IT applied suggested code changes
E:\FPGA-Guitar-Pedal\Pedal_vitis\pedal\pedal\hls\.autopilot\db\pedal_c.pp.0.cpp:17515:5: warning: Added loop label VITIS_LOOP_2932_3:   [xilinx-label-all-loops]
    for(int j = I_+1; j>=0; j--) {
    ^~~
    VITIS_LOOP_2932_3: 
E:\FPGA-Guitar-Pedal\Pedal_vitis\pedal\pedal\hls\.autopilot\db\pedal_c.pp.0.cpp:17515:5: note: FIX-IT applied suggested code changes
E:\FPGA-Guitar-Pedal\Pedal_vitis\pedal\pedal\hls\.autopilot\db\pedal_c.pp.0.cpp:17530:3: warning: Added loop label VITIS_LOOP_2947_4:   [xilinx-label-all-loops]
  for(int j = 11; j >=7; j--) {
  ^~~
  VITIS_LOOP_2947_4: 
E:\FPGA-Guitar-Pedal\Pedal_vitis\pedal\pedal\hls\.autopilot\db\pedal_c.pp.0.cpp:17530:3: note: FIX-IT applied suggested code changes
E:\FPGA-Guitar-Pedal\Pedal_vitis\pedal\pedal\hls\.autopilot\db\pedal_c.pp.0.cpp:17562:4: warning: Added loop label VITIS_LOOP_2979_5:   [xilinx-label-all-loops]
   for(int j = 11; j >= I_+5; j--) {
   ^~~
   VITIS_LOOP_2979_5: 
E:\FPGA-Guitar-Pedal\Pedal_vitis\pedal\pedal\hls\.autopilot\db\pedal_c.pp.0.cpp:17562:4: note: FIX-IT applied suggested code changes
E:\FPGA-Guitar-Pedal\Pedal_vitis\pedal\pedal\hls\.autopilot\db\pedal_c.pp.0.cpp:17569:5: warning: Added loop label VITIS_LOOP_2986_6:   [xilinx-label-all-loops]
    for(int j = 11; j>= I_+5; j--) {
    ^~~
    VITIS_LOOP_2986_6: 
E:\FPGA-Guitar-Pedal\Pedal_vitis\pedal\pedal\hls\.autopilot\db\pedal_c.pp.0.cpp:17569:5: note: FIX-IT applied suggested code changes
E:\FPGA-Guitar-Pedal\Pedal_vitis\pedal\pedal\hls\.autopilot\db\pedal_c.pp.0.cpp:17573:5: warning: Added loop label VITIS_LOOP_2990_7:   [xilinx-label-all-loops]
    for(int j = I_+4; j>=0; j--) {
    ^~~
    VITIS_LOOP_2990_7: 
E:\FPGA-Guitar-Pedal\Pedal_vitis\pedal\pedal\hls\.autopilot\db\pedal_c.pp.0.cpp:17573:5: note: FIX-IT applied suggested code changes
E:\FPGA-Guitar-Pedal\Pedal_vitis\pedal\pedal\hls\.autopilot\db\pedal_c.pp.0.cpp:17588:3: warning: Added loop label VITIS_LOOP_3005_8:   [xilinx-label-all-loops]
  for(int j = 25; j>=15; j--) {
  ^~~
  VITIS_LOOP_3005_8: 
E:\FPGA-Guitar-Pedal\Pedal_vitis\pedal\pedal\hls\.autopilot\db\pedal_c.pp.0.cpp:17588:3: note: FIX-IT applied suggested code changes
E:\FPGA-Guitar-Pedal\Pedal_vitis\pedal\pedal\hls\.autopilot\db\pedal_c.pp.0.cpp:17638:4: warning: Added loop label VITIS_LOOP_3055_9:   [xilinx-label-all-loops]
   for(int j = 25; j>= I_+12; j--) {
   ^~~
   VITIS_LOOP_3055_9: 
E:\FPGA-Guitar-Pedal\Pedal_vitis\pedal\pedal\hls\.autopilot\db\pedal_c.pp.0.cpp:17638:4: note: FIX-IT applied suggested code changes
E:\FPGA-Guitar-Pedal\Pedal_vitis\pedal\pedal\hls\.autopilot\db\pedal_c.pp.0.cpp:17645:5: warning: Added loop label VITIS_LOOP_3062_10:   [xilinx-label-all-loops]
    for(int j = 25; j>=I_+12; j--) {
    ^~~
    VITIS_LOOP_3062_10: 
E:\FPGA-Guitar-Pedal\Pedal_vitis\pedal\pedal\hls\.autopilot\db\pedal_c.pp.0.cpp:17645:5: note: FIX-IT applied suggested code changes
E:\FPGA-Guitar-Pedal\Pedal_vitis\pedal\pedal\hls\.autopilot\db\pedal_c.pp.0.cpp:17649:5: warning: Added loop label VITIS_LOOP_3066_11:   [xilinx-label-all-loops]
    for(int j = I_+11; j>=0; j--) {
    ^~~
    VITIS_LOOP_3066_11: 
E:\FPGA-Guitar-Pedal\Pedal_vitis\pedal\pedal\hls\.autopilot\db\pedal_c.pp.0.cpp:17649:5: note: FIX-IT applied suggested code changes
E:\FPGA-Guitar-Pedal\Pedal_vitis\pedal\pedal\hls\.autopilot\db\pedal_c.pp.0.cpp:17664:3: warning: Added loop label VITIS_LOOP_3081_12:   [xilinx-label-all-loops]
  for(int j = 51; j >= 29; j--) {
  ^~~
  VITIS_LOOP_3081_12: 
E:\FPGA-Guitar-Pedal\Pedal_vitis\pedal\pedal\hls\.autopilot\db\pedal_c.pp.0.cpp:17664:3: note: FIX-IT applied suggested code changes
E:\FPGA-Guitar-Pedal\Pedal_vitis\pedal\pedal\hls\.autopilot\db\pedal_c.pp.0.cpp:17801:4: warning: Added loop label VITIS_LOOP_3218_13:   [xilinx-label-all-loops]
   for(int j = 51; j >= 25 + I_; j--) {
   ^~~
   VITIS_LOOP_3218_13: 
E:\FPGA-Guitar-Pedal\Pedal_vitis\pedal\pedal\hls\.autopilot\db\pedal_c.pp.0.cpp:17801:4: note: FIX-IT applied suggested code changes
E:\FPGA-Guitar-Pedal\Pedal_vitis\pedal\pedal\hls\.autopilot\db\pedal_c.pp.0.cpp:17808:5: warning: Added loop label VITIS_LOOP_3225_14:   [xilinx-label-all-loops]
    for(int j = 51; j>=25 + I_; j--) {
    ^~~
    VITIS_LOOP_3225_14: 
E:\FPGA-Guitar-Pedal\Pedal_vitis\pedal\pedal\hls\.autopilot\db\pedal_c.pp.0.cpp:17808:5: note: FIX-IT applied suggested code changes
E:\FPGA-Guitar-Pedal\Pedal_vitis\pedal\pedal\hls\.autopilot\db\pedal_c.pp.0.cpp:17812:5: warning: Added loop label VITIS_LOOP_3229_15:   [xilinx-label-all-loops]
    for(int j = 24 + I_; j >= 0; j--) {
    ^~~
    VITIS_LOOP_3229_15: 
E:\FPGA-Guitar-Pedal\Pedal_vitis\pedal\pedal\hls\.autopilot\db\pedal_c.pp.0.cpp:17812:5: note: FIX-IT applied suggested code changes
E:\FPGA-Guitar-Pedal\Pedal_vitis\pedal\pedal\hls\.autopilot\db\pedal_c.pp.0.cpp:17827:3: warning: Added loop label VITIS_LOOP_3244_16:   [xilinx-label-all-loops]
  for(int j = 63; j >= 36; j--) {
  ^~~
  VITIS_LOOP_3244_16: 
E:\FPGA-Guitar-Pedal\Pedal_vitis\pedal\pedal\hls\.autopilot\db\pedal_c.pp.0.cpp:17827:3: note: FIX-IT applied suggested code changes
E:\FPGA-Guitar-Pedal\Pedal_vitis\pedal\pedal\hls\.autopilot\db\pedal_c.pp.0.cpp:17987:4: warning: Added loop label VITIS_LOOP_3404_17:   [xilinx-label-all-loops]
   for(int j = 63; j >= 31 + I_; j--) {
   ^~~
   VITIS_LOOP_3404_17: 
E:\FPGA-Guitar-Pedal\Pedal_vitis\pedal\pedal\hls\.autopilot\db\pedal_c.pp.0.cpp:17987:4: note: FIX-IT applied suggested code changes
E:\FPGA-Guitar-Pedal\Pedal_vitis\pedal\pedal\hls\.autopilot\db\pedal_c.pp.0.cpp:17994:5: warning: Added loop label VITIS_LOOP_3411_18:   [xilinx-label-all-loops]
    for(int j = 63; j >= 31 + I_; j--) {
    ^~~
    VITIS_LOOP_3411_18: 
E:\FPGA-Guitar-Pedal\Pedal_vitis\pedal\pedal\hls\.autopilot\db\pedal_c.pp.0.cpp:17994:5: note: FIX-IT applied suggested code changes
E:\FPGA-Guitar-Pedal\Pedal_vitis\pedal\pedal\hls\.autopilot\db\pedal_c.pp.0.cpp:17998:5: warning: Added loop label VITIS_LOOP_3415_19:   [xilinx-label-all-loops]
    for(int j = 30 + I_; j >= 0; j--) {
    ^~~
    VITIS_LOOP_3415_19: 
E:\FPGA-Guitar-Pedal\Pedal_vitis\pedal\pedal\hls\.autopilot\db\pedal_c.pp.0.cpp:17998:5: note: FIX-IT applied suggested code changes
E:\FPGA-Guitar-Pedal\Pedal_vitis\pedal\pedal\hls\.autopilot\db\pedal_c.pp.0.cpp:18713:13: warning: Added loop label VITIS_LOOP_703_1:   [xilinx-label-all-loops]
            for (b_exp = I_-1; b_exp >= -F_; b_exp--) {
            ^~~
            VITIS_LOOP_703_1: 
E:\FPGA-Guitar-Pedal\Pedal_vitis\pedal\pedal\hls\.autopilot\db\pedal_c.pp.0.cpp:18713:13: note: FIX-IT applied suggested code changes
E:\FPGA-Guitar-Pedal\Pedal_vitis\pedal\pedal\hls\.autopilot\db\pedal_c.pp.0.cpp:18931:13: warning: Added loop label VITIS_LOOP_921_1:   [xilinx-label-all-loops]
            for (b_exp = I_-1; b_exp >= -F_; b_exp--) {
            ^~~
            VITIS_LOOP_921_1: 
E:\FPGA-Guitar-Pedal\Pedal_vitis\pedal\pedal\hls\.autopilot\db\pedal_c.pp.0.cpp:18931:13: note: FIX-IT applied suggested code changes
E:\FPGA-Guitar-Pedal\Pedal_vitis\pedal\pedal\hls\.autopilot\db\pedal_c.pp.0.cpp:19348:13: warning: Added loop label VITIS_LOOP_1345_1:   [xilinx-label-all-loops]
            for (b_exp = I_-1; b_exp >= -F_; b_exp--) {
            ^~~
            VITIS_LOOP_1345_1: 
E:\FPGA-Guitar-Pedal\Pedal_vitis\pedal\pedal\hls\.autopilot\db\pedal_c.pp.0.cpp:19348:13: note: FIX-IT applied suggested code changes
E:\FPGA-Guitar-Pedal\Pedal_vitis\pedal\pedal\hls\.autopilot\db\pedal_c.pp.0.cpp:19668:9: warning: Added loop label VITIS_LOOP_240_1:   [xilinx-label-all-loops]
        for ( int pos = msbr-1; pos >= 0; pos-- ) {
        ^~~
        VITIS_LOOP_240_1: 
E:\FPGA-Guitar-Pedal\Pedal_vitis\pedal\pedal\hls\.autopilot\db\pedal_c.pp.0.cpp:19668:9: note: FIX-IT applied suggested code changes
E:\FPGA-Guitar-Pedal\Pedal_vitis\pedal\pedal\hls\.autopilot\db\pedal_c.pp.0.cpp:19696:9: warning: Added loop label VITIS_LOOP_268_2:   [xilinx-label-all-loops]
        for ( int pos = -1; pos >= -F_-1; pos-- ) {
        ^~~
        VITIS_LOOP_268_2: 
E:\FPGA-Guitar-Pedal\Pedal_vitis\pedal\pedal\hls\.autopilot\db\pedal_c.pp.0.cpp:19696:9: note: FIX-IT applied suggested code changes
E:\FPGA-Guitar-Pedal\Pedal_vitis\pedal\pedal\hls\.autopilot\db\pedal_c.pp.0.cpp:20398:13: warning: Added loop label VITIS_LOOP_48_1:   [xilinx-label-all-loops]
            for (int j = 0; j < W_-1; j++){
            ^~~
            VITIS_LOOP_48_1: 
E:\FPGA-Guitar-Pedal\Pedal_vitis\pedal\pedal\hls\.autopilot\db\pedal_c.pp.0.cpp:20398:13: note: FIX-IT applied suggested code changes
E:\FPGA-Guitar-Pedal\Pedal_vitis\pedal\pedal\hls\.autopilot\db\pedal_c.pp.0.cpp:20451:5: warning: Added loop label VITIS_LOOP_109_2:   [xilinx-label-all-loops]
    for (int j = F_l+F_+I_m-1; j < F_l+W_+5; j++){
    ^~~
    VITIS_LOOP_109_2: 
E:\FPGA-Guitar-Pedal\Pedal_vitis\pedal\pedal\hls\.autopilot\db\pedal_c.pp.0.cpp:20451:5: note: FIX-IT applied suggested code changes
E:\FPGA-Guitar-Pedal\Pedal_vitis\pedal\pedal\hls\.autopilot\db\pedal_c.pp.0.cpp:20465:13: warning: Added loop label VITIS_LOOP_123_3:   [xilinx-label-all-loops]
            for (int j = WO_m-1; j >= W_-1; j--) {
            ^~~
            VITIS_LOOP_123_3: 
E:\FPGA-Guitar-Pedal\Pedal_vitis\pedal\pedal\hls\.autopilot\db\pedal_c.pp.0.cpp:20465:13: note: FIX-IT applied suggested code changes
E:\FPGA-Guitar-Pedal\Pedal_vitis\pedal\pedal\hls\.autopilot\db\pedal_c.pp.0.cpp:20495:13: warning: Added loop label VITIS_LOOP_153_4:   [xilinx-label-all-loops]
            for (int j = W_-2; j >= 0; j--){
            ^~~
            VITIS_LOOP_153_4: 
E:\FPGA-Guitar-Pedal\Pedal_vitis\pedal\pedal\hls\.autopilot\db\pedal_c.pp.0.cpp:20495:13: note: FIX-IT applied suggested code changes
E:\FPGA-Guitar-Pedal\Pedal_vitis\pedal\pedal\hls\.autopilot\db\pedal_c.pp.0.cpp:20580:12: warning: Added loop label VITIS_LOOP_281_1:   [xilinx-label-all-loops]
           for(int i = wf_log+we_log-2; i > WI_e - 2; --i) {
           ^~~
           VITIS_LOOP_281_1: 
E:\FPGA-Guitar-Pedal\Pedal_vitis\pedal\pedal\hls\.autopilot\db\pedal_c.pp.0.cpp:20580:12: note: FIX-IT applied suggested code changes
E:\FPGA-Guitar-Pedal\Pedal_vitis\pedal\pedal\hls\.autopilot\db\pedal_c.pp.0.cpp:20600:16: warning: Added loop label VITIS_LOOP_301_2:   [xilinx-label-all-loops]
               for (int j = WO_e-1; j >= W_-1; j--) {
               ^~~
               VITIS_LOOP_301_2: 
E:\FPGA-Guitar-Pedal\Pedal_vitis\pedal\pedal\hls\.autopilot\db\pedal_c.pp.0.cpp:20600:16: note: FIX-IT applied suggested code changes
E:\FPGA-Guitar-Pedal\Pedal_vitis\pedal\pedal\hls\.autopilot\db\pedal_c.pp.0.cpp:20614:20: warning: Added loop label VITIS_LOOP_315_3:   [xilinx-label-all-loops]
                   for(int i = 0; i < W_-1; ++i) {
                   ^~~
                   VITIS_LOOP_315_3: 
E:\FPGA-Guitar-Pedal\Pedal_vitis\pedal\pedal\hls\.autopilot\db\pedal_c.pp.0.cpp:20614:20: note: FIX-IT applied suggested code changes
E:\FPGA-Guitar-Pedal\Pedal_vitis\pedal\pedal\hls\.autopilot\db\pedal_c.pp.0.cpp:20707:12: warning: Added loop label VITIS_LOOP_433_1:   [xilinx-label-all-loops]
           for (int j =WO_d-1; j >= W_-1; j--) {
           ^~~
           VITIS_LOOP_433_1: 
E:\FPGA-Guitar-Pedal\Pedal_vitis\pedal\pedal\hls\.autopilot\db\pedal_c.pp.0.cpp:20707:12: note: FIX-IT applied suggested code changes
E:\FPGA-Guitar-Pedal\Pedal_vitis\pedal\pedal\hls\.autopilot\db\pedal_c.pp.0.cpp:20721:15: warning: Added loop label VITIS_LOOP_447_2:   [xilinx-label-all-loops]
              for(int i = 0; i < W_-1; ++i) {
              ^~~
              VITIS_LOOP_447_2: 
E:\FPGA-Guitar-Pedal\Pedal_vitis\pedal\pedal\hls\.autopilot\db\pedal_c.pp.0.cpp:20721:15: note: FIX-IT applied suggested code changes
E:\FPGA-Guitar-Pedal\Pedal_vitis\pedal\pedal\hls\.autopilot\db\pedal_c.pp.0.cpp:20841:13: warning: Added loop label VITIS_LOOP_33_1:   [xilinx-label-all-loops]
            for (int i = 0; i < W_-1; i++){
            ^~~
            VITIS_LOOP_33_1: 
E:\FPGA-Guitar-Pedal\Pedal_vitis\pedal\pedal\hls\.autopilot\db\pedal_c.pp.0.cpp:20841:13: note: FIX-IT applied suggested code changes
E:\FPGA-Guitar-Pedal\Pedal_vitis\pedal\pedal\hls\.autopilot\db\pedal_c.pp.0.cpp:20965:13: warning: Added loop label VITIS_LOOP_183_1:   [xilinx-label-all-loops]
            for (int i = 0; i < W_-1; i++){
            ^~~
            VITIS_LOOP_183_1: 
E:\FPGA-Guitar-Pedal\Pedal_vitis\pedal\pedal\hls\.autopilot\db\pedal_c.pp.0.cpp:20965:13: note: FIX-IT applied suggested code changes
E:\FPGA-Guitar-Pedal\Pedal_vitis\pedal\pedal\hls\.autopilot\db\pedal_c.pp.0.cpp:21020:13: warning: Added loop label VITIS_LOOP_248_1:   [xilinx-label-all-loops]
            for (int i = 0; i < W_-1; i++){
            ^~~
            VITIS_LOOP_248_1: 
E:\FPGA-Guitar-Pedal\Pedal_vitis\pedal\pedal\hls\.autopilot\db\pedal_c.pp.0.cpp:21020:13: note: FIX-IT applied suggested code changes
E:\FPGA-Guitar-Pedal\Pedal_vitis\pedal\pedal\hls\.autopilot\db\pedal_c.pp.0.cpp:21539:2: warning: Added loop label VITIS_LOOP_16_1:   [xilinx-label-all-loops]
 for (int i=0; i<W_;i++)
 ^~~
 VITIS_LOOP_16_1: 
E:\FPGA-Guitar-Pedal\Pedal_vitis\pedal\pedal\hls\.autopilot\db\pedal_c.pp.0.cpp:21539:2: note: FIX-IT applied suggested code changes
E:\FPGA-Guitar-Pedal\Pedal_vitis\pedal\pedal\hls\.autopilot\db\pedal_c.pp.0.cpp:21550:2: warning: Added loop label VITIS_LOOP_27_1:   [xilinx-label-all-loops]
 for (int i=0; i<W_;i++)
 ^~~
 VITIS_LOOP_27_1: 
E:\FPGA-Guitar-Pedal\Pedal_vitis\pedal\pedal\hls\.autopilot\db\pedal_c.pp.0.cpp:21550:2: note: FIX-IT applied suggested code changes
E:\FPGA-Guitar-Pedal\Pedal_vitis\pedal\pedal\hls\.autopilot\db\pedal_c.pp.0.cpp:21561:2: warning: Added loop label VITIS_LOOP_38_1:   [xilinx-label-all-loops]
 for (int i=0; i<I_;i++)
 ^~~
 VITIS_LOOP_38_1: 
E:\FPGA-Guitar-Pedal\Pedal_vitis\pedal\pedal\hls\.autopilot\db\pedal_c.pp.0.cpp:21561:2: note: FIX-IT applied suggested code changes
E:\FPGA-Guitar-Pedal\Pedal_vitis\pedal\pedal\hls\.autopilot\db\pedal_c.pp.0.cpp:21572:2: warning: Added loop label VITIS_LOOP_49_1:   [xilinx-label-all-loops]
 for (int i=0; i<I_;i++)
 ^~~
 VITIS_LOOP_49_1: 
E:\FPGA-Guitar-Pedal\Pedal_vitis\pedal\pedal\hls\.autopilot\db\pedal_c.pp.0.cpp:21572:2: note: FIX-IT applied suggested code changes
E:\FPGA-Guitar-Pedal\Pedal_vitis\pedal\pedal\hls\.autopilot\db\pedal_c.pp.0.cpp:21583:2: warning: Added loop label VITIS_LOOP_60_1:   [xilinx-label-all-loops]
 for (int i=0; i<W_;i++)
 ^~~
 VITIS_LOOP_60_1: 
E:\FPGA-Guitar-Pedal\Pedal_vitis\pedal\pedal\hls\.autopilot\db\pedal_c.pp.0.cpp:21583:2: note: FIX-IT applied suggested code changes
E:\FPGA-Guitar-Pedal\Pedal_vitis\pedal\pedal\hls\.autopilot\db\pedal_c.pp.0.cpp:21594:2: warning: Added loop label VITIS_LOOP_71_1:   [xilinx-label-all-loops]
 for (int i=0; i<W_;i++)
 ^~~
 VITIS_LOOP_71_1: 
E:\FPGA-Guitar-Pedal\Pedal_vitis\pedal\pedal\hls\.autopilot\db\pedal_c.pp.0.cpp:21594:2: note: FIX-IT applied suggested code changes
E:\FPGA-Guitar-Pedal\Pedal_vitis\pedal\pedal\hls\.autopilot\db\pedal_c.pp.0.cpp:21605:2: warning: Added loop label VITIS_LOOP_82_1:   [xilinx-label-all-loops]
 for (int i=0; i<I_;i++)
 ^~~
 VITIS_LOOP_82_1: 
E:\FPGA-Guitar-Pedal\Pedal_vitis\pedal\pedal\hls\.autopilot\db\pedal_c.pp.0.cpp:21605:2: note: FIX-IT applied suggested code changes
E:\FPGA-Guitar-Pedal\Pedal_vitis\pedal\pedal\hls\.autopilot\db\pedal_c.pp.0.cpp:21616:2: warning: Added loop label VITIS_LOOP_93_1:   [xilinx-label-all-loops]
 for (int i=0; i<I_;i++)
 ^~~
 VITIS_LOOP_93_1: 
E:\FPGA-Guitar-Pedal\Pedal_vitis\pedal\pedal\hls\.autopilot\db\pedal_c.pp.0.cpp:21616:2: note: FIX-IT applied suggested code changes
E:\FPGA-Guitar-Pedal\Pedal_vitis\pedal\pedal\hls\.autopilot\db\pedal_c.pp.0.cpp:23976:12: warning: Added loop label VITIS_LOOP_26_1:   [xilinx-label-all-loops]
           for(int i = 0; i < W_-1; ++i) {
           ^~~
           VITIS_LOOP_26_1: 
E:\FPGA-Guitar-Pedal\Pedal_vitis\pedal\pedal\hls\.autopilot\db\pedal_c.pp.0.cpp:23976:12: note: FIX-IT applied suggested code changes
E:\FPGA-Guitar-Pedal\Pedal_vitis\pedal\pedal\hls\.autopilot\db\pedal_c.pp.0.cpp:24040:7: warning: Added loop label VITIS_LOOP_40_1:   [xilinx-label-all-loops]
      for(int pos = msbr - 1 ; pos >= -F-1; pos--) {
      ^~~
      VITIS_LOOP_40_1: 
E:\FPGA-Guitar-Pedal\Pedal_vitis\pedal\pedal\hls\.autopilot\db\pedal_c.pp.0.cpp:24040:7: note: FIX-IT applied suggested code changes
E:\FPGA-Guitar-Pedal\Pedal_vitis\pedal\pedal\hls\.autopilot\db\pedal_c.pp.0.cpp:24157:9: warning: Added loop label VITIS_LOOP_49_1:   [xilinx-label-all-loops]
        for(int pos = msbr - 1; pos >= 0; pos--) {
        ^~~
        VITIS_LOOP_49_1: 
E:\FPGA-Guitar-Pedal\Pedal_vitis\pedal\pedal\hls\.autopilot\db\pedal_c.pp.0.cpp:24157:9: note: FIX-IT applied suggested code changes
E:\FPGA-Guitar-Pedal\Pedal_vitis\pedal\pedal\hls\.autopilot\db\pedal_c.pp.0.cpp:24182:5: warning: Added loop label VITIS_LOOP_81_2:   [xilinx-label-all-loops]
    for(int pos = -1; pos >= -F-1; pos--) {
    ^~~
    VITIS_LOOP_81_2: 
E:\FPGA-Guitar-Pedal\Pedal_vitis\pedal\pedal\hls\.autopilot\db\pedal_c.pp.0.cpp:24182:5: note: FIX-IT applied suggested code changes
E:\FPGA-Guitar-Pedal\Pedal_vitis\pedal\pedal\hls\.autopilot\db\pedal_c.pp.0.cpp:24252:8: warning: Added loop label VITIS_LOOP_169_3:   [xilinx-label-all-loops]
       for(int i = 0; i < W - 1; ++i) {
       ^~~
       VITIS_LOOP_169_3: 
E:\FPGA-Guitar-Pedal\Pedal_vitis\pedal\pedal\hls\.autopilot\db\pedal_c.pp.0.cpp:24252:8: note: FIX-IT applied suggested code changes
