E:\FPGA-Guitar-Pedal\Pedal_vitis\pedal\pedal\hls\.autopilot\db\pedal.pp.0.cpp:1313:7: warning: Added loop label VITIS_LOOP_1223_1:   [xilinx-label-all-loops]
      for (i = 0; i < __N - 1; ++i) {
      ^~~
      VITIS_LOOP_1223_1: 
E:\FPGA-Guitar-Pedal\Pedal_vitis\pedal\pedal\hls\.autopilot\db\pedal.pp.0.cpp:1313:7: note: FIX-IT applied suggested code changes
E:\FPGA-Guitar-Pedal\Pedal_vitis\pedal\pedal\hls\.autopilot\db\pedal.pp.0.cpp:2287:5: warning: Added loop label VITIS_LOOP_676_1:   [xilinx-label-all-loops]
    for (unsigned i = low; i != high; ++i) {
    ^~~
    VITIS_LOOP_676_1: 
E:\FPGA-Guitar-Pedal\Pedal_vitis\pedal\pedal\hls\.autopilot\db\pedal.pp.0.cpp:2287:5: note: FIX-IT applied suggested code changes
E:\FPGA-Guitar-Pedal\Pedal_vitis\pedal\pedal\hls\.autopilot\db\pedal.pp.0.cpp:2301:5: warning: Added loop label VITIS_LOOP_690_1:   [xilinx-label-all-loops]
    for (unsigned i = low; i != high; ++i) {
    ^~~
    VITIS_LOOP_690_1: 
E:\FPGA-Guitar-Pedal\Pedal_vitis\pedal\pedal\hls\.autopilot\db\pedal.pp.0.cpp:2301:5: note: FIX-IT applied suggested code changes
E:\FPGA-Guitar-Pedal\Pedal_vitis\pedal\pedal\hls\.autopilot\db\pedal.pp.0.cpp:2315:5: warning: Added loop label VITIS_LOOP_704_1:   [xilinx-label-all-loops]
    for (unsigned i = low; i != high; ++i) {
    ^~~
    VITIS_LOOP_704_1: 
E:\FPGA-Guitar-Pedal\Pedal_vitis\pedal\pedal\hls\.autopilot\db\pedal.pp.0.cpp:2315:5: note: FIX-IT applied suggested code changes
E:\FPGA-Guitar-Pedal\Pedal_vitis\pedal\pedal\hls\.autopilot\db\pedal.pp.0.cpp:3944:7: warning: Added loop label VITIS_LOOP_1247_1:   [xilinx-label-all-loops]
      for (i = 0; i < __N - 1; ++i) {
      ^~~
      VITIS_LOOP_1247_1: 
E:\FPGA-Guitar-Pedal\Pedal_vitis\pedal\pedal\hls\.autopilot\db\pedal.pp.0.cpp:3944:7: note: FIX-IT applied suggested code changes
E:\FPGA-Guitar-Pedal\Pedal_vitis\pedal\pedal\hls\.autopilot\db\pedal.pp.0.cpp:31774:5: warning: Added loop label VITIS_LOOP_23_1:   [xilinx-label-all-loops]
    do {
    ^~
    VITIS_LOOP_23_1: 
E:\FPGA-Guitar-Pedal\Pedal_vitis\pedal\pedal\hls\.autopilot\db\pedal.pp.0.cpp:31774:5: note: FIX-IT applied suggested code changes
