#-----------------------------------------------------------
# Vivado v2024.1 (64-bit)
# SW Build 5076996 on Wed May 22 18:37:14 MDT 2024
# IP Build 5075265 on Wed May 22 21:45:21 MDT 2024
# SharedData Build 5076995 on Wed May 22 18:29:18 MDT 2024
# Start of session at: Wed Mar 11 16:06:19 2026
# Process ID: 5464
# Current directory: E:/FPGA-Guitar-Pedal/Pedal_vitis/pedal/pedal/hls/impl/ip
# Command line: vivado.exe -notrace -mode batch -source run_ippack.tcl
# Log file: E:/FPGA-Guitar-Pedal/Pedal_vitis/pedal/pedal/hls/impl/ip/vivado.log
# Journal file: E:/FPGA-Guitar-Pedal/Pedal_vitis/pedal/pedal/hls/impl/ip\vivado.jou
# Running On        :WFXB07B250A3A85
# Platform          :Windows Server 2016 or Windows 10
# Operating System  :26200
# Processor Detail  :Intel(R) Core(TM) i7-10700 CPU @ 2.90GHz
# CPU Frequency     :2904 MHz
# CPU Physical cores:8
# CPU Logical cores :16
# Host memory       :34059 MB
# Swap memory       :2147 MB
# Total Virtual     :36207 MB
# Available Virtual :21895 MB
#-----------------------------------------------------------
source run_ippack.tcl -notrace
INFO: calling package_hls_ip ip_types=vitis sysgen json_file=E:/FPGA-Guitar-Pedal/Pedal_vitis/pedal/pedal/hls/hls_data.json outdir=E:/FPGA-Guitar-Pedal/Pedal_vitis/pedal/pedal/hls/impl/ip srcdir=E:/FPGA-Guitar-Pedal/Pedal_vitis/pedal/pedal/hls sort_interfaces_ports=false
INFO: Copied 1 ipmisc file(s) to E:/FPGA-Guitar-Pedal/Pedal_vitis/pedal/pedal/hls/impl/ip/misc
INFO: Copied 6 verilog file(s) to E:/FPGA-Guitar-Pedal/Pedal_vitis/pedal/pedal/hls/impl/ip/hdl/verilog
INFO: Copied 4 vhdl file(s) to E:/FPGA-Guitar-Pedal/Pedal_vitis/pedal/pedal/hls/impl/ip/hdl/vhdl
INFO: Copied 10 swdriver file(s) to E:/FPGA-Guitar-Pedal/Pedal_vitis/pedal/pedal/hls/impl/ip/drivers
ipx::create_core: Time (s): cpu = 00:00:07 ; elapsed = 00:00:08 . Memory (MB): peak = 651.824 ; gain = 195.008
INFO: Import ports from HDL: E:/FPGA-Guitar-Pedal/Pedal_vitis/pedal/pedal/hls/impl/ip/hdl/vhdl/audio_passthrough.vhd (audio_passthrough)
INFO: Add axi4lite interface s_axi_control
INFO: Add clock interface ap_clk
INFO: Add reset interface ap_rst_n
INFO: Add interrupt interface interrupt
INFO: [IP_Flow 19-234] Refreshing IP repositories
INFO: [IP_Flow 19-1704] No user IP repositories specified
INFO: [IP_Flow 19-2313] Loaded Vivado IP repository 'C:/Xilinx/Vivado/2024.1/data/ip'.
INFO: Add axi4stream interface in_stream
INFO: Add axi4stream interface out_stream
INFO: Calling post_process_vitis to specialize IP
INFO: Calling post_process_sysgen to specialize IP
Generating sysgen info xml from json file
INFO: Created IP E:/FPGA-Guitar-Pedal/Pedal_vitis/pedal/pedal/hls/impl/ip/component.xml
INFO: Created IP archive E:/FPGA-Guitar-Pedal/Pedal_vitis/pedal/pedal/hls/impl/ip/xilinx_com_hls_audio_passthrough_1_0.zip
INFO: [Common 17-206] Exiting Vivado at Wed Mar 11 16:06:34 2026...
