
*** Running vivado
    with args -log pedal_passthrough_xbar_1.vds -m64 -product Vivado -mode batch -messageDb vivado.pb -notrace -source pedal_passthrough_xbar_1.tcl



****** Vivado v2024.1 (64-bit)
  **** SW Build 5076996 on Wed May 22 18:37:14 MDT 2024
  **** IP Build 5075265 on Wed May 22 21:45:21 MDT 2024
  **** SharedData Build 5076995 on Wed May 22 18:29:18 MDT 2024
  **** Start of session at: Thu Mar 12 11:38:06 2026
    ** Copyright 1986-2022 Xilinx, Inc. All Rights Reserved.
    ** Copyright 2022-2024 Advanced Micro Devices, Inc. All Rights Reserved.

source pedal_passthrough_xbar_1.tcl -notrace
create_project: Time (s): cpu = 00:00:15 ; elapsed = 00:00:16 . Memory (MB): peak = 507.551 ; gain = 200.707
INFO: [IP_Flow 19-234] Refreshing IP repositories
INFO: [IP_Flow 19-1700] Loaded user IP repository 'd:/FPGA-Guitar-Pedal/Pedal_vitis'.
INFO: [IP_Flow 19-2313] Loaded Vivado IP repository 'C:/Xilinx/Vivado/2024.1/data/ip'.
INFO: [IP_Flow 19-6924] IPCACHE: Running cache check for IP inst: pedal_passthrough_xbar_1
INFO: [IP_Flow 19-6922] IPCACHE: Exporting cached entry 44e269f2d7102ae5 to dir: D:/FPGA-Guitar-Pedal/Pedal_vivado/Pedal.runs/pedal_passthrough_xbar_1_synth_1
INFO: [IP_Flow 19-6928] IPCACHE: copied cached file d:/FPGA-Guitar-Pedal/Pedal_vivado/Pedal.cache/ip/2024.1/4/4/44e269f2d7102ae5/pedal_passthrough_xbar_1.dcp to D:/FPGA-Guitar-Pedal/Pedal_vivado/Pedal.runs/pedal_passthrough_xbar_1_synth_1/pedal_passthrough_xbar_1.dcp.
INFO: [IP_Flow 19-6928] IPCACHE: copied cached file d:/FPGA-Guitar-Pedal/Pedal_vivado/Pedal.cache/ip/2024.1/4/4/44e269f2d7102ae5/pedal_passthrough_xbar_1_stub.v to D:/FPGA-Guitar-Pedal/Pedal_vivado/Pedal.runs/pedal_passthrough_xbar_1_synth_1/pedal_passthrough_xbar_1_stub.v.
INFO: [IP_Flow 19-6928] IPCACHE: copied cached file d:/FPGA-Guitar-Pedal/Pedal_vivado/Pedal.cache/ip/2024.1/4/4/44e269f2d7102ae5/pedal_passthrough_xbar_1_stub.vhdl to D:/FPGA-Guitar-Pedal/Pedal_vivado/Pedal.runs/pedal_passthrough_xbar_1_synth_1/pedal_passthrough_xbar_1_stub.vhdl.
INFO: [IP_Flow 19-6928] IPCACHE: copied cached file d:/FPGA-Guitar-Pedal/Pedal_vivado/Pedal.cache/ip/2024.1/4/4/44e269f2d7102ae5/pedal_passthrough_xbar_1_sim_netlist.v to D:/FPGA-Guitar-Pedal/Pedal_vivado/Pedal.runs/pedal_passthrough_xbar_1_synth_1/pedal_passthrough_xbar_1_sim_netlist.v.
INFO: [IP_Flow 19-6928] IPCACHE: copied cached file d:/FPGA-Guitar-Pedal/Pedal_vivado/Pedal.cache/ip/2024.1/4/4/44e269f2d7102ae5/pedal_passthrough_xbar_1_sim_netlist.vhdl to D:/FPGA-Guitar-Pedal/Pedal_vivado/Pedal.runs/pedal_passthrough_xbar_1_synth_1/pedal_passthrough_xbar_1_sim_netlist.vhdl.
INFO: [IP_Flow 19-4838] Using cached IP synthesis design for IP pedal_passthrough_xbar_1, cache-ID = 44e269f2d7102ae5.
INFO: [Common 17-206] Exiting Vivado at Thu Mar 12 11:38:31 2026...
