INFO: [v++ 60-1548] Creating build summary session with primary output E:/FPGA-Guitar-Pedal/Pedal_vitis/pedal/pedal\pedal.hlscompile_summary, at 04/06/26 15:15:17
INFO: [v++ 82-31] Launching vitis_hls: vitis_hls -nolog -run csynth -work_dir E:/FPGA-Guitar-Pedal/Pedal_vitis/pedal/pedal -config E:/FPGA-Guitar-Pedal/Pedal_vitis/pedal/hls_config.cfg -cmdlineconfig E:/FPGA-Guitar-Pedal/Pedal_vitis/pedal/pedal/hls/config.cmdline

****** Vitis HLS - High-Level Synthesis from C, C++ and OpenCL v2024.1 (64-bit)
  **** SW Build 5069499 on May 21 2024
  **** IP Build 5075265 on Wed May 22 21:45:21 MDT 2024
  **** SharedData Build 5076995 on Wed May 22 18:29:18 MDT 2024
  **** Start of session at: Mon Apr  6 15:15:19 2026
    ** Copyright 1986-2022 Xilinx, Inc. All Rights Reserved.
    ** Copyright 2022-2024 Advanced Micro Devices, Inc. All Rights Reserved.

source C:/Xilinx/Vitis_HLS/2024.1/scripts/vitis_hls/hls.tcl -notrace
INFO: [HLS 200-10] For user 'noble.dav' on host 'wfxb07b250a3a85.nunet.neu.edu' (Windows NT_amd64 version 10.0) on Mon Apr 06 15:15:21 -0400 2026
INFO: [HLS 200-10] In directory 'E:/FPGA-Guitar-Pedal/Pedal_vitis/pedal'
INFO: [HLS 200-2005] Using work_dir E:/FPGA-Guitar-Pedal/Pedal_vitis/pedal/pedal 
INFO: [HLS 200-1505] Using default flow_target 'vivado'
Resolution: For help on HLS 200-1505 see docs.xilinx.com/access/sources/dita/topic?Doc_Version=2024.1%20English&url=ug1448-hls-guidance&resourceid=200-1505.html
INFO: [HLS 200-1465] Applying ini 'syn.file=pedal.cpp' from E:/FPGA-Guitar-Pedal/Pedal_vitis/pedal/hls_config.cfg(9)
INFO: [HLS 200-10] Adding design file 'E:/FPGA-Guitar-Pedal/Pedal_vitis/pedal/pedal.cpp' to the project
INFO: [HLS 200-1465] Applying ini 'syn.file=pedal_c.cpp' from E:/FPGA-Guitar-Pedal/Pedal_vitis/pedal/hls_config.cfg(10)
INFO: [HLS 200-10] Adding design file 'E:/FPGA-Guitar-Pedal/Pedal_vitis/pedal/pedal_c.cpp' to the project
INFO: [HLS 200-1465] Applying ini 'syn.file=pedal_c.h' from E:/FPGA-Guitar-Pedal/Pedal_vitis/pedal/hls_config.cfg(11)
INFO: [HLS 200-10] Adding design file 'E:/FPGA-Guitar-Pedal/Pedal_vitis/pedal/pedal_c.h' to the project
INFO: [HLS 200-1465] Applying ini 'syn.file=pedal_top.cpp' from E:/FPGA-Guitar-Pedal/Pedal_vitis/pedal/hls_config.cfg(12)
INFO: [HLS 200-10] Adding design file 'E:/FPGA-Guitar-Pedal/Pedal_vitis/pedal/pedal_top.cpp' to the project
INFO: [HLS 200-1465] Applying ini 'tb.file=pedal_c_tb.cpp' from E:/FPGA-Guitar-Pedal/Pedal_vitis/pedal/hls_config.cfg(7)
INFO: [HLS 200-10] Adding test bench file 'E:/FPGA-Guitar-Pedal/Pedal_vitis/pedal/pedal_c_tb.cpp' to the project
INFO: [HLS 200-1465] Applying ini 'syn.top=pedal_top' from E:/FPGA-Guitar-Pedal/Pedal_vitis/pedal/hls_config.cfg(8)
INFO: [HLS 200-1465] Applying ini 'flow_target=vivado' from E:/FPGA-Guitar-Pedal/Pedal_vitis/pedal/hls_config.cfg(4)
INFO: [HLS 200-1505] Using flow_target 'vivado'
Resolution: For help on HLS 200-1505 see docs.xilinx.com/access/sources/dita/topic?Doc_Version=2024.1%20English&url=ug1448-hls-guidance&resourceid=200-1505.html
INFO: [HLS 200-1465] Applying ini 'part=xczu3eg-sfvc784-2-e' from E:/FPGA-Guitar-Pedal/Pedal_vitis/pedal/hls_config.cfg(1)
INFO: [HLS 200-1611] Setting target device to 'xczu3eg-sfvc784-2-e'
INFO: [HLS 200-1465] Applying ini 'package.output.format=ip_catalog' from E:/FPGA-Guitar-Pedal/Pedal_vitis/pedal/hls_config.cfg(5)
INFO: [HLS 200-111] Finished File checks and directory preparation: CPU user time: 2 seconds. CPU system time: 2 seconds. Elapsed time: 20.891 seconds; current allocated memory: 245.863 MB.
INFO: [HLS 200-10] Analyzing design file 'pedal_top.cpp' ... 
ERROR: [HLS 207-5521] Variable length array is not supported (pedal_top.cpp:15:38)
ERROR: Compilation of the preprocessed source 'pedal_top' failed
INFO: [HLS 200-112] Total CPU user time: 3 seconds. Total CPU system time: 2 seconds. Total elapsed time: 32.805 seconds; peak allocated memory: 248.652 MB.
