INFO: [v++ 60-1548] Creating build summary session with primary output D:/FPGA-Guitar-Pedal/Pedal_vitis/pedal/pedal\pedal.hlscompile_summary, at 04/08/26 11:45:53
INFO: [v++ 82-31] Launching vitis_hls: vitis_hls -nolog -run csynth -work_dir D:/FPGA-Guitar-Pedal/Pedal_vitis/pedal/pedal -config D:/FPGA-Guitar-Pedal/Pedal_vitis/pedal/hls_config.cfg -cmdlineconfig D:/FPGA-Guitar-Pedal/Pedal_vitis/pedal/pedal/hls/config.cmdline
INFO: [HLS 200-10] For user 'gunne' on host 'theodore' (Windows NT_amd64 version 10.0) on Wed Apr 08 11:45:56 -0400 2026
INFO: [HLS 200-10] In directory 'D:/FPGA-Guitar-Pedal/Pedal_vitis/pedal'
INFO: [HLS 200-2005] Using work_dir D:/FPGA-Guitar-Pedal/Pedal_vitis/pedal/pedal 
INFO: [HLS 200-1505] Using default flow_target 'vivado'
Resolution: For help on HLS 200-1505 see docs.xilinx.com/access/sources/dita/topic?Doc_Version=2024.1%20English&url=ug1448-hls-guidance&resourceid=200-1505.html
INFO: [HLS 200-1465] Applying ini 'syn.file=pedal.cpp' from D:/FPGA-Guitar-Pedal/Pedal_vitis/pedal/hls_config.cfg(9)
INFO: [HLS 200-10] Adding design file 'D:/FPGA-Guitar-Pedal/Pedal_vitis/pedal/pedal.cpp' to the project
INFO: [HLS 200-1465] Applying ini 'syn.file=pedal_c.cpp' from D:/FPGA-Guitar-Pedal/Pedal_vitis/pedal/hls_config.cfg(10)
INFO: [HLS 200-10] Adding design file 'D:/FPGA-Guitar-Pedal/Pedal_vitis/pedal/pedal_c.cpp' to the project
INFO: [HLS 200-1465] Applying ini 'syn.file=pedal_c.h' from D:/FPGA-Guitar-Pedal/Pedal_vitis/pedal/hls_config.cfg(11)
INFO: [HLS 200-10] Adding design file 'D:/FPGA-Guitar-Pedal/Pedal_vitis/pedal/pedal_c.h' to the project
INFO: [HLS 200-1465] Applying ini 'syn.file=pedal_top.cpp' from D:/FPGA-Guitar-Pedal/Pedal_vitis/pedal/hls_config.cfg(12)
INFO: [HLS 200-10] Adding design file 'D:/FPGA-Guitar-Pedal/Pedal_vitis/pedal/pedal_top.cpp' to the project
INFO: [HLS 200-1465] Applying ini 'tb.file=pedal_c_tb.cpp' from D:/FPGA-Guitar-Pedal/Pedal_vitis/pedal/hls_config.cfg(7)
INFO: [HLS 200-10] Adding test bench file 'D:/FPGA-Guitar-Pedal/Pedal_vitis/pedal/pedal_c_tb.cpp' to the project
INFO: [HLS 200-1465] Applying ini 'syn.top=pedal_top' from D:/FPGA-Guitar-Pedal/Pedal_vitis/pedal/hls_config.cfg(8)
INFO: [HLS 200-1465] Applying ini 'flow_target=vivado' from D:/FPGA-Guitar-Pedal/Pedal_vitis/pedal/hls_config.cfg(4)
INFO: [HLS 200-1505] Using flow_target 'vivado'
Resolution: For help on HLS 200-1505 see docs.xilinx.com/access/sources/dita/topic?Doc_Version=2024.1%20English&url=ug1448-hls-guidance&resourceid=200-1505.html
INFO: [HLS 200-1465] Applying ini 'part=xczu3eg-sfvc784-2-e' from D:/FPGA-Guitar-Pedal/Pedal_vitis/pedal/hls_config.cfg(1)
INFO: [HLS 200-1611] Setting target device to 'xczu3eg-sfvc784-2-e'
INFO: [HLS 200-1465] Applying ini 'clock=15ns' from D:/FPGA-Guitar-Pedal/Pedal_vitis/pedal/hls_config.cfg(13)
INFO: [SYN 201-201] Setting up clock 'default' with a period of 15ns.
INFO: [HLS 200-1465] Applying ini 'package.output.format=ip_catalog' from D:/FPGA-Guitar-Pedal/Pedal_vitis/pedal/hls_config.cfg(5)
INFO: [HLS 200-111] Finished File checks and directory preparation: CPU user time: 2 seconds. CPU system time: 3 seconds. Elapsed time: 19.875 seconds; current allocated memory: 139.734 MB.
INFO: [HLS 200-10] Analyzing design file 'pedal_top.cpp' ... 
INFO: [HLS 200-10] Analyzing design file 'pedal_c.cpp' ... 
INFO: [HLS 200-10] Analyzing design file 'pedal.cpp' ... 
INFO: [HLS 200-111] Finished Source Code Analysis and Preprocessing: CPU user time: 3 seconds. CPU system time: 4 seconds. Elapsed time: 69.842 seconds; current allocated memory: 149.598 MB.
INFO: [HLS 200-777] Using interface defaults for 'Vivado' flow target.
INFO: [HLS 200-1995] There were 57,293 instructions in the design after the 'Compile/Link' phase of compilation. See the Design Size Report for more details: D:/FPGA-Guitar-Pedal/Pedal_vitis/pedal/pedal/hls/syn/report/csynth_design_size.rpt
INFO: [HLS 200-1995] There were 4,396 instructions in the design after the 'Unroll/Inline (step 1)' phase of compilation. See the Design Size Report for more details: D:/FPGA-Guitar-Pedal/Pedal_vitis/pedal/pedal/hls/syn/report/csynth_design_size.rpt
INFO: [HLS 200-1995] There were 2,585 instructions in the design after the 'Unroll/Inline (step 2)' phase of compilation. See the Design Size Report for more details: D:/FPGA-Guitar-Pedal/Pedal_vitis/pedal/pedal/hls/syn/report/csynth_design_size.rpt
INFO: [HLS 200-1995] There were 2,453 instructions in the design after the 'Unroll/Inline (step 3)' phase of compilation. See the Design Size Report for more details: D:/FPGA-Guitar-Pedal/Pedal_vitis/pedal/pedal/hls/syn/report/csynth_design_size.rpt
INFO: [HLS 200-1995] There were 1,720 instructions in the design after the 'Unroll/Inline (step 4)' phase of compilation. See the Design Size Report for more details: D:/FPGA-Guitar-Pedal/Pedal_vitis/pedal/pedal/hls/syn/report/csynth_design_size.rpt
INFO: [HLS 200-1995] There were 1,795 instructions in the design after the 'Array/Struct (step 1)' phase of compilation. See the Design Size Report for more details: D:/FPGA-Guitar-Pedal/Pedal_vitis/pedal/pedal/hls/syn/report/csynth_design_size.rpt
INFO: [HLS 200-1995] There were 1,687 instructions in the design after the 'Array/Struct (step 2)' phase of compilation. See the Design Size Report for more details: D:/FPGA-Guitar-Pedal/Pedal_vitis/pedal/pedal/hls/syn/report/csynth_design_size.rpt
INFO: [HLS 200-1995] There were 1,687 instructions in the design after the 'Array/Struct (step 3)' phase of compilation. See the Design Size Report for more details: D:/FPGA-Guitar-Pedal/Pedal_vitis/pedal/pedal/hls/syn/report/csynth_design_size.rpt
INFO: [HLS 200-1995] There were 1,687 instructions in the design after the 'Array/Struct (step 4)' phase of compilation. See the Design Size Report for more details: D:/FPGA-Guitar-Pedal/Pedal_vitis/pedal/pedal/hls/syn/report/csynth_design_size.rpt
INFO: [HLS 200-1995] There were 1,752 instructions in the design after the 'Array/Struct (step 5)' phase of compilation. See the Design Size Report for more details: D:/FPGA-Guitar-Pedal/Pedal_vitis/pedal/pedal/hls/syn/report/csynth_design_size.rpt
INFO: [HLS 200-1995] There were 1,760 instructions in the design after the 'Performance (step 1)' phase of compilation. See the Design Size Report for more details: D:/FPGA-Guitar-Pedal/Pedal_vitis/pedal/pedal/hls/syn/report/csynth_design_size.rpt
INFO: [HLS 200-1995] There were 1,751 instructions in the design after the 'Performance (step 2)' phase of compilation. See the Design Size Report for more details: D:/FPGA-Guitar-Pedal/Pedal_vitis/pedal/pedal/hls/syn/report/csynth_design_size.rpt
INFO: [HLS 200-1995] There were 1,695 instructions in the design after the 'Performance (step 3)' phase of compilation. See the Design Size Report for more details: D:/FPGA-Guitar-Pedal/Pedal_vitis/pedal/pedal/hls/syn/report/csynth_design_size.rpt
INFO: [HLS 200-1995] There were 1,695 instructions in the design after the 'Performance (step 4)' phase of compilation. See the Design Size Report for more details: D:/FPGA-Guitar-Pedal/Pedal_vitis/pedal/pedal/hls/syn/report/csynth_design_size.rpt
INFO: [HLS 200-1995] There were 1,666 instructions in the design after the 'HW Transforms (step 1)' phase of compilation. See the Design Size Report for more details: D:/FPGA-Guitar-Pedal/Pedal_vitis/pedal/pedal/hls/syn/report/csynth_design_size.rpt
INFO: [HLS 200-1995] There were 1,660 instructions in the design after the 'HW Transforms (step 2)' phase of compilation. See the Design Size Report for more details: D:/FPGA-Guitar-Pedal/Pedal_vitis/pedal/pedal/hls/syn/report/csynth_design_size.rpt
INFO: [HLS 214-291] Loop 'anonymous' is marked as complete unroll implied by the pipeline pragma (C:\scratch\2024.1\hls_product\545\2024.1\src\shared\hls\clib/hlsmath/include/FloatingPoint\hls_fmod_rem_quo.h:98:2)
INFO: [HLS 214-291] Loop 'anonymous' is marked as complete unroll implied by the pipeline pragma (C:\scratch\2024.1\hls_product\545\2024.1\src\shared\hls\clib/src/hls\utils/x_hls_float_utils.h:289:5)
INFO: [HLS 214-291] Loop 'anonymous' is marked as complete unroll implied by the pipeline pragma (C:\scratch\2024.1\hls_product\545\2024.1\src\shared\hls\clib/src/hls\utils/x_hls_float_utils.h:282:5)
INFO: [HLS 214-291] Loop 'anonymous' is marked as complete unroll implied by the pipeline pragma (C:\scratch\2024.1\hls_product\545\2024.1\src\shared\hls\clib/src/hls\utils/x_hls_float_utils.h:269:5)
INFO: [HLS 214-291] Loop 'anonymous' is marked as complete unroll implied by the pipeline pragma (C:\scratch\2024.1\hls_product\545\2024.1\src\shared\hls\clib/src/hls\utils/x_hls_float_utils.h:268:41)
INFO: [HLS 214-291] Loop 'anonymous' is marked as complete unroll implied by the pipeline pragma
INFO: [HLS 214-186] Unrolling loop 'anonymous' (C:\scratch\2024.1\hls_product\545\2024.1\src\shared\hls\clib/hlsmath/include/FloatingPoint\hls_fmod_rem_quo.h:98:2) in function 'fmdrmd::mod_rcp_mult<24, 36, 8>' completely with a factor of 8 (C:\scratch\2024.1\hls_product\545\2024.1\src\shared\hls\clib/hlsmath/include/FloatingPoint\hls_fmod_rem_quo.h:80:0)
INFO: [HLS 214-186] Unrolling loop 'anonymous' (C:\scratch\2024.1\hls_product\545\2024.1\src\shared\hls\clib/src/hls\utils/x_hls_float_utils.h:289:5) in function 'scaled_fixed2ieee<29, 1>' completely with a factor of 2 (C:\scratch\2024.1\hls_product\545\2024.1\src\shared\hls\clib/src/hls\utils/x_hls_float_utils.h:257:0)
INFO: [HLS 214-186] Unrolling loop 'anonymous' (C:\scratch\2024.1\hls_product\545\2024.1\src\shared\hls\clib/src/hls\utils/x_hls_float_utils.h:282:5) in function 'scaled_fixed2ieee<29, 1>' completely with a factor of 2 (C:\scratch\2024.1\hls_product\545\2024.1\src\shared\hls\clib/src/hls\utils/x_hls_float_utils.h:257:0)
INFO: [HLS 214-186] Unrolling loop 'anonymous' (C:\scratch\2024.1\hls_product\545\2024.1\src\shared\hls\clib/src/hls\utils/x_hls_float_utils.h:269:5) in function 'scaled_fixed2ieee<29, 1>' completely with a factor of 1 (C:\scratch\2024.1\hls_product\545\2024.1\src\shared\hls\clib/src/hls\utils/x_hls_float_utils.h:257:0)
INFO: [HLS 214-186] Unrolling loop 'anonymous' (C:\scratch\2024.1\hls_product\545\2024.1\src\shared\hls\clib/src/hls\utils/x_hls_float_utils.h:268:41) in function 'scaled_fixed2ieee<29, 1>' completely with a factor of 2 (C:\scratch\2024.1\hls_product\545\2024.1\src\shared\hls\clib/src/hls\utils/x_hls_float_utils.h:257:0)
INFO: [HLS 214-186] Unrolling loop 'anonymous' () in function 'scaled_fixed2ieee<29, 1>' completely with a factor of 1 (C:\scratch\2024.1\hls_product\545\2024.1\src\shared\hls\clib/src/hls\utils/x_hls_float_utils.h:257:0)
INFO: [HLS 214-178] Inlining function 'fp_struct<float>::data() const (.90.100.109.120)' into 'fp_struct<float>::to_float() const (.87.97.106.117)' (C:\scratch\2024.1\hls_product\545\2024.1\src\shared\hls\clib/src/hls\utils/x_hls_utils.h:322:0)
INFO: [HLS 214-178] Inlining function 'fp_struct<float>::to_float() const (.87.97.106.117)' into 'fp_struct<float>::to_ieee() const' (C:\scratch\2024.1\hls_product\545\2024.1\src\shared\hls\clib/src/hls\utils/x_hls_utils.h:346:0)
INFO: [HLS 214-178] Inlining function 'fp_struct<float>::fp_struct(float)' into 'float generic_copysign<float>(float, float)' (C:\scratch\2024.1\hls_product\545\2024.1\src\shared\hls\clib/hlsmath/include/FloatingPoint/hls_copysign.h:10:0)
INFO: [HLS 214-178] Inlining function 'fp_struct<float>::to_ieee() const' into 'float generic_copysign<float>(float, float)' (C:\scratch\2024.1\hls_product\545\2024.1\src\shared\hls\clib/hlsmath/include/FloatingPoint/hls_copysign.h:10:0)
INFO: [HLS 214-178] Inlining function 'float generic_copysign<float>(float, float)' into 'float generic_fabs<float>(float)' (C:\scratch\2024.1\hls_product\545\2024.1\src\shared\hls\clib/hlsmath/include/FloatingPoint/hls_fabs.h:12:0)
INFO: [HLS 214-178] Inlining function 'fp_struct<float>::to_ieee() const' into 'float generic_nan<float>(char const*)' (C:\scratch\2024.1\hls_product\545\2024.1\src\shared\hls\clib/hlsmath/include/FloatingPoint\hls_nan.h:10:0)
INFO: [HLS 214-178] Inlining function 'fp_struct<double>::fp_struct(double)' into 'int generic_isnan<double>(double)' (C:\scratch\2024.1\hls_product\545\2024.1\src\shared\hls\clib/hlsmath/include/FloatingPoint\hls_isnan.h:16:0)
INFO: [HLS 214-178] Inlining function 'fp_struct<double>::fp_struct(double)' into 'int generic_isinf<double>(double)' (C:\scratch\2024.1\hls_product\545\2024.1\src\shared\hls\clib/hlsmath/include/FloatingPoint/hls_isinf.h:16:0)
INFO: [HLS 214-178] Inlining function 'fp_struct<double>::data() const (.150.160.170.188)' into 'fp_struct<double>::to_double() const (.147.157.167.185)' (C:\scratch\2024.1\hls_product\545\2024.1\src\shared\hls\clib/src/hls\utils/x_hls_utils.h:494:0)
INFO: [HLS 214-178] Inlining function 'fp_struct<double>::to_double() const (.147.157.167.185)' into 'fp_struct<double>::to_ieee() const' (C:\scratch\2024.1\hls_product\545\2024.1\src\shared\hls\clib/src/hls\utils/x_hls_utils.h:509:0)
INFO: [HLS 214-178] Inlining function 'fp_struct<double>::fp_struct(double)' into 'double exp_reduce_::exp_generic<double>(double)' (C:\scratch\2024.1\hls_product\545\2024.1\src\shared\hls\clib/hlsmath/include/FloatingPoint\hls_exp_.h:157:0)
INFO: [HLS 214-178] Inlining function 'int generic_isnan<double>(double)' into 'double exp_reduce_::exp_generic<double>(double)' (C:\scratch\2024.1\hls_product\545\2024.1\src\shared\hls\clib/hlsmath/include/FloatingPoint\hls_exp_.h:157:0)
INFO: [HLS 214-178] Inlining function 'int generic_isinf<double>(double)' into 'double exp_reduce_::exp_generic<double>(double)' (C:\scratch\2024.1\hls_product\545\2024.1\src\shared\hls\clib/hlsmath/include/FloatingPoint\hls_exp_.h:157:0)
INFO: [HLS 214-178] Inlining function 'fp_struct<double>::to_ieee() const' into 'double exp_reduce_::exp_generic<double>(double)' (C:\scratch\2024.1\hls_product\545\2024.1\src\shared\hls\clib/hlsmath/include/FloatingPoint\hls_exp_.h:157:0)
INFO: [HLS 214-178] Inlining function 'fp_struct<double>::expv() const' into 'double exp_reduce_::exp_generic<double>(double)' (C:\scratch\2024.1\hls_product\545\2024.1\src\shared\hls\clib/hlsmath/include/FloatingPoint\hls_exp_.h:157:0)
INFO: [HLS 214-178] Inlining function 'exp_reduce_::exp_traits<double>::exp_Z1P_m_1(ap_ufixed<51, -8, (ap_q_mode)5, (ap_o_mode)3, 0>)' into 'double exp_reduce_::exp_generic<double>(double)' (C:\scratch\2024.1\hls_product\545\2024.1\src\shared\hls\clib/hlsmath/include/FloatingPoint\hls_exp_.h:157:0)
INFO: [HLS 214-178] Inlining function 'fp_struct<float>::fp_struct(float)' into 'exp_reduce_::expm1(float)' (C:\scratch\2024.1\hls_product\545\2024.1\src\shared\hls\clib\hlsmath\src\common\hls_exp_float.cpp:7:0)
INFO: [HLS 214-178] Inlining function 'fp_struct<float>::fp_struct(float)' into 'float explog_based::generic_tanh<float>(float)' (C:\scratch\2024.1\hls_product\545\2024.1\src\shared\hls\clib/hlsmath/include/FloatingPoint\hls_tanh.h:28:0)
INFO: [HLS 214-178] Inlining function 'float generic_fabs<float>(float)' into 'float explog_based::generic_tanh<float>(float)' (C:\scratch\2024.1\hls_product\545\2024.1\src\shared\hls\clib/hlsmath/include/FloatingPoint\hls_tanh.h:28:0)
INFO: [HLS 214-178] Inlining function 'float generic_nan<float>(char const*)' into 'float explog_based::generic_tanh<float>(float)' (C:\scratch\2024.1\hls_product\545\2024.1\src\shared\hls\clib/hlsmath/include/FloatingPoint\hls_tanh.h:28:0)
INFO: [HLS 214-178] Inlining function 'exp_reduce_::expm1(float)' into 'float explog_based::generic_tanh<float>(float)' (C:\scratch\2024.1\hls_product\545\2024.1\src\shared\hls\clib/hlsmath/include/FloatingPoint\hls_tanh.h:28:0)
INFO: [HLS 214-178] Inlining function 'hls::tanh(float)' into 'hls::tanhf(float)' (C:\scratch\2024.1\hls_product\545\2024.1\src\shared\hls\clib\hlsmath\src\c++\tanhfloat.cpp:10:0)
INFO: [HLS 214-178] Inlining function 'hls::tanhf(float)' into 'soft_clipping_distortion(int, ap_fixed<24, 8, (ap_q_mode)5, (ap_o_mode)3, 0>, ap_fixed<24, 8, (ap_q_mode)5, (ap_o_mode)3, 0>)' (pedal_c.cpp:26:0)
INFO: [HLS 214-178] Inlining function 'fp_struct<float>::fp_struct(float)' into 'void range_redux_payne_hanek_hotbm<29, float, 29, 29>(float, ap_uint<3>&, ap_ufixed<29, 0, (ap_q_mode)5, (ap_o_mode)3, 0>&, ap_ufixed<29, 0, (ap_q_mode)5, (ap_o_mode)3, 0>&, ap_int<fp_struct<float>::EXP_BITS>&)' (C:\scratch\2024.1\hls_product\545\2024.1\src\shared\hls\clib/hlsmath/include/FloatingPoint/hls_range_redux.h:437:0)
INFO: [HLS 214-178] Inlining function 'fp_struct<float>::expv() const' into 'void range_redux_payne_hanek_hotbm<29, float, 29, 29>(float, ap_uint<3>&, ap_ufixed<29, 0, (ap_q_mode)5, (ap_o_mode)3, 0>&, ap_ufixed<29, 0, (ap_q_mode)5, (ap_o_mode)3, 0>&, ap_int<fp_struct<float>::EXP_BITS>&)' (C:\scratch\2024.1\hls_product\545\2024.1\src\shared\hls\clib/hlsmath/include/FloatingPoint/hls_range_redux.h:437:0)
INFO: [HLS 214-178] Inlining function 'ap_uint<(((2) * ((23) + (1))) + (29)) + (3)> table_lookup_4oPi_hotbm<23, 29>(int, float)' into 'void range_redux_payne_hanek_hotbm<29, float, 29, 29>(float, ap_uint<3>&, ap_ufixed<29, 0, (ap_q_mode)5, (ap_o_mode)3, 0>&, ap_ufixed<29, 0, (ap_q_mode)5, (ap_o_mode)3, 0>&, ap_int<fp_struct<float>::EXP_BITS>&)' (C:\scratch\2024.1\hls_product\545\2024.1\src\shared\hls\clib/hlsmath/include/FloatingPoint/hls_range_redux.h:437:0)
INFO: [HLS 214-178] Inlining function 'unsigned int clz<29, 58, 0>(ap_ufixed<58, 0, (ap_q_mode)5, (ap_o_mode)3, 0>)' into 'void range_redux_payne_hanek_hotbm<29, float, 29, 29>(float, ap_uint<3>&, ap_ufixed<29, 0, (ap_q_mode)5, (ap_o_mode)3, 0>&, ap_ufixed<29, 0, (ap_q_mode)5, (ap_o_mode)3, 0>&, ap_int<fp_struct<float>::EXP_BITS>&)' (C:\scratch\2024.1\hls_product\545\2024.1\src\shared\hls\clib/hlsmath/include/FloatingPoint/hls_range_redux.h:437:0)
INFO: [HLS 214-178] Inlining function 'clz(int)' into 'void scaled_fixed2ieee<29, 1>(ap_ufixed<29, 1, (ap_q_mode)5, (ap_o_mode)3, 0>, float&, int)' (C:\scratch\2024.1\hls_product\545\2024.1\src\shared\hls\clib/src/hls\utils/x_hls_float_utils.h:257:0)
INFO: [HLS 214-178] Inlining function 'fp_struct<float>::set_mantissa(ap_ufixed<24, 1, (ap_q_mode)5, (ap_o_mode)3, 0>)' into 'void scaled_fixed2ieee<29, 1>(ap_ufixed<29, 1, (ap_q_mode)5, (ap_o_mode)3, 0>, float&, int)' (C:\scratch\2024.1\hls_product\545\2024.1\src\shared\hls\clib/src/hls\utils/x_hls_float_utils.h:257:0)
INFO: [HLS 214-178] Inlining function 'fp_struct<float>::to_ieee() const' into 'void scaled_fixed2ieee<29, 1>(ap_ufixed<29, 1, (ap_q_mode)5, (ap_o_mode)3, 0>, float&, int)' (C:\scratch\2024.1\hls_product\545\2024.1\src\shared\hls\clib/src/hls\utils/x_hls_float_utils.h:257:0)
INFO: [HLS 214-178] Inlining function 'fp_struct<float>::fp_struct(float)' into 'float hotbm_::sin_or_cos<float>(float, bool, bool)' (C:\scratch\2024.1\hls_product\545\2024.1\src\shared\hls\clib/hlsmath/include/FloatingPoint\hls_hotbm.h:210:0)
INFO: [HLS 214-178] Inlining function 'void range_redux_payne_hanek_hotbm<29, float, 29, 29>(float, ap_uint<3>&, ap_ufixed<29, 0, (ap_q_mode)5, (ap_o_mode)3, 0>&, ap_ufixed<29, 0, (ap_q_mode)5, (ap_o_mode)3, 0>&, ap_int<fp_struct<float>::EXP_BITS>&)' into 'float hotbm_::sin_or_cos<float>(float, bool, bool)' (C:\scratch\2024.1\hls_product\545\2024.1\src\shared\hls\clib/hlsmath/include/FloatingPoint\hls_hotbm.h:210:0)
INFO: [HLS 214-178] Inlining function 'ap_ufixed<29, 1, (ap_q_mode)5, (ap_o_mode)3, 0> hotbm_::value_list<float>::sin_or_cos_approximation<29, 29>(bool, ap_uint<3>&, ap_ufixed<29, 0, (ap_q_mode)5, (ap_o_mode)3, 0>&, ap_ufixed<29, 0, (ap_q_mode)5, (ap_o_mode)3, 0>&, ap_int<8>&)' into 'float hotbm_::sin_or_cos<float>(float, bool, bool)' (C:\scratch\2024.1\hls_product\545\2024.1\src\shared\hls\clib/hlsmath/include/FloatingPoint\hls_hotbm.h:210:0)
INFO: [HLS 214-178] Inlining function 'void scaled_fixed2ieee<29, 1>(ap_ufixed<29, 1, (ap_q_mode)5, (ap_o_mode)3, 0>, float&, int)' into 'float hotbm_::sin_or_cos<float>(float, bool, bool)' (C:\scratch\2024.1\hls_product\545\2024.1\src\shared\hls\clib/hlsmath/include/FloatingPoint\hls_hotbm.h:210:0)
INFO: [HLS 214-178] Inlining function 'fp_struct<float>::to_ieee() const' into 'float hotbm_::sin_or_cos<float>(float, bool, bool)' (C:\scratch\2024.1\hls_product\545\2024.1\src\shared\hls\clib/hlsmath/include/FloatingPoint\hls_hotbm.h:210:0)
INFO: [HLS 214-178] Inlining function 'hotbm_::sin(float)' into 'hls::hotbm::sin(float)' (C:\scratch\2024.1\hls_product\545\2024.1\src\shared\hls\clib\hlsmath\src\c++\sincoshotbmfloat.cpp:9:0)
INFO: [HLS 214-178] Inlining function 'hls::hotbm::sin(float)' into 'hls::sinf(float)' (C:\scratch\2024.1\hls_product\545\2024.1\src\shared\hls\clib\hlsmath\src\c++\sincoshotbmfloat.cpp:41:0)
INFO: [HLS 214-178] Inlining function 'hls::sinf(float)' into 'tremolo(int, int, ap_fixed<24, 8, (ap_q_mode)5, (ap_o_mode)3, 0>, int, int)' (pedal_c.cpp:35:0)
INFO: [HLS 214-178] Inlining function 'ap_uint<(36) + (1)> fmdrmd::rcp_sub<24, 36>(ap_uint<24>)' into 'ap_uint<24> fmdrmd::mod_rcp_mult<24, 36, 8>(ap_uint<24>, ap_uint<24>, ap_int<(8) + (2)>)' (C:\scratch\2024.1\hls_product\545\2024.1\src\shared\hls\clib/hlsmath/include/FloatingPoint\hls_fmod_rem_quo.h:80:0)
INFO: [HLS 214-178] Inlining function 'fp_struct<float>::fp_struct(float)' into 'float fmdrmd::generic_fmod_mult<float>(float, float)' (C:\scratch\2024.1\hls_product\545\2024.1\src\shared\hls\clib/hlsmath/include/FloatingPoint\hls_fmod_rem_quo.h:121:0)
INFO: [HLS 214-178] Inlining function 'fp_struct<float>::to_ieee() const' into 'float fmdrmd::generic_fmod_mult<float>(float, float)' (C:\scratch\2024.1\hls_product\545\2024.1\src\shared\hls\clib/hlsmath/include/FloatingPoint\hls_fmod_rem_quo.h:121:0)
INFO: [HLS 214-178] Inlining function 'hls::fmod(float, float)' into 'hls::fmodf(float, float)' (C:\scratch\2024.1\hls_product\545\2024.1\src\shared\hls\clib\hlsmath\src\c++\fmodfloat.cpp:10:0)
INFO: [HLS 214-178] Inlining function 'fp_struct<float>::fp_struct(float)' into 'int generic_cast_IEEE754<int, (ap_q_mode)6, float>(float, bool, hls::enable_if<std::numeric_limits<int>::is_signed, bool>::type)' (C:\scratch\2024.1\hls_product\545\2024.1\src\shared\hls\clib/hlsmath/include/FloatingPoint\hls_case_IEEE754.h:12:0)
INFO: [HLS 214-178] Inlining function 'fp_struct<float>::mantissa() const' into 'int generic_cast_IEEE754<int, (ap_q_mode)6, float>(float, bool, hls::enable_if<std::numeric_limits<int>::is_signed, bool>::type)' (C:\scratch\2024.1\hls_product\545\2024.1\src\shared\hls\clib/hlsmath/include/FloatingPoint\hls_case_IEEE754.h:12:0)
INFO: [HLS 214-178] Inlining function 'fp_struct<float>::expv() const' into 'int generic_cast_IEEE754<int, (ap_q_mode)6, float>(float, bool, hls::enable_if<std::numeric_limits<int>::is_signed, bool>::type)' (C:\scratch\2024.1\hls_product\545\2024.1\src\shared\hls\clib/hlsmath/include/FloatingPoint\hls_case_IEEE754.h:12:0)
INFO: [HLS 214-178] Inlining function 'fp_struct<float>::__signbit() const' into 'int generic_cast_IEEE754<int, (ap_q_mode)6, float>(float, bool, hls::enable_if<std::numeric_limits<int>::is_signed, bool>::type)' (C:\scratch\2024.1\hls_product\545\2024.1\src\shared\hls\clib/hlsmath/include/FloatingPoint\hls_case_IEEE754.h:12:0)
INFO: [HLS 214-178] Inlining function 'int generic_cast_IEEE754<int, (ap_q_mode)6, float>(float, bool, hls::enable_if<std::numeric_limits<int>::is_signed, bool>::type)' into 'int generic_cast_IEEE754<int, float>(float, bool)' (C:\scratch\2024.1\hls_product\545\2024.1\src\shared\hls\clib/hlsmath/include/FloatingPoint\hls_case_IEEE754.h:116:0)
INFO: [HLS 214-178] Inlining function 'int generic_cast_IEEE754<int, float>(float, bool)' into '__hls_fptosi_float_i32' (C:\scratch\2024.1\hls_product\545\2024.1\src\shared\hls\clib\hlsmath\src\lib_floatconversion.cpp:51:0)
INFO: [HLS 214-178] Inlining function 'hard_clipping_distortion(int, ap_fixed<24, 8, (ap_q_mode)5, (ap_o_mode)3, 0>, ap_fixed<24, 8, (ap_q_mode)5, (ap_o_mode)3, 0>)' into 'pedal_top(hls::stream<hls::axis<ap_int<32>, 0ul, 0ul, 0ul, (unsigned char)56, false>, 0>&, hls::stream<hls::axis<ap_int<32>, 0ul, 0ul, 0ul, (unsigned char)56, false>, 0>&, ap_uint<8>)' (pedal_top.cpp:5:0)
INFO: [HLS 214-178] Inlining function 'tremolo(int, int, ap_fixed<24, 8, (ap_q_mode)5, (ap_o_mode)3, 0>, int, int)' into 'pedal_top(hls::stream<hls::axis<ap_int<32>, 0ul, 0ul, 0ul, (unsigned char)56, false>, 0>&, hls::stream<hls::axis<ap_int<32>, 0ul, 0ul, 0ul, (unsigned char)56, false>, 0>&, ap_uint<8>)' (pedal_top.cpp:5:0)
INFO: [HLS 214-178] Inlining function 'hls::sinf(float)' into 'pedal_top(hls::stream<hls::axis<ap_int<32>, 0ul, 0ul, 0ul, (unsigned char)56, false>, 0>&, hls::stream<hls::axis<ap_int<32>, 0ul, 0ul, 0ul, (unsigned char)56, false>, 0>&, ap_uint<8>)' (pedal_top.cpp:5:0)
INFO: [HLS 214-178] Inlining function 'hls::fmodf(float, float)' into 'pedal_top(hls::stream<hls::axis<ap_int<32>, 0ul, 0ul, 0ul, (unsigned char)56, false>, 0>&, hls::stream<hls::axis<ap_int<32>, 0ul, 0ul, 0ul, (unsigned char)56, false>, 0>&, ap_uint<8>)' (pedal_top.cpp:5:0)
INFO: [HLS 214-178] Inlining function '__hls_fptosi_float_i32' into 'pedal_top(hls::stream<hls::axis<ap_int<32>, 0ul, 0ul, 0ul, (unsigned char)56, false>, 0>&, hls::stream<hls::axis<ap_int<32>, 0ul, 0ul, 0ul, (unsigned char)56, false>, 0>&, ap_uint<8>)' (pedal_top.cpp:5:0)
INFO: [HLS 214-248] Applying array_partition to '_ZZN6hotbm_10value_listIfE24sin_or_cos_approximationILi29ELi29EEE9ap_ufixedIXT_ELi1EL9ap_q_mode5EL9ap_o_mode3ELi0EEbR7ap_uintILi3EERS3_IXT_ELi0ELS4_5ELS5_3ELi0EERS3_IXT0_ELi0ELS4_5ELS5_3ELi0EER6ap_intILi8EEE10swap_table': Complete partitioning on dimension 1. (C:\scratch\2024.1\hls_product\545\2024.1\src\shared\hls\clib\hlsmath\src\common\hls_hotbm_float.cpp:14:0)
INFO: [HLS 214-248] Applying array_partition to '_ZZN6hotbm_10sin_or_cosIfEET_S1_bbE13neg_cos_table': Complete partitioning on dimension 1. (C:\scratch\2024.1\hls_product\545\2024.1\src\shared\hls\clib/hlsmath/include/FloatingPoint\hls_hotbm.h:217:0)
INFO: [HLS 214-248] Applying array_partition to '_ZZN6hotbm_10sin_or_cosIfEET_S1_bbE13neg_sin_table': Complete partitioning on dimension 1. (C:\scratch\2024.1\hls_product\545\2024.1\src\shared\hls\clib/hlsmath/include/FloatingPoint\hls_hotbm.h:216:0)
INFO: [HLS 214-248] Applying array_partition to '_ZZN6hotbm_10sin_or_cosIfEET_S1_bbE10swap_table': Complete partitioning on dimension 1. (C:\scratch\2024.1\hls_product\545\2024.1\src\shared\hls\clib/hlsmath/include/FloatingPoint\hls_hotbm.h:215:0)
WARNING: [HLS 214-358] Array transformation on index using bit extension logic may lead to poor performance. Please use int or long for array index computation to benefit from optimizations. (C:\scratch\2024.1\hls_product\545\2024.1\src\shared\hls\clib/hlsmath/include/FloatingPoint\hls_hotbm.h:242:45)
WARNING: [HLS 214-358] Array transformation on index using bit extension logic may lead to poor performance. Please use int or long for array index computation to benefit from optimizations. (C:\scratch\2024.1\hls_product\545\2024.1\src\shared\hls\clib\hlsmath\src\common\hls_hotbm_float.cpp:25:67)
WARNING: [HLS 214-358] Array transformation on index using bit extension logic may lead to poor performance. Please use int or long for array index computation to benefit from optimizations. (C:\scratch\2024.1\hls_product\545\2024.1\src\shared\hls\clib/hlsmath/include/FloatingPoint\hls_hotbm.h:267:8)
INFO: [HLS 200-111] Finished Compiling Optimization and Transform: CPU user time: 1 seconds. CPU system time: 2 seconds. Elapsed time: 26.504 seconds; current allocated memory: 152.207 MB.
INFO: [HLS 200-111] Finished Checking Pragmas: CPU user time: 0 seconds. CPU system time: 0 seconds. Elapsed time: 0.015 seconds; current allocated memory: 152.207 MB.
INFO: [HLS 200-10] Starting code transformations ...
INFO: [HLS 200-111] Finished Standard Transforms: CPU user time: 1 seconds. CPU system time: 0 seconds. Elapsed time: 1.047 seconds; current allocated memory: 164.719 MB.
INFO: [HLS 200-10] Checking synthesizability ...
WARNING: [SYNCHK 200-23] pedal_c.cpp:31: variable-indexed range selection may cause suboptimal QoR.
INFO: [SYNCHK 200-10] 0 error(s), 1 warning(s).
INFO: [HLS 200-111] Finished Checking Synthesizability: CPU user time: 0 seconds. CPU system time: 0 seconds. Elapsed time: 1.395 seconds; current allocated memory: 176.797 MB.
INFO: [XFORM 203-401] Performing if-conversion on hyperblock from (pedal_c.cpp:28:18) to (pedal_c.cpp:32:5) in function 'soft_clipping_distortion'... converting 18 basic blocks.
INFO: [XFORM 203-401] Performing if-conversion on hyperblock from (pedal_top.cpp:34:9) to (pedal_top.cpp:43:12) in function 'pedal_top'... converting 5 basic blocks.
INFO: [XFORM 203-401] Performing if-conversion on hyperblock from (pedal_top.cpp:49:17) to (pedal_top.cpp:57:9) in function 'pedal_top'... converting 5 basic blocks.
INFO: [XFORM 203-401] Performing if-conversion on hyperblock from (pedal_c.cpp:35:17) to (pedal_top.cpp:61:9) in function 'pedal_top'... converting 9 basic blocks.
INFO: [XFORM 203-401] Performing if-conversion on hyperblock from (pedal_top.cpp:67:75) to (pedal_top.cpp:88:9) in function 'pedal_top'... converting 24 basic blocks.
INFO: [XFORM 203-401] Performing if-conversion on hyperblock from (C:\scratch\2024.1\hls_product\545\2024.1\src\shared\hls\clib/src/hls\utils/x_hls_utils.h:288:31) to (C:\scratch\2024.1\hls_product\545\2024.1\src\shared\hls\clib/hlsmath/include/FloatingPoint\hls_hotbm.h:287:5) in function 'hotbm_::sin_or_cos<float>'... converting 12 basic blocks.
INFO: [XFORM 203-401] Performing if-conversion on hyperblock from (C:\scratch\2024.1\hls_product\545\2024.1\src\shared\hls\clib/hlsmath/include/FloatingPoint\hls_fmod_rem_quo.h:99:9) to (C:\scratch\2024.1\hls_product\545\2024.1\src\shared\hls\clib/hlsmath/include/FloatingPoint\hls_fmod_rem_quo.h:117:3) in function 'fmdrmd::mod_rcp_mult<24, 36, 8>'... converting 25 basic blocks.
INFO: [XFORM 203-401] Performing if-conversion on hyperblock from (C:\scratch\2024.1\hls_product\545\2024.1\src\shared\hls\clib/hlsmath/include/FloatingPoint\hls_fmod_rem_quo.h:173:6) to (C:\scratch\2024.1\hls_product\545\2024.1\src\shared\hls\clib/hlsmath/include/FloatingPoint\hls_fmod_rem_quo.h:206:5) in function 'fmdrmd::generic_fmod_mult<float>'... converting 4 basic blocks.
INFO: [XFORM 203-401] Performing if-conversion on hyperblock from (C:\scratch\2024.1\hls_product\545\2024.1\src\shared\hls\clib/hlsmath/include/FloatingPoint\hls_fmod_rem_quo.h:211:17) to (C:\scratch\2024.1\hls_product\545\2024.1\src\shared\hls\clib/hlsmath/include/FloatingPoint\hls_fmod_rem_quo.h:222:2) in function 'fmdrmd::generic_fmod_mult<float>'... converting 7 basic blocks.
INFO: [XFORM 203-401] Performing if-conversion on hyperblock from (C:\scratch\2024.1\hls_product\545\2024.1\src\shared\hls\clib/hlsmath/include/FloatingPoint\hls_exp_.h:158:9) to (C:\scratch\2024.1\hls_product\545\2024.1\src\shared\hls\clib/hlsmath/include/FloatingPoint\hls_exp_.h:339:3) in function 'exp_reduce_::exp_generic<double>'... converting 10 basic blocks.
INFO: [XFORM 203-602] Inlining function 'soft_clipping_distortion' into 'pedal_top' (pedal_top.cpp:45) automatically.
INFO: [HLS 200-111] Finished Loop, function and other optimizations: CPU user time: 1 seconds. CPU system time: 0 seconds. Elapsed time: 4.656 seconds; current allocated memory: 208.820 MB.
WARNING: [ANALYSIS 214-52] Found false inter dependency for variable 'buffer'.
WARNING: [ANALYSIS 214-52] Found false inter dependency for variable 'buffer2'.
WARNING: [ANALYSIS 214-52] Found false inter dependency for variable 'buffer'.
WARNING: [ANALYSIS 214-52] Found false inter dependency for variable 'buffer2'.
INFO: [HLS 200-111] Finished Architecture Synthesis: CPU user time: 1 seconds. CPU system time: 0 seconds. Elapsed time: 1.831 seconds; current allocated memory: 256.410 MB.
INFO: [HLS 200-10] Starting hardware synthesis ...
INFO: [HLS 200-10] Synthesizing 'pedal_top' ...
WARNING: [SYN 201-103] Legalizing function name 'exp_generic<double>' to 'exp_generic_double_s'.
WARNING: [SYN 201-103] Legalizing function name 'generic_tanh<float>' to 'generic_tanh_float_s'.
WARNING: [SYN 201-103] Legalizing function name 'sin_or_cos<float>' to 'sin_or_cos_float_s'.
WARNING: [SYN 201-103] Legalizing function name 'mod_rcp_mult<24, 36, 8>' to 'mod_rcp_mult_24_36_8_s'.
WARNING: [SYN 201-103] Legalizing function name 'generic_fmod_mult<float>' to 'generic_fmod_mult_float_s'.
WARNING: [SYN 201-107] Renaming port name 'pedal_top/buffer' to 'pedal_top/buffer_r' to avoid the conflict with HDL keywords or other object names.
INFO: [HLS 200-10] ----------------------------------------------------------------
INFO: [HLS 200-42] -- Implementing module 'exp_generic_double_s' 
INFO: [HLS 200-10] ----------------------------------------------------------------
INFO: [SCHED 204-11] Starting scheduling ...
INFO: [HLS 200-486] Changing DSP latency (root=add_ln243) to 3 in order to utilize available DSP registers.
INFO: [SCHED 204-61] Pipelining function 'exp_generic<double>'.
INFO: [HLS 200-1470] Pipelining result : Target II = 1, Final II = 1, Depth = 7, function 'exp_generic<double>'
INFO: [SCHED 204-11] Finished scheduling.
INFO: [HLS 200-111] Finished Scheduling: CPU user time: 0 seconds. CPU system time: 1 seconds. Elapsed time: 3.591 seconds; current allocated memory: 261.602 MB.
INFO: [BIND 205-100] Starting micro-architecture generation ...
INFO: [BIND 205-101] Performing variable lifetime analysis.
INFO: [BIND 205-101] Exploring resource sharing.
INFO: [BIND 205-101] Binding ...
INFO: [BIND 205-100] Finished micro-architecture generation.
INFO: [HLS 200-111] Finished Binding: CPU user time: 0 seconds. CPU system time: 0 seconds. Elapsed time: 3.611 seconds; current allocated memory: 263.082 MB.
INFO: [HLS 200-10] ----------------------------------------------------------------
INFO: [HLS 200-42] -- Implementing module 'generic_tanh_float_s' 
INFO: [HLS 200-10] ----------------------------------------------------------------
INFO: [SCHED 204-11] Starting scheduling ...
INFO: [SCHED 204-61] Pipelining function 'generic_tanh<float>'.
INFO: [HLS 200-1470] Pipelining result : Target II = 1, Final II = 1, Depth = 33, function 'generic_tanh<float>'
INFO: [SCHED 204-11] Finished scheduling.
INFO: [HLS 200-111] Finished Scheduling: CPU user time: 1 seconds. CPU system time: 0 seconds. Elapsed time: 3.901 seconds; current allocated memory: 263.656 MB.
INFO: [BIND 205-100] Starting micro-architecture generation ...
INFO: [BIND 205-101] Performing variable lifetime analysis.
INFO: [BIND 205-101] Exploring resource sharing.
INFO: [BIND 205-101] Binding ...
INFO: [BIND 205-100] Finished micro-architecture generation.
INFO: [HLS 200-111] Finished Binding: CPU user time: 0 seconds. CPU system time: 0 seconds. Elapsed time: 2.174 seconds; current allocated memory: 263.867 MB.
INFO: [HLS 200-10] ----------------------------------------------------------------
INFO: [HLS 200-42] -- Implementing module 'sin_or_cos_float_s' 
INFO: [HLS 200-10] ----------------------------------------------------------------
INFO: [SCHED 204-11] Starting scheduling ...
INFO: [SCHED 204-61] Pipelining function 'sin_or_cos<float>'.
INFO: [HLS 200-1470] Pipelining result : Target II = 0, Final II = 1, Depth = 5, function 'sin_or_cos<float>'
INFO: [SCHED 204-11] Finished scheduling.
INFO: [HLS 200-111] Finished Scheduling: CPU user time: 0 seconds. CPU system time: 0 seconds. Elapsed time: 4.096 seconds; current allocated memory: 264.918 MB.
INFO: [BIND 205-100] Starting micro-architecture generation ...
INFO: [BIND 205-101] Performing variable lifetime analysis.
INFO: [BIND 205-101] Exploring resource sharing.
INFO: [BIND 205-101] Binding ...
INFO: [BIND 205-100] Finished micro-architecture generation.
INFO: [HLS 200-111] Finished Binding: CPU user time: 1 seconds. CPU system time: 0 seconds. Elapsed time: 2.972 seconds; current allocated memory: 265.293 MB.
INFO: [HLS 200-10] ----------------------------------------------------------------
INFO: [HLS 200-42] -- Implementing module 'mod_rcp_mult_24_36_8_s' 
INFO: [HLS 200-10] ----------------------------------------------------------------
INFO: [SCHED 204-11] Starting scheduling ...
INFO: [SCHED 204-61] Pipelining function 'mod_rcp_mult<24, 36, 8>'.
INFO: [HLS 200-1470] Pipelining result : Target II = 1, Final II = 1, Depth = 10, function 'mod_rcp_mult<24, 36, 8>'
INFO: [SCHED 204-11] Finished scheduling.
INFO: [HLS 200-111] Finished Scheduling: CPU user time: 0 seconds. CPU system time: 0 seconds. Elapsed time: 6.944 seconds; current allocated memory: 269.438 MB.
INFO: [BIND 205-100] Starting micro-architecture generation ...
INFO: [BIND 205-101] Performing variable lifetime analysis.
INFO: [BIND 205-101] Exploring resource sharing.
INFO: [BIND 205-101] Binding ...
INFO: [BIND 205-100] Finished micro-architecture generation.
INFO: [HLS 200-111] Finished Binding: CPU user time: 0 seconds. CPU system time: 0 seconds. Elapsed time: 4.919 seconds; current allocated memory: 269.441 MB.
INFO: [HLS 200-10] ----------------------------------------------------------------
INFO: [HLS 200-42] -- Implementing module 'generic_fmod_mult_float_s' 
INFO: [HLS 200-10] ----------------------------------------------------------------
INFO: [SCHED 204-11] Starting scheduling ...
INFO: [SCHED 204-61] Pipelining function 'generic_fmod_mult<float>'.
INFO: [HLS 200-1470] Pipelining result : Target II = 1, Final II = 1, Depth = 13, function 'generic_fmod_mult<float>'
INFO: [SCHED 204-11] Finished scheduling.
INFO: [HLS 200-111] Finished Scheduling: CPU user time: 0 seconds. CPU system time: 0 seconds. Elapsed time: 6.986 seconds; current allocated memory: 269.559 MB.
INFO: [BIND 205-100] Starting micro-architecture generation ...
INFO: [BIND 205-101] Performing variable lifetime analysis.
INFO: [BIND 205-101] Exploring resource sharing.
INFO: [BIND 205-101] Binding ...
INFO: [BIND 205-100] Finished micro-architecture generation.
INFO: [HLS 200-111] Finished Binding: CPU user time: 0 seconds. CPU system time: 0 seconds. Elapsed time: 2.251 seconds; current allocated memory: 269.656 MB.
INFO: [HLS 200-10] ----------------------------------------------------------------
INFO: [HLS 200-42] -- Implementing module 'pedal_top' 
INFO: [HLS 200-10] ----------------------------------------------------------------
INFO: [SCHED 204-11] Starting scheduling ...
INFO: [HLS 200-486] Changing DSP latency (root=add_ln83) to 3 in order to utilize available DSP registers.
INFO: [SCHED 204-61] Pipelining loop 'VITIS_LOOP_32_1'.
WARNING: [HLS 200-885] The II Violation in module 'pedal_top' (loop 'VITIS_LOOP_32_1'): Unable to schedule 'load' operation 8 bit ('buffer2_load_1', pedal_top.cpp:79) on array 'buffer2' due to limited memory ports (II = 1). Please consider using a memory core with more ports or partitioning the array 'buffer2'.
Resolution: For help on HLS 200-885 see docs.xilinx.com/access/sources/dita/topic?Doc_Version=2024.1%20English&url=ug1448-hls-guidance&resourceid=200-885.html
INFO: [HLS 200-1470] Pipelining result : Target II = 1, Final II = 2, Depth = 80, loop 'VITIS_LOOP_32_1'
INFO: [SCHED 204-11] Finished scheduling.
INFO: [HLS 200-111] Finished Scheduling: CPU user time: 1 seconds. CPU system time: 1 seconds. Elapsed time: 5.805 seconds; current allocated memory: 273.293 MB.
INFO: [BIND 205-100] Starting micro-architecture generation ...
INFO: [BIND 205-101] Performing variable lifetime analysis.
INFO: [BIND 205-101] Exploring resource sharing.
INFO: [BIND 205-101] Binding ...
INFO: [BIND 205-100] Finished micro-architecture generation.
INFO: [HLS 200-111] Finished Binding: CPU user time: 0 seconds. CPU system time: 0 seconds. Elapsed time: 6.247 seconds; current allocated memory: 273.613 MB.
INFO: [HLS 200-10] ----------------------------------------------------------------
INFO: [HLS 200-10] -- Generating RTL for module 'exp_generic_double_s' 
INFO: [HLS 200-10] ----------------------------------------------------------------
INFO: [SYN 201-210] Renamed object name 'exp_generic_double_s_table_exp_Z1_ap_ufixed_58_1_ap_q_mode_5_ap_o_mode_3_0_array_ROM_AUTO_1R' to 'exp_generic_double_s_table_exp_Z1_ap_ufixed_58_1_ap_q_mode_5_ap_o_mode_3_0_arbkb' due to the length limit 80
INFO: [SYN 201-210] Renamed object name 'exp_generic_double_s_table_f_Z3_ap_ufixed_59_0_ap_q_mode_5_ap_o_mode_3_0_array_ROM_AUTO_1R' to 'exp_generic_double_s_table_f_Z3_ap_ufixed_59_0_ap_q_mode_5_ap_o_mode_3_0_arracud' due to the length limit 80
INFO: [SYN 201-210] Renamed object name 'exp_generic_double_s_table_f_Z2_ap_ufixed_59_0_ap_q_mode_5_ap_o_mode_3_0_array_ROM_AUTO_1R' to 'exp_generic_double_s_table_f_Z2_ap_ufixed_59_0_ap_q_mode_5_ap_o_mode_3_0_arradEe' due to the length limit 80
INFO: [RTGEN 206-100] Generating core module 'mac_muladd_16s_15ns_19s_31_4_1': 1 instance(s).
INFO: [RTGEN 206-100] Generating core module 'mul_13s_71s_71_1_1': 1 instance(s).
INFO: [RTGEN 206-100] Generating core module 'mul_43ns_36ns_79_1_1': 1 instance(s).
INFO: [RTGEN 206-100] Generating core module 'mul_49ns_44ns_93_1_1': 1 instance(s).
INFO: [RTGEN 206-100] Generating core module 'mul_50ns_50ns_100_1_1': 1 instance(s).
INFO: [RTGEN 206-100] Generating core module 'sparsemux_9_3_64_1_1': 1 instance(s).
INFO: [RTGEN 206-100] Finished creating RTL model for 'exp_generic_double_s'.
INFO: [RTMG 210-279] Implementing memory 'pedal_top_exp_generic_double_s_table_exp_Z1_ap_ufixed_58_1_ap_q_mode_5_ap_o_mode_3_0_arbkb' using auto ROMs.
INFO: [RTMG 210-279] Implementing memory 'pedal_top_exp_generic_double_s_table_f_Z3_ap_ufixed_59_0_ap_q_mode_5_ap_o_mode_3_0_arracud' using auto ROMs.
INFO: [RTMG 210-279] Implementing memory 'pedal_top_exp_generic_double_s_table_f_Z2_ap_ufixed_59_0_ap_q_mode_5_ap_o_mode_3_0_arradEe' using auto ROMs.
INFO: [HLS 200-111] Finished Creating RTL model: CPU user time: 0 seconds. CPU system time: 0 seconds. Elapsed time: 17.586 seconds; current allocated memory: 276.793 MB.
INFO: [HLS 200-10] ----------------------------------------------------------------
INFO: [HLS 200-10] -- Generating RTL for module 'generic_tanh_float_s' 
INFO: [HLS 200-10] ----------------------------------------------------------------
INFO: [RTGEN 206-100] Generating core module 'dadd_64ns_64ns_64_4_full_dsp_0': 1 instance(s).
INFO: [RTGEN 206-100] Generating core module 'fadd_32ns_32ns_32_3_full_dsp_0': 3 instance(s).
INFO: [RTGEN 206-100] Generating core module 'fcmp_32ns_32ns_1_2_no_dsp_0': 1 instance(s).
INFO: [RTGEN 206-100] Generating core module 'fdiv_32ns_32ns_32_7_no_dsp_0': 1 instance(s).
INFO: [RTGEN 206-100] Generating core module 'fmul_32ns_32ns_32_2_max_dsp_0': 1 instance(s).
INFO: [RTGEN 206-100] Generating core module 'fpext_32ns_64_1_no_dsp_0': 1 instance(s).
INFO: [RTGEN 206-100] Generating core module 'fptrunc_64ns_32_2_no_dsp_0': 1 instance(s).
INFO: [RTGEN 206-100] Generating core module 'fsub_32ns_32ns_32_3_full_dsp_0': 2 instance(s).
INFO: [RTGEN 206-100] Finished creating RTL model for 'generic_tanh_float_s'.
INFO: [HLS 200-111] Finished Creating RTL model: CPU user time: 0 seconds. CPU system time: 0 seconds. Elapsed time: 10.238 seconds; current allocated memory: 281.672 MB.
INFO: [HLS 200-10] ----------------------------------------------------------------
INFO: [HLS 200-10] -- Generating RTL for module 'sin_or_cos_float_s' 
INFO: [HLS 200-10] ----------------------------------------------------------------
INFO: [RTGEN 206-100] Generating core module 'mul_15ns_15ns_30_1_0': 1 instance(s).
INFO: [RTGEN 206-100] Generating core module 'mul_15ns_15s_30_1_0': 1 instance(s).
INFO: [RTGEN 206-100] Generating core module 'mul_23s_22ns_45_1_0': 1 instance(s).
INFO: [RTGEN 206-100] Generating core module 'mul_30s_29ns_58_1_0': 1 instance(s).
INFO: [RTGEN 206-100] Generating core module 'mul_80s_24ns_80_1_0': 1 instance(s).
INFO: [RTGEN 206-100] Generating core module 'sparsemux_17_3_1_1_0': 1 instance(s).
INFO: [RTGEN 206-100] Generating core module 'sparsemux_33_4_1_1_0': 2 instance(s).
INFO: [RTGEN 206-100] Finished creating RTL model for 'sin_or_cos_float_s'.
INFO: [RTMG 210-279] Implementing memory 'pedal_top_sin_or_cos_float_s_ref_4oPi_table_100_ROM_1P_LUTRAM_1R' using distributed ROMs.
INFO: [RTMG 210-279] Implementing memory 'pedal_top_sin_or_cos_float_s_second_order_float_sin_cos_K0_ROM_1P_LUTRAM_1R' using distributed ROMs.
INFO: [RTMG 210-279] Implementing memory 'pedal_top_sin_or_cos_float_s_second_order_float_sin_cos_K1_ROM_1P_LUTRAM_1R' using distributed ROMs.
INFO: [RTMG 210-279] Implementing memory 'pedal_top_sin_or_cos_float_s_second_order_float_sin_cos_K2_ROM_1P_LUTRAM_1R' using distributed ROMs.
INFO: [HLS 200-111] Finished Creating RTL model: CPU user time: 0 seconds. CPU system time: 1 seconds. Elapsed time: 9.067 seconds; current allocated memory: 284.281 MB.
INFO: [HLS 200-10] ----------------------------------------------------------------
INFO: [HLS 200-10] -- Generating RTL for module 'mod_rcp_mult_24_36_8_s' 
INFO: [HLS 200-10] ----------------------------------------------------------------
INFO: [RTGEN 206-100] Generating core module 'mul_24ns_38ns_61_1_1': 8 instance(s).
INFO: [RTGEN 206-100] Generating core module 'mul_25s_25s_25_1_1': 8 instance(s).
INFO: [RTGEN 206-100] Finished creating RTL model for 'mod_rcp_mult_24_36_8_s'.
INFO: [HLS 200-111] Finished Creating RTL model: CPU user time: 1 seconds. CPU system time: 0 seconds. Elapsed time: 7.765 seconds; current allocated memory: 288.824 MB.
INFO: [HLS 200-10] ----------------------------------------------------------------
INFO: [HLS 200-10] -- Generating RTL for module 'generic_fmod_mult_float_s' 
INFO: [HLS 200-10] ----------------------------------------------------------------
INFO: [RTGEN 206-100] Finished creating RTL model for 'generic_fmod_mult_float_s'.
INFO: [HLS 200-111] Finished Creating RTL model: CPU user time: 0 seconds. CPU system time: 0 seconds. Elapsed time: 9.67 seconds; current allocated memory: 293.918 MB.
INFO: [HLS 200-10] ----------------------------------------------------------------
INFO: [HLS 200-10] -- Generating RTL for module 'pedal_top' 
INFO: [HLS 200-10] ----------------------------------------------------------------
WARNING: [RTGEN 206-101] Design contains AXI ports. Reset is fixed to synchronous and active low.
INFO: [RTGEN 206-500] Setting interface mode on port 'pedal_top/in_stream_V_data_V' to 'axis' (register, both mode).
INFO: [RTGEN 206-500] Setting interface mode on port 'pedal_top/in_stream_V_keep_V' to 'axis' (register, both mode).
INFO: [RTGEN 206-500] Setting interface mode on port 'pedal_top/in_stream_V_strb_V' to 'axis' (register, both mode).
INFO: [RTGEN 206-500] Setting interface mode on port 'pedal_top/in_stream_V_last_V' to 'axis' (register, both mode).
INFO: [RTGEN 206-500] Setting interface mode on port 'pedal_top/out_stream_V_data_V' to 'axis' (register, both mode).
INFO: [RTGEN 206-500] Setting interface mode on port 'pedal_top/out_stream_V_keep_V' to 'axis' (register, both mode).
INFO: [RTGEN 206-500] Setting interface mode on port 'pedal_top/out_stream_V_strb_V' to 'axis' (register, both mode).
INFO: [RTGEN 206-500] Setting interface mode on port 'pedal_top/out_stream_V_last_V' to 'axis' (register, both mode).
INFO: [RTGEN 206-500] Setting interface mode on port 'pedal_top/switches' to 's_axilite & ap_none'.
INFO: [RTGEN 206-500] Setting interface mode on function 'pedal_top' to 's_axilite & ap_ctrl_hs'.
WARNING: [RTGEN 206-101] Register 'sample_count' is power-on initialization.
WARNING: [RTGEN 206-101] Register 'buf_id' is power-on initialization.
WARNING: [RTGEN 206-101] Register 'buf_id2' is power-on initialization.
INFO: [RTGEN 206-100] Bundling port 'switches' and 'return' to AXI-Lite port ctrl.
INFO: [RTGEN 206-100] Generating core module 'fadd_32ns_32ns_32_3_full_dsp_1': 1 instance(s).
INFO: [RTGEN 206-100] Generating core module 'fdiv_32ns_32ns_32_7_no_dsp_1': 1 instance(s).
INFO: [RTGEN 206-100] Generating core module 'fmul_32ns_32ns_32_2_max_dsp_1': 1 instance(s).
INFO: [RTGEN 206-100] Generating core module 'fpext_32ns_64_1_no_dsp_0': 2 instance(s).
INFO: [RTGEN 206-100] Generating core module 'fsub_32ns_32ns_32_3_full_dsp_1': 1 instance(s).
INFO: [RTGEN 206-100] Generating core module 'mac_muladd_24s_16ns_40s_40_4_1': 1 instance(s).
INFO: [RTGEN 206-100] Generating core module 'mul_23s_24s_47_1_1': 1 instance(s).
INFO: [RTGEN 206-100] Generating core module 'mul_24s_16ns_40_1_1': 1 instance(s).
INFO: [RTGEN 206-100] Generating core module 'mul_24s_17ns_41_1_1': 1 instance(s).
INFO: [RTGEN 206-100] Generating core module 'mul_24s_22ns_46_1_1': 1 instance(s).
INFO: [RTGEN 206-100] Generating core module 'mul_24s_24s_40_1_1': 1 instance(s).
INFO: [RTGEN 206-100] Generating core module 'mul_25s_24s_40_1_1': 1 instance(s).
INFO: [RTGEN 206-100] Generating core module 'mul_40s_42ns_81_1_1': 1 instance(s).
INFO: [RTGEN 206-100] Generating core module 'sitofp_32ns_32_2_no_dsp_1': 2 instance(s).
INFO: [RTGEN 206-100] Generating core module 'sparsemux_9_3_24_1_1': 4 instance(s).
INFO: [RTGEN 206-100] Generating core module 'srem_32ns_12ns_11_36_1': 1 instance(s).
INFO: [RTGEN 206-100] Finished creating RTL model for 'pedal_top'.
INFO: [RTMG 210-278] Implementing memory 'pedal_top_buffer_r_RAM_2P_BRAM_1R1W' using block RAMs.
INFO: [RTMG 210-278] Implementing memory 'pedal_top_buffer2_RAM_T2P_BRAM_1R1W' using block RAMs.
INFO: [HLS 200-111] Finished Creating RTL model: CPU user time: 1 seconds. CPU system time: 1 seconds. Elapsed time: 22.934 seconds; current allocated memory: 300.762 MB.
INFO: [HLS 200-111] Finished Generating all RTL models: CPU user time: 0 seconds. CPU system time: 4 seconds. Elapsed time: 36.546 seconds; current allocated memory: 312.387 MB.
INFO: [HLS 200-111] Finished Updating report files: CPU user time: 1 seconds. CPU system time: 1 seconds. Elapsed time: 14.553 seconds; current allocated memory: 325.996 MB.
INFO: [VHDL 208-304] Generating VHDL RTL for pedal_top.
INFO: [VLOG 209-307] Generating Verilog RTL for pedal_top.
INFO: [HLS 200-790] **** Loop Constraint Status: All loop constraints were NOT satisfied.
INFO: [HLS 200-789] **** Estimated Fmax: 91.40 MHz
INFO: [HLS 200-112] Total CPU user time: 16 seconds. Total CPU system time: 18 seconds. Total elapsed time: 315.679 seconds; peak allocated memory: 326.602 MB.
INFO: [v++ 60-791] Total elapsed time: 0h 5m 20s
