INFO: [v++ 60-1548] Creating build summary session with primary output D:/FPGA-Guitar-Pedal/Pedal_vitis/pedal/pedal\pedal.hlscompile_summary, at 04/06/26 11:08:27
INFO: [v++ 82-31] Launching vitis_hls: vitis_hls -nolog -run csynth -work_dir D:/FPGA-Guitar-Pedal/Pedal_vitis/pedal/pedal -config D:/FPGA-Guitar-Pedal/Pedal_vitis/pedal/hls_config.cfg -cmdlineconfig D:/FPGA-Guitar-Pedal/Pedal_vitis/pedal/pedal/hls/config.cmdline
INFO: [HLS 200-10] For user 'gunne' on host 'theodore' (Windows NT_amd64 version 10.0) on Mon Apr 06 11:08:29 -0400 2026
INFO: [HLS 200-10] In directory 'D:/FPGA-Guitar-Pedal/Pedal_vitis/pedal'
INFO: [HLS 200-2005] Using work_dir D:/FPGA-Guitar-Pedal/Pedal_vitis/pedal/pedal 
INFO: [HLS 200-1505] Using default flow_target 'vivado'
Resolution: For help on HLS 200-1505 see docs.xilinx.com/access/sources/dita/topic?Doc_Version=2024.1%20English&url=ug1448-hls-guidance&resourceid=200-1505.html
INFO: [HLS 200-1465] Applying ini 'syn.file=pedal.cpp' from D:/FPGA-Guitar-Pedal/Pedal_vitis/pedal/hls_config.cfg(9)
INFO: [HLS 200-10] Adding design file 'D:/FPGA-Guitar-Pedal/Pedal_vitis/pedal/pedal.cpp' to the project
INFO: [HLS 200-1465] Applying ini 'syn.file=pedal_c.cpp' from D:/FPGA-Guitar-Pedal/Pedal_vitis/pedal/hls_config.cfg(10)
INFO: [HLS 200-10] Adding design file 'D:/FPGA-Guitar-Pedal/Pedal_vitis/pedal/pedal_c.cpp' to the project
INFO: [HLS 200-1465] Applying ini 'syn.file=pedal_c.h' from D:/FPGA-Guitar-Pedal/Pedal_vitis/pedal/hls_config.cfg(11)
INFO: [HLS 200-10] Adding design file 'D:/FPGA-Guitar-Pedal/Pedal_vitis/pedal/pedal_c.h' to the project
INFO: [HLS 200-1465] Applying ini 'syn.file=pedal_top.cpp' from D:/FPGA-Guitar-Pedal/Pedal_vitis/pedal/hls_config.cfg(12)
INFO: [HLS 200-10] Adding design file 'D:/FPGA-Guitar-Pedal/Pedal_vitis/pedal/pedal_top.cpp' to the project
INFO: [HLS 200-1465] Applying ini 'syn.file=pedal_c2.cpp' from D:/FPGA-Guitar-Pedal/Pedal_vitis/pedal/hls_config.cfg(13)
INFO: [HLS 200-10] Adding design file 'D:/FPGA-Guitar-Pedal/Pedal_vitis/pedal/pedal_c2.cpp' to the project
INFO: [HLS 200-1465] Applying ini 'tb.file=pedal_c_tb.cpp' from D:/FPGA-Guitar-Pedal/Pedal_vitis/pedal/hls_config.cfg(7)
INFO: [HLS 200-10] Adding test bench file 'D:/FPGA-Guitar-Pedal/Pedal_vitis/pedal/pedal_c_tb.cpp' to the project
INFO: [HLS 200-1465] Applying ini 'syn.top=pedal_top' from D:/FPGA-Guitar-Pedal/Pedal_vitis/pedal/hls_config.cfg(8)
INFO: [HLS 200-1465] Applying ini 'flow_target=vivado' from D:/FPGA-Guitar-Pedal/Pedal_vitis/pedal/hls_config.cfg(4)
INFO: [HLS 200-1505] Using flow_target 'vivado'
Resolution: For help on HLS 200-1505 see docs.xilinx.com/access/sources/dita/topic?Doc_Version=2024.1%20English&url=ug1448-hls-guidance&resourceid=200-1505.html
INFO: [HLS 200-1465] Applying ini 'part=xczu3eg-sfvc784-2-e' from D:/FPGA-Guitar-Pedal/Pedal_vitis/pedal/hls_config.cfg(1)
INFO: [HLS 200-1611] Setting target device to 'xczu3eg-sfvc784-2-e'
INFO: [HLS 200-1465] Applying ini 'package.output.format=ip_catalog' from D:/FPGA-Guitar-Pedal/Pedal_vitis/pedal/hls_config.cfg(5)
INFO: [HLS 200-111] Finished File checks and directory preparation: CPU user time: 1 seconds. CPU system time: 2 seconds. Elapsed time: 22.575 seconds; current allocated memory: 133.906 MB.
INFO: [HLS 200-10] Analyzing design file 'pedal_c2.cpp' ... 
INFO: [HLS 200-10] Analyzing design file 'pedal_top.cpp' ... 
INFO: [HLS 200-10] Analyzing design file 'pedal_c.cpp' ... 
INFO: [HLS 200-10] Analyzing design file 'pedal.cpp' ... 
INFO: [HLS 200-111] Finished Source Code Analysis and Preprocessing: CPU user time: 1 seconds. CPU system time: 4 seconds. Elapsed time: 53.898 seconds; current allocated memory: 137.500 MB.
ERROR: Error in llvm-link
INFO: [HLS 200-112] Total CPU user time: 2 seconds. Total CPU system time: 7 seconds. Total elapsed time: 76.947 seconds; peak allocated memory: 137.660 MB.
