03/25/26 16:16:09: Running xcd server. This server was NOT built by gradle, but presumably rdi.
03/25/26 16:16:09: Server was asked to start on port: '51989'
03/25/26 16:16:09: Server is using token UUID: 'ec7b6d3b-5e11-49fc-bec7-c6df548aea16'
03/25/26 16:16:09: SESSION_MGR: creating session with session uuid: '6d04a3e9-ade5-4ab9-8d63-1f78fcd2ec76' and name 'default'
03/25/26 16:16:09: Attempting to start server on port '51989'
03/25/26 16:16:09: Running Dispatch Server
03/25/26 16:16:09: Version 2.2.0
03/25/26 16:16:11: Dispatch Server: Accepted socket connection from client
03/25/26 16:16:11: Starting Socket connection
03/25/26 16:16:11: EXCHANGE_TOKEN received, server token: ec7b6d3b-5e11-49fc-bec7-c6df548aea16, passed token: ec7b6d3b-5e11-49fc-bec7-c6df548aea16
03/25/26 16:16:11: DISPATCH_HANDLER: Adding handler from function makeHandler in library librdi_system_diagram failed with exception: Could not dynamically load librdi_system_diagram.dll
03/25/26 16:16:11: SESSION_MGR: creating session with session uuid: 'b8c5ae38-91d5-49d3-800d-64fd713eb461' and name 'vitis-run_compile_pedal_c'
03/25/26 16:16:11: KERNEL_SVC: creating session with uuid: 'b8c5ae38-91d5-49d3-800d-64fd713eb461' and name 'vitis-run_compile_pedal_c'
03/25/26 16:16:11: GUIDANCE_SMGR: creating guidance session with uuid: 'b8c5ae38-91d5-49d3-800d-64fd713eb461' and name 'vitis-run_compile_pedal_c'
03/25/26 16:16:17: Dispatch Server: Accepted socket connection from client
03/25/26 16:16:17: Starting Socket connection
03/25/26 16:16:23: SESSION_MGR: closing session for UUID 'b8c5ae38-91d5-49d3-800d-64fd713eb461' with name 'vitis-run_compile_pedal_c'
03/25/26 16:16:23: KERNEL_SVC: closing session for UUID 'b8c5ae38-91d5-49d3-800d-64fd713eb461' with name 'vitis-run_compile_pedal_c'
03/25/26 16:16:23: GUIDANCE_SMGR: closing session for UUID 'b8c5ae38-91d5-49d3-800d-64fd713eb461' with name 'vitis-run_compile_pedal_c'
03/25/26 16:16:23: STOP_SERVER received, server token: ec7b6d3b-5e11-49fc-bec7-c6df548aea16, passed token: ec7b6d3b-5e11-49fc-bec7-c6df548aea16
03/25/26 16:16:23: Socket received request to stop server.
03/25/26 16:16:23: Dispatch Server: do_await_stop
03/25/26 16:16:23: SERVER: destructor for server bound to port 51989
03/25/26 16:16:23: Server exiting with status 0.
03/25/26 16:16:23: Closing log file.
03/25/26 16:19:38: Running xcd server. This server was NOT built by gradle, but presumably rdi.
03/25/26 16:19:38: Server was asked to start on port: '58081'
03/25/26 16:19:38: Server is using token UUID: '3064730e-37b3-484d-9ecd-6521610ebde3'
03/25/26 16:19:38: SESSION_MGR: creating session with session uuid: '6d04a3e9-ade5-4ab9-8d63-1f78fcd2ec76' and name 'default'
03/25/26 16:19:38: Attempting to start server on port '58081'
03/25/26 16:19:38: Running Dispatch Server
03/25/26 16:19:38: Version 2.2.0
03/25/26 16:19:39: Dispatch Server: Accepted socket connection from client
03/25/26 16:19:39: Starting Socket connection
03/25/26 16:19:39: EXCHANGE_TOKEN received, server token: 3064730e-37b3-484d-9ecd-6521610ebde3, passed token: 3064730e-37b3-484d-9ecd-6521610ebde3
03/25/26 16:19:39: DISPATCH_HANDLER: Adding handler from function makeHandler in library librdi_system_diagram failed with exception: Could not dynamically load librdi_system_diagram.dll
03/25/26 16:19:39: SESSION_MGR: creating session with session uuid: '41f2c335-865e-4f70-b96a-3cb5f11b30d7' and name 'vitis-run_compile_pedal_c'
03/25/26 16:19:39: KERNEL_SVC: creating session with uuid: '41f2c335-865e-4f70-b96a-3cb5f11b30d7' and name 'vitis-run_compile_pedal_c'
03/25/26 16:19:39: GUIDANCE_SMGR: creating guidance session with uuid: '41f2c335-865e-4f70-b96a-3cb5f11b30d7' and name 'vitis-run_compile_pedal_c'
03/25/26 16:19:44: Dispatch Server: Accepted socket connection from client
03/25/26 16:19:44: Starting Socket connection
03/25/26 16:19:45: SESSION_MGR: closing session for UUID '41f2c335-865e-4f70-b96a-3cb5f11b30d7' with name 'vitis-run_compile_pedal_c'
03/25/26 16:19:45: KERNEL_SVC: closing session for UUID '41f2c335-865e-4f70-b96a-3cb5f11b30d7' with name 'vitis-run_compile_pedal_c'
03/25/26 16:19:45: GUIDANCE_SMGR: closing session for UUID '41f2c335-865e-4f70-b96a-3cb5f11b30d7' with name 'vitis-run_compile_pedal_c'
03/25/26 16:19:45: STOP_SERVER received, server token: 3064730e-37b3-484d-9ecd-6521610ebde3, passed token: 3064730e-37b3-484d-9ecd-6521610ebde3
03/25/26 16:19:45: Socket received request to stop server.
03/25/26 16:19:45: Dispatch Server: do_await_stop
03/25/26 16:19:45: SERVER: destructor for server bound to port 58081
03/25/26 16:19:45: Server exiting with status 0.
03/25/26 16:19:45: Closing log file.
