Copyright 1986-2022 Xilinx, Inc. All Rights Reserved. Copyright 2022-2024 Advanced Micro Devices, Inc. All Rights Reserved.
-------------------------------------------------------------------------------------------------------------------------------------------------------------
| Tool Version : Vivado v.2024.1 (win64) Build 5076996 Wed May 22 18:37:14 MDT 2024
| Date         : Wed Apr  8 15:42:37 2026
| Host         : WFXB07B250A3A85 running 64-bit major release  (build 9200)
| Command      : report_utilization -file dma_axis_ip_example_pedal_top_0_1_utilization_synth.rpt -pb dma_axis_ip_example_pedal_top_0_1_utilization_synth.pb
| Design       : dma_axis_ip_example_pedal_top_0_1
| Device       : xczu3eg-sfvc784-2-e
| Speed File   : -2
| Design State : Synthesized
-------------------------------------------------------------------------------------------------------------------------------------------------------------

Utilization Design Information

Table of Contents
-----------------
1. CLB Logic
1.1 Summary of Registers by Type
2. BLOCKRAM
3. ARITHMETIC
4. I/O
5. CLOCK
6. ADVANCED
7. CONFIGURATION
8. Primitives
9. Black Boxes
10. Instantiated Netlists

1. CLB Logic
------------

+----------------------------+-------+-------+------------+-----------+-------+
|          Site Type         |  Used | Fixed | Prohibited | Available | Util% |
+----------------------------+-------+-------+------------+-----------+-------+
| CLB LUTs*                  | 15653 |     0 |          0 |     70560 | 22.18 |
|   LUT as Logic             | 15126 |     0 |          0 |     70560 | 21.44 |
|   LUT as Memory            |   527 |     0 |          0 |     28800 |  1.83 |
|     LUT as Distributed RAM |     0 |     0 |            |           |       |
|     LUT as Shift Register  |   527 |     0 |            |           |       |
| CLB Registers              |  7727 |     0 |          0 |    141120 |  5.48 |
|   Register as Flip Flop    |  7727 |     0 |          0 |    141120 |  5.48 |
|   Register as Latch        |     0 |     0 |          0 |    141120 |  0.00 |
| CARRY8                     |   867 |     0 |          0 |      8820 |  9.83 |
| F7 Muxes                   |   345 |     0 |          0 |     35280 |  0.98 |
| F8 Muxes                   |   135 |     0 |          0 |     17640 |  0.77 |
| F9 Muxes                   |     0 |     0 |          0 |      8820 |  0.00 |
+----------------------------+-------+-------+------------+-----------+-------+
* Warning! The Final LUT count, after physical optimizations and full implementation, is typically lower. Run opt_design after synthesis, if not already completed, for a more realistic count.
Warning! LUT value is adjusted to account for LUT combining.
Warning! For any ECO changes, please run place_design if there are unplaced instances


1.1 Summary of Registers by Type
--------------------------------

+-------+--------------+-------------+--------------+
| Total | Clock Enable | Synchronous | Asynchronous |
+-------+--------------+-------------+--------------+
| 0     |            _ |           - |            - |
| 0     |            _ |           - |          Set |
| 0     |            _ |           - |        Reset |
| 0     |            _ |         Set |            - |
| 0     |            _ |       Reset |            - |
| 0     |          Yes |           - |            - |
| 0     |          Yes |           - |          Set |
| 0     |          Yes |           - |        Reset |
| 107   |          Yes |         Set |            - |
| 7620  |          Yes |       Reset |            - |
+-------+--------------+-------------+--------------+


2. BLOCKRAM
-----------

+-------------------+------+-------+------------+-----------+-------+
|     Site Type     | Used | Fixed | Prohibited | Available | Util% |
+-------------------+------+-------+------------+-----------+-------+
| Block RAM Tile    | 10.5 |     0 |          0 |       216 |  4.86 |
|   RAMB36/FIFO*    |    7 |     0 |          0 |       216 |  3.24 |
|     RAMB36E2 only |    7 |       |            |           |       |
|   RAMB18          |    7 |     0 |          0 |       432 |  1.62 |
|     RAMB18E2 only |    7 |       |            |           |       |
+-------------------+------+-------+------------+-----------+-------+
* Note: Each Block RAM Tile only has one FIFO logic available and therefore can accommodate only one FIFO36E2 or one FIFO18E2. However, if a FIFO18E2 occupies a Block RAM Tile, that tile can still accommodate a RAMB18E2


3. ARITHMETIC
-------------

+----------------+------+-------+------------+-----------+-------+
|    Site Type   | Used | Fixed | Prohibited | Available | Util% |
+----------------+------+-------+------------+-----------+-------+
| DSPs           |  121 |     0 |          0 |       360 | 33.61 |
|   DSP48E2 only |  121 |       |            |           |       |
+----------------+------+-------+------------+-----------+-------+


4. I/O
------

+------------+------+-------+------------+-----------+-------+
|  Site Type | Used | Fixed | Prohibited | Available | Util% |
+------------+------+-------+------------+-----------+-------+
| Bonded IOB |    0 |     0 |          0 |       252 |  0.00 |
+------------+------+-------+------------+-----------+-------+


5. CLOCK
--------

+------------+------+-------+------------+-----------+-------+
|  Site Type | Used | Fixed | Prohibited | Available | Util% |
+------------+------+-------+------------+-----------+-------+
| BUFGCE     |    0 |     0 |          0 |        88 |  0.00 |
| BUFGCE_DIV |    0 |     0 |          0 |        12 |  0.00 |
| BUFG_PS    |    0 |     0 |          0 |        72 |  0.00 |
| BUFGCTRL*  |    0 |     0 |          0 |        24 |  0.00 |
| PLL        |    0 |     0 |          0 |         6 |  0.00 |
| MMCM       |    0 |     0 |          0 |         3 |  0.00 |
+------------+------+-------+------------+-----------+-------+
* Note: Each used BUFGCTRL counts as two GLOBAL CLOCK BUFFERs. This table does not include global clocking resources, only buffer cell usage. See the Clock Utilization Report (report_clock_utilization) for detailed accounting of global clocking resource availability.


6. ADVANCED
-----------

+-----------+------+-------+------------+-----------+-------+
| Site Type | Used | Fixed | Prohibited | Available | Util% |
+-----------+------+-------+------------+-----------+-------+
| PS8       |    0 |     0 |          0 |         1 |  0.00 |
| SYSMONE4  |    0 |     0 |          0 |         1 |  0.00 |
+-----------+------+-------+------------+-----------+-------+


7. CONFIGURATION
----------------

+-------------+------+-------+------------+-----------+-------+
|  Site Type  | Used | Fixed | Prohibited | Available | Util% |
+-------------+------+-------+------------+-----------+-------+
| BSCANE2     |    0 |     0 |          0 |         4 |  0.00 |
| DNA_PORTE2  |    0 |     0 |          0 |         1 |  0.00 |
| EFUSE_USR   |    0 |     0 |          0 |         1 |  0.00 |
| FRAME_ECCE4 |    0 |     0 |          0 |         1 |  0.00 |
| ICAPE3      |    0 |     0 |          0 |         2 |  0.00 |
| MASTER_JTAG |    0 |     0 |          0 |         1 |  0.00 |
| STARTUPE3   |    0 |     0 |          0 |         1 |  0.00 |
+-------------+------+-------+------------+-----------+-------+


8. Primitives
-------------

+----------+------+---------------------+
| Ref Name | Used | Functional Category |
+----------+------+---------------------+
| FDRE     | 7620 |            Register |
| LUT6     | 5539 |                 CLB |
| LUT3     | 3774 |                 CLB |
| LUT2     | 2669 |                 CLB |
| LUT5     | 2403 |                 CLB |
| LUT4     | 1710 |                 CLB |
| LUT1     | 1270 |                 CLB |
| CARRY8   |  867 |                 CLB |
| SRL16E   |  405 |                 CLB |
| MUXF7    |  345 |                 CLB |
| MUXF8    |  135 |                 CLB |
| SRLC32E  |  122 |                 CLB |
| DSP48E2  |  121 |          Arithmetic |
| FDSE     |  107 |            Register |
| RAMB36E2 |    7 |            BLOCKRAM |
| RAMB18E2 |    7 |            BLOCKRAM |
+----------+------+---------------------+


9. Black Boxes
--------------

+----------+------+
| Ref Name | Used |
+----------+------+


10. Instantiated Netlists
-------------------------

+----------+------+
| Ref Name | Used |
+----------+------+


