================================================================
== Design Size Report
================================================================

* Total Instructions per Compilation Phase
+---------------+-----------------------------+--------------+----------------------------------------------------------------------------------------+
| Phase         | Step                        | Instructions | Description                                                                            |
+---------------+-----------------------------+--------------+----------------------------------------------------------------------------------------+
| Compile/Link  |                             | 130          | After all functions are compiled and linked into a single design                       |
|               |                             |              |                                                                                        |
| Unroll/Inline |                             |              | After user unroll and inline pragmas are applied                                       |
|               | (1) unroll                  |  74          | user unroll pragmas are applied                                                        |
|               | (2) simplification          |  65          | simplification of applied user unroll pragmas                                          |
|               | (3) inline                  |  65          | user inline pragmas are applied                                                        |
|               | (4) simplification          |  65          | simplification of applied user inline pragmas                                          |
|               |                             |              |                                                                                        |
| Array/Struct  |                             |              | After user array partition and struct aggregate/disaggregate pragmas are applied       |
|               | (1) array partition         |  65          | user array partition pragmas are applied                                               |
|               | (2) simplification          |  65          | simplification of applied user array partition & struct aggregate/disaggregate pragmas |
|               | (3) aggregate/disaggregate  |  65          | user struct aggregate/disaggregate pragmas are applied                                 |
|               | (4) array reshape           |  65          | apply array reshape pragmas                                                            |
|               | (5) access patterns         | 129          | array access pattern optmizations                                                      |
|               |                             |              |                                                                                        |
| Performance   |                             |              | After transformations are applied to meet performance pragma targets                   |
|               | (1) loop simplification     | 137          | loop and instruction simplification                                                    |
|               | (2) parallelization         | 129          | loops are unrolled or pipelined to meet performance targets                            |
|               | (3) array partition         |  73          | arrays are partitioned to meet performance targets                                     |
|               | (4) simplification          |  73          | simplification of design after performance transformations                             |
|               |                             |              |                                                                                        |
| HW Transforms |                             |              | After hardware transfomations                                                          |
|               | (1) lowering                |  43          | initial conversion to HW specific instructions                                         |
|               | (2) optimizations           |  38          | high level synthesis optimizations                                                     |
+---------------+-----------------------------+--------------+----------------------------------------------------------------------------------------+

* Instructions per Function for each Compilation Phase
+---------------------+-------------+--------------+---------------+--------------+-------------+---------------+
| Function            | Location    | Compile/Link | Unroll/Inline | Array/Struct | Performance | HW Transforms |
+---------------------+-------------+--------------+---------------+--------------+-------------+---------------+
|   audio_passthrough | pedal.cpp:9 | 130          | 65            | 129          | 73          | 38            |
+---------------------+-------------+--------------+---------------+--------------+-------------+---------------+

* Design Size Message Settings
+---------------------------------------------+--------+------------------------------------------------------------------+
| Message Setting                             | Value  | Description                                                      |
+---------------------------------------------+--------+------------------------------------------------------------------+
| config_compile -design_size_maximum_warning | 100000 | Show a warning when total design instructions exceeds this value |
+---------------------------------------------+--------+------------------------------------------------------------------+


