

================================================================
== Synthesis Summary Report of 'pedal_top'
================================================================
+ General Information: 
    * Date:           Wed Apr  8 16:19:33 2026
    * Version:        2024.1 (Build 5069499 on May 21 2024)
    * Project:        pedal
    * Solution:       hls (Vivado IP Flow Target)
    * Product family: zynquplus
    * Target device:  xczu3eg-sfvc784-2-e
    

+ Performance & Resource Estimates: 
    
    PS: '+' for module; 'o' for loop; '*' for dataflow
    +-------------------------------+------+-------+---------+---------+----------+---------+------+----------+---------+-----------+-------------+-------------+-----+
    |            Modules            | Issue|       | Latency | Latency | Iteration|         | Trip |          |         |           |             |             |     |
    |            & Loops            | Type | Slack | (cycles)|   (ns)  |  Latency | Interval| Count| Pipelined|  BRAM   |    DSP    |      FF     |     LUT     | URAM|
    +-------------------------------+------+-------+---------+---------+----------+---------+------+----------+---------+-----------+-------------+-------------+-----+
    |+ pedal_top                    |     -|   0.01|        -|        -|         -|        -|     -|        no|  31 (7%)|  141 (39%)|  17027 (12%)|  36604 (51%)|    -|
    | o VITIS_LOOP_32_1             |    II|  10.95|        -|        -|        77|        2|     -|       yes|        -|          -|            -|            -|    -|
    |  + soft_clipping_distortion   |     -|   0.32|       37|  555.000|         -|        1|     -|       yes|   5 (1%)|   53 (14%)|    5468 (3%)|   8924 (12%)|    -|
    |   + generic_tanh_float_s      |     -|   0.41|       32|  480.000|         -|        1|     -|       yes|   5 (1%)|   40 (11%)|    5201 (3%)|    5143 (7%)|    -|
    |    + exp_generic_double_s     |    II|   1.98|        6|   90.000|         -|        1|     -|       yes|   5 (1%)|    24 (6%)|    890 (~0%)|    2569 (3%)|    -|
    |  + generic_fmod_mult_float_s  |     -|   0.04|       12|  180.000|         -|        1|     -|       yes|        -|   40 (11%)|    1558 (1%)|   8039 (11%)|    -|
    |   + mod_rcp_mult_24_36_8_s    |     -|   0.22|        9|  135.000|         -|        1|     -|       yes|        -|   40 (11%)|    634 (~0%)|    6916 (9%)|    -|
    |  + tremolo                    |     -|   0.01|       16|  240.000|         -|        1|     -|       yes|        -|    20 (5%)|   1133 (~0%)|    4974 (7%)|    -|
    +-------------------------------+------+-------+---------+---------+----------+---------+------+----------+---------+-----------+-------------+-------------+-----+

