

================================================================
== Vitis HLS Report for 'exp_generic_double_s'
================================================================
* Date:           Wed Apr  8 16:18:18 2026

* Version:        2024.1 (Build 5069499 on May 21 2024)
* Project:        pedal
* Solution:       hls (Vivado IP Flow Target)
* Product family: zynquplus
* Target device:  xczu3eg-sfvc784-2-e


================================================================
== Performance Estimates
================================================================
+ Timing: 
    * Summary: 
    +--------+----------+----------+------------+
    |  Clock |  Target  | Estimated| Uncertainty|
    +--------+----------+----------+------------+
    |ap_clk  |  15.00 ns|  8.974 ns|     4.05 ns|
    +--------+----------+----------+------------+

+ Latency: 
    * Summary: 
    +---------+---------+-----------+-----------+-----+-----+---------+
    |  Latency (cycles) |   Latency (absolute)  |  Interval | Pipeline|
    |   min   |   max   |    min    |    max    | min | max |   Type  |
    +---------+---------+-----------+-----------+-----+-----+---------+
    |        6|        6|  90.000 ns|  90.000 ns|    1|    1|      yes|
    +---------+---------+-----------+-----------+-----+-----+---------+

    + Detail: 
        * Instance: 
        N/A

        * Loop: 
        N/A



================================================================
== Utilization Estimates
================================================================
* Summary: 
+-----------------+---------+-----+--------+-------+-----+
|       Name      | BRAM_18K| DSP |   FF   |  LUT  | URAM|
+-----------------+---------+-----+--------+-------+-----+
|DSP              |        -|    1|       -|      -|    -|
|Expression       |        -|    -|       0|   2160|    -|
|FIFO             |        -|    -|       -|      -|    -|
|Instance         |        -|   23|       0|    139|    -|
|Memory           |        5|    -|       0|      0|    -|
|Multiplexer      |        -|    -|       0|     14|    -|
|Register         |        -|    -|     890|    256|    -|
+-----------------+---------+-----+--------+-------+-----+
|Total            |        5|   24|     890|   2569|    0|
+-----------------+---------+-----+--------+-------+-----+
|Available        |      432|  360|  141120|  70560|    0|
+-----------------+---------+-----+--------+-------+-----+
|Utilization (%)  |        1|    6|      ~0|      3|    0|
+-----------------+---------+-----+--------+-------+-----+

+ Detail: 
    * Instance: 
    +--------------------------+-----------------------+---------+----+---+----+-----+
    |         Instance         |         Module        | BRAM_18K| DSP| FF| LUT| URAM|
    +--------------------------+-----------------------+---------+----+---+----+-----+
    |mul_13s_71s_71_1_0_U1     |mul_13s_71s_71_1_0     |        0|   4|  0|  65|    0|
    |mul_43ns_36ns_79_1_0_U2   |mul_43ns_36ns_79_1_0   |        0|   4|  0|  19|    0|
    |mul_49ns_44ns_93_1_0_U3   |mul_49ns_44ns_93_1_0   |        0|   6|  0|  20|    0|
    |mul_50ns_50ns_100_1_0_U4  |mul_50ns_50ns_100_1_0  |        0|   9|  0|  21|    0|
    |sparsemux_9_3_64_1_0_U5   |sparsemux_9_3_64_1_0   |        0|   0|  0|  14|    0|
    +--------------------------+-----------------------+---------+----+---+----+-----+
    |Total                     |                       |        0|  23|  0| 139|    0|
    +--------------------------+-----------------------+---------+----+---+----+-----+

    * DSP: 
    +-----------------------------------+--------------------------------+--------------+
    |              Instance             |             Module             |  Expression  |
    +-----------------------------------+--------------------------------+--------------+
    |mac_muladd_16s_15ns_19s_31_4_0_U6  |mac_muladd_16s_15ns_19s_31_4_0  |  i0 + i1 * i2|
    +-----------------------------------+--------------------------------+--------------+

    * Memory: 
    +---------------------------------------------------------------+----------------------------------------------------------------------------------+---------+---+----+-----+------+-----+------+-------------+
    |                             Memory                            |                                      Module                                      | BRAM_18K| FF| LUT| URAM| Words| Bits| Banks| W*Bits*Banks|
    +---------------------------------------------------------------+----------------------------------------------------------------------------------+---------+---+----+-----+------+-----+------+-------------+
    |table_exp_Z1_ap_ufixed_58_1_ap_q_mode_5_ap_o_mode_3_0_array_U  |exp_generic_double_s_table_exp_Z1_ap_ufixed_58_1_ap_q_mode_5_ap_o_mode_3_0_arbkb  |        2|  0|   0|    0|   256|   58|     1|        14848|
    |table_f_Z2_ap_ufixed_59_0_ap_q_mode_5_ap_o_mode_3_0_array_U    |exp_generic_double_s_table_f_Z2_ap_ufixed_59_0_ap_q_mode_5_ap_o_mode_3_0_arradEe  |        2|  0|   0|    0|   256|   42|     1|        10752|
    |table_f_Z3_ap_ufixed_59_0_ap_q_mode_5_ap_o_mode_3_0_array_U    |exp_generic_double_s_table_f_Z3_ap_ufixed_59_0_ap_q_mode_5_ap_o_mode_3_0_arracud  |        1|  0|   0|    0|   256|   26|     1|         6656|
    +---------------------------------------------------------------+----------------------------------------------------------------------------------+---------+---+----+-----+------+-----+------+-------------+
    |Total                                                          |                                                                                  |        5|  0|   0|    0|   768|  126|     3|        32256|
    +---------------------------------------------------------------+----------------------------------------------------------------------------------+---------+---+----+-----+------+-----+------+-------------+

    * FIFO: 
    N/A

    * Expression: 
    +-------------------------+----------+----+---+-----+------------+------------+
    |      Variable Name      | Operation| DSP| FF| LUT | Bitwidth P0| Bitwidth P1|
    +-------------------------+----------+----+---+-----+------------+------------+
    |add_ln126_fu_710_p2      |         +|   0|  0|   43|          36|          36|
    |add_ln145_fu_791_p2      |         +|   0|  0|   51|          44|          44|
    |add_ln243_1_fu_546_p2    |         +|   0|  0|   20|          13|           1|
    |add_ln297_1_fu_900_p2    |         +|   0|  0|  114|         107|         107|
    |add_ln297_fu_873_p2      |         +|   0|  0|   65|          58|           5|
    |exp_Z1P_m_1_l_fu_800_p2  |         +|   0|  0|   59|          52|          52|
    |exp_Z2P_m_1_fu_720_p2    |         +|   0|  0|   51|          44|          44|
    |exp_Z4_m_1_fu_667_p2     |         +|   0|  0|   43|          36|          36|
    |m_exp_fu_324_p2          |         +|   0|  0|   19|          12|          11|
    |out_exp_fu_964_p2        |         +|   0|  0|   18|          11|          10|
    |r_exp_1_fu_914_p2        |         +|   0|  0|   20|          13|           2|
    |e_frac_1_fu_342_p2       |         -|   0|  0|   61|           1|          54|
    |sub_ln229_fu_376_p2      |         -|   0|  0|   18|          10|          11|
    |sub_ln255_fu_591_p2      |         -|   0|  0|   66|          59|          59|
    |and_ln182_1_fu_821_p2    |       and|   0|  0|    2|           1|           1|
    |and_ln182_fu_826_p2      |       and|   0|  0|    2|           1|           1|
    |and_ln18_fu_836_p2       |       and|   0|  0|    2|           1|           1|
    |and_ln309_1_fu_1022_p2   |       and|   0|  0|    2|           1|           1|
    |and_ln309_2_fu_1039_p2   |       and|   0|  0|    2|           1|           1|
    |and_ln309_3_fu_1051_p2   |       and|   0|  0|    2|           1|           1|
    |and_ln309_4_fu_1073_p2   |       and|   0|  0|    2|           1|           1|
    |and_ln309_5_fu_1079_p2   |       and|   0|  0|    2|           1|           1|
    |and_ln309_fu_1012_p2     |       and|   0|  0|    2|           1|           1|
    |ashr_ln229_fu_402_p2     |      ashr|   0|  0|  207|          71|          71|
    |ashr_ln230_fu_442_p2     |      ashr|   0|  0|  179|          64|          64|
    |icmp_ln18_1_fu_314_p2    |      icmp|   0|  0|   59|          52|           1|
    |icmp_ln18_fu_308_p2      |      icmp|   0|  0|   18|          11|           2|
    |icmp_ln243_fu_540_p2     |      icmp|   0|  0|   25|          18|           1|
    |icmp_ln309_1_fu_936_p2   |      icmp|   0|  0|   10|           3|           1|
    |icmp_ln309_2_fu_496_p2   |      icmp|   0|  0|   78|          71|          71|
    |icmp_ln309_fu_474_p2     |      icmp|   0|  0|   19|          12|           1|
    |icmp_ln326_fu_954_p2     |      icmp|   0|  0|   20|          13|          11|
    |or_ln185_fu_849_p2       |        or|   0|  0|    2|           1|           1|
    |or_ln309_1_fu_1028_p2    |        or|   0|  0|    2|           1|           1|
    |or_ln309_2_fu_1056_p2    |        or|   0|  0|    2|           1|           1|
    |or_ln309_3_fu_1067_p2    |        or|   0|  0|    2|           1|           1|
    |or_ln309_fu_942_p2       |        or|   0|  0|    2|           1|           1|
    |e_frac_3_fu_348_p3       |    select|   0|  0|   52|           1|          54|
    |m_fix_fu_414_p3          |    select|   0|  0|   70|           1|          71|
    |r_exp_2_fu_919_p3        |    select|   0|  0|   12|           1|          13|
    |r_exp_fu_560_p3          |    select|   0|  0|   12|           1|          13|
    |retval_1_fu_1094_p2      |    select|   0|  0|   64|           1|          64|
    |retval_1_fu_1094_p4      |    select|   0|  0|   62|           1|           1|
    |select_ln18_fu_841_p3    |    select|   0|  0|   62|           1|          63|
    |select_ln229_fu_386_p3   |    select|   0|  0|   11|           1|          12|
    |select_ln230_fu_480_p3   |    select|   0|  0|   64|           1|          64|
    |select_ln243_fu_552_p3   |    select|   0|  0|   12|           1|          13|
    |select_ln303_fu_990_p3   |    select|   0|  0|   50|           1|          52|
    |shl_ln229_fu_408_p2      |       shl|   0|  0|  207|          71|          71|
    |shl_ln230_fu_436_p2      |       shl|   0|  0|  179|          64|          64|
    |xor_ln182_fu_816_p2      |       xor|   0|  0|    2|           1|           2|
    |xor_ln18_1_fu_1034_p2    |       xor|   0|  0|    2|           1|           2|
    |xor_ln18_fu_831_p2       |       xor|   0|  0|    2|           1|           2|
    |xor_ln309_1_fu_1045_p2   |       xor|   0|  0|    2|           1|           2|
    |xor_ln309_2_fu_1061_p2   |       xor|   0|  0|    2|           1|           2|
    |xor_ln309_fu_1017_p2     |       xor|   0|  0|    2|           1|           2|
    +-------------------------+----------+----+---+-----+------------+------------+
    |Total                    |          |   0|  0| 2160|         977|        1276|
    +-------------------------+----------+----+---+-----+------------+------------+

    * Multiplexer: 
    +-----------+----+-----------+-----+-----------+
    |    Name   | LUT| Input Size| Bits| Total Bits|
    +-----------+----+-----------+-----+-----------+
    |ap_return  |  14|          3|   64|        192|
    +-----------+----+-----------+-----+-----------+
    |Total      |  14|          3|   64|        192|
    +-----------+----+-----------+-----+-----------+

    * Register: 
    +----------------------------------+----+----+-----+-----------+
    |               Name               | FF | LUT| Bits| Const Bits|
    +----------------------------------+----+----+-----+-----------+
    |Z2_reg_1197                       |   8|   0|    8|          0|
    |Z2_reg_1197_pp0_iter4_reg         |   8|   0|    8|          0|
    |Z3_reg_1204                       |   8|   0|    8|          0|
    |Z4_reg_1209                       |  35|   0|   35|          0|
    |ap_ce_reg                         |   1|   0|    1|          0|
    |ap_return_int_reg                 |  64|   0|   64|          0|
    |es_sign_reg_1129                  |   1|   0|    1|          0|
    |exp_Z1P_m_1_reg_1240              |  50|   0|   50|          0|
    |exp_Z2P_m_1_reg_1224              |  44|   0|   44|          0|
    |icmp_ln18_1_reg_1142              |   1|   0|    1|          0|
    |icmp_ln18_reg_1134                |   1|   0|    1|          0|
    |icmp_ln309_2_reg_1171             |   1|   0|    1|          0|
    |icmp_ln309_reg_1163               |   1|   0|    1|          0|
    |m_diff_hi_reg_1192                |   8|   0|    8|          0|
    |m_diff_hi_reg_1192_pp0_iter4_reg  |   8|   0|    8|          0|
    |r_exp_reg_1186                    |  13|   0|   13|          0|
    |tmp_158_reg_1148                  |   1|   0|    1|          0|
    |tmp_158_reg_1148_pp0_iter1_reg    |   1|   0|    1|          0|
    |tmp_162_reg_1176                  |   1|   0|    1|          0|
    |trunc_ln255_reg_1158              |  59|   0|   59|          0|
    |x_int_reg                         |  64|   0|   64|          0|
    |es_sign_reg_1129                  |  64|  32|    1|          0|
    |icmp_ln18_1_reg_1142              |  64|  32|    1|          0|
    |icmp_ln18_reg_1134                |  64|  32|    1|          0|
    |icmp_ln309_2_reg_1171             |  64|  32|    1|          0|
    |icmp_ln309_reg_1163               |  64|  32|    1|          0|
    |r_exp_reg_1186                    |  64|  32|   13|          0|
    |tmp_162_reg_1176                  |  64|  32|    1|          0|
    |trunc_ln255_reg_1158              |  64|  32|   59|          0|
    +----------------------------------+----+----+-----+-----------+
    |Total                             | 890| 256|  456|          0|
    +----------------------------------+----+----+-----+-----------+



================================================================
== Interface
================================================================
* Summary: 
+-----------+-----+-----+------------+---------------------+--------------+
| RTL Ports | Dir | Bits|  Protocol  |    Source Object    |    C Type    |
+-----------+-----+-----+------------+---------------------+--------------+
|ap_clk     |   in|    1|  ap_ctrl_hs|  exp_generic<double>|  return value|
|ap_rst     |   in|    1|  ap_ctrl_hs|  exp_generic<double>|  return value|
|ap_return  |  out|   64|  ap_ctrl_hs|  exp_generic<double>|  return value|
|ap_ce      |   in|    1|  ap_ctrl_hs|  exp_generic<double>|  return value|
|x          |   in|   64|     ap_none|                    x|        scalar|
+-----------+-----+-----+------------+---------------------+--------------+

