

================================================================
== Vitis HLS Report for 'generic_fmod_mult_float_s'
================================================================
* Date:           Wed Apr  8 16:19:08 2026

* Version:        2024.1 (Build 5069499 on May 21 2024)
* Project:        pedal
* Solution:       hls (Vivado IP Flow Target)
* Product family: zynquplus
* Target device:  xczu3eg-sfvc784-2-e


================================================================
== Performance Estimates
================================================================
+ Timing: 
    * Summary: 
    +--------+----------+-----------+------------+
    |  Clock |  Target  | Estimated | Uncertainty|
    +--------+----------+-----------+------------+
    |ap_clk  |  15.00 ns|  10.908 ns|     4.05 ns|
    +--------+----------+-----------+------------+

+ Latency: 
    * Summary: 
    +---------+---------+----------+----------+-----+-----+---------+
    |  Latency (cycles) |  Latency (absolute) |  Interval | Pipeline|
    |   min   |   max   |    min   |    max   | min | max |   Type  |
    +---------+---------+----------+----------+-----+-----+---------+
    |       12|       12|  0.180 us|  0.180 us|    1|    1|      yes|
    +---------+---------+----------+----------+-----+-----+---------+

    + Detail: 
        * Instance: 
        +----------------------------------+------------------------+---------+---------+----------+----------+-----+-----+---------+
        |                                  |                        |  Latency (cycles) |  Latency (absolute) |  Interval | Pipeline|
        |             Instance             |         Module         |   min   |   max   |    min   |    max   | min | max |   Type  |
        +----------------------------------+------------------------+---------+---------+----------+----------+-----+-----+---------+
        |grp_mod_rcp_mult_24_36_8_s_fu_97  |mod_rcp_mult_24_36_8_s  |        9|        9|  0.135 us|  0.135 us|    1|    1|      yes|
        +----------------------------------+------------------------+---------+---------+----------+----------+-----+-----+---------+

        * Loop: 
        N/A



================================================================
== Utilization Estimates
================================================================
* Summary: 
+-----------------+---------+-----+--------+-------+-----+
|       Name      | BRAM_18K| DSP |   FF   |  LUT  | URAM|
+-----------------+---------+-----+--------+-------+-----+
|DSP              |        -|    -|       -|      -|    -|
|Expression       |        -|    -|       0|    874|    -|
|FIFO             |        -|    -|       -|      -|    -|
|Instance         |        -|   40|     634|   6916|    -|
|Memory           |        -|    -|       -|      -|    -|
|Multiplexer      |        -|    -|       0|     57|    -|
|Register         |        -|    -|     924|    192|    -|
+-----------------+---------+-----+--------+-------+-----+
|Total            |        0|   40|    1558|   8039|    0|
+-----------------+---------+-----+--------+-------+-----+
|Available        |      432|  360|  141120|  70560|    0|
+-----------------+---------+-----+--------+-------+-----+
|Utilization (%)  |        0|   11|       1|     11|    0|
+-----------------+---------+-----+--------+-------+-----+

+ Detail: 
    * Instance: 
    +----------------------------------+------------------------+---------+----+-----+------+-----+
    |             Instance             |         Module         | BRAM_18K| DSP|  FF |  LUT | URAM|
    +----------------------------------+------------------------+---------+----+-----+------+-----+
    |grp_mod_rcp_mult_24_36_8_s_fu_97  |mod_rcp_mult_24_36_8_s  |        0|  40|  634|  6916|    0|
    +----------------------------------+------------------------+---------+----+-----+------+-----+
    |Total                             |                        |        0|  40|  634|  6916|    0|
    +----------------------------------+------------------------+---------+----+-----+------+-----+

    * DSP: 
    N/A

    * Memory: 
    N/A

    * FIFO: 
    N/A

    * Expression: 
    +-------------------------------+----------+----+---+----+------------+------------+
    |         Variable Name         | Operation| DSP| FF| LUT| Bitwidth P0| Bitwidth P1|
    +-------------------------------+----------+----+---+----+------------+------------+
    |add_ln212_fu_275_p2            |         +|   0|  0|  39|          32|           2|
    |fz_exp_1_fu_330_p2             |         +|   0|  0|  15|           8|           7|
    |n_fu_187_p2                    |         +|   0|  0|  14|           7|           5|
    |iy_fu_269_p2                   |         -|   0|  0|  16|           4|           9|
    |n_1_fu_340_p2                  |         -|   0|  0|  17|           8|          10|
    |sub_ln212_fu_296_p2            |         -|   0|  0|  39|           1|          32|
    |sub_ln218_fu_358_p2            |         -|   0|  0|  17|           1|          10|
    |ap_condition_276               |       and|   0|  0|   2|           1|           1|
    |ap_condition_279               |       and|   0|  0|   2|           1|           1|
    |ap_condition_288               |       and|   0|  0|   2|           1|           1|
    |ap_predicate_op32_call_state2  |       and|   0|  0|   2|           1|           1|
    |tmp_133_fu_257_p3              |      cttz|   0|  0|  46|          32|           0|
    |icmp_ln164_1_fu_153_p2         |      icmp|   0|  0|  30|          23|          20|
    |icmp_ln164_fu_147_p2           |      icmp|   0|  0|  15|           8|           8|
    |icmp_ln168_fu_165_p2           |      icmp|   0|  0|  30|          23|          20|
    |icmp_ln206_fu_218_p2           |      icmp|   0|  0|  31|          24|           1|
    |icmp_ln212_fu_281_p2           |      icmp|   0|  0|  39|          32|           1|
    |icmp_ln213_fu_320_p2           |      icmp|   0|  0|  16|           9|           8|
    |isF_e_x_fu_135_p2              |      icmp|   0|  0|  15|           8|           2|
    |isyBx_e_fu_141_p2              |      icmp|   0|  0|  15|           8|           8|
    |lshr_ln212_fu_302_p2           |      lshr|   0|  0|  96|          32|          32|
    |lshr_ln218_fu_378_p2           |      lshr|   0|  0|  96|          32|          32|
    |or_ln164_fu_159_p2             |        or|   0|  0|   2|           1|           1|
    |or_ln168_fu_171_p2             |        or|   0|  0|   2|           1|           1|
    |empty_83_fu_404_p3             |    select|   0|  0|  22|           1|          23|
    |fz_exp_2_fu_384_p3             |    select|   0|  0|   8|           1|           8|
    |fz_sig_1_fu_412_p3             |    select|   0|  0|  22|           1|          23|
    |select_ln212_fu_308_p3         |    select|   0|  0|  32|           1|          32|
    |shl_ln212_fu_290_p2            |       shl|   0|  0|  96|          32|          32|
    |shl_ln218_fu_368_p2            |       shl|   0|  0|  96|          32|          32|
    +-------------------------------+----------+----+---+----+------------+------------+
    |Total                          |          |   0|  0| 874|         366|         363|
    +-------------------------------+----------+----+---+----+------------+------------+

    * Multiplexer: 
    +------------------------------------------+----+-----------+-----+-----------+
    |                   Name                   | LUT| Input Size| Bits| Total Bits|
    +------------------------------------------+----+-----------+-----+-----------+
    |ap_phi_mux_retval_1_in_phi_fu_83_p12      |  14|          3|   32|         96|
    |ap_phi_reg_pp0_iter12_retval_1_in_reg_80  |  20|          4|   32|        128|
    |ap_phi_reg_pp0_iter1_retval_1_in_reg_80   |   9|          2|   32|         64|
    |ap_return                                 |  14|          3|   32|         96|
    +------------------------------------------+----+-----------+-----+-----------+
    |Total                                     |  57|         12|  128|        384|
    +------------------------------------------+----+-----------+-----+-----------+

    * Register: 
    +------------------------------------------+----+----+-----+-----------+
    |                   Name                   | FF | LUT| Bits| Const Bits|
    +------------------------------------------+----+----+-----+-----------+
    |ap_ce_reg                                 |   1|   0|    1|          0|
    |ap_phi_reg_pp0_iter10_retval_1_in_reg_80  |  32|   0|   32|          0|
    |ap_phi_reg_pp0_iter11_retval_1_in_reg_80  |  32|   0|   32|          0|
    |ap_phi_reg_pp0_iter12_retval_1_in_reg_80  |  32|   0|   32|          0|
    |ap_phi_reg_pp0_iter1_retval_1_in_reg_80   |  32|   0|   32|          0|
    |ap_phi_reg_pp0_iter2_retval_1_in_reg_80   |  32|   0|   32|          0|
    |ap_phi_reg_pp0_iter3_retval_1_in_reg_80   |  32|   0|   32|          0|
    |ap_phi_reg_pp0_iter4_retval_1_in_reg_80   |  32|   0|   32|          0|
    |ap_phi_reg_pp0_iter5_retval_1_in_reg_80   |  32|   0|   32|          0|
    |ap_phi_reg_pp0_iter6_retval_1_in_reg_80   |  32|   0|   32|          0|
    |ap_phi_reg_pp0_iter7_retval_1_in_reg_80   |  32|   0|   32|          0|
    |ap_phi_reg_pp0_iter8_retval_1_in_reg_80   |  32|   0|   32|          0|
    |ap_phi_reg_pp0_iter9_retval_1_in_reg_80   |  32|   0|   32|          0|
    |ap_return_int_reg                         |  32|   0|   32|          0|
    |fz_sig_reg_451                            |  23|   0|   23|          0|
    |icmp_ln206_reg_499                        |   1|   0|    1|          0|
    |isF_e_x_reg_457                           |   1|   0|    1|          0|
    |isyBx_e_reg_461                           |   1|   0|    1|          0|
    |n_reg_473                                 |   7|   0|    7|          0|
    |or_ln164_reg_465                          |   1|   0|    1|          0|
    |or_ln168_reg_469                          |   1|   0|    1|          0|
    |res_reg_493                               |  24|   0|   24|          0|
    |ret_5_reg_444                             |  32|   0|   32|          0|
    |x_int_reg                                 |  32|   0|   32|          0|
    |fz_sig_reg_451                            |  64|  32|   23|          0|
    |isF_e_x_reg_457                           |  64|  32|    1|          0|
    |isyBx_e_reg_461                           |  64|  32|    1|          0|
    |or_ln164_reg_465                          |  64|  32|    1|          0|
    |or_ln168_reg_469                          |  64|  32|    1|          0|
    |ret_5_reg_444                             |  64|  32|   32|          0|
    +------------------------------------------+----+----+-----+-----------+
    |Total                                     | 924| 192|  599|          0|
    +------------------------------------------+----+----+-----+-----------+



================================================================
== Interface
================================================================
* Summary: 
+-----------+-----+-----+------------+--------------------------+--------------+
| RTL Ports | Dir | Bits|  Protocol  |       Source Object      |    C Type    |
+-----------+-----+-----+------------+--------------------------+--------------+
|ap_clk     |   in|    1|  ap_ctrl_hs|  generic_fmod_mult<float>|  return value|
|ap_rst     |   in|    1|  ap_ctrl_hs|  generic_fmod_mult<float>|  return value|
|ap_return  |  out|   32|  ap_ctrl_hs|  generic_fmod_mult<float>|  return value|
|ap_ce      |   in|    1|  ap_ctrl_hs|  generic_fmod_mult<float>|  return value|
|x          |   in|   32|     ap_none|                         x|        scalar|
+-----------+-----+-----+------------+--------------------------+--------------+

