

================================================================
== Vitis HLS Report for 'generic_tanh_float_s'
================================================================
* Date:           Wed Apr  8 16:18:34 2026

* Version:        2024.1 (Build 5069499 on May 21 2024)
* Project:        pedal
* Solution:       hls (Vivado IP Flow Target)
* Product family: zynquplus
* Target device:  xczu3eg-sfvc784-2-e


================================================================
== Performance Estimates
================================================================
+ Timing: 
    * Summary: 
    +--------+----------+-----------+------------+
    |  Clock |  Target  | Estimated | Uncertainty|
    +--------+----------+-----------+------------+
    |ap_clk  |  15.00 ns|  10.544 ns|     4.05 ns|
    +--------+----------+-----------+------------+

+ Latency: 
    * Summary: 
    +---------+---------+----------+----------+-----+-----+---------+
    |  Latency (cycles) |  Latency (absolute) |  Interval | Pipeline|
    |   min   |   max   |    min   |    max   | min | max |   Type  |
    +---------+---------+----------+----------+-----+-----+---------+
    |       32|       32|  0.480 us|  0.480 us|    1|    1|      yes|
    +---------+---------+----------+----------+-----+-----+---------+

    + Detail: 
        * Instance: 
        +--------------------------------+----------------------+---------+---------+-----------+-----------+-----+-----+---------+
        |                                |                      |  Latency (cycles) |   Latency (absolute)  |  Interval | Pipeline|
        |            Instance            |        Module        |   min   |   max   |    min    |    max    | min | max |   Type  |
        +--------------------------------+----------------------+---------+---------+-----------+-----------+-----+-----+---------+
        |grp_exp_generic_double_s_fu_89  |exp_generic_double_s  |        6|        6|  90.000 ns|  90.000 ns|    1|    1|      yes|
        +--------------------------------+----------------------+---------+---------+-----------+-----------+-----+-----+---------+

        * Loop: 
        N/A



================================================================
== Utilization Estimates
================================================================
* Summary: 
+-----------------+---------+-----+--------+-------+-----+
|       Name      | BRAM_18K| DSP |   FF   |  LUT  | URAM|
+-----------------+---------+-----+--------+-------+-----+
|DSP              |        -|    -|       -|      -|    -|
|Expression       |        -|    -|       0|    273|    -|
|FIFO             |        -|    -|       -|      -|    -|
|Instance         |        5|   40|    2333|   4436|    -|
|Memory           |        -|    -|       -|      -|    -|
|Multiplexer      |        -|    -|       0|     82|    -|
|Register         |        -|    -|    2868|    352|    -|
+-----------------+---------+-----+--------+-------+-----+
|Total            |        5|   40|    5201|   5143|    0|
+-----------------+---------+-----+--------+-------+-----+
|Available        |      432|  360|  141120|  70560|    0|
+-----------------+---------+-----+--------+-------+-----+
|Utilization (%)  |        1|   11|       3|      7|    0|
+-----------------+---------+-----+--------+-------+-----+

+ Detail: 
    * Instance: 
    +------------------------------------+--------------------------------+---------+----+-----+------+-----+
    |              Instance              |             Module             | BRAM_18K| DSP|  FF |  LUT | URAM|
    +------------------------------------+--------------------------------+---------+----+-----+------+-----+
    |dadd_64ns_64ns_64_4_full_dsp_1_U27  |dadd_64ns_64ns_64_4_full_dsp_1  |        0|   3|  430|   762|    0|
    |grp_exp_generic_double_s_fu_89      |exp_generic_double_s            |        5|  24|  890|  2569|    0|
    |fadd_32ns_32ns_32_3_full_dsp_1_U17  |fadd_32ns_32ns_32_3_full_dsp_1  |        0|   2|  177|   194|    0|
    |fadd_32ns_32ns_32_3_full_dsp_1_U19  |fadd_32ns_32ns_32_3_full_dsp_1  |        0|   2|  177|   194|    0|
    |fadd_32ns_32ns_32_3_full_dsp_1_U20  |fadd_32ns_32ns_32_3_full_dsp_1  |        0|   2|  177|   194|    0|
    |fcmp_32ns_32ns_1_2_no_dsp_1_U26     |fcmp_32ns_32ns_1_2_no_dsp_1     |        0|   0|    0|     0|    0|
    |fdiv_32ns_32ns_32_7_no_dsp_1_U23    |fdiv_32ns_32ns_32_7_no_dsp_1    |        0|   0|    0|     0|    0|
    |fmul_32ns_32ns_32_2_max_dsp_1_U22   |fmul_32ns_32ns_32_2_max_dsp_1   |        0|   3|  128|   135|    0|
    |fpext_32ns_64_1_no_dsp_1_U25        |fpext_32ns_64_1_no_dsp_1        |        0|   0|    0|     0|    0|
    |fptrunc_64ns_32_2_no_dsp_1_U24      |fptrunc_64ns_32_2_no_dsp_1      |        0|   0|    0|     0|    0|
    |fsub_32ns_32ns_32_3_full_dsp_1_U18  |fsub_32ns_32ns_32_3_full_dsp_1  |        0|   2|  177|   194|    0|
    |fsub_32ns_32ns_32_3_full_dsp_1_U21  |fsub_32ns_32ns_32_3_full_dsp_1  |        0|   2|  177|   194|    0|
    +------------------------------------+--------------------------------+---------+----+-----+------+-----+
    |Total                               |                                |        5|  40| 2333|  4436|    0|
    +------------------------------------+--------------------------------+---------+----+-----+------+-----+

    * DSP: 
    N/A

    * Memory: 
    N/A

    * FIFO: 
    N/A

    * Expression: 
    +-------------------------------+----------+----+---+----+------------+------------+
    |         Variable Name         | Operation| DSP| FF| LUT| Bitwidth P0| Bitwidth P1|
    +-------------------------------+----------+----+---+----+------------+------------+
    |and_ln46_fu_223_p2             |       and|   0|  0|   2|           1|           1|
    |ap_condition_556               |       and|   0|  0|   2|           1|           1|
    |ap_condition_561               |       and|   0|  0|   2|           1|           1|
    |ap_condition_633               |       and|   0|  0|   2|           1|           1|
    |ap_predicate_op50_fcmp_state1  |       and|   0|  0|   2|           1|           1|
    |ap_predicate_op78_call_state6  |       and|   0|  0|   2|           1|           1|
    |ap_predicate_pred47_state29    |       and|   0|  0|   2|           1|           1|
    |ap_predicate_pred536_state19   |       and|   0|  0|   2|           1|           1|
    |ap_predicate_pred55_state29    |       and|   0|  0|   2|           1|           1|
    |ap_predicate_pred666_state23   |       and|   0|  0|   2|           1|           1|
    |ap_predicate_pred671_state23   |       and|   0|  0|   2|           1|           1|
    |icmp_ln10_fu_278_p2            |      icmp|   0|  0|  15|           8|           7|
    |icmp_ln36_fu_199_p2            |      icmp|   0|  0|  15|           8|           2|
    |icmp_ln38_fu_229_p2            |      icmp|   0|  0|  30|          23|           1|
    |icmp_ln45_fu_205_p2            |      icmp|   0|  0|  15|           8|           7|
    |icmp_ln46_1_fu_217_p2          |      icmp|   0|  0|  30|          23|           1|
    |icmp_ln46_fu_211_p2            |      icmp|   0|  0|  15|           8|           7|
    |icmp_ln54_fu_235_p2            |      icmp|   0|  0|  15|           8|           7|
    |icmp_ln9_fu_272_p2             |      icmp|   0|  0|  15|           8|           1|
    |ap_condition_601               |        or|   0|  0|   2|           1|           1|
    |ap_return                      |    select|   0|  0|  32|           1|          32|
    |select_ln38_fu_319_p3          |    select|   0|  0|  31|           1|          31|
    |x_6_fu_252_p3                  |    select|   0|  0|  32|           1|          32|
    |xor_ln66_fu_296_p2             |       xor|   0|  0|   2|           1|           2|
    |xor_ln83_fu_338_p2             |       xor|   0|  0|   2|           1|           2|
    +-------------------------------+----------+----+---+----+------------+------------+
    |Total                          |          |   0|  0| 273|         111|         144|
    +-------------------------------+----------+----+---+----+------------+------------+

    * Multiplexer: 
    +----------------------------------------+----+-----------+-----+-----------+
    |                  Name                  | LUT| Input Size| Bits| Total Bits|
    +----------------------------------------+----+-----------+-----+-----------+
    |ap_phi_mux_resultf_3_phi_fu_76_p10      |   9|          2|   32|         64|
    |ap_phi_reg_pp0_iter19_expx_reg_58       |   9|          2|   32|         64|
    |ap_phi_reg_pp0_iter29_resultf_3_reg_72  |   9|          2|   32|         64|
    |ap_phi_reg_pp0_iter2_resultf_3_reg_72   |   9|          2|   32|         64|
    |ap_phi_reg_pp0_iter32_resultf_3_reg_72  |   9|          2|   32|         64|
    |ap_phi_reg_pp0_iter5_expx_reg_58        |  14|          3|   32|         96|
    |ap_phi_reg_pp0_iter5_resultf_3_reg_72   |   9|          2|   32|         64|
    |grp_fu_128_p0                           |  14|          3|   32|         96|
    +----------------------------------------+----+-----------+-----+-----------+
    |Total                                   |  82|         18|  256|        576|
    +----------------------------------------+----+-----------+-----+-----------+

    * Register: 
    +----------------------------------------+----+----+-----+-----------+
    |                  Name                  | FF | LUT| Bits| Const Bits|
    +----------------------------------------+----+----+-----+-----------+
    |abst_in_reg_382                         |  31|   0|   32|          1|
    |add2_reg_476                            |  32|   0|   32|          0|
    |add_reg_423                             |  32|   0|   32|          0|
    |and_ln46_reg_400                        |   1|   0|    1|          0|
    |ap_phi_reg_pp0_iter10_expx_reg_58       |  32|   0|   32|          0|
    |ap_phi_reg_pp0_iter10_resultf_3_reg_72  |  32|   0|   32|          0|
    |ap_phi_reg_pp0_iter11_expx_reg_58       |  32|   0|   32|          0|
    |ap_phi_reg_pp0_iter11_resultf_3_reg_72  |  32|   0|   32|          0|
    |ap_phi_reg_pp0_iter12_expx_reg_58       |  32|   0|   32|          0|
    |ap_phi_reg_pp0_iter12_resultf_3_reg_72  |  32|   0|   32|          0|
    |ap_phi_reg_pp0_iter13_expx_reg_58       |  32|   0|   32|          0|
    |ap_phi_reg_pp0_iter13_resultf_3_reg_72  |  32|   0|   32|          0|
    |ap_phi_reg_pp0_iter14_expx_reg_58       |  32|   0|   32|          0|
    |ap_phi_reg_pp0_iter14_resultf_3_reg_72  |  32|   0|   32|          0|
    |ap_phi_reg_pp0_iter15_expx_reg_58       |  32|   0|   32|          0|
    |ap_phi_reg_pp0_iter15_resultf_3_reg_72  |  32|   0|   32|          0|
    |ap_phi_reg_pp0_iter16_expx_reg_58       |  32|   0|   32|          0|
    |ap_phi_reg_pp0_iter16_resultf_3_reg_72  |  32|   0|   32|          0|
    |ap_phi_reg_pp0_iter17_expx_reg_58       |  32|   0|   32|          0|
    |ap_phi_reg_pp0_iter17_resultf_3_reg_72  |  32|   0|   32|          0|
    |ap_phi_reg_pp0_iter18_expx_reg_58       |  32|   0|   32|          0|
    |ap_phi_reg_pp0_iter18_resultf_3_reg_72  |  32|   0|   32|          0|
    |ap_phi_reg_pp0_iter19_expx_reg_58       |  32|   0|   32|          0|
    |ap_phi_reg_pp0_iter19_resultf_3_reg_72  |  32|   0|   32|          0|
    |ap_phi_reg_pp0_iter1_expx_reg_58        |  32|   0|   32|          0|
    |ap_phi_reg_pp0_iter1_resultf_3_reg_72   |  32|   0|   32|          0|
    |ap_phi_reg_pp0_iter20_resultf_3_reg_72  |  32|   0|   32|          0|
    |ap_phi_reg_pp0_iter21_resultf_3_reg_72  |  32|   0|   32|          0|
    |ap_phi_reg_pp0_iter22_resultf_3_reg_72  |  32|   0|   32|          0|
    |ap_phi_reg_pp0_iter23_resultf_3_reg_72  |  32|   0|   32|          0|
    |ap_phi_reg_pp0_iter24_resultf_3_reg_72  |  32|   0|   32|          0|
    |ap_phi_reg_pp0_iter25_resultf_3_reg_72  |  32|   0|   32|          0|
    |ap_phi_reg_pp0_iter26_resultf_3_reg_72  |  32|   0|   32|          0|
    |ap_phi_reg_pp0_iter27_resultf_3_reg_72  |  32|   0|   32|          0|
    |ap_phi_reg_pp0_iter28_resultf_3_reg_72  |  32|   0|   32|          0|
    |ap_phi_reg_pp0_iter29_resultf_3_reg_72  |  32|   0|   32|          0|
    |ap_phi_reg_pp0_iter2_expx_reg_58        |  32|   0|   32|          0|
    |ap_phi_reg_pp0_iter2_resultf_3_reg_72   |  32|   0|   32|          0|
    |ap_phi_reg_pp0_iter30_resultf_3_reg_72  |  32|   0|   32|          0|
    |ap_phi_reg_pp0_iter31_resultf_3_reg_72  |  32|   0|   32|          0|
    |ap_phi_reg_pp0_iter32_resultf_3_reg_72  |  32|   0|   32|          0|
    |ap_phi_reg_pp0_iter3_expx_reg_58        |  32|   0|   32|          0|
    |ap_phi_reg_pp0_iter3_resultf_3_reg_72   |  32|   0|   32|          0|
    |ap_phi_reg_pp0_iter4_expx_reg_58        |  32|   0|   32|          0|
    |ap_phi_reg_pp0_iter4_resultf_3_reg_72   |  32|   0|   32|          0|
    |ap_phi_reg_pp0_iter5_expx_reg_58        |  32|   0|   32|          0|
    |ap_phi_reg_pp0_iter5_resultf_3_reg_72   |  32|   0|   32|          0|
    |ap_phi_reg_pp0_iter6_expx_reg_58        |  32|   0|   32|          0|
    |ap_phi_reg_pp0_iter6_resultf_3_reg_72   |  32|   0|   32|          0|
    |ap_phi_reg_pp0_iter7_expx_reg_58        |  32|   0|   32|          0|
    |ap_phi_reg_pp0_iter7_resultf_3_reg_72   |  32|   0|   32|          0|
    |ap_phi_reg_pp0_iter8_expx_reg_58        |  32|   0|   32|          0|
    |ap_phi_reg_pp0_iter8_resultf_3_reg_72   |  32|   0|   32|          0|
    |ap_phi_reg_pp0_iter9_expx_reg_58        |  32|   0|   32|          0|
    |ap_phi_reg_pp0_iter9_resultf_3_reg_72   |  32|   0|   32|          0|
    |ap_predicate_pred47_state29             |   1|   0|    1|          0|
    |ap_predicate_pred536_state19            |   1|   0|    1|          0|
    |ap_predicate_pred55_state29             |   1|   0|    1|          0|
    |ap_predicate_pred666_state23            |   1|   0|    1|          0|
    |ap_predicate_pred671_state23            |   1|   0|    1|          0|
    |din_exp_reg_372                         |   8|   0|    8|          0|
    |din_sign_reg_367                        |   1|   0|    1|          0|
    |expx_reg_58                             |  32|   0|   32|          0|
    |icmp_ln10_reg_447                       |   1|   0|    1|          0|
    |icmp_ln36_reg_392                       |   1|   0|    1|          0|
    |icmp_ln38_reg_404                       |   1|   0|    1|          0|
    |icmp_ln45_reg_396                       |   1|   0|    1|          0|
    |icmp_ln54_reg_413                       |   1|   0|    1|          0|
    |icmp_ln9_reg_443                        |   1|   0|    1|          0|
    |reg_149                                 |  32|   0|   32|          0|
    |resultf_2_reg_486                       |  32|   0|   32|          0|
    |sub_i_reg_466                           |  64|   0|   64|          0|
    |t_in_int_reg                            |  32|   0|   32|          0|
    |tmp_30_reg_409                          |   1|   0|    1|          0|
    |tmp_s_reg_461                           |  64|   0|   64|          0|
    |trunc_ln313_reg_377                     |  31|   0|   31|          0|
    |x_4_reg_433                             |  32|   0|   32|          0|
    |x_reg_428                               |  32|   0|   32|          0|
    |xd_reg_451                              |  64|   0|   64|          0|
    |abst_in_reg_382                         |  64|  32|   32|          1|
    |and_ln46_reg_400                        |  64|  32|    1|          0|
    |din_sign_reg_367                        |  64|  32|    1|          0|
    |expx_reg_58                             |  64|  32|   32|          0|
    |icmp_ln10_reg_447                       |  64|  32|    1|          0|
    |icmp_ln36_reg_392                       |  64|  32|    1|          0|
    |icmp_ln38_reg_404                       |  64|  32|    1|          0|
    |icmp_ln45_reg_396                       |  64|  32|    1|          0|
    |icmp_ln54_reg_413                       |  64|  32|    1|          0|
    |icmp_ln9_reg_443                        |  64|  32|    1|          0|
    |tmp_30_reg_409                          |  64|  32|    1|          0|
    +----------------------------------------+----+----+-----+-----------+
    |Total                                   |2868| 352| 2238|          2|
    +----------------------------------------+----+----+-----+-----------+



================================================================
== Interface
================================================================
* Summary: 
+-----------+-----+-----+------------+---------------------+--------------+
| RTL Ports | Dir | Bits|  Protocol  |    Source Object    |    C Type    |
+-----------+-----+-----+------------+---------------------+--------------+
|ap_clk     |   in|    1|  ap_ctrl_hs|  generic_tanh<float>|  return value|
|ap_rst     |   in|    1|  ap_ctrl_hs|  generic_tanh<float>|  return value|
|ap_return  |  out|   32|  ap_ctrl_hs|  generic_tanh<float>|  return value|
|ap_ce      |   in|    1|  ap_ctrl_hs|  generic_tanh<float>|  return value|
|t_in       |   in|   32|     ap_none|                 t_in|        scalar|
+-----------+-----+-----+------------+---------------------+--------------+

