

================================================================
== Vitis HLS Report for 'mod_rcp_mult_24_36_8_s'
================================================================
* Date:           Wed Apr  8 16:19:03 2026

* Version:        2024.1 (Build 5069499 on May 21 2024)
* Project:        pedal
* Solution:       hls (Vivado IP Flow Target)
* Product family: zynquplus
* Target device:  xczu3eg-sfvc784-2-e


================================================================
== Performance Estimates
================================================================
+ Timing: 
    * Summary: 
    +--------+----------+-----------+------------+
    |  Clock |  Target  | Estimated | Uncertainty|
    +--------+----------+-----------+------------+
    |ap_clk  |  15.00 ns|  10.732 ns|     4.05 ns|
    +--------+----------+-----------+------------+

+ Latency: 
    * Summary: 
    +---------+---------+----------+----------+-----+-----+---------+
    |  Latency (cycles) |  Latency (absolute) |  Interval | Pipeline|
    |   min   |   max   |    min   |    max   | min | max |   Type  |
    +---------+---------+----------+----------+-----+-----+---------+
    |        9|        9|  0.135 us|  0.135 us|    1|    1|      yes|
    +---------+---------+----------+----------+-----+-----+---------+

    + Detail: 
        * Instance: 
        N/A

        * Loop: 
        N/A



================================================================
== Utilization Estimates
================================================================
* Summary: 
+-----------------+---------+-----+--------+-------+-----+
|       Name      | BRAM_18K| DSP |   FF   |  LUT  | URAM|
+-----------------+---------+-----+--------+-------+-----+
|DSP              |        -|    -|       -|      -|    -|
|Expression       |        -|    -|       0|   6276|    -|
|FIFO             |        -|    -|       -|      -|    -|
|Instance         |        -|   40|       0|    608|    -|
|Memory           |        -|    -|       -|      -|    -|
|Multiplexer      |        -|    -|       -|      -|    -|
|Register         |        -|    -|     634|     32|    -|
+-----------------+---------+-----+--------+-------+-----+
|Total            |        0|   40|     634|   6916|    0|
+-----------------+---------+-----+--------+-------+-----+
|Available        |      432|  360|  141120|  70560|    0|
+-----------------+---------+-----+--------+-------+-----+
|Utilization (%)  |        0|   11|      ~0|      9|    0|
+-----------------+---------+-----+--------+-------+-----+

+ Detail: 
    * Instance: 
    +--------------------------+----------------------+---------+----+---+----+-----+
    |         Instance         |        Module        | BRAM_18K| DSP| FF| LUT| URAM|
    +--------------------------+----------------------+---------+----+---+----+-----+
    |mul_24ns_38ns_61_1_1_U81  |mul_24ns_38ns_61_1_1  |        0|   3|  0|  26|    0|
    |mul_24ns_38ns_61_1_1_U82  |mul_24ns_38ns_61_1_1  |        0|   3|  0|  26|    0|
    |mul_24ns_38ns_61_1_1_U83  |mul_24ns_38ns_61_1_1  |        0|   3|  0|  26|    0|
    |mul_24ns_38ns_61_1_1_U84  |mul_24ns_38ns_61_1_1  |        0|   3|  0|  26|    0|
    |mul_24ns_38ns_61_1_1_U85  |mul_24ns_38ns_61_1_1  |        0|   3|  0|  26|    0|
    |mul_24ns_38ns_61_1_1_U86  |mul_24ns_38ns_61_1_1  |        0|   3|  0|  26|    0|
    |mul_24ns_38ns_61_1_1_U87  |mul_24ns_38ns_61_1_1  |        0|   3|  0|  26|    0|
    |mul_24ns_38ns_61_1_1_U88  |mul_24ns_38ns_61_1_1  |        0|   3|  0|  26|    0|
    |mul_25s_25s_25_1_1_U89    |mul_25s_25s_25_1_1    |        0|   2|  0|  50|    0|
    |mul_25s_25s_25_1_1_U90    |mul_25s_25s_25_1_1    |        0|   2|  0|  50|    0|
    |mul_25s_25s_25_1_1_U91    |mul_25s_25s_25_1_1    |        0|   2|  0|  50|    0|
    |mul_25s_25s_25_1_1_U92    |mul_25s_25s_25_1_1    |        0|   2|  0|  50|    0|
    |mul_25s_25s_25_1_1_U93    |mul_25s_25s_25_1_1    |        0|   2|  0|  50|    0|
    |mul_25s_25s_25_1_1_U94    |mul_25s_25s_25_1_1    |        0|   2|  0|  50|    0|
    |mul_25s_25s_25_1_1_U95    |mul_25s_25s_25_1_1    |        0|   2|  0|  50|    0|
    |mul_25s_25s_25_1_1_U96    |mul_25s_25s_25_1_1    |        0|   2|  0|  50|    0|
    +--------------------------+----------------------+---------+----+---+----+-----+
    |Total                     |                      |        0|  40|  0| 608|    0|
    +--------------------------+----------------------+---------+----+---+----+-----+

    * DSP: 
    N/A

    * Memory: 
    N/A

    * FIFO: 
    N/A

    * Expression: 
    +---------------------------+----------+----+---+-----+------------+------------+
    |       Variable Name       | Operation| DSP| FF| LUT | Bitwidth P0| Bitwidth P1|
    +---------------------------+----------+----+---+-----+------------+------------+
    |rem_11_fu_564_p2           |         +|   0|  0|   31|          24|          23|
    |rem_12_fu_692_p2           |         +|   0|  0|   32|          25|          25|
    |rem_13_fu_704_p2           |         +|   0|  0|   32|          25|          24|
    |rem_15_fu_728_p2           |         +|   0|  0|   31|          24|          23|
    |rem_16_fu_856_p2           |         +|   0|  0|   32|          25|          25|
    |rem_17_fu_868_p2           |         +|   0|  0|   32|          25|          24|
    |rem_19_fu_894_p2           |         +|   0|  0|   31|          24|          23|
    |rem_1_fu_206_p2            |         +|   0|  0|   32|          25|          24|
    |rem_20_fu_1025_p2          |         +|   0|  0|   32|          25|          25|
    |rem_21_fu_1092_p2          |         +|   0|  0|   32|          25|          24|
    |rem_23_fu_1114_p2          |         +|   0|  0|   31|          24|          23|
    |rem_24_fu_1217_p2          |         +|   0|  0|   32|          25|          25|
    |rem_25_fu_1228_p2          |         +|   0|  0|   32|          25|          24|
    |rem_27_fu_1252_p2          |         +|   0|  0|   31|          24|          23|
    |rem_28_fu_1353_p2          |         +|   0|  0|   32|          25|          25|
    |rem_29_fu_1365_p2          |         +|   0|  0|   32|          25|          24|
    |rem_31_fu_1389_p2          |         +|   0|  0|   31|          24|          23|
    |rem_3_fu_232_p2            |         +|   0|  0|   31|          24|          23|
    |rem_4_fu_363_p2            |         +|   0|  0|   32|          25|          25|
    |rem_5_fu_374_p2            |         +|   0|  0|   32|          25|          24|
    |rem_7_fu_396_p2            |         +|   0|  0|   31|          24|          23|
    |rem_8_fu_528_p2            |         +|   0|  0|   32|          25|          25|
    |rem_9_fu_540_p2            |         +|   0|  0|   32|          25|          24|
    |rem_fu_194_p2              |         +|   0|  0|   32|          25|          25|
    |i_1_fu_413_p2              |         -|   0|  0|   15|           8|           8|
    |i_2_fu_581_p2              |         -|   0|  0|   16|           9|           9|
    |i_3_fu_745_p2              |         -|   0|  0|   16|           9|           9|
    |i_4_fu_909_p2              |         -|   0|  0|   17|          10|          10|
    |i_5_fu_1035_p2             |         -|   0|  0|   17|          10|          10|
    |i_6_fu_1063_p2             |         -|   0|  0|   17|          10|          10|
    |i_fu_247_p2                |         -|   0|  0|   15|           8|           8|
    |sub_ln104_10_fu_956_p2     |         -|   0|  0|   14|           1|           7|
    |sub_ln104_11_fu_1136_p2    |         -|   0|  0|   14|           6|           7|
    |sub_ln104_12_fu_1150_p2    |         -|   0|  0|   14|           1|           7|
    |sub_ln104_13_fu_1274_p2    |         -|   0|  0|   14|           6|           7|
    |sub_ln104_14_fu_1288_p2    |         -|   0|  0|   14|           1|           7|
    |sub_ln104_1_fu_280_p2      |         -|   0|  0|   14|           6|           7|
    |sub_ln104_2_fu_294_p2      |         -|   0|  0|   14|           1|           7|
    |sub_ln104_3_fu_445_p2      |         -|   0|  0|   14|           6|           7|
    |sub_ln104_4_fu_459_p2      |         -|   0|  0|   14|           1|           7|
    |sub_ln104_5_fu_613_p2      |         -|   0|  0|   14|           6|           7|
    |sub_ln104_6_fu_627_p2      |         -|   0|  0|   14|           1|           7|
    |sub_ln104_7_fu_775_p2      |         -|   0|  0|   14|           6|           7|
    |sub_ln104_8_fu_789_p2      |         -|   0|  0|   14|           1|           7|
    |sub_ln104_9_fu_942_p2      |         -|   0|  0|   14|           6|           7|
    |sub_ln104_fu_155_p2        |         -|   0|  0|   13|           4|           6|
    |icmp_ln109_1_fu_369_p2     |      icmp|   0|  0|   32|          25|          25|
    |icmp_ln109_2_fu_534_p2     |      icmp|   0|  0|   32|          25|          25|
    |icmp_ln109_3_fu_698_p2     |      icmp|   0|  0|   32|          25|          25|
    |icmp_ln109_4_fu_862_p2     |      icmp|   0|  0|   32|          25|          25|
    |icmp_ln109_5_fu_1087_p2    |      icmp|   0|  0|   32|          25|          25|
    |icmp_ln109_6_fu_1222_p2    |      icmp|   0|  0|   32|          25|          25|
    |icmp_ln109_7_fu_1359_p2    |      icmp|   0|  0|   32|          25|          25|
    |icmp_ln109_fu_200_p2       |      icmp|   0|  0|   32|          25|          25|
    |icmp_ln111_1_fu_390_p2     |      icmp|   0|  0|   32|          25|          24|
    |icmp_ln111_2_fu_558_p2     |      icmp|   0|  0|   32|          25|          24|
    |icmp_ln111_3_fu_722_p2     |      icmp|   0|  0|   32|          25|          24|
    |icmp_ln111_4_fu_889_p2     |      icmp|   0|  0|   32|          25|          24|
    |icmp_ln111_5_fu_1108_p2    |      icmp|   0|  0|   32|          25|          24|
    |icmp_ln111_6_fu_1246_p2    |      icmp|   0|  0|   32|          25|          24|
    |icmp_ln111_7_fu_1383_p2    |      icmp|   0|  0|   32|          25|          24|
    |icmp_ln111_fu_227_p2       |      icmp|   0|  0|   32|          25|          24|
    |icmp_ln99_1_fu_253_p2      |      icmp|   0|  0|   15|           8|           6|
    |icmp_ln99_2_fu_418_p2      |      icmp|   0|  0|   15|           8|           6|
    |icmp_ln99_3_fu_587_p2      |      icmp|   0|  0|   16|           9|           6|
    |icmp_ln99_4_fu_750_p2      |      icmp|   0|  0|   16|           9|           6|
    |icmp_ln99_5_fu_915_p2      |      icmp|   0|  0|   17|          10|           6|
    |icmp_ln99_6_fu_1041_p2     |      icmp|   0|  0|   17|          10|           6|
    |icmp_ln99_7_fu_1069_p2     |      icmp|   0|  0|   17|          10|           6|
    |icmp_ln99_fu_132_p2        |      icmp|   0|  0|   14|           7|           6|
    |lshr_ln104_1_fu_322_p2     |      lshr|   0|  0|  172|          61|          61|
    |lshr_ln104_2_fu_487_p2     |      lshr|   0|  0|  172|          61|          61|
    |lshr_ln104_3_fu_654_p2     |      lshr|   0|  0|  172|          61|          61|
    |lshr_ln104_4_fu_817_p2     |      lshr|   0|  0|  172|          61|          61|
    |lshr_ln104_5_fu_984_p2     |      lshr|   0|  0|  172|          61|          61|
    |lshr_ln104_6_fu_1178_p2    |      lshr|   0|  0|  172|          61|          61|
    |lshr_ln104_7_fu_1315_p2    |      lshr|   0|  0|  172|          61|          61|
    |lshr_ln104_fu_165_p2       |      lshr|   0|  0|  172|          61|          61|
    |ap_return                  |    select|   0|  0|   24|           1|          24|
    |mul_ln108_1_fu_97_p0       |    select|   0|  0|   25|           1|          25|
    |mul_ln108_3_fu_107_p0      |    select|   0|  0|   25|           1|          25|
    |mul_ln108_4_fu_112_p0      |    select|   0|  0|   25|           1|          25|
    |mul_ln108_5_fu_117_p0      |    select|   0|  0|   25|           1|          25|
    |mul_ln108_7_fu_127_p0      |    select|   0|  0|   25|           1|          25|
    |r_shN_11_fu_1120_p3        |    select|   0|  0|   24|           1|          24|
    |r_shN_13_fu_1258_p3        |    select|   0|  0|   24|           1|          24|
    |r_shN_1_fu_237_p3          |    select|   0|  0|   24|           1|          24|
    |r_shN_3_fu_402_p3          |    select|   0|  0|   24|           1|          24|
    |r_shN_5_fu_570_p3          |    select|   0|  0|   24|           1|          24|
    |r_shN_7_fu_734_p3          |    select|   0|  0|   24|           1|          24|
    |r_shN_9_fu_899_p3          |    select|   0|  0|   24|           1|          24|
    |rem_10_fu_546_p3           |    select|   0|  0|   25|           1|          25|
    |rem_14_fu_710_p3           |    select|   0|  0|   25|           1|          25|
    |rem_18_fu_874_p3           |    select|   0|  0|   25|           1|          25|
    |rem_22_fu_1097_p3          |    select|   0|  0|   25|           1|          25|
    |rem_26_fu_1234_p3          |    select|   0|  0|   25|           1|          25|
    |rem_2_fu_212_p3            |    select|   0|  0|   25|           1|          25|
    |rem_30_fu_1371_p3          |    select|   0|  0|   25|           1|          25|
    |rem_6_fu_379_p3            |    select|   0|  0|   25|           1|          25|
    |select_ln105_1_fu_501_p3   |    select|   0|  0|   25|           1|          25|
    |select_ln105_5_fu_1192_p3  |    select|   0|  0|   25|           1|          25|
    |shift_11_fu_597_p3         |    select|   0|  0|    6|           1|           6|
    |shift_13_fu_760_p3         |    select|   0|  0|    6|           1|           6|
    |shift_15_fu_925_p3         |    select|   0|  0|    6|           1|           6|
    |shift_17_fu_1051_p3        |    select|   0|  0|    6|           1|           6|
    |shift_19_fu_1079_p3        |    select|   0|  0|    6|           1|           6|
    |shift_5_fu_142_p3          |    select|   0|  0|    6|           1|           6|
    |shift_7_fu_263_p3          |    select|   0|  0|    6|           1|           6|
    |shift_9_fu_428_p3          |    select|   0|  0|    6|           1|           6|
    |r_shN_10_fu_1015_p2        |       shl|   0|  0|  170|          60|          60|
    |r_shN_12_fu_1207_p2        |       shl|   0|  0|  170|          60|          60|
    |r_shN_14_fu_1343_p2        |       shl|   0|  0|  170|          60|          60|
    |r_shN_2_fu_353_p2          |       shl|   0|  0|  170|          60|          60|
    |r_shN_4_fu_518_p2          |       shl|   0|  0|  170|          60|          60|
    |r_shN_6_fu_682_p2          |       shl|   0|  0|  170|          60|          60|
    |r_shN_8_fu_846_p2          |       shl|   0|  0|  170|          60|          60|
    |r_shN_fu_184_p2            |       shl|   0|  0|  170|          60|          60|
    |shl_ln104_1_fu_473_p2      |       shl|   0|  0|  172|          61|          61|
    |shl_ln104_2_fu_641_p2      |       shl|   0|  0|  172|          61|          61|
    |shl_ln104_3_fu_803_p2      |       shl|   0|  0|  172|          61|          61|
    |shl_ln104_4_fu_970_p2      |       shl|   0|  0|  172|          61|          61|
    |shl_ln104_5_fu_1164_p2     |       shl|   0|  0|  172|          61|          61|
    |shl_ln104_6_fu_1302_p2     |       shl|   0|  0|  172|          61|          61|
    |shl_ln104_fu_308_p2        |       shl|   0|  0|  172|          61|          61|
    +---------------------------+----------+----+---+-----+------------+------------+
    |Total                      |          |   0|  0| 6276|        2606|        3194|
    +---------------------------+----------+----+---+-----+------------+------------+

    * Multiplexer: 
    N/A

    * Register: 
    +---------------------------------+----+----+-----+-----------+
    |               Name              | FF | LUT| Bits| Const Bits|
    +---------------------------------+----+----+-----+-----------+
    |i_1_reg_1446                     |   8|   0|    8|          0|
    |i_2_reg_1467                     |   9|   0|    9|          0|
    |i_3_reg_1491                     |   9|   0|    9|          0|
    |i_3_reg_1491_pp0_iter5_reg       |   9|   0|    9|          0|
    |i_reg_1424                       |   8|   0|    8|          0|
    |n_int_reg                        |   7|   0|    7|          0|
    |n_read_reg_1403                  |   7|   0|    7|          0|
    |quo_3_reg_1479                   |  61|   0|   61|          0|
    |quo_7_reg_1548                   |  61|   0|   61|          0|
    |r_shN_13_reg_1543                |  24|   0|   24|          0|
    |r_shN_3_reg_1441                 |  24|   0|   24|          0|
    |r_shN_5_reg_1462                 |  24|   0|   24|          0|
    |r_shN_7_reg_1485                 |  24|   0|   24|          0|
    |r_sh_int_reg                     |  24|   0|   24|          0|
    |rem_18_reg_1503                  |  25|   0|   25|          0|
    |rem_20_reg_1514                  |  25|   0|   25|          0|
    |rem_2_reg_1413                   |  25|   0|   25|          0|
    |rem_4_reg_1434                   |  25|   0|   25|          0|
    |select_ln105_1_reg_1457          |  25|   0|   25|          0|
    |select_ln105_5_reg_1533          |  25|   0|   25|          0|
    |shift_11_reg_1472                |   6|   0|    6|          0|
    |shift_13_reg_1496                |   6|   0|    6|          0|
    |shift_13_reg_1496_pp0_iter5_reg  |   6|   0|    6|          0|
    |shift_17_reg_1521                |   6|   0|    6|          0|
    |shift_19_reg_1527                |   6|   0|    6|          0|
    |shift_5_reg_1408                 |   6|   0|    6|          0|
    |shift_7_reg_1429                 |   6|   0|    6|          0|
    |shift_9_reg_1451                 |   6|   0|    6|          0|
    |trunc_ln108_6_reg_1538           |  25|   0|   25|          0|
    |trunc_ln91_4_reg_1508            |  24|   0|   24|          0|
    |trunc_ln91_reg_1418              |  24|   0|   24|          0|
    |shift_19_reg_1527                |  64|  32|    6|          0|
    +---------------------------------+----+----+-----+-----------+
    |Total                            | 634|  32|  576|          0|
    +---------------------------------+----+----+-----+-----------+



================================================================
== Interface
================================================================
* Summary: 
+-----------+-----+-----+------------+-------------------------+--------------+
| RTL Ports | Dir | Bits|  Protocol  |      Source Object      |    C Type    |
+-----------+-----+-----+------------+-------------------------+--------------+
|ap_clk     |   in|    1|  ap_ctrl_hs|  mod_rcp_mult<24, 36, 8>|  return value|
|ap_rst     |   in|    1|  ap_ctrl_hs|  mod_rcp_mult<24, 36, 8>|  return value|
|ap_return  |  out|   24|  ap_ctrl_hs|  mod_rcp_mult<24, 36, 8>|  return value|
|ap_ce      |   in|    1|  ap_ctrl_hs|  mod_rcp_mult<24, 36, 8>|  return value|
|r_sh       |   in|   24|     ap_none|                     r_sh|        scalar|
|n          |   in|    7|     ap_none|                        n|        scalar|
+-----------+-----+-----+------------+-------------------------+--------------+

