

================================================================
== Vitis HLS Report for 'pedal_top'
================================================================
* Date:           Wed Apr  8 16:19:29 2026

* Version:        2024.1 (Build 5069499 on May 21 2024)
* Project:        pedal
* Solution:       hls (Vivado IP Flow Target)
* Product family: zynquplus
* Target device:  xczu3eg-sfvc784-2-e


================================================================
== Performance Estimates
================================================================
+ Timing: 
    * Summary: 
    +--------+----------+-----------+------------+
    |  Clock |  Target  | Estimated | Uncertainty|
    +--------+----------+-----------+------------+
    |ap_clk  |  15.00 ns|  10.941 ns|     4.05 ns|
    +--------+----------+-----------+------------+

+ Latency: 
    * Summary: 
    +---------+---------+----------+----------+-----+-----+---------+
    |  Latency (cycles) |  Latency (absolute) |  Interval | Pipeline|
    |   min   |   max   |    min   |    max   | min | max |   Type  |
    +---------+---------+----------+----------+-----+-----+---------+
    |        ?|        ?|         ?|         ?|    ?|    ?|       no|
    +---------+---------+----------+----------+-----+-----+---------+

    + Detail: 
        * Instance: 
        +--------------------------------------+---------------------------+---------+---------+----------+----------+-----+-----+---------+
        |                                      |                           |  Latency (cycles) |  Latency (absolute) |  Interval | Pipeline|
        |               Instance               |           Module          |   min   |   max   |    min   |    max   | min | max |   Type  |
        +--------------------------------------+---------------------------+---------+---------+----------+----------+-----+-----+---------+
        |grp_soft_clipping_distortion_fu_800   |soft_clipping_distortion   |       37|       37|  0.555 us|  0.555 us|    1|    1|      yes|
        |grp_generic_fmod_mult_float_s_fu_811  |generic_fmod_mult_float_s  |       12|       12|  0.180 us|  0.180 us|    1|    1|      yes|
        |grp_tremolo_fu_816                    |tremolo                    |       16|       16|  0.240 us|  0.240 us|    1|    1|      yes|
        +--------------------------------------+---------------------------+---------+---------+----------+----------+-----+-----+---------+

        * Loop: 
        +-------------------+---------+---------+----------+-----------+-----------+------+----------+
        |                   |  Latency (cycles) | Iteration|  Initiation Interval  | Trip |          |
        |     Loop Name     |   min   |   max   |  Latency |  achieved |   target  | Count| Pipelined|
        +-------------------+---------+---------+----------+-----------+-----------+------+----------+
        |- VITIS_LOOP_32_1  |        ?|        ?|        77|          2|          1|     ?|       yes|
        +-------------------+---------+---------+----------+-----------+-----------+------+----------+



================================================================
== Utilization Estimates
================================================================
* Summary: 
+-----------------+---------+-----+--------+-------+-----+
|       Name      | BRAM_18K| DSP |   FF   |  LUT  | URAM|
+-----------------+---------+-----+--------+-------+-----+
|DSP              |        -|    -|       -|      -|    -|
|Expression       |        -|    -|       0|  10968|    -|
|FIFO             |        -|    -|       -|      -|    -|
|Instance         |        5|  141|   10974|  24688|    0|
|Memory           |       26|    -|     168|    293|    0|
|Multiplexer      |        -|    -|       0|    205|    -|
|Register         |        -|    -|    5885|    448|    -|
+-----------------+---------+-----+--------+-------+-----+
|Total            |       31|  141|   17027|  36602|    0|
+-----------------+---------+-----+--------+-------+-----+
|Available        |      432|  360|  141120|  70560|    0|
+-----------------+---------+-----+--------+-------+-----+
|Utilization (%)  |        7|   39|      12|     51|    0|
+-----------------+---------+-----+--------+-------+-----+

+ Detail: 
    * Instance: 
    +---------------------------------------+----------------------------------+---------+----+------+------+-----+
    |                Instance               |              Module              | BRAM_18K| DSP|  FF  |  LUT | URAM|
    +---------------------------------------+----------------------------------+---------+----+------+------+-----+
    |ctrl_s_axi_U                           |ctrl_s_axi                        |        0|   0|    50|    56|    0|
    |fadd_32ns_32ns_32_3_full_dsp_1_x_U102  |fadd_32ns_32ns_32_3_full_dsp_1_x  |        0|   2|   177|   194|    0|
    |fdiv_32ns_32ns_32_7_no_dsp_1_x_U105    |fdiv_32ns_32ns_32_7_no_dsp_1_x    |        0|   0|     0|     0|    0|
    |fmul_32ns_32ns_32_2_max_dsp_1_x_U104   |fmul_32ns_32ns_32_2_max_dsp_1_x   |        0|   3|   128|   135|    0|
    |fpext_32ns_64_1_no_dsp_1_U108          |fpext_32ns_64_1_no_dsp_1          |        0|   0|     0|     0|    0|
    |fsub_32ns_32ns_32_3_full_dsp_1_x_U103  |fsub_32ns_32ns_32_3_full_dsp_1_x  |        0|   2|   177|   194|    0|
    |grp_generic_fmod_mult_float_s_fu_811   |generic_fmod_mult_float_s         |        0|  40|  1558|  8039|    0|
    |mul_15ns_15ns_30_1_0_U117              |mul_15ns_15ns_30_1_0              |        0|   1|     0|     5|    0|
    |mul_15ns_15s_30_1_0_U118               |mul_15ns_15s_30_1_0               |        0|   1|     0|     5|    0|
    |mul_23s_22ns_45_1_0_U109               |mul_23s_22ns_45_1_0               |        0|   2|     0|    31|    0|
    |mul_30s_29ns_58_1_0_U110               |mul_30s_29ns_58_1_0               |        0|   4|     0|    25|    0|
    |mul_32s_32s_64_1_1_U111                |mul_32s_32s_64_1_1                |        0|   4|     0|    20|    0|
    |mul_33s_32s_64_1_1_U112                |mul_33s_32s_64_1_1                |        0|   4|     0|    21|    0|
    |mul_80s_24ns_80_1_0_U113               |mul_80s_24ns_80_1_0               |        0|   5|     0|    90|    0|
    |sitofp_32ns_32_2_no_dsp_1_U106         |sitofp_32ns_32_2_no_dsp_1         |        0|   0|     0|     0|    0|
    |sitofp_32ns_32_2_no_dsp_1_U107         |sitofp_32ns_32_2_no_dsp_1         |        0|   0|     0|     0|    0|
    |grp_soft_clipping_distortion_fu_800    |soft_clipping_distortion          |        5|  53|  5468|  8924|    0|
    |sparsemux_17_3_1_1_0_U114              |sparsemux_17_3_1_1_0              |        0|   0|     0|    43|    0|
    |sparsemux_33_4_1_1_0_U115              |sparsemux_33_4_1_1_0              |        0|   0|     0|    65|    0|
    |sparsemux_33_4_1_1_0_U116              |sparsemux_33_4_1_1_0              |        0|   0|     0|    65|    0|
    |sparsemux_7_2_1_1_0_U120               |sparsemux_7_2_1_1_0               |        0|   0|     0|     9|    0|
    |sparsemux_7_2_1_1_0_U124               |sparsemux_7_2_1_1_0               |        0|   0|     0|     9|    0|
    |sparsemux_7_2_32_1_0_U121              |sparsemux_7_2_32_1_0              |        0|   0|     0|     9|    0|
    |sparsemux_7_2_32_1_0_U125              |sparsemux_7_2_32_1_0              |        0|   0|     0|     9|    0|
    |sparsemux_9_3_32_1_0_U119              |sparsemux_9_3_32_1_0              |        0|   0|     0|    14|    0|
    |sparsemux_9_3_32_1_0_U123              |sparsemux_9_3_32_1_0              |        0|   0|     0|    14|    0|
    |srem_32ns_12ns_32_36_1_U122            |srem_32ns_12ns_32_36_1            |        0|   0|  2283|  1738|    0|
    |grp_tremolo_fu_816                     |tremolo                           |        0|  20|  1133|  4974|    0|
    +---------------------------------------+----------------------------------+---------+----+------+------+-----+
    |Total                                  |                                  |        5| 141| 10974| 24688|    0|
    +---------------------------------------+----------------------------------+---------+----+------+------+-----+

    * DSP: 
    N/A

    * Memory: 
    +------------------------------------------------------+------------------------------------------------------------------+---------+-----+-----+-----+------+-----+------+-------------+
    |                        Memory                        |                              Module                              | BRAM_18K|  FF | LUT | URAM| Words| Bits| Banks| W*Bits*Banks|
    +------------------------------------------------------+------------------------------------------------------------------+---------+-----+-----+-----+------+-----+------+-------------+
    |buffer_r_U                                            |buffer_r_RAM_2P_BRAM_1R1W                                         |       22|    0|    0|    0|  8820|   32|     1|       282240|
    |pedal_top_stream_stream_axis_0_ap_uint_8_buffer2_1_U  |pedal_top_stream_stream_axis_0_ap_uint_8_buffer2_1_RAM_AUTO_1R1W  |        2|    0|    0|    0|   551|   32|     1|        17632|
    |pedal_top_stream_stream_axis_0_ap_uint_8_buffer2_U    |pedal_top_stream_stream_axis_0_ap_uint_8_buffer2_1_RAM_AUTO_1R1W  |        2|    0|    0|    0|   551|   32|     1|        17632|
    |ref_4oPi_table_100_U                                  |tremolo_ref_4oPi_table_100_ROM_1P_LUTRAM_1R                       |        0|  100|   21|    0|    13|  100|     1|         1300|
    |second_order_float_sin_cos_K0_U                       |tremolo_second_order_float_sin_cos_K0_ROM_1P_LUTRAM_1R            |        0|   30|  120|    0|   256|   30|     1|         7680|
    |second_order_float_sin_cos_K1_U                       |tremolo_second_order_float_sin_cos_K1_ROM_1P_LUTRAM_1R            |        0|   23|   92|    0|   256|   23|     1|         5888|
    |second_order_float_sin_cos_K2_U                       |tremolo_second_order_float_sin_cos_K2_ROM_1P_LUTRAM_1R            |        0|   15|   60|    0|   256|   15|     1|         3840|
    +------------------------------------------------------+------------------------------------------------------------------+---------+-----+-----+-----+------+-----+------+-------------+
    |Total                                                 |                                                                  |       26|  168|  293|    0| 10703|  264|     7|       336212|
    +------------------------------------------------------+------------------------------------------------------------------+---------+-----+-----+-----+------+-----+------+-------------+

    * FIFO: 
    N/A

    * Expression: 
    +-------------------------------------------+----------+----+---+-----+------------+------------+
    |               Variable Name               | Operation| DSP| FF| LUT | Bitwidth P0| Bitwidth P1|
    +-------------------------------------------+----------+----+---+-----+------------+------------+
    |Ex_fu_1551_p2                              |         +|   0|  0|   15|           8|           8|
    |add_ln15_fu_1070_p2                        |         +|   0|  0|   58|          51|          51|
    |add_ln23_fu_1380_p2                        |         +|   0|  0|   22|          15|           1|
    |add_ln300_fu_2297_p2                       |         +|   0|  0|   16|           9|           7|
    |add_ln317_fu_3655_p2                       |         +|   0|  0|   16|           9|           8|
    |add_ln32_2_fu_2152_p2                      |         +|   0|  0|   30|          30|          30|
    |add_ln32_fu_2142_p2                        |         +|   0|  0|   30|          30|          30|
    |add_ln376_fu_1518_p2                       |         +|   0|  0|   15|           8|           7|
    |add_ln53_1_fu_3943_p2                      |         +|   0|  0|   56|          49|          49|
    |add_ln53_2_fu_3979_p2                      |         +|   0|  0|   49|          49|          49|
    |add_ln53_3_fu_4015_p2                      |         +|   0|  0|   49|          49|          49|
    |add_ln53_4_fu_4051_p2                      |         +|   0|  0|   49|          49|          49|
    |add_ln53_fu_4089_p2                        |         +|   0|  0|   25|          18|           1|
    |add_ln54_1_fu_4175_p2                      |         +|   0|  0|   39|          32|          32|
    |add_ln54_fu_4149_p2                        |         +|   0|  0|   23|          16|           1|
    |add_ln56_fu_3788_p2                        |         +|   0|  0|   39|          32|           1|
    |add_ln67_1_fu_2507_p2                      |         +|   0|  0|   19|          12|           6|
    |add_ln67_2_fu_2602_p2                      |         +|   0|  0|   19|          12|           6|
    |add_ln67_3_fu_2639_p2                      |         +|   0|  0|   19|          12|           6|
    |add_ln67_4_fu_2725_p2                      |         +|   0|  0|   39|          32|          32|
    |add_ln67_5_fu_2833_p2                      |         +|   0|  0|   17|          12|          12|
    |add_ln67_6_fu_2855_p2                      |         +|   0|  0|   19|          12|           5|
    |add_ln67_7_fu_2865_p2                      |         +|   0|  0|   19|          12|           5|
    |add_ln67_fu_2456_p2                        |         +|   0|  0|   17|          12|          11|
    |add_ln70_1_fu_3266_p2                      |         +|   0|  0|   53|          53|          53|
    |add_ln70_2_fu_3483_p2                      |         +|   0|  0|   39|          32|           6|
    |add_ln70_3_fu_3527_p2                      |         +|   0|  0|   71|          64|          64|
    |add_ln70_4_fu_3569_p2                      |         +|   0|  0|   19|           8|           8|
    |add_ln70_5_fu_3283_p2                      |         +|   0|  0|   53|          53|          53|
    |add_ln70_fu_3371_p2                        |         +|   0|  0|   39|          32|           6|
    |add_ln75_1_fu_4267_p2                      |         +|   0|  0|   19|          12|           6|
    |add_ln75_2_fu_4362_p2                      |         +|   0|  0|   19|          12|           6|
    |add_ln75_3_fu_4392_p2                      |         +|   0|  0|   19|          12|           6|
    |add_ln75_4_fu_4707_p2                      |         +|   0|  0|   39|          32|          32|
    |add_ln75_5_fu_4438_p2                      |         +|   0|  0|   17|          12|          12|
    |add_ln75_6_fu_4460_p2                      |         +|   0|  0|   19|          12|           5|
    |add_ln75_7_fu_4470_p2                      |         +|   0|  0|   19|          12|           5|
    |add_ln75_fu_4221_p2                        |         +|   0|  0|   17|          12|          11|
    |add_ln79_1_fu_5256_p2                      |         +|   0|  0|   56|          49|          49|
    |add_ln79_fu_5265_p2                        |         +|   0|  0|   72|          65|          65|
    |add_ln83_1_fu_5926_p2                      |         +|   0|  0|   24|          17|           1|
    |add_ln83_2_fu_5651_p2                      |         +|   0|  0|   48|          48|          48|
    |add_ln83_3_fu_5687_p2                      |         +|   0|  0|   48|          48|          48|
    |add_ln83_4_fu_5723_p2                      |         +|   0|  0|   48|          48|          48|
    |add_ln83_5_fu_5747_p2                      |         +|   0|  0|   48|          48|          48|
    |add_ln83_6_fu_5808_p2                      |         +|   0|  0|   48|          48|          48|
    |add_ln83_7_fu_5842_p2                      |         +|   0|  0|   48|          48|          48|
    |add_ln83_8_fu_5876_p2                      |         +|   0|  0|   48|          48|          48|
    |add_ln83_fu_5888_p2                        |         +|   0|  0|   48|          48|          48|
    |add_ln87_fu_1438_p2                        |         +|   0|  0|   39|          32|           1|
    |add_ln90_fu_1461_p2                        |         +|   0|  0|   39|          32|           1|
    |delayed_2_fu_5339_p2                       |         +|   0|  0|   39|          32|          32|
    |grp_fu_3767_p0                             |         +|   0|  0|   39|          32|           1|
    |sample_data_7_fu_4115_p2                   |         +|   0|  0|   39|          32|          32|
    |shift_3_fu_2273_p2                         |         +|   0|  0|   39|          32|           5|
    |temp_1_fu_1128_p2                          |         +|   0|  0|   39|          32|          32|
    |Ex_3_fu_1716_p2                            |         -|   0|  0|   15|           8|           8|
    |Mx_bits_3_fu_1626_p2                       |         -|   0|  0|   65|           1|          58|
    |newexp_fu_2307_p2                          |         -|   0|  0|   39|          32|          32|
    |result_6_fu_3735_p2                        |         -|   0|  0|   39|           1|          32|
    |sub_ln18_fu_3669_p2                        |         -|   0|  0|   15|           7|           8|
    |sub_ln506_fu_1969_p2                       |         -|   0|  0|   15|           1|           8|
    |sub_ln53_1_fu_3997_p2                      |         -|   0|  0|   49|          49|          49|
    |sub_ln53_2_fu_4033_p2                      |         -|   0|  0|   49|          49|          49|
    |sub_ln53_fu_3961_p2                        |         -|   0|  0|   49|          49|          49|
    |sub_ln67_1_fu_2491_p2                      |         -|   0|  0|   19|          11|          12|
    |sub_ln67_2_fu_2517_p2                      |         -|   0|  0|   18|           5|          11|
    |sub_ln67_3_fu_2655_p2                      |         -|   0|  0|   13|           5|           6|
    |sub_ln67_fu_2473_p2                        |         -|   0|  0|   61|           1|          54|
    |sub_ln70_1_fu_3365_p2                      |         -|   0|  0|   39|           7|          32|
    |sub_ln70_2_fu_3499_p2                      |         -|   0|  0|   39|           5|          32|
    |sub_ln70_3_fu_3563_p2                      |         -|   0|  0|   19|           6|           8|
    |sub_ln70_4_fu_3397_p2                      |         -|   0|  0|   13|           5|           6|
    |sub_ln70_fu_3307_p2                        |         -|   0|  0|   59|           1|          52|
    |sub_ln75_1_fu_4251_p2                      |         -|   0|  0|   19|          11|          12|
    |sub_ln75_2_fu_4277_p2                      |         -|   0|  0|   18|           5|          11|
    |sub_ln75_3_fu_4643_p2                      |         -|   0|  0|   13|           5|           6|
    |sub_ln75_fu_4238_p2                        |         -|   0|  0|   61|           1|          54|
    |sub_ln78_fu_5083_p2                        |         -|   0|  0|   40|          17|          33|
    |sub_ln83_1_fu_5705_p2                      |         -|   0|  0|   48|          48|          48|
    |sub_ln83_2_fu_5741_p2                      |         -|   0|  0|   48|          48|          48|
    |sub_ln83_3_fu_5774_p2                      |         -|   0|  0|   48|          48|          48|
    |sub_ln83_4_fu_5791_p2                      |         -|   0|  0|   48|          48|          48|
    |sub_ln83_5_fu_5825_p2                      |         -|   0|  0|   48|          48|          48|
    |sub_ln83_6_fu_5859_p2                      |         -|   0|  0|   48|          48|          48|
    |sub_ln83_7_fu_5882_p2                      |         -|   0|  0|   48|          48|          48|
    |sub_ln83_fu_5669_p2                        |         -|   0|  0|   48|          48|          48|
    |and_ln15_1_fu_1018_p2                      |       and|   0|  0|    2|           1|           1|
    |and_ln15_2_fu_1118_p2                      |       and|   0|  0|    2|           1|           1|
    |and_ln15_3_fu_1148_p2                      |       and|   0|  0|    2|           1|           1|
    |and_ln15_4_fu_1214_p2                      |       and|   0|  0|    2|           1|           1|
    |and_ln15_5_fu_1228_p2                      |       and|   0|  0|    2|           1|           1|
    |and_ln15_6_fu_1264_p2                      |       and|   0|  0|    2|           1|           1|
    |and_ln15_7_fu_1270_p2                      |       and|   0|  0|    2|           1|           1|
    |and_ln15_8_fu_1282_p2                      |       and|   0|  0|    2|           1|           1|
    |and_ln15_fu_994_p2                         |       and|   0|  0|    2|           1|           1|
    |and_ln271_fu_1939_p2                       |       and|   0|  0|    2|           1|           1|
    |and_ln53_1_fu_3887_p2                      |       and|   0|  0|    2|           1|           1|
    |and_ln53_fu_3863_p2                        |       and|   0|  0|    2|           1|           1|
    |and_ln67_10_fu_3178_p2                     |       and|   0|  0|    2|           1|           1|
    |and_ln67_11_fu_2773_p2                     |       and|   0|  0|    2|           1|           1|
    |and_ln67_12_fu_2813_p2                     |       and|   0|  0|    2|           1|           1|
    |and_ln67_13_fu_3104_p2                     |       and|   0|  0|    2|           1|           1|
    |and_ln67_14_fu_3143_p2                     |       and|   0|  0|    2|           1|           1|
    |and_ln67_15_fu_3204_p2                     |       and|   0|  0|    2|           1|           1|
    |and_ln67_16_fu_3210_p2                     |       and|   0|  0|    2|           1|           1|
    |and_ln67_17_fu_2679_p2                     |       and|   0|  0|   54|          54|          54|
    |and_ln67_1_fu_2751_p2                      |       and|   0|  0|    2|           1|           1|
    |and_ln67_3_fu_2984_p2                      |       and|   0|  0|    2|           1|           1|
    |and_ln67_4_fu_2990_p2                      |       and|   0|  0|    2|           1|           1|
    |and_ln67_5_fu_3008_p2                      |       and|   0|  0|    2|           1|           1|
    |and_ln67_6_fu_3066_p2                      |       and|   0|  0|    2|           1|           1|
    |and_ln67_7_fu_3080_p2                      |       and|   0|  0|    2|           1|           1|
    |and_ln67_8_fu_3160_p2                      |       and|   0|  0|    2|           1|           1|
    |and_ln67_9_fu_3166_p2                      |       and|   0|  0|    2|           1|           1|
    |and_ln67_fu_2715_p2                        |       and|   0|  0|    2|           1|           1|
    |and_ln70_1_fu_3417_p2                      |       and|   0|  0|   52|          52|          52|
    |and_ln70_fu_3457_p2                        |       and|   0|  0|    2|           1|           1|
    |and_ln75_10_fu_4907_p2                     |       and|   0|  0|    2|           1|           1|
    |and_ln75_11_fu_4424_p2                     |       and|   0|  0|    2|           1|           1|
    |and_ln75_12_fu_4766_p2                     |       and|   0|  0|    2|           1|           1|
    |and_ln75_13_fu_4835_p2                     |       and|   0|  0|    2|           1|           1|
    |and_ln75_14_fu_4873_p2                     |       and|   0|  0|    2|           1|           1|
    |and_ln75_15_fu_4932_p2                     |       and|   0|  0|    2|           1|           1|
    |and_ln75_16_fu_4938_p2                     |       and|   0|  0|    2|           1|           1|
    |and_ln75_17_fu_4665_p2                     |       and|   0|  0|   54|          54|          54|
    |and_ln75_1_fu_4731_p2                      |       and|   0|  0|    2|           1|           1|
    |and_ln75_3_fu_4575_p2                      |       and|   0|  0|    2|           1|           1|
    |and_ln75_4_fu_4581_p2                      |       and|   0|  0|    2|           1|           1|
    |and_ln75_5_fu_4596_p2                      |       and|   0|  0|    2|           1|           1|
    |and_ln75_6_fu_4801_p2                      |       and|   0|  0|    2|           1|           1|
    |and_ln75_7_fu_4813_p2                      |       and|   0|  0|    2|           1|           1|
    |and_ln75_8_fu_4889_p2                      |       and|   0|  0|    2|           1|           1|
    |and_ln75_9_fu_4895_p2                      |       and|   0|  0|    2|           1|           1|
    |and_ln75_fu_4697_p2                        |       and|   0|  0|    2|           1|           1|
    |and_ln78_1_fu_5051_p2                      |       and|   0|  0|    2|           1|           1|
    |and_ln78_2_fu_5329_p2                      |       and|   0|  0|    2|           1|           1|
    |and_ln78_3_fu_5359_p2                      |       and|   0|  0|    2|           1|           1|
    |and_ln78_4_fu_5425_p2                      |       and|   0|  0|    2|           1|           1|
    |and_ln78_5_fu_5439_p2                      |       and|   0|  0|    2|           1|           1|
    |and_ln78_6_fu_5475_p2                      |       and|   0|  0|    2|           1|           1|
    |and_ln78_7_fu_5481_p2                      |       and|   0|  0|    2|           1|           1|
    |and_ln78_8_fu_5493_p2                      |       and|   0|  0|    2|           1|           1|
    |and_ln78_fu_5027_p2                        |       and|   0|  0|    2|           1|           1|
    |and_ln79_1_fu_5209_p2                      |       and|   0|  0|    2|           1|           1|
    |and_ln79_fu_5185_p2                        |       and|   0|  0|    2|           1|           1|
    |and_ln83_1_fu_5595_p2                      |       and|   0|  0|    2|           1|           1|
    |and_ln83_fu_5571_p2                        |       and|   0|  0|    2|           1|           1|
    |ap_block_pp0_stage1_01001                  |       and|   0|  0|    2|           1|           1|
    |ap_block_pp0_stage1_11001                  |       and|   0|  0|    2|           1|           1|
    |ap_block_pp0_stage1_11001_ignoreCallOp197  |       and|   0|  0|    2|           1|           1|
    |ap_block_pp0_stage1_11001_ignoreCallOp562  |       and|   0|  0|    2|           1|           1|
    |ap_block_pp0_stage1_11001_ignoreCallOp700  |       and|   0|  0|    2|           1|           1|
    |ap_condition_1141                          |       and|   0|  0|    2|           1|           1|
    |ap_condition_982                           |       and|   0|  0|    2|           1|           1|
    |ap_enable_state40_pp0_iter19_stage0        |       and|   0|  0|    2|           1|           1|
    |ap_enable_state41_pp0_iter19_stage1        |       and|   0|  0|    2|           1|           1|
    |ap_enable_state47_pp0_iter22_stage1        |       and|   0|  0|    2|           1|           1|
    |ap_enable_state48_pp0_iter23_stage0        |       and|   0|  0|    2|           1|           1|
    |ap_enable_state74_pp0_iter36_stage0        |       and|   0|  0|    2|           1|           1|
    |ap_enable_state75_pp0_iter36_stage1        |       and|   0|  0|    2|           1|           1|
    |ap_predicate_op790_load_state47            |       and|   0|  0|    2|           1|           1|
    |ap_predicate_op791_load_state47            |       and|   0|  0|    2|           1|           1|
    |ap_predicate_op844_load_state48            |       and|   0|  0|    2|           1|           1|
    |ap_predicate_op845_load_state48            |       and|   0|  0|    2|           1|           1|
    |ap_predicate_op918_store_state74           |       and|   0|  0|    2|           1|           1|
    |ap_predicate_op920_store_state74           |       and|   0|  0|    2|           1|           1|
    |carry_1_i1665_fu_4772_p2                   |       and|   0|  0|    2|           1|           1|
    |carry_1_i_fu_2819_p2                       |       and|   0|  0|    2|           1|           1|
    |cond85_i1651_fu_4676_p2                    |       and|   0|  0|    2|           1|           1|
    |cond85_i_fu_2691_p2                        |       and|   0|  0|    2|           1|           1|
    |empty_77_fu_1240_p2                        |       and|   0|  0|    2|           1|           1|
    |empty_80_fu_5451_p2                        |       and|   0|  0|    2|           1|           1|
    |lD_0_i1681_fu_4504_p2                      |       and|   0|  0|    2|           1|           1|
    |lD_0_i_fu_2913_p2                          |       and|   0|  0|    2|           1|           1|
    |neg_src_0_i1_fu_4847_p2                    |       and|   0|  0|    2|           1|           1|
    |neg_src_0_i_fu_3117_p2                     |       and|   0|  0|    2|           1|           1|
    |phi_ln70_fu_3429_p2                        |       and|   0|  0|    2|           1|           1|
    |results_sign_3_fu_1956_p2                  |       and|   0|  0|    2|           1|           1|
    |ashr_ln67_fu_2562_p2                       |      ashr|   0|  0|  159|          54|          54|
    |ashr_ln75_fu_4322_p2                       |      ashr|   0|  0|  159|          54|          54|
    |c_2_fu_2245_p3                             |      cttz|   0|  0|   46|          32|           0|
    |c_fu_2227_p3                               |      cttz|   0|  0|   46|          32|           0|
    |tmp_139_i_fu_1680_p3                       |      cttz|   0|  0|   46|          32|           0|
    |tmp_87_fu_3341_p3                          |      cttz|   0|  0|   92|          64|           0|
    |closepath_fu_1512_p2                       |      icmp|   0|  0|   15|           8|           7|
    |icmp_ln15_1_fu_1006_p2                     |      icmp|   0|  0|   23|          16|           2|
    |icmp_ln15_2_fu_1172_p2                     |      icmp|   0|  0|    9|           2|           2|
    |icmp_ln15_3_fu_1188_p2                     |      icmp|   0|  0|   10|           3|           2|
    |icmp_ln15_4_fu_1194_p2                     |      icmp|   0|  0|   10|           3|           1|
    |icmp_ln15_fu_976_p2                        |      icmp|   0|  0|   23|          16|           1|
    |icmp_ln16_fu_1314_p2                       |      icmp|   0|  0|   39|          32|          29|
    |icmp_ln19_fu_1320_p2                       |      icmp|   0|  0|   39|          32|          30|
    |icmp_ln23_fu_1374_p2                       |      icmp|   0|  0|   23|          16|           1|
    |icmp_ln271_2_fu_1934_p2                    |      icmp|   0|  0|   30|          23|           1|
    |icmp_ln271_fu_1929_p2                      |      icmp|   0|  0|   15|           8|           1|
    |icmp_ln282_fu_1945_p2                      |      icmp|   0|  0|   15|           8|           2|
    |icmp_ln292_fu_2267_p2                      |      icmp|   0|  0|   39|          32|           5|
    |icmp_ln306_fu_2321_p2                      |      icmp|   0|  0|   36|          29|           1|
    |icmp_ln53_1_fu_3875_p2                     |      icmp|   0|  0|   23|          16|           2|
    |icmp_ln53_2_fu_4083_p2                     |      icmp|   0|  0|   39|          32|           1|
    |icmp_ln53_fu_3845_p2                       |      icmp|   0|  0|   23|          16|           1|
    |icmp_ln54_fu_4143_p2                       |      icmp|   0|  0|   24|          17|           1|
    |icmp_ln55_fu_3782_p2                       |      icmp|   0|  0|   39|          32|          14|
    |icmp_ln67_10_fu_2879_p2                    |      icmp|   0|  0|   19|          12|           6|
    |icmp_ln67_11_fu_2849_p2                    |      icmp|   0|  0|   15|           8|           1|
    |icmp_ln67_12_fu_2899_p2                    |      icmp|   0|  0|   19|          12|           6|
    |icmp_ln67_13_fu_2919_p2                    |      icmp|   0|  0|   19|          12|           6|
    |icmp_ln67_14_fu_2925_p2                    |      icmp|   0|  0|   19|          12|           6|
    |icmp_ln67_15_fu_2956_p2                    |      icmp|   0|  0|   61|          54|          54|
    |icmp_ln67_16_fu_3002_p2                    |      icmp|   0|  0|   61|          54|           1|
    |icmp_ln67_17_fu_3014_p2                    |      icmp|   0|  0|   19|          12|           6|
    |icmp_ln67_1_fu_2501_p2                     |      icmp|   0|  0|   19|          12|           5|
    |icmp_ln67_2_fu_2535_p2                     |      icmp|   0|  0|   19|          12|           5|
    |icmp_ln67_3_fu_2545_p2                     |      icmp|   0|  0|   18|          11|           6|
    |icmp_ln67_4_fu_2580_p2                     |      icmp|   0|  0|   19|          12|           6|
    |icmp_ln67_5_fu_2596_p2                     |      icmp|   0|  0|   13|           6|           1|
    |icmp_ln67_6_fu_2633_p2                     |      icmp|   0|  0|   19|          12|           5|
    |icmp_ln67_7_fu_2645_p2                     |      icmp|   0|  0|   19|          12|           6|
    |icmp_ln67_8_fu_2685_p2                     |      icmp|   0|  0|   61|          54|           1|
    |icmp_ln67_9_fu_2767_p2                     |      icmp|   0|  0|   15|           8|           1|
    |icmp_ln67_fu_2486_p2                       |      icmp|   0|  0|   70|          63|           1|
    |icmp_ln70_1_fu_3335_p2                     |      icmp|   0|  0|   71|          64|           1|
    |icmp_ln70_2_fu_3387_p2                     |      icmp|   0|  0|   38|          31|           1|
    |icmp_ln70_3_fu_3423_p2                     |      icmp|   0|  0|   59|          52|           1|
    |icmp_ln70_4_fu_3477_p2                     |      icmp|   0|  0|   39|          32|           1|
    |icmp_ln70_fu_3293_p2                       |      icmp|   0|  0|   60|          53|           1|
    |icmp_ln75_10_fu_4476_p2                    |      icmp|   0|  0|   19|          12|           6|
    |icmp_ln75_11_fu_4454_p2                    |      icmp|   0|  0|   15|           8|           1|
    |icmp_ln75_12_fu_4490_p2                    |      icmp|   0|  0|   19|          12|           6|
    |icmp_ln75_13_fu_4534_p2                    |      icmp|   0|  0|   19|          12|           6|
    |icmp_ln75_14_fu_4539_p2                    |      icmp|   0|  0|   19|          12|           6|
    |icmp_ln75_15_fu_4549_p2                    |      icmp|   0|  0|   61|          54|          54|
    |icmp_ln75_16_fu_4591_p2                    |      icmp|   0|  0|   61|          54|           1|
    |icmp_ln75_17_fu_4602_p2                    |      icmp|   0|  0|   19|          12|           6|
    |icmp_ln75_1_fu_4261_p2                     |      icmp|   0|  0|   19|          12|           5|
    |icmp_ln75_2_fu_4295_p2                     |      icmp|   0|  0|   19|          12|           5|
    |icmp_ln75_3_fu_4305_p2                     |      icmp|   0|  0|   18|          11|           6|
    |icmp_ln75_4_fu_4340_p2                     |      icmp|   0|  0|   19|          12|           6|
    |icmp_ln75_5_fu_4356_p2                     |      icmp|   0|  0|   13|           6|           1|
    |icmp_ln75_6_fu_4386_p2                     |      icmp|   0|  0|   19|          12|           5|
    |icmp_ln75_7_fu_4398_p2                     |      icmp|   0|  0|   19|          12|           6|
    |icmp_ln75_8_fu_4670_p2                     |      icmp|   0|  0|   61|          54|           1|
    |icmp_ln75_9_fu_4418_p2                     |      icmp|   0|  0|   15|           8|           1|
    |icmp_ln75_fu_4212_p2                       |      icmp|   0|  0|   70|          63|           1|
    |icmp_ln78_1_fu_5039_p2                     |      icmp|   0|  0|   23|          16|           2|
    |icmp_ln78_2_fu_5301_p2                     |      icmp|   0|  0|   22|          15|           1|
    |icmp_ln78_3_fu_5383_p2                     |      icmp|   0|  0|   23|          16|           2|
    |icmp_ln78_4_fu_5399_p2                     |      icmp|   0|  0|   24|          17|           2|
    |icmp_ln78_5_fu_5405_p2                     |      icmp|   0|  0|   24|          17|           1|
    |icmp_ln78_fu_5009_p2                       |      icmp|   0|  0|   23|          16|           1|
    |icmp_ln79_1_fu_5197_p2                     |      icmp|   0|  0|   23|          16|           2|
    |icmp_ln79_fu_5167_p2                       |      icmp|   0|  0|   23|          16|           1|
    |icmp_ln83_1_fu_5583_p2                     |      icmp|   0|  0|   23|          16|           2|
    |icmp_ln83_2_fu_5920_p2                     |      icmp|   0|  0|   39|          32|           1|
    |icmp_ln83_fu_5553_p2                       |      icmp|   0|  0|   23|          16|           1|
    |icmp_ln86_fu_1432_p2                       |      icmp|   0|  0|   39|          32|          11|
    |icmp_ln91_fu_1467_p2                       |      icmp|   0|  0|   39|          32|          16|
    |lshr_ln18_fu_3695_p2                       |      lshr|   0|  0|  240|          79|          79|
    |lshr_ln506_fu_1987_p2                      |      lshr|   0|  0|   96|          32|          32|
    |lshr_ln67_1_fu_2950_p2                     |      lshr|   0|  0|  159|           2|          54|
    |lshr_ln67_2_fu_2673_p2                     |      lshr|   0|  0|  159|           2|          54|
    |lshr_ln67_fu_2944_p2                       |      lshr|   0|  0|  159|          54|          54|
    |lshr_ln70_1_fu_3407_p2                     |      lshr|   0|  0|  179|           2|          64|
    |lshr_ln70_fu_3493_p2                       |      lshr|   0|  0|  179|          64|          64|
    |lshr_ln75_1_fu_4544_p2                     |      lshr|   0|  0|  159|           2|          54|
    |lshr_ln75_2_fu_4659_p2                     |      lshr|   0|  0|  159|           2|          54|
    |lshr_ln75_fu_4518_p2                       |      lshr|   0|  0|  159|          54|          54|
    |ap_block_pp0                               |        or|   0|  0|    2|           1|           1|
    |ap_block_pp0_stage0_11001                  |        or|   0|  0|    2|           1|           1|
    |ap_block_pp0_stage0_11001_ignoreCallOp207  |        or|   0|  0|    2|           1|           1|
    |ap_block_pp0_stage0_11001_ignoreCallOp564  |        or|   0|  0|    2|           1|           1|
    |ap_block_pp0_stage0_11001_ignoreCallOp697  |        or|   0|  0|    2|           1|           1|
    |deleted_ones_0_i1728_fu_4829_p2            |        or|   0|  0|    2|           1|           1|
    |deleted_ones_0_i_fu_3098_p2                |        or|   0|  0|    2|           1|           1|
    |or_ln15_1_fu_1012_p2                       |        or|   0|  0|    2|           1|           1|
    |or_ln15_2_fu_1032_p2                       |        or|   0|  0|    2|           1|           1|
    |or_ln15_3_fu_1252_p2                       |        or|   0|  0|    2|           1|           1|
    |or_ln15_4_fu_1296_p2                       |        or|   0|  0|    2|           1|           1|
    |or_ln15_fu_982_p2                          |        or|   0|  0|    2|           1|           1|
    |or_ln16_fu_1334_p2                         |        or|   0|  0|    2|           1|           1|
    |or_ln282_fu_2344_p2                        |        or|   0|  0|    2|           1|           1|
    |or_ln306_fu_2327_p2                        |        or|   0|  0|    2|           1|           1|
    |or_ln53_1_fu_3881_p2                       |        or|   0|  0|    2|           1|           1|
    |or_ln53_2_fu_3901_p2                       |        or|   0|  0|    2|           1|           1|
    |or_ln53_fu_3851_p2                         |        or|   0|  0|    2|           1|           1|
    |or_ln67_1_fu_3060_p2                       |        or|   0|  0|    2|           1|           1|
    |or_ln67_2_fu_3149_p2                       |        or|   0|  0|    2|           1|           1|
    |or_ln67_3_fu_3184_p2                       |        or|   0|  0|    2|           1|           1|
    |or_ln67_fu_2709_p2                         |        or|   0|  0|    2|           1|           1|
    |or_ln70_fu_3463_p2                         |        or|   0|  0|    2|           1|           1|
    |or_ln75_1_fu_4797_p2                       |        or|   0|  0|    2|           1|           1|
    |or_ln75_2_fu_4878_p2                       |        or|   0|  0|    2|           1|           1|
    |or_ln75_3_fu_4913_p2                       |        or|   0|  0|    2|           1|           1|
    |or_ln75_fu_4691_p2                         |        or|   0|  0|    2|           1|           1|
    |or_ln78_1_fu_5045_p2                       |        or|   0|  0|    2|           1|           1|
    |or_ln78_2_fu_5065_p2                       |        or|   0|  0|    2|           1|           1|
    |or_ln78_3_fu_5323_p2                       |        or|   0|  0|    2|           1|           1|
    |or_ln78_4_fu_5463_p2                       |        or|   0|  0|    2|           1|           1|
    |or_ln78_5_fu_5507_p2                       |        or|   0|  0|    2|           1|           1|
    |or_ln78_fu_5015_p2                         |        or|   0|  0|    2|           1|           1|
    |or_ln79_1_fu_5203_p2                       |        or|   0|  0|    2|           1|           1|
    |or_ln79_2_fu_5223_p2                       |        or|   0|  0|    2|           1|           1|
    |or_ln79_fu_5173_p2                         |        or|   0|  0|    2|           1|           1|
    |or_ln83_1_fu_5589_p2                       |        or|   0|  0|    2|           1|           1|
    |or_ln83_2_fu_5609_p2                       |        or|   0|  0|    2|           1|           1|
    |or_ln83_fu_5559_p2                         |        or|   0|  0|    2|           1|           1|
    |Ex_4_fu_2076_p3                            |    select|   0|  0|    8|           1|           1|
    |Mx_2_fu_2010_p3                            |    select|   0|  0|   29|           1|           2|
    |Mx_bits_4_fu_1632_p3                       |    select|   0|  0|   57|           1|          58|
    |Range1_all_ones_2_i1712_fu_4622_p3         |    select|   0|  0|    2|           1|           1|
    |Range1_all_ones_2_i_fu_3036_p3             |    select|   0|  0|    2|           1|           1|
    |Range1_all_zeros_2_i1713_fu_4630_p3        |    select|   0|  0|    2|           1|           1|
    |Range1_all_zeros_2_i_fu_3044_p3            |    select|   0|  0|    2|           1|           1|
    |Range2_all_ones_1_i1694_fu_4567_p3         |    select|   0|  0|    2|           1|           1|
    |Range2_all_ones_1_i_fu_2976_p3             |    select|   0|  0|    2|           1|           1|
    |addr_fu_1524_p3                            |    select|   0|  0|    8|           1|           6|
    |cond189_i1720_fu_4806_p3                   |    select|   0|  0|    2|           1|           1|
    |cond189_i_fu_3072_p3                       |    select|   0|  0|    2|           1|           1|
    |cond47_i_i_fu_3515_p3                      |    select|   0|  0|   64|           1|          64|
    |cond63_i1642_fu_4638_p3                    |    select|   0|  0|    2|           1|           1|
    |cond63_i_fu_2626_p3                        |    select|   0|  0|    2|           1|           1|
    |delayed_3_fu_5513_p3                       |    select|   0|  0|   32|           1|          32|
    |empty_79_fu_2382_p3                        |    select|   0|  0|   22|           1|          23|
    |fraction_fu_4950_p4                        |    select|   0|  0|   32|           1|          31|
    |k_2_fu_1615_p3                             |    select|   0|  0|    3|           1|           1|
    |lfo_fu_3224_p4                             |    select|   0|  0|   32|           1|          31|
    |ref_tmp_i741_0_fu_4163_p3                  |    select|   0|  0|   16|           1|          16|
    |ref_tmp_i897_0_fu_4103_p3                  |    select|   0|  0|   17|           1|          18|
    |result_7_fu_3740_p3                        |    select|   0|  0|   32|           1|          32|
    |results_exp_2_fu_2357_p3                   |    select|   0|  0|    8|           1|           1|
    |results_exp_fu_2349_p3                     |    select|   0|  0|    8|           1|           8|
    |results_sig_2_fu_2403_p3                   |    select|   0|  0|   22|           1|           1|
    |results_sig_fu_2396_p3                     |    select|   0|  0|   22|           1|          23|
    |results_sign_4_fu_1962_p3                  |    select|   0|  0|    2|           1|           1|
    |results_sign_fu_1921_p3                    |    select|   0|  0|    2|           1|           1|
    |retval_0_i_i_fu_3603_p3                    |    select|   0|  0|   32|           1|           1|
    |sample_data_10_fu_5940_p3                  |    select|   0|  0|   16|           1|          17|
    |sample_data_3_fu_1406_p3                   |    select|   0|  0|   32|           1|          32|
    |sample_data_fu_1394_p3                     |    select|   0|  0|   15|           1|          15|
    |select_ln15_1_fu_1038_p3                   |    select|   0|  0|   32|           1|          32|
    |select_ln15_2_fu_1200_p3                   |    select|   0|  0|    2|           1|           1|
    |select_ln15_3_fu_1220_p3                   |    select|   0|  0|    2|           1|           1|
    |select_ln15_4_fu_1288_p3                   |    select|   0|  0|   32|           1|          31|
    |select_ln15_fu_1024_p3                     |    select|   0|  0|   32|           1|          31|
    |select_ln16_fu_1326_p3                     |    select|   0|  0|   30|           1|          29|
    |select_ln18_fu_3679_p3                     |    select|   0|  0|    9|           1|           9|
    |select_ln23_fu_1386_p3                     |    select|   0|  0|   15|           1|          15|
    |select_ln282_5_fu_2389_p3                  |    select|   0|  0|    2|           1|           2|
    |select_ln282_fu_2337_p3                    |    select|   0|  0|    2|           1|           2|
    |select_ln453_fu_1556_p3                    |    select|   0|  0|    8|           1|           8|
    |select_ln506_2_fu_1999_p3                  |    select|   0|  0|   32|           1|          32|
    |select_ln506_fu_1974_p3                    |    select|   0|  0|    8|           1|           8|
    |select_ln53_1_fu_3907_p3                   |    select|   0|  0|   32|           1|          32|
    |select_ln53_2_fu_4095_p3                   |    select|   0|  0|   17|           1|          18|
    |select_ln53_fu_3893_p3                     |    select|   0|  0|   32|           1|          31|
    |select_ln54_fu_4155_p3                     |    select|   0|  0|   16|           1|          16|
    |select_ln55_fu_3794_p3                     |    select|   0|  0|   32|           1|           1|
    |select_ln67_1_fu_2523_p3                   |    select|   0|  0|   10|           1|          11|
    |select_ln67_2_fu_2572_p3                   |    select|   0|  0|   32|           1|          32|
    |select_ln67_3_fu_2551_p3                   |    select|   0|  0|    2|           1|           2|
    |select_ln67_4_fu_3052_p3                   |    select|   0|  0|    2|           1|           1|
    |select_ln67_6_fu_3020_p3                   |    select|   0|  0|    2|           1|           1|
    |select_ln67_7_fu_3028_p3                   |    select|   0|  0|    2|           1|           1|
    |select_ln67_8_fu_2661_p3                   |    select|   0|  0|    6|           1|           1|
    |select_ln67_9_fu_2825_p3                   |    select|   0|  0|    2|           1|           2|
    |select_ln67_fu_2479_p3                     |    select|   0|  0|   52|           1|          54|
    |select_ln70_1_fu_3353_p3                   |    select|   0|  0|   32|           1|           7|
    |select_ln70_2_fu_3555_p3                   |    select|   0|  0|    7|           1|           7|
    |select_ln70_fu_3313_p3                     |    select|   0|  0|   50|           1|          52|
    |select_ln75_1_fu_4283_p3                   |    select|   0|  0|   10|           1|          11|
    |select_ln75_2_fu_4332_p3                   |    select|   0|  0|   32|           1|          32|
    |select_ln75_3_fu_4311_p3                   |    select|   0|  0|    2|           1|           2|
    |select_ln75_4_fu_4791_p3                   |    select|   0|  0|    2|           1|           1|
    |select_ln75_6_fu_4607_p3                   |    select|   0|  0|    2|           1|           1|
    |select_ln75_7_fu_4614_p3                   |    select|   0|  0|    2|           1|           1|
    |select_ln75_8_fu_4648_p3                   |    select|   0|  0|    6|           1|           1|
    |select_ln75_9_fu_4430_p3                   |    select|   0|  0|    2|           1|           2|
    |select_ln75_fu_4244_p3                     |    select|   0|  0|   52|           1|          54|
    |select_ln78_1_fu_5071_p3                   |    select|   0|  0|   32|           1|          32|
    |select_ln78_2_fu_4970_p3                   |    select|   0|  0|   32|           1|          32|
    |select_ln78_3_fu_5411_p3                   |    select|   0|  0|    2|           1|           1|
    |select_ln78_4_fu_5431_p3                   |    select|   0|  0|    2|           1|           1|
    |select_ln78_5_fu_5499_p3                   |    select|   0|  0|   32|           1|          31|
    |select_ln78_fu_5057_p3                     |    select|   0|  0|   32|           1|          31|
    |select_ln79_1_fu_5229_p3                   |    select|   0|  0|   32|           1|          32|
    |select_ln79_2_fu_5128_p3                   |    select|   0|  0|   32|           1|          32|
    |select_ln79_fu_5215_p3                     |    select|   0|  0|   32|           1|          31|
    |select_ln83_1_fu_5615_p3                   |    select|   0|  0|   32|           1|          32|
    |select_ln83_2_fu_5932_p3                   |    select|   0|  0|   16|           1|          17|
    |select_ln83_fu_5601_p3                     |    select|   0|  0|   32|           1|          31|
    |select_ln86_fu_1444_p3                     |    select|   0|  0|   32|           1|           1|
    |select_ln91_fu_1473_p3                     |    select|   0|  0|   32|           1|           1|
    |shift_4_fu_2289_p3                         |    select|   0|  0|   32|           1|          32|
    |temp_2_fu_1302_p3                          |    select|   0|  0|   32|           1|          32|
    |temp_3_fu_1340_p3                          |    select|   0|  0|   30|           1|          30|
    |val_fu_3727_p3                             |    select|   0|  0|   32|           1|          32|
    |ref_tmp_i_i_fu_2789_p6                     |       shl|   0|  0|   96|          32|          32|
    |shl_ln18_fu_3701_p2                        |       shl|   0|  0|  240|          79|          79|
    |shl_ln291_2_fu_2283_p2                     |       shl|   0|  0|   96|          32|          32|
    |shl_ln291_fu_2257_p2                       |       shl|   0|  0|   96|          32|          32|
    |shl_ln379_fu_1573_p2                       |       shl|   0|  0|  325|         100|         100|
    |shl_ln504_fu_1696_p2                       |       shl|   0|  0|  166|          58|          58|
    |shl_ln506_fu_1993_p2                       |       shl|   0|  0|   96|          32|          32|
    |shl_ln70_fu_3509_p2                        |       shl|   0|  0|  179|          64|          64|
    |shl_ln75_fu_4380_p2                        |       shl|   0|  0|   96|          32|          32|
    |ap_enable_pp0                              |       xor|   0|  0|    2|           1|           2|
    |neg_src_0_i1_fu_4847_p4                    |       xor|   0|  0|    2|           2|           1|
    |neg_src_0_i_fu_3117_p4                     |       xor|   0|  0|    2|           2|           1|
    |not_icmp_ln67_10173_fu_3092_p2             |       xor|   0|  0|    2|           1|           2|
    |not_icmp_ln75_10189_fu_4824_p2             |       xor|   0|  0|    2|           1|           2|
    |sin_basis_fu_2056_p2                       |       xor|   0|  0|    2|           1|           2|
    |xor_ln15_1_fu_1000_p2                      |       xor|   0|  0|    2|           1|           2|
    |xor_ln15_2_fu_1142_p2                      |       xor|   0|  0|    2|           1|           2|
    |xor_ln15_3_fu_1208_p2                      |       xor|   0|  0|    2|           1|           2|
    |xor_ln15_4_fu_1234_p2                      |       xor|   0|  0|    2|           2|           1|
    |xor_ln15_5_fu_1246_p2                      |       xor|   0|  0|    2|           1|           2|
    |xor_ln15_6_fu_1258_p2                      |       xor|   0|  0|    2|           1|           2|
    |xor_ln15_7_fu_1276_p2                      |       xor|   0|  0|    2|           2|           1|
    |xor_ln15_fu_988_p2                         |       xor|   0|  0|    2|           1|           2|
    |xor_ln282_fu_1950_p2                       |       xor|   0|  0|    2|           1|           2|
    |xor_ln53_1_fu_3869_p2                      |       xor|   0|  0|    2|           1|           2|
    |xor_ln53_fu_3857_p2                        |       xor|   0|  0|    2|           1|           2|
    |xor_ln67_1_fu_2996_p2                      |       xor|   0|  0|    2|           1|           2|
    |xor_ln67_2_fu_2745_p2                      |       xor|   0|  0|    2|           1|           2|
    |xor_ln67_4_fu_3137_p2                      |       xor|   0|  0|    2|           1|           2|
    |xor_ln67_5_fu_3155_p2                      |       xor|   0|  0|    2|           1|           2|
    |xor_ln67_6_fu_3172_p2                      |       xor|   0|  0|    2|           2|           1|
    |xor_ln67_7_fu_3198_p2                      |       xor|   0|  0|    2|           1|           2|
    |xor_ln67_8_fu_2893_p2                      |       xor|   0|  0|    2|           1|           2|
    |xor_ln67_9_fu_2970_p2                      |       xor|   0|  0|    2|           1|           2|
    |xor_ln67_fu_2739_p2                        |       xor|   0|  0|    2|           1|           2|
    |xor_ln70_fu_3443_p2                        |       xor|   0|  0|    2|           1|           2|
    |xor_ln75_1_fu_4586_p2                      |       xor|   0|  0|    2|           1|           2|
    |xor_ln75_2_fu_4726_p2                      |       xor|   0|  0|    2|           1|           2|
    |xor_ln75_4_fu_4867_p2                      |       xor|   0|  0|    2|           1|           2|
    |xor_ln75_5_fu_4884_p2                      |       xor|   0|  0|    2|           1|           2|
    |xor_ln75_6_fu_4901_p2                      |       xor|   0|  0|    2|           2|           1|
    |xor_ln75_7_fu_4927_p2                      |       xor|   0|  0|    2|           1|           2|
    |xor_ln75_8_fu_4529_p2                      |       xor|   0|  0|    2|           1|           2|
    |xor_ln75_9_fu_4561_p2                      |       xor|   0|  0|    2|           1|           2|
    |xor_ln75_fu_4720_p2                        |       xor|   0|  0|    2|           1|           2|
    |xor_ln78_1_fu_5033_p2                      |       xor|   0|  0|    2|           1|           2|
    |xor_ln78_2_fu_5353_p2                      |       xor|   0|  0|    2|           1|           2|
    |xor_ln78_3_fu_5419_p2                      |       xor|   0|  0|    2|           1|           2|
    |xor_ln78_4_fu_5445_p2                      |       xor|   0|  0|    2|           2|           1|
    |xor_ln78_5_fu_5457_p2                      |       xor|   0|  0|    2|           1|           2|
    |xor_ln78_6_fu_5469_p2                      |       xor|   0|  0|    2|           1|           2|
    |xor_ln78_7_fu_5487_p2                      |       xor|   0|  0|    2|           2|           1|
    |xor_ln78_fu_5021_p2                        |       xor|   0|  0|    2|           1|           2|
    |xor_ln79_1_fu_5191_p2                      |       xor|   0|  0|    2|           1|           2|
    |xor_ln79_fu_5179_p2                        |       xor|   0|  0|    2|           1|           2|
    |xor_ln83_1_fu_5577_p2                      |       xor|   0|  0|    2|           1|           2|
    |xor_ln83_fu_5565_p2                        |       xor|   0|  0|    2|           1|           2|
    +-------------------------------------------+----------+----+---+-----+------------+------------+
    |Total                                      |          |   0|  0|10968|        5375|        5675|
    +-------------------------------------------+----------+----+---+-----+------------+------------+

    * Multiplexer: 
    +-------------------------------------------------------------------+----+-----------+-----+-----------+
    |                                Name                               | LUT| Input Size| Bits| Total Bits|
    +-------------------------------------------------------------------+----+-----------+-----+-----------+
    |ap_NS_fsm                                                          |  26|          5|    1|          5|
    |ap_enable_reg_pp0_iter38                                           |   9|          2|    1|          2|
    |ap_phi_mux_sample_data_12_phi_fu_756_p4                            |   9|          2|   32|         64|
    |ap_phi_mux_sample_data_4_phi_fu_791_p4                             |   9|          2|   32|         64|
    |ap_phi_reg_pp0_iter20_sample_data_13_reg_774                       |   9|          2|   32|         64|
    |ap_phi_reg_pp0_iter20_sample_data_2_reg_763                        |  14|          3|   32|         96|
    |ap_phi_reg_pp0_iter29_sample_data_13_reg_774                       |   9|          2|   32|         64|
    |ap_phi_reg_pp0_iter29_sample_data_4_reg_787                        |   9|          2|   32|         64|
    |empty_fu_580                                                       |   9|          2|   32|         64|
    |grp_fu_831_p0                                                      |  14|          3|   32|         96|
    |grp_fu_831_p1                                                      |  14|          3|   32|         96|
    |grp_fu_850_p0                                                      |  14|          3|   32|         96|
    |grp_fu_856_p0                                                      |  14|          3|   32|         96|
    |in_stream_TDATA_blk_n                                              |   9|          2|    1|          2|
    |out_stream_TDATA_blk_n                                             |   9|          2|    1|          2|
    |pedal_top_stream_stream_axis_0_ap_uint_8_buffer2_1_address0_local  |  14|          3|   10|         30|
    |pedal_top_stream_stream_axis_0_ap_uint_8_buffer2_address0_local    |  14|          3|   10|         30|
    +-------------------------------------------------------------------+----+-----------+-----+-----------+
    |Total                                                              | 205|         44|  376|        935|
    +-------------------------------------------------------------------+----+-----------+-----+-----------+

    * Register: 
    +----------------------------------------------+----+----+-----+-----------+
    |                     Name                     | FF | LUT| Bits| Const Bits|
    +----------------------------------------------+----+----+-----+-----------+
    |B_reg_6131                                    |  22|   0|   22|          0|
    |B_squared_reg_6141                            |  15|   0|   15|          0|
    |Ex_3_reg_6093                                 |   8|   0|    8|          0|
    |Mx_2_reg_6136                                 |  29|   0|   29|          0|
    |Mx_reg_6087                                   |  29|   0|   29|          0|
    |Range1_all_ones_2_i1712_reg_6433              |   1|   0|    1|          0|
    |Range1_all_zeros_2_i1713_reg_6440             |   1|   0|    1|          0|
    |Range2_all_ones_1_i1694_reg_6423              |   1|   0|    1|          0|
    |add_ln75_7_reg_6384                           |  12|   0|   12|          0|
    |and_ln271_reg_6113                            |   1|   0|    1|          0|
    |and_ln271_reg_6113_pp0_iter6_reg              |   1|   0|    1|          0|
    |and_ln75_11_reg_6374                          |   1|   0|    1|          0|
    |ap_CS_fsm                                     |   4|   0|    4|          0|
    |ap_enable_reg_pp0_iter0                       |   1|   0|    1|          0|
    |ap_enable_reg_pp0_iter1                       |   1|   0|    1|          0|
    |ap_enable_reg_pp0_iter10                      |   1|   0|    1|          0|
    |ap_enable_reg_pp0_iter11                      |   1|   0|    1|          0|
    |ap_enable_reg_pp0_iter12                      |   1|   0|    1|          0|
    |ap_enable_reg_pp0_iter13                      |   1|   0|    1|          0|
    |ap_enable_reg_pp0_iter14                      |   1|   0|    1|          0|
    |ap_enable_reg_pp0_iter15                      |   1|   0|    1|          0|
    |ap_enable_reg_pp0_iter16                      |   1|   0|    1|          0|
    |ap_enable_reg_pp0_iter17                      |   1|   0|    1|          0|
    |ap_enable_reg_pp0_iter18                      |   1|   0|    1|          0|
    |ap_enable_reg_pp0_iter19                      |   1|   0|    1|          0|
    |ap_enable_reg_pp0_iter2                       |   1|   0|    1|          0|
    |ap_enable_reg_pp0_iter20                      |   1|   0|    1|          0|
    |ap_enable_reg_pp0_iter21                      |   1|   0|    1|          0|
    |ap_enable_reg_pp0_iter22                      |   1|   0|    1|          0|
    |ap_enable_reg_pp0_iter23                      |   1|   0|    1|          0|
    |ap_enable_reg_pp0_iter24                      |   1|   0|    1|          0|
    |ap_enable_reg_pp0_iter25                      |   1|   0|    1|          0|
    |ap_enable_reg_pp0_iter26                      |   1|   0|    1|          0|
    |ap_enable_reg_pp0_iter27                      |   1|   0|    1|          0|
    |ap_enable_reg_pp0_iter28                      |   1|   0|    1|          0|
    |ap_enable_reg_pp0_iter29                      |   1|   0|    1|          0|
    |ap_enable_reg_pp0_iter3                       |   1|   0|    1|          0|
    |ap_enable_reg_pp0_iter30                      |   1|   0|    1|          0|
    |ap_enable_reg_pp0_iter31                      |   1|   0|    1|          0|
    |ap_enable_reg_pp0_iter32                      |   1|   0|    1|          0|
    |ap_enable_reg_pp0_iter33                      |   1|   0|    1|          0|
    |ap_enable_reg_pp0_iter34                      |   1|   0|    1|          0|
    |ap_enable_reg_pp0_iter35                      |   1|   0|    1|          0|
    |ap_enable_reg_pp0_iter36                      |   1|   0|    1|          0|
    |ap_enable_reg_pp0_iter37                      |   1|   0|    1|          0|
    |ap_enable_reg_pp0_iter38                      |   1|   0|    1|          0|
    |ap_enable_reg_pp0_iter4                       |   1|   0|    1|          0|
    |ap_enable_reg_pp0_iter5                       |   1|   0|    1|          0|
    |ap_enable_reg_pp0_iter6                       |   1|   0|    1|          0|
    |ap_enable_reg_pp0_iter7                       |   1|   0|    1|          0|
    |ap_enable_reg_pp0_iter8                       |   1|   0|    1|          0|
    |ap_enable_reg_pp0_iter9                       |   1|   0|    1|          0|
    |ap_phi_reg_pp0_iter0_sample_data_12_reg_753   |  32|   0|   32|          0|
    |ap_phi_reg_pp0_iter10_sample_data_12_reg_753  |  32|   0|   32|          0|
    |ap_phi_reg_pp0_iter10_sample_data_13_reg_774  |  32|   0|   32|          0|
    |ap_phi_reg_pp0_iter10_sample_data_2_reg_763   |  32|   0|   32|          0|
    |ap_phi_reg_pp0_iter10_sample_data_4_reg_787   |  32|   0|   32|          0|
    |ap_phi_reg_pp0_iter11_sample_data_12_reg_753  |  32|   0|   32|          0|
    |ap_phi_reg_pp0_iter11_sample_data_13_reg_774  |  32|   0|   32|          0|
    |ap_phi_reg_pp0_iter11_sample_data_2_reg_763   |  32|   0|   32|          0|
    |ap_phi_reg_pp0_iter11_sample_data_4_reg_787   |  32|   0|   32|          0|
    |ap_phi_reg_pp0_iter12_sample_data_12_reg_753  |  32|   0|   32|          0|
    |ap_phi_reg_pp0_iter12_sample_data_13_reg_774  |  32|   0|   32|          0|
    |ap_phi_reg_pp0_iter12_sample_data_2_reg_763   |  32|   0|   32|          0|
    |ap_phi_reg_pp0_iter12_sample_data_4_reg_787   |  32|   0|   32|          0|
    |ap_phi_reg_pp0_iter13_sample_data_12_reg_753  |  32|   0|   32|          0|
    |ap_phi_reg_pp0_iter13_sample_data_13_reg_774  |  32|   0|   32|          0|
    |ap_phi_reg_pp0_iter13_sample_data_2_reg_763   |  32|   0|   32|          0|
    |ap_phi_reg_pp0_iter13_sample_data_4_reg_787   |  32|   0|   32|          0|
    |ap_phi_reg_pp0_iter14_sample_data_12_reg_753  |  32|   0|   32|          0|
    |ap_phi_reg_pp0_iter14_sample_data_13_reg_774  |  32|   0|   32|          0|
    |ap_phi_reg_pp0_iter14_sample_data_2_reg_763   |  32|   0|   32|          0|
    |ap_phi_reg_pp0_iter14_sample_data_4_reg_787   |  32|   0|   32|          0|
    |ap_phi_reg_pp0_iter15_sample_data_12_reg_753  |  32|   0|   32|          0|
    |ap_phi_reg_pp0_iter15_sample_data_13_reg_774  |  32|   0|   32|          0|
    |ap_phi_reg_pp0_iter15_sample_data_2_reg_763   |  32|   0|   32|          0|
    |ap_phi_reg_pp0_iter15_sample_data_4_reg_787   |  32|   0|   32|          0|
    |ap_phi_reg_pp0_iter16_sample_data_12_reg_753  |  32|   0|   32|          0|
    |ap_phi_reg_pp0_iter16_sample_data_13_reg_774  |  32|   0|   32|          0|
    |ap_phi_reg_pp0_iter16_sample_data_2_reg_763   |  32|   0|   32|          0|
    |ap_phi_reg_pp0_iter16_sample_data_4_reg_787   |  32|   0|   32|          0|
    |ap_phi_reg_pp0_iter17_sample_data_12_reg_753  |  32|   0|   32|          0|
    |ap_phi_reg_pp0_iter17_sample_data_13_reg_774  |  32|   0|   32|          0|
    |ap_phi_reg_pp0_iter17_sample_data_2_reg_763   |  32|   0|   32|          0|
    |ap_phi_reg_pp0_iter17_sample_data_4_reg_787   |  32|   0|   32|          0|
    |ap_phi_reg_pp0_iter18_sample_data_12_reg_753  |  32|   0|   32|          0|
    |ap_phi_reg_pp0_iter18_sample_data_13_reg_774  |  32|   0|   32|          0|
    |ap_phi_reg_pp0_iter18_sample_data_2_reg_763   |  32|   0|   32|          0|
    |ap_phi_reg_pp0_iter18_sample_data_4_reg_787   |  32|   0|   32|          0|
    |ap_phi_reg_pp0_iter19_sample_data_12_reg_753  |  32|   0|   32|          0|
    |ap_phi_reg_pp0_iter19_sample_data_13_reg_774  |  32|   0|   32|          0|
    |ap_phi_reg_pp0_iter19_sample_data_2_reg_763   |  32|   0|   32|          0|
    |ap_phi_reg_pp0_iter19_sample_data_4_reg_787   |  32|   0|   32|          0|
    |ap_phi_reg_pp0_iter1_sample_data_12_reg_753   |  32|   0|   32|          0|
    |ap_phi_reg_pp0_iter1_sample_data_13_reg_774   |  32|   0|   32|          0|
    |ap_phi_reg_pp0_iter1_sample_data_2_reg_763    |  32|   0|   32|          0|
    |ap_phi_reg_pp0_iter1_sample_data_4_reg_787    |  32|   0|   32|          0|
    |ap_phi_reg_pp0_iter20_sample_data_13_reg_774  |  32|   0|   32|          0|
    |ap_phi_reg_pp0_iter20_sample_data_2_reg_763   |  32|   0|   32|          0|
    |ap_phi_reg_pp0_iter20_sample_data_4_reg_787   |  32|   0|   32|          0|
    |ap_phi_reg_pp0_iter21_sample_data_13_reg_774  |  32|   0|   32|          0|
    |ap_phi_reg_pp0_iter21_sample_data_4_reg_787   |  32|   0|   32|          0|
    |ap_phi_reg_pp0_iter22_sample_data_13_reg_774  |  32|   0|   32|          0|
    |ap_phi_reg_pp0_iter22_sample_data_4_reg_787   |  32|   0|   32|          0|
    |ap_phi_reg_pp0_iter23_sample_data_13_reg_774  |  32|   0|   32|          0|
    |ap_phi_reg_pp0_iter23_sample_data_4_reg_787   |  32|   0|   32|          0|
    |ap_phi_reg_pp0_iter24_sample_data_13_reg_774  |  32|   0|   32|          0|
    |ap_phi_reg_pp0_iter24_sample_data_4_reg_787   |  32|   0|   32|          0|
    |ap_phi_reg_pp0_iter25_sample_data_13_reg_774  |  32|   0|   32|          0|
    |ap_phi_reg_pp0_iter25_sample_data_4_reg_787   |  32|   0|   32|          0|
    |ap_phi_reg_pp0_iter26_sample_data_13_reg_774  |  32|   0|   32|          0|
    |ap_phi_reg_pp0_iter26_sample_data_4_reg_787   |  32|   0|   32|          0|
    |ap_phi_reg_pp0_iter27_sample_data_13_reg_774  |  32|   0|   32|          0|
    |ap_phi_reg_pp0_iter27_sample_data_4_reg_787   |  32|   0|   32|          0|
    |ap_phi_reg_pp0_iter28_sample_data_13_reg_774  |  32|   0|   32|          0|
    |ap_phi_reg_pp0_iter28_sample_data_4_reg_787   |  32|   0|   32|          0|
    |ap_phi_reg_pp0_iter29_sample_data_13_reg_774  |  32|   0|   32|          0|
    |ap_phi_reg_pp0_iter29_sample_data_4_reg_787   |  32|   0|   32|          0|
    |ap_phi_reg_pp0_iter2_sample_data_12_reg_753   |  32|   0|   32|          0|
    |ap_phi_reg_pp0_iter2_sample_data_13_reg_774   |  32|   0|   32|          0|
    |ap_phi_reg_pp0_iter2_sample_data_2_reg_763    |  32|   0|   32|          0|
    |ap_phi_reg_pp0_iter2_sample_data_4_reg_787    |  32|   0|   32|          0|
    |ap_phi_reg_pp0_iter30_sample_data_4_reg_787   |  32|   0|   32|          0|
    |ap_phi_reg_pp0_iter31_sample_data_4_reg_787   |  32|   0|   32|          0|
    |ap_phi_reg_pp0_iter32_sample_data_4_reg_787   |  32|   0|   32|          0|
    |ap_phi_reg_pp0_iter33_sample_data_4_reg_787   |  32|   0|   32|          0|
    |ap_phi_reg_pp0_iter34_sample_data_4_reg_787   |  32|   0|   32|          0|
    |ap_phi_reg_pp0_iter35_sample_data_4_reg_787   |  32|   0|   32|          0|
    |ap_phi_reg_pp0_iter36_sample_data_4_reg_787   |  32|   0|   32|          0|
    |ap_phi_reg_pp0_iter37_sample_data_4_reg_787   |  32|   0|   32|          0|
    |ap_phi_reg_pp0_iter3_sample_data_12_reg_753   |  32|   0|   32|          0|
    |ap_phi_reg_pp0_iter3_sample_data_13_reg_774   |  32|   0|   32|          0|
    |ap_phi_reg_pp0_iter3_sample_data_2_reg_763    |  32|   0|   32|          0|
    |ap_phi_reg_pp0_iter3_sample_data_4_reg_787    |  32|   0|   32|          0|
    |ap_phi_reg_pp0_iter4_sample_data_12_reg_753   |  32|   0|   32|          0|
    |ap_phi_reg_pp0_iter4_sample_data_13_reg_774   |  32|   0|   32|          0|
    |ap_phi_reg_pp0_iter4_sample_data_2_reg_763    |  32|   0|   32|          0|
    |ap_phi_reg_pp0_iter4_sample_data_4_reg_787    |  32|   0|   32|          0|
    |ap_phi_reg_pp0_iter5_sample_data_12_reg_753   |  32|   0|   32|          0|
    |ap_phi_reg_pp0_iter5_sample_data_13_reg_774   |  32|   0|   32|          0|
    |ap_phi_reg_pp0_iter5_sample_data_2_reg_763    |  32|   0|   32|          0|
    |ap_phi_reg_pp0_iter5_sample_data_4_reg_787    |  32|   0|   32|          0|
    |ap_phi_reg_pp0_iter6_sample_data_12_reg_753   |  32|   0|   32|          0|
    |ap_phi_reg_pp0_iter6_sample_data_13_reg_774   |  32|   0|   32|          0|
    |ap_phi_reg_pp0_iter6_sample_data_2_reg_763    |  32|   0|   32|          0|
    |ap_phi_reg_pp0_iter6_sample_data_4_reg_787    |  32|   0|   32|          0|
    |ap_phi_reg_pp0_iter7_sample_data_12_reg_753   |  32|   0|   32|          0|
    |ap_phi_reg_pp0_iter7_sample_data_13_reg_774   |  32|   0|   32|          0|
    |ap_phi_reg_pp0_iter7_sample_data_2_reg_763    |  32|   0|   32|          0|
    |ap_phi_reg_pp0_iter7_sample_data_4_reg_787    |  32|   0|   32|          0|
    |ap_phi_reg_pp0_iter8_sample_data_12_reg_753   |  32|   0|   32|          0|
    |ap_phi_reg_pp0_iter8_sample_data_13_reg_774   |  32|   0|   32|          0|
    |ap_phi_reg_pp0_iter8_sample_data_2_reg_763    |  32|   0|   32|          0|
    |ap_phi_reg_pp0_iter8_sample_data_4_reg_787    |  32|   0|   32|          0|
    |ap_phi_reg_pp0_iter9_sample_data_12_reg_753   |  32|   0|   32|          0|
    |ap_phi_reg_pp0_iter9_sample_data_13_reg_774   |  32|   0|   32|          0|
    |ap_phi_reg_pp0_iter9_sample_data_2_reg_763    |  32|   0|   32|          0|
    |ap_phi_reg_pp0_iter9_sample_data_4_reg_787    |  32|   0|   32|          0|
    |buf_id                                        |  32|   0|   32|          0|
    |buf_id2                                       |  32|   0|   32|          0|
    |buffer_addr_reg_6269                          |  14|   0|   14|          0|
    |closepath_reg_6071                            |   1|   0|    1|          0|
    |conv1_reg_6037                                |  32|   0|   32|          0|
    |conv2_reg_6275                                |  32|   0|   32|          0|
    |conv_reg_6032                                 |  32|   0|   32|          0|
    |cos_basis_reg_6106                            |   1|   0|    1|          0|
    |delayed_3_reg_6495                            |  32|   0|   32|          0|
    |din_exp_reg_6058                              |   8|   0|    8|          0|
    |din_sig_reg_6065                              |  23|   0|   23|          0|
    |din_sign_reg_6052                             |   1|   0|    1|          0|
    |div_reg_6047                                  |  32|   0|   32|          0|
    |empty_fu_580                                  |  32|   0|   32|          0|
    |fraction_reg_6455                             |  32|   0|   32|          0|
    |icmp_ln282_reg_6119                           |   1|   0|    1|          0|
    |icmp_ln282_reg_6119_pp0_iter6_reg             |   1|   0|    1|          0|
    |icmp_ln292_reg_6166                           |   1|   0|    1|          0|
    |icmp_ln75_10_reg_6392                         |   1|   0|    1|          0|
    |icmp_ln75_11_reg_6379                         |   1|   0|    1|          0|
    |icmp_ln75_1_reg_6321                          |   1|   0|    1|          0|
    |icmp_ln75_2_reg_6326                          |   1|   0|    1|          0|
    |icmp_ln75_4_reg_6344                          |   1|   0|    1|          0|
    |icmp_ln75_6_reg_6359                          |   1|   0|    1|          0|
    |icmp_ln75_7_reg_6364                          |   1|   0|    1|          0|
    |icmp_ln75_reg_6310                            |   1|   0|    1|          0|
    |icmp_ln75_reg_6310_pp0_iter22_reg             |   1|   0|    1|          0|
    |lD_0_i1681_reg_6405                           |   1|   0|    1|          0|
    |lfo_reg_6211                                  |  32|   0|   32|          0|
    |lshr_ln1_reg_6022                             |  10|   0|   10|          0|
    |lshr_ln2_reg_6259                             |  10|   0|   10|          0|
    |lshr_ln75_reg_6417                            |  54|   0|   54|          0|
    |mul_ln78_reg_6460                             |  64|   0|   64|          0|
    |or_ln282_reg_6176                             |   1|   0|    1|          0|
    |p_load191_reg_6027                            |  32|   0|   32|          0|
    |pos_reg_6233                                  |  32|   0|   32|          0|
    |raw_pos_reg_6223                              |  32|   0|   32|          0|
    |results_exp_2_reg_6181                        |   8|   0|    8|          0|
    |results_sign_4_reg_6126                       |   1|   0|    1|          0|
    |results_sign_4_reg_6126_pp0_iter6_reg         |   1|   0|    1|          0|
    |retval_0_i_i_reg_6218                         |  32|   0|   32|          0|
    |sample_count                                  |  32|   0|   32|          0|
    |sample_data_13_reg_774                        |  32|   0|   32|          0|
    |sample_data_3_reg_6002                        |  32|   0|   32|          0|
    |sample_keep_reg_5987                          |   4|   0|    4|          0|
    |sample_last_reg_5997                          |   1|   0|    1|          0|
    |sample_strb_reg_5992                          |   4|   0|    4|          0|
    |select_ln75_2_reg_6337                        |  32|   0|   32|          0|
    |select_ln75_reg_6316                          |  54|   0|   54|          0|
    |select_ln79_1_reg_6490                        |  32|   0|   32|          0|
    |select_ln91_reg_6042                          |  32|   0|   32|          0|
    |shl_ln291_2_reg_6171                          |  32|   0|   32|          0|
    |shl_ln291_reg_6161                            |  32|   0|   32|          0|
    |shl_ln75_reg_6354                             |  32|   0|   32|          0|
    |sub_reg_6285                                  |  32|   0|   32|          0|
    |sw0_reg_5966                                  |   1|   0|    1|          0|
    |sw1_reg_5971                                  |   1|   0|    1|          0|
    |sw2_reg_5975                                  |   1|   0|    1|          0|
    |sw3_reg_5979                                  |   1|   0|    1|          0|
    |sw4_reg_5983                                  |   1|   0|    1|          0|
    |tmp_105_reg_6300                              |  11|   0|   11|          0|
    |tmp_107_reg_6290                              |   1|   0|    1|          0|
    |tmp_107_reg_6290_pp0_iter22_reg               |   1|   0|    1|          0|
    |tmp_109_reg_6349                              |   1|   0|    1|          0|
    |tmp_115_reg_6399                              |   1|   0|    1|          0|
    |tmp_81_reg_6201                               |  11|   0|   11|          0|
    |tmp_82_reg_6100                               |   1|   0|    1|          0|
    |tmp_84_reg_6191                               |   1|   0|    1|          0|
    |trunc_ln379_reg_6082                          |   4|   0|    4|          0|
    |trunc_ln58_reg_6254                           |   1|   0|    1|          0|
    |trunc_ln67_1_reg_6206                         |  52|   0|   52|          0|
    |trunc_ln67_reg_6186                           |  63|   0|   63|          0|
    |trunc_ln70_reg_6018                           |   1|   0|    1|          0|
    |trunc_ln74_reg_6475                           |   1|   0|    1|          0|
    |trunc_ln75_1_reg_6305                         |  52|   0|   52|          0|
    |trunc_ln75_4_reg_6332                         |  32|   0|   32|          0|
    |trunc_ln75_6_reg_6369                         |   6|   0|    6|          0|
    |trunc_ln79_reg_6465                           |  49|   0|   49|          0|
    |val_reg_6243                                  |  32|   0|   32|          0|
    |x_assign_1_reg_6228                           |  32|   0|   32|          0|
    |xor_ln75_1_reg_6428                           |   1|   0|    1|          0|
    |xs_sign_reg_6238                              |   1|   0|    1|          0|
    |zext_ln75_6_reg_6412                          |  32|   0|   54|         22|
    |conv1_reg_6037                                |  64|  32|   32|          0|
    |fraction_reg_6455                             |  64|  32|   32|          0|
    |lshr_ln1_reg_6022                             |  64|  32|   10|          0|
    |lshr_ln2_reg_6259                             |  64|  32|   10|          0|
    |mul_ln78_reg_6460                             |  64|  32|   64|          0|
    |p_load191_reg_6027                            |  64|  32|   32|          0|
    |pos_reg_6233                                  |  64|  32|   32|          0|
    |sample_data_13_reg_774                        |  64|  32|   32|          0|
    |sample_keep_reg_5987                          |  64|  32|    4|          0|
    |sample_last_reg_5997                          |  64|  32|    1|          0|
    |sample_strb_reg_5992                          |  64|  32|    4|          0|
    |trunc_ln58_reg_6254                           |  64|  32|    1|          0|
    |trunc_ln70_reg_6018                           |  64|  32|    1|          0|
    |trunc_ln79_reg_6465                           |  64|  32|   49|          0|
    +----------------------------------------------+----+----+-----+-----------+
    |Total                                         |5885| 448| 5315|         22|
    +----------------------------------------------+----+----+-----+-----------+



================================================================
== Interface
================================================================
* Summary: 
+--------------------+-----+-----+------------+---------------------+--------------+
|      RTL Ports     | Dir | Bits|  Protocol  |    Source Object    |    C Type    |
+--------------------+-----+-----+------------+---------------------+--------------+
|s_axi_ctrl_AWVALID  |   in|    1|       s_axi|                 ctrl|        scalar|
|s_axi_ctrl_AWREADY  |  out|    1|       s_axi|                 ctrl|        scalar|
|s_axi_ctrl_AWADDR   |   in|    5|       s_axi|                 ctrl|        scalar|
|s_axi_ctrl_WVALID   |   in|    1|       s_axi|                 ctrl|        scalar|
|s_axi_ctrl_WREADY   |  out|    1|       s_axi|                 ctrl|        scalar|
|s_axi_ctrl_WDATA    |   in|   32|       s_axi|                 ctrl|        scalar|
|s_axi_ctrl_WSTRB    |   in|    4|       s_axi|                 ctrl|        scalar|
|s_axi_ctrl_ARVALID  |   in|    1|       s_axi|                 ctrl|        scalar|
|s_axi_ctrl_ARREADY  |  out|    1|       s_axi|                 ctrl|        scalar|
|s_axi_ctrl_ARADDR   |   in|    5|       s_axi|                 ctrl|        scalar|
|s_axi_ctrl_RVALID   |  out|    1|       s_axi|                 ctrl|        scalar|
|s_axi_ctrl_RREADY   |   in|    1|       s_axi|                 ctrl|        scalar|
|s_axi_ctrl_RDATA    |  out|   32|       s_axi|                 ctrl|        scalar|
|s_axi_ctrl_RRESP    |  out|    2|       s_axi|                 ctrl|        scalar|
|s_axi_ctrl_BVALID   |  out|    1|       s_axi|                 ctrl|        scalar|
|s_axi_ctrl_BREADY   |   in|    1|       s_axi|                 ctrl|        scalar|
|s_axi_ctrl_BRESP    |  out|    2|       s_axi|                 ctrl|        scalar|
|ap_clk              |   in|    1|  ap_ctrl_hs|            pedal_top|  return value|
|ap_rst_n            |   in|    1|  ap_ctrl_hs|            pedal_top|  return value|
|interrupt           |  out|    1|  ap_ctrl_hs|            pedal_top|  return value|
|in_stream_TDATA     |   in|   32|        axis|   in_stream_V_data_V|       pointer|
|in_stream_TVALID    |   in|    1|        axis|   in_stream_V_last_V|       pointer|
|in_stream_TREADY    |  out|    1|        axis|   in_stream_V_last_V|       pointer|
|in_stream_TLAST     |   in|    1|        axis|   in_stream_V_last_V|       pointer|
|in_stream_TKEEP     |   in|    4|        axis|   in_stream_V_keep_V|       pointer|
|in_stream_TSTRB     |   in|    4|        axis|   in_stream_V_strb_V|       pointer|
|out_stream_TDATA    |  out|   32|        axis|  out_stream_V_data_V|       pointer|
|out_stream_TVALID   |  out|    1|        axis|  out_stream_V_last_V|       pointer|
|out_stream_TREADY   |   in|    1|        axis|  out_stream_V_last_V|       pointer|
|out_stream_TLAST    |  out|    1|        axis|  out_stream_V_last_V|       pointer|
|out_stream_TKEEP    |  out|    4|        axis|  out_stream_V_keep_V|       pointer|
|out_stream_TSTRB    |  out|    4|        axis|  out_stream_V_strb_V|       pointer|
+--------------------+-----+-----+------------+---------------------+--------------+

