

================================================================
== Vitis HLS Report for 'tremolo'
================================================================
* Date:           Wed Apr  8 16:18:55 2026

* Version:        2024.1 (Build 5069499 on May 21 2024)
* Project:        pedal
* Solution:       hls (Vivado IP Flow Target)
* Product family: zynquplus
* Target device:  xczu3eg-sfvc784-2-e


================================================================
== Performance Estimates
================================================================
+ Timing: 
    * Summary: 
    +--------+----------+-----------+------------+
    |  Clock |  Target  | Estimated | Uncertainty|
    +--------+----------+-----------+------------+
    |ap_clk  |  15.00 ns|  10.941 ns|     4.05 ns|
    +--------+----------+-----------+------------+

+ Latency: 
    * Summary: 
    +---------+---------+----------+----------+-----+-----+---------+
    |  Latency (cycles) |  Latency (absolute) |  Interval | Pipeline|
    |   min   |   max   |    min   |    max   | min | max |   Type  |
    +---------+---------+----------+----------+-----+-----+---------+
    |       16|       16|  0.240 us|  0.240 us|    1|    1|      yes|
    +---------+---------+----------+----------+-----+-----+---------+

    + Detail: 
        * Instance: 
        N/A

        * Loop: 
        N/A



================================================================
== Utilization Estimates
================================================================
* Summary: 
+-----------------+---------+-----+--------+-------+-----+
|       Name      | BRAM_18K| DSP |   FF   |  LUT  | URAM|
+-----------------+---------+-----+--------+-------+-----+
|DSP              |        -|    -|       -|      -|    -|
|Expression       |        -|    -|       0|   4023|    -|
|FIFO             |        -|    -|       -|      -|    -|
|Instance         |        -|   20|     128|    516|    -|
|Memory           |        -|    -|     168|    293|    -|
|Multiplexer      |        -|    -|       0|     14|    -|
|Register         |        -|    -|     837|    128|    -|
+-----------------+---------+-----+--------+-------+-----+
|Total            |        0|   20|    1133|   4974|    0|
+-----------------+---------+-----+--------+-------+-----+
|Available        |      432|  360|  141120|  70560|    0|
+-----------------+---------+-----+--------+-------+-----+
|Utilization (%)  |        0|    5|      ~0|      7|    0|
+-----------------+---------+-----+--------+-------+-----+

+ Detail: 
    * Instance: 
    +-----------------------------------+-------------------------------+---------+----+-----+-----+-----+
    |              Instance             |             Module            | BRAM_18K| DSP|  FF | LUT | URAM|
    +-----------------------------------+-------------------------------+---------+----+-----+-----+-----+
    |fdiv_32ns_32ns_32_7_no_dsp_1_U50   |fdiv_32ns_32ns_32_7_no_dsp_1   |        0|   0|    0|    0|    0|
    |fmul_32ns_32ns_32_2_max_dsp_1_U49  |fmul_32ns_32ns_32_2_max_dsp_1  |        0|   3|  128|  135|    0|
    |fpext_32ns_64_1_no_dsp_1_U52       |fpext_32ns_64_1_no_dsp_1       |        0|   0|    0|    0|    0|
    |mul_15ns_15ns_30_1_0_U60           |mul_15ns_15ns_30_1_0           |        0|   1|    0|    5|    0|
    |mul_15ns_15s_30_1_0_U61            |mul_15ns_15s_30_1_0            |        0|   1|    0|    5|    0|
    |mul_23s_22ns_45_1_0_U53            |mul_23s_22ns_45_1_0            |        0|   2|    0|   31|    0|
    |mul_30s_29ns_58_1_0_U54            |mul_30s_29ns_58_1_0            |        0|   4|    0|   25|    0|
    |mul_32s_32s_63_1_0_U55             |mul_32s_32s_63_1_0             |        0|   4|    0|   20|    0|
    |mul_80s_24ns_80_1_0_U56            |mul_80s_24ns_80_1_0            |        0|   5|    0|   90|    0|
    |sitofp_32ns_32_2_no_dsp_0_U51      |sitofp_32ns_32_2_no_dsp_0      |        0|   0|    0|    0|    0|
    |sparsemux_17_3_1_1_0_U57           |sparsemux_17_3_1_1_0           |        0|   0|    0|   43|    0|
    |sparsemux_33_4_1_1_0_U58           |sparsemux_33_4_1_1_0           |        0|   0|    0|   65|    0|
    |sparsemux_33_4_1_1_0_U59           |sparsemux_33_4_1_1_0           |        0|   0|    0|   65|    0|
    |sparsemux_7_2_1_1_0_U63            |sparsemux_7_2_1_1_0            |        0|   0|    0|    9|    0|
    |sparsemux_7_2_32_1_0_U64           |sparsemux_7_2_32_1_0           |        0|   0|    0|    9|    0|
    |sparsemux_9_3_32_1_0_U62           |sparsemux_9_3_32_1_0           |        0|   0|    0|   14|    0|
    +-----------------------------------+-------------------------------+---------+----+-----+-----+-----+
    |Total                              |                               |        0|  20|  128|  516|    0|
    +-----------------------------------+-------------------------------+---------+----+-----+-----+-----+

    * DSP: 
    N/A

    * Memory: 
    +---------------------------------+--------------------------------------------------------+---------+-----+-----+-----+------+-----+------+-------------+
    |              Memory             |                         Module                         | BRAM_18K|  FF | LUT | URAM| Words| Bits| Banks| W*Bits*Banks|
    +---------------------------------+--------------------------------------------------------+---------+-----+-----+-----+------+-----+------+-------------+
    |ref_4oPi_table_100_U             |tremolo_ref_4oPi_table_100_ROM_1P_LUTRAM_1R             |        0|  100|   21|    0|    13|  100|     1|         1300|
    |second_order_float_sin_cos_K0_U  |tremolo_second_order_float_sin_cos_K0_ROM_1P_LUTRAM_1R  |        0|   30|  120|    0|   256|   30|     1|         7680|
    |second_order_float_sin_cos_K1_U  |tremolo_second_order_float_sin_cos_K1_ROM_1P_LUTRAM_1R  |        0|   23|   92|    0|   256|   23|     1|         5888|
    |second_order_float_sin_cos_K2_U  |tremolo_second_order_float_sin_cos_K2_ROM_1P_LUTRAM_1R  |        0|   15|   60|    0|   256|   15|     1|         3840|
    +---------------------------------+--------------------------------------------------------+---------+-----+-----+-----+------+-----+------+-------------+
    |Total                            |                                                        |        0|  168|  293|    0|   781|  168|     4|        18708|
    +---------------------------------+--------------------------------------------------------+---------+-----+-----+-----+------+-----+------+-------------+

    * FIFO: 
    N/A

    * Expression: 
    +---------------------------------+----------+----+---+-----+------------+------------+
    |          Variable Name          | Operation| DSP| FF| LUT | Bitwidth P0| Bitwidth P1|
    +---------------------------------+----------+----+---+-----+------------+------------+
    |Ex_fu_592_p2                     |         +|   0|  0|   15|           8|           8|
    |add_ln300_fu_1339_p2             |         +|   0|  0|   16|           9|           7|
    |add_ln32_1_fu_1193_p2            |         +|   0|  0|   30|          30|          30|
    |add_ln32_fu_1183_p2              |         +|   0|  0|   30|          30|          30|
    |add_ln376_fu_559_p2              |         +|   0|  0|   15|           8|           7|
    |add_ln37_1_fu_1549_p2            |         +|   0|  0|   19|          12|           6|
    |add_ln37_2_fu_1644_p2            |         +|   0|  0|   19|          12|           6|
    |add_ln37_3_fu_1681_p2            |         +|   0|  0|   19|          12|           6|
    |add_ln37_4_fu_1767_p2            |         +|   0|  0|   39|          32|          32|
    |add_ln37_5_fu_1875_p2            |         +|   0|  0|   17|          12|          12|
    |add_ln37_6_fu_1897_p2            |         +|   0|  0|   19|          12|           5|
    |add_ln37_7_fu_1907_p2            |         +|   0|  0|   19|          12|           5|
    |add_ln37_fu_1498_p2              |         +|   0|  0|   17|          12|          11|
    |add_ln39_1_fu_2303_p2            |         +|   0|  0|   70|          63|          48|
    |add_ln39_fu_2290_p2              |         +|   0|  0|   40|          33|          17|
    |add_ln40_fu_2476_p2              |         +|   0|  0|   39|          32|           1|
    |mod_1_fu_2373_p2                 |         +|   0|  0|   39|          32|          32|
    |shift_1_fu_1315_p2               |         +|   0|  0|   39|          32|           5|
    |Ex_1_fu_757_p2                   |         -|   0|  0|   15|           8|           8|
    |Mx_bits_1_fu_667_p2              |         -|   0|  0|   65|           1|          58|
    |newexp_fu_1349_p2                |         -|   0|  0|   39|          32|          32|
    |sub_ln37_1_fu_1533_p2            |         -|   0|  0|   19|          11|          12|
    |sub_ln37_2_fu_1559_p2            |         -|   0|  0|   18|           5|          11|
    |sub_ln37_3_fu_1697_p2            |         -|   0|  0|   13|           5|           6|
    |sub_ln37_fu_1515_p2              |         -|   0|  0|   61|           1|          54|
    |sub_ln506_fu_1010_p2             |         -|   0|  0|   15|           1|           8|
    |and_ln271_fu_980_p2              |       and|   0|  0|    2|           1|           1|
    |and_ln37_10_fu_2220_p2           |       and|   0|  0|    2|           1|           1|
    |and_ln37_11_fu_1815_p2           |       and|   0|  0|    2|           1|           1|
    |and_ln37_12_fu_1855_p2           |       and|   0|  0|    2|           1|           1|
    |and_ln37_13_fu_2146_p2           |       and|   0|  0|    2|           1|           1|
    |and_ln37_14_fu_2185_p2           |       and|   0|  0|    2|           1|           1|
    |and_ln37_15_fu_2246_p2           |       and|   0|  0|    2|           1|           1|
    |and_ln37_16_fu_2252_p2           |       and|   0|  0|    2|           1|           1|
    |and_ln37_17_fu_1721_p2           |       and|   0|  0|   54|          54|          54|
    |and_ln37_1_fu_1793_p2            |       and|   0|  0|    2|           1|           1|
    |and_ln37_3_fu_2026_p2            |       and|   0|  0|    2|           1|           1|
    |and_ln37_4_fu_2032_p2            |       and|   0|  0|    2|           1|           1|
    |and_ln37_5_fu_2050_p2            |       and|   0|  0|    2|           1|           1|
    |and_ln37_6_fu_2108_p2            |       and|   0|  0|    2|           1|           1|
    |and_ln37_7_fu_2122_p2            |       and|   0|  0|    2|           1|           1|
    |and_ln37_8_fu_2202_p2            |       and|   0|  0|    2|           1|           1|
    |and_ln37_9_fu_2208_p2            |       and|   0|  0|    2|           1|           1|
    |and_ln37_fu_1757_p2              |       and|   0|  0|    2|           1|           1|
    |and_ln39_1_fu_2417_p2            |       and|   0|  0|    2|           1|           1|
    |and_ln39_fu_2363_p2              |       and|   0|  0|    2|           1|           1|
    |and_ln40_1_fu_499_p2             |       and|   0|  0|    2|           1|           1|
    |and_ln40_fu_475_p2               |       and|   0|  0|    2|           1|           1|
    |carry_1_i_fu_1861_p2             |       and|   0|  0|    2|           1|           1|
    |cond85_i_fu_1733_p2              |       and|   0|  0|    2|           1|           1|
    |lD_0_i_fu_1955_p2                |       and|   0|  0|    2|           1|           1|
    |neg_src_0_i_fu_2159_p2           |       and|   0|  0|    2|           1|           1|
    |results_sign_1_fu_997_p2         |       and|   0|  0|    2|           1|           1|
    |ashr_ln37_fu_1604_p2             |      ashr|   0|  0|  159|          54|          54|
    |c_1_fu_1287_p3                   |      cttz|   0|  0|   46|          32|           0|
    |c_fu_1269_p3                     |      cttz|   0|  0|   46|          32|           0|
    |tmp_139_i_fu_721_p3              |      cttz|   0|  0|   46|          32|           0|
    |closepath_fu_553_p2              |      icmp|   0|  0|   15|           8|           7|
    |icmp_ln271_1_fu_975_p2           |      icmp|   0|  0|   30|          23|           1|
    |icmp_ln271_fu_970_p2             |      icmp|   0|  0|   15|           8|           1|
    |icmp_ln282_fu_986_p2             |      icmp|   0|  0|   15|           8|           2|
    |icmp_ln292_fu_1309_p2            |      icmp|   0|  0|   39|          32|           5|
    |icmp_ln306_fu_1363_p2            |      icmp|   0|  0|   36|          29|           1|
    |icmp_ln37_10_fu_1921_p2          |      icmp|   0|  0|   19|          12|           6|
    |icmp_ln37_11_fu_1809_p2          |      icmp|   0|  0|   15|           8|           1|
    |icmp_ln37_12_fu_1941_p2          |      icmp|   0|  0|   19|          12|           6|
    |icmp_ln37_13_fu_1961_p2          |      icmp|   0|  0|   19|          12|           6|
    |icmp_ln37_14_fu_1967_p2          |      icmp|   0|  0|   19|          12|           6|
    |icmp_ln37_15_fu_1998_p2          |      icmp|   0|  0|   61|          54|          54|
    |icmp_ln37_16_fu_1891_p2          |      icmp|   0|  0|   15|           8|           1|
    |icmp_ln37_17_fu_2044_p2          |      icmp|   0|  0|   61|          54|           1|
    |icmp_ln37_18_fu_2056_p2          |      icmp|   0|  0|   19|          12|           6|
    |icmp_ln37_1_fu_1543_p2           |      icmp|   0|  0|   19|          12|           5|
    |icmp_ln37_2_fu_1577_p2           |      icmp|   0|  0|   19|          12|           5|
    |icmp_ln37_3_fu_1587_p2           |      icmp|   0|  0|   18|          11|           6|
    |icmp_ln37_4_fu_1622_p2           |      icmp|   0|  0|   19|          12|           6|
    |icmp_ln37_6_fu_1675_p2           |      icmp|   0|  0|   19|          12|           5|
    |icmp_ln37_7_fu_1687_p2           |      icmp|   0|  0|   19|          12|           6|
    |icmp_ln37_8_fu_1727_p2           |      icmp|   0|  0|   61|          54|           1|
    |icmp_ln37_9_fu_1638_p2           |      icmp|   0|  0|   13|           6|           1|
    |icmp_ln37_fu_1528_p2             |      icmp|   0|  0|   70|          63|           1|
    |icmp_ln39_fu_2343_p2             |      icmp|   0|  0|   38|          31|           1|
    |icmp_ln40_1_fu_487_p2            |      icmp|   0|  0|   23|          16|           2|
    |icmp_ln40_2_fu_2470_p2           |      icmp|   0|  0|   39|          32|           1|
    |icmp_ln40_fu_457_p2              |      icmp|   0|  0|   23|          16|           1|
    |lshr_ln37_1_fu_1992_p2           |      lshr|   0|  0|  159|           2|          54|
    |lshr_ln37_2_fu_1715_p2           |      lshr|   0|  0|  159|           2|          54|
    |lshr_ln37_fu_1986_p2             |      lshr|   0|  0|  159|          54|          54|
    |lshr_ln506_fu_1028_p2            |      lshr|   0|  0|   96|          32|          32|
    |deleted_ones_0_i_fu_2140_p2      |        or|   0|  0|    2|           1|           1|
    |or_ln282_fu_1386_p2              |        or|   0|  0|    2|           1|           1|
    |or_ln306_fu_1369_p2              |        or|   0|  0|    2|           1|           1|
    |or_ln37_1_fu_2102_p2             |        or|   0|  0|    2|           1|           1|
    |or_ln37_2_fu_2191_p2             |        or|   0|  0|    2|           1|           1|
    |or_ln37_3_fu_2226_p2             |        or|   0|  0|    2|           1|           1|
    |or_ln37_fu_1751_p2               |        or|   0|  0|    2|           1|           1|
    |or_ln39_1_fu_2411_p2             |        or|   0|  0|    2|           1|           1|
    |or_ln39_2_fu_2393_p2             |        or|   0|  0|    2|           1|           1|
    |or_ln39_fu_2357_p2               |        or|   0|  0|    2|           1|           1|
    |or_ln40_1_fu_493_p2              |        or|   0|  0|    2|           1|           1|
    |or_ln40_2_fu_513_p2              |        or|   0|  0|    2|           1|           1|
    |or_ln40_fu_463_p2                |        or|   0|  0|    2|           1|           1|
    |Ex_2_fu_1117_p3                  |    select|   0|  0|    8|           1|           1|
    |Mx_1_fu_1111_p3                  |    select|   0|  0|   29|           1|           2|
    |Mx_bits_2_fu_673_p3              |    select|   0|  0|   57|           1|          58|
    |Range1_all_ones_2_i_fu_2078_p3   |    select|   0|  0|    2|           1|           1|
    |Range1_all_zeros_2_i_fu_2086_p3  |    select|   0|  0|    2|           1|           1|
    |Range2_all_ones_1_i_fu_2018_p3   |    select|   0|  0|    2|           1|           1|
    |addr_fu_565_p3                   |    select|   0|  0|    8|           1|           6|
    |cond189_i_fu_2114_p3             |    select|   0|  0|    2|           1|           1|
    |cond63_i_fu_1668_p3              |    select|   0|  0|    2|           1|           1|
    |empty_75_fu_1424_p3              |    select|   0|  0|   22|           1|          23|
    |k_1_fu_656_p3                    |    select|   0|  0|    3|           1|           1|
    |lfo_fu_2266_p4                   |    select|   0|  0|   32|           1|          31|
    |mod_2_fu_2423_p3                 |    select|   0|  0|   32|           1|          31|
    |ref_tmp_i_0_fu_2490_p3           |    select|   0|  0|   32|           1|          32|
    |results_exp_1_fu_1399_p3         |    select|   0|  0|    8|           1|           1|
    |results_exp_fu_1391_p3           |    select|   0|  0|    8|           1|           8|
    |results_sig_1_fu_1445_p3         |    select|   0|  0|   22|           1|           1|
    |results_sig_fu_1438_p3           |    select|   0|  0|   22|           1|          23|
    |results_sign_2_fu_1003_p3        |    select|   0|  0|    2|           1|           1|
    |results_sign_fu_962_p3           |    select|   0|  0|    2|           1|           1|
    |select_ln282_2_fu_1431_p3        |    select|   0|  0|    2|           1|           2|
    |select_ln282_fu_1379_p3          |    select|   0|  0|    2|           1|           2|
    |select_ln37_1_fu_1565_p3         |    select|   0|  0|   10|           1|          11|
    |select_ln37_2_fu_1614_p3         |    select|   0|  0|   32|           1|          32|
    |select_ln37_3_fu_1593_p3         |    select|   0|  0|    2|           1|           2|
    |select_ln37_4_fu_2094_p3         |    select|   0|  0|    2|           1|           1|
    |select_ln37_6_fu_2062_p3         |    select|   0|  0|    2|           1|           1|
    |select_ln37_7_fu_2070_p3         |    select|   0|  0|    2|           1|           1|
    |select_ln37_8_fu_1703_p3         |    select|   0|  0|    6|           1|           1|
    |select_ln37_9_fu_1867_p3         |    select|   0|  0|    2|           1|           2|
    |select_ln37_fu_1521_p3           |    select|   0|  0|   52|           1|          54|
    |select_ln40_1_fu_519_p3          |    select|   0|  0|   32|           1|          32|
    |select_ln40_2_fu_2482_p3         |    select|   0|  0|   32|           1|          32|
    |select_ln40_fu_505_p3            |    select|   0|  0|   32|           1|          31|
    |select_ln453_fu_597_p3           |    select|   0|  0|    8|           1|           8|
    |select_ln506_1_fu_1040_p3        |    select|   0|  0|   32|           1|          32|
    |select_ln506_fu_1015_p3          |    select|   0|  0|    8|           1|           8|
    |shift_2_fu_1331_p3               |    select|   0|  0|   32|           1|          32|
    |ref_tmp_i_i_fu_1831_p6           |       shl|   0|  0|   96|          32|          32|
    |shl_ln291_1_fu_1325_p2           |       shl|   0|  0|   96|          32|          32|
    |shl_ln291_fu_1299_p2             |       shl|   0|  0|   96|          32|          32|
    |shl_ln379_fu_614_p2              |       shl|   0|  0|  325|         100|         100|
    |shl_ln504_fu_737_p2              |       shl|   0|  0|  166|          58|          58|
    |shl_ln506_fu_1034_p2             |       shl|   0|  0|   96|          32|          32|
    |neg_src_0_i_fu_2159_p4           |       xor|   0|  0|    2|           2|           1|
    |not_icmp_ln37_1062_fu_2134_p2    |       xor|   0|  0|    2|           1|           2|
    |sin_basis_fu_1091_p2             |       xor|   0|  0|    2|           1|           2|
    |xor_ln282_fu_991_p2              |       xor|   0|  0|    2|           1|           2|
    |xor_ln37_1_fu_2038_p2            |       xor|   0|  0|    2|           1|           2|
    |xor_ln37_2_fu_1787_p2            |       xor|   0|  0|    2|           1|           2|
    |xor_ln37_4_fu_2179_p2            |       xor|   0|  0|    2|           1|           2|
    |xor_ln37_5_fu_2197_p2            |       xor|   0|  0|    2|           1|           2|
    |xor_ln37_6_fu_2214_p2            |       xor|   0|  0|    2|           2|           1|
    |xor_ln37_7_fu_2240_p2            |       xor|   0|  0|    2|           1|           2|
    |xor_ln37_8_fu_1935_p2            |       xor|   0|  0|    2|           1|           2|
    |xor_ln37_9_fu_2012_p2            |       xor|   0|  0|    2|           1|           2|
    |xor_ln37_fu_1781_p2              |       xor|   0|  0|    2|           1|           2|
    |xor_ln39_1_fu_2399_p2            |       xor|   0|  0|    2|           1|           1|
    |xor_ln39_2_fu_2405_p2            |       xor|   0|  0|    2|           1|           2|
    |xor_ln39_fu_2387_p2              |       xor|   0|  0|    2|           1|           2|
    |xor_ln40_1_fu_481_p2             |       xor|   0|  0|    2|           1|           2|
    |xor_ln40_fu_469_p2               |       xor|   0|  0|    2|           1|           2|
    +---------------------------------+----------+----+---+-----+------------+------------+
    |Total                            |          |   0|  0| 4023|        1715|        1771|
    +---------------------------------+----------+----+---+-----+------------+------------+

    * Multiplexer: 
    +-----------+----+-----------+-----+-----------+
    |    Name   | LUT| Input Size| Bits| Total Bits|
    +-----------+----+-----------+-----+-----------+
    |ap_return  |  14|          3|   32|         96|
    +-----------+----+-----------+-----+-----------+
    |Total      |  14|          3|   32|         96|
    +-----------+----+-----------+-----+-----------+

    * Register: 
    +-----------------------------------+----+----+-----+-----------+
    |                Name               | FF | LUT| Bits| Const Bits|
    +-----------------------------------+----+----+-----+-----------+
    |B_reg_2597                         |  22|   0|   22|          0|
    |B_squared_reg_2602                 |  15|   0|   15|          0|
    |Ex_1_reg_2559                      |   8|   0|    8|          0|
    |Ex_1_reg_2559_pp0_iter12_reg       |   8|   0|    8|          0|
    |Mx_reg_2553                        |  29|   0|   29|          0|
    |Mx_reg_2553_pp0_iter12_reg         |  29|   0|   29|          0|
    |add_ln39_reg_2672                  |  33|   0|   33|          0|
    |and_ln271_reg_2579                 |   1|   0|    1|          0|
    |ap_ce_reg                          |   1|   0|    1|          0|
    |ap_return_int_reg                  |  32|   0|   32|          0|
    |closepath_reg_2537                 |   1|   0|    1|          0|
    |conv1_reg_2508                     |  32|   0|   32|          0|
    |cos_basis_reg_2572                 |   1|   0|    1|          0|
    |cos_basis_reg_2572_pp0_iter12_reg  |   1|   0|    1|          0|
    |count_int_reg                      |  32|   0|   32|          0|
    |data_int_reg                       |  32|   0|   32|          0|
    |din_exp_reg_2524                   |   8|   0|    8|          0|
    |din_sig_reg_2531                   |  23|   0|   23|          0|
    |din_sign_reg_2518                  |   1|   0|    1|          0|
    |div_reg_2513                       |  32|   0|   32|          0|
    |icmp_ln282_reg_2585                |   1|   0|    1|          0|
    |icmp_ln292_reg_2627                |   1|   0|    1|          0|
    |or_ln282_reg_2637                  |   1|   0|    1|          0|
    |results_exp_1_reg_2642             |   8|   0|    8|          0|
    |results_sign_2_reg_2592            |   1|   0|    1|          0|
    |select_ln40_1_reg_2503             |  32|   0|   32|          0|
    |shl_ln291_1_reg_2632               |  32|   0|   32|          0|
    |shl_ln291_reg_2622                 |  32|   0|   32|          0|
    |tmp_1_reg_2662                     |  11|   0|   11|          0|
    |tmp_2_reg_2566                     |   1|   0|    1|          0|
    |tmp_4_reg_2652                     |   1|   0|    1|          0|
    |trunc_ln379_reg_2548               |   4|   0|    4|          0|
    |trunc_ln37_1_reg_2667              |  52|   0|   52|          0|
    |trunc_ln37_reg_2647                |  63|   0|   63|          0|
    |and_ln271_reg_2579                 |  64|  32|    1|          0|
    |icmp_ln282_reg_2585                |  64|  32|    1|          0|
    |results_sign_2_reg_2592            |  64|  32|    1|          0|
    |select_ln40_1_reg_2503             |  64|  32|   32|          0|
    +-----------------------------------+----+----+-----+-----------+
    |Total                              | 837| 128|  616|          0|
    +-----------------------------------+----+----+-----+-----------+



================================================================
== Interface
================================================================
* Summary: 
+-----------+-----+-----+------------+--------------+--------------+
| RTL Ports | Dir | Bits|  Protocol  | Source Object|    C Type    |
+-----------+-----+-----+------------+--------------+--------------+
|ap_clk     |   in|    1|  ap_ctrl_hs|       tremolo|  return value|
|ap_rst     |   in|    1|  ap_ctrl_hs|       tremolo|  return value|
|ap_return  |  out|   32|  ap_ctrl_hs|       tremolo|  return value|
|ap_ce      |   in|    1|  ap_ctrl_hs|       tremolo|  return value|
|data       |   in|   32|     ap_none|          data|        scalar|
|count      |   in|   32|     ap_none|         count|        scalar|
+-----------+-----+-----+------------+--------------+--------------+

